02-13 01:19:11.117 19766  7734 E AuthPII : 	at java.lang.Thread.run(Thread.java:1119)
02-13 01:19:11.117 19766 30727 I DebugExecutorService: aagh@d266f93 finished on thread
02-13 01:19:11.117 19766 28300 I DebugExecutorService: execute() called with Runnable: aagl@ebe71ef
02-13 01:19:11.117 19766 28300 I DebugExecutorService: aagl@ebe71ef finished on thread
02-13 01:19:11.117 19766 28300 I CrossProfileSender: tryMakeAsyncCalls
02-13 01:19:11.117 19766 28300 I DebugExecutorService: execute() called with Runnable: aagm@92a3e0b
02-13 01:19:11.117 19766  7734 W Auth    : [AccountStateDownloader] Unable to look up account state from server: couldn't fetch accessToken [CONTEXT service_id=343 ]
02-13 01:19:11.117 19766 28300 I DebugExecutorService: aagm@92a3e0b finished on thread
02-13 01:19:11.117 19766  7734 W Auth    : [GaiaIdSync] Empty email or accountId. [CONTEXT service_id=153 ]
02-13 01:19:11.117 19766 28300 I DebugExecutorService: execute() called with Runnable: aagj@d65f4e8
02-13 01:19:11.118 19766 28300 I DebugExecutorService: aagj@d65f4e8 finished on thread
02-13 01:19:11.118 19766 28301 I CrossProfileSender: Attempting to bind
02-13 01:19:11.118 19766 28301 I CrossProfileSender: Already bound
02-13 01:19:11.118 19766 28301 I CrossProfileSender: Binding attempt succeeded
02-13 01:19:11.118  1451 10291 W qdgralloc: getInterlacedFlag: getMetaData returned 3, defaulting to interlaced_flag = 0
02-13 01:19:11.119 19766 28337 I CrossProfileSender: drainAsyncQueue
02-13 01:19:11.119  1451 10291 W qdgralloc: getInterlacedFlag: getMetaData returned 3, defaulting to interlaced_flag = 0
02-13 01:19:11.121  4713  4744 I MagicTether: (REDACTED) [TidepoolFeatureStatusManager] isInstantHotspotEnabled=%s
02-13 01:19:11.121  4713  4744 I MagicTether: [TetherService] isClientRoleRunning: Host role running on this profile, returning false [CONTEXT service_id=276 ]
02-13 01:19:11.123 19766 28337 I DebugExecutorService: execute() called with Runnable: aagi@a95b4df
02-13 01:19:11.123 19766 28337 I DebugExecutorService: aagi@a95b4df finished on thread
02-13 01:19:11.123 19766 28301 I CrossProfileSender: Scheduling automatic disconnection
02-13 01:19:11.123  4713  4744 W BundleCallSender: Call returned null or empty bytes from aahw
02-13 01:19:11.124 19766 19766 I MagicTether: [TetherService] Stopping Nearby client role [CONTEXT service_id=276 ]
02-13 01:19:11.124  4713  4744 W BundleCallSender: Return bytes are empty
02-13 01:19:11.124 19766 19766 I MagicTether: [ClientTetherRole] Client role already stopped [CONTEXT service_id=276 ]
02-13 01:19:11.128 19766 30727 I DebugExecutorService: execute() called with Runnable: aagh@493cd8a
02-13 01:19:11.128 19766 30727 I DebugExecutorService: aagh@493cd8a finished on thread
02-13 01:19:11.128 19766 28337 I DebugExecutorService: execute() called with Runnable: aagl@4693856
02-13 01:19:11.128 19766 28337 I DebugExecutorService: aagl@4693856 finished on thread
02-13 01:19:11.129 19766 28337 I CrossProfileSender: tryMakeAsyncCalls
02-13 01:19:11.129 19766 28337 I DebugExecutorService: execute() called with Runnable: aagm@153edc4
02-13 01:19:11.129 19766 28337 I DebugExecutorService: aagm@153edc4 finished on thread
02-13 01:19:11.129 19766 28337 I DebugExecutorService: execute() called with Runnable: aagj@cc624ad
02-13 01:19:11.129 19766 28337 I DebugExecutorService: aagj@cc624ad finished on thread
02-13 01:19:11.129 19766 28300 I CrossProfileSender: Attempting to bind
02-13 01:19:11.129 19766 28300 I CrossProfileSender: Already bound
02-13 01:19:11.129 19766 28300 I CrossProfileSender: Binding attempt succeeded
02-13 01:19:11.129 19766 28301 I CrossProfileSender: drainAsyncQueue
02-13 01:19:11.130 19766 26243 E AuthPII : [RequestTokenManager] getToken() -> BAD_AUTHENTICATION. App: com.google.android.gms, Service: oauth2:https://www.googleapis.com/auth/cclog
02-13 01:19:11.130 19766 26243 E AuthPII : bdkm: Long live credential not available.
02-13 01:19:11.130 19766 26243 E AuthPII : 	at aexp.a(:com.google.android.gms@260235035@26.02.35 (260400-862924022):1351)
02-13 01:19:11.130 19766 26243 E AuthPII : 	at aexw.b(:com.google.android.gms@260235035@26.02.35 (260400-862924022):26)
02-13 01:19:11.130 19766 26243 E AuthPII : 	at aexu.a(:com.google.android.gms@260235035@26.02.35 (260400-862924022):744)
02-13 01:19:11.130 19766 26243 E AuthPII : 	at aext.b(:com.google.android.gms@260235035@26.02.35 (260400-862924022):142)
02-13 01:19:11.130 19766 26243 E AuthPII : 	at aemk.a(:com.google.android.gms@260235035@26.02.35 (260400-862924022):328)
02-13 01:19:11.130 19766 26243 E AuthPII : 	at aehq.f(:com.google.android.gms@260235035@26.02.35 (260400-862924022):24)
02-13 01:19:11.130 19766 26243 E AuthPII : 	at cqhc.fB(:com.google.android.gms@260235035@26.02.35 (260400-862924022):1)
02-13 01:19:11.130 19766 26243 E AuthPII : 	at cqhg.run(:com.google.android.gms@260235035@26.02.35 (260400-862924022):118)
02-13 01:19:11.130 19766 26243 E AuthPII : 	at gnkz.run(:com.google.android.gms@260235035@26.02.35 (260400-862924022):19)
02-13 01:19:11.130 19766 26243 E AuthPII : 	at beqw.c(:com.google.android.gms@260235035@26.02.35 (260400-862924022):50)
02-13 01:19:11.130 19766 26243 E AuthPII : 	at beqw.run(:com.google.android.gms@260235035@26.02.35 (260400-862924022):73)
02-13 01:19:11.130 19766 26243 E AuthPII : 	at java.util.concurrent.ThreadPoolExecutor.runWorker(ThreadPoolExecutor.java:1156)
02-13 01:19:11.130 19766 26243 E AuthPII : 	at java.util.concurrent.ThreadPoolExecutor$Worker.run(ThreadPoolExecutor.java:651)
02-13 01:19:11.130 19766 26243 E AuthPII : 	at bewn.run(:com.google.android.gms@260235035@26.02.35 (260400-862924022):8)
02-13 01:19:11.130 19766 26243 E AuthPII : 	at java.lang.Thread.run(Thread.java:1119)
02-13 01:19:11.130 19766 26243 E AuthPII : Message is Long live credential not available.
02-13 01:19:11.130 19766 26243 E AuthPII : bdkm: Long live credential not available.
02-13 01:19:11.130 19766 26243 E AuthPII : 	at aexp.a(:com.google.android.gms@260235035@26.02.35 (260400-862924022):1351)
02-13 01:19:11.130 19766 26243 E AuthPII : 	at aexw.b(:com.google.android.gms@260235035@26.02.35 (260400-862924022):26)
02-13 01:19:11.130 19766 26243 E AuthPII : 	at aexu.a(:com.google.android.gms@260235035@26.02.35 (260400-862924022):744)
02-13 01:19:11.130 19766 26243 E AuthPII : 	at aext.b(:com.google.android.gms@260235035@26.02.35 (260400-862924022):142)
02-13 01:19:11.130 19766 26243 E AuthPII : 	at aemk.a(:com.google.android.gms@260235035@26.02.35 (260400-862924022):328)
02-13 01:19:11.130 19766 26243 E AuthPII : 	at aehq.f(:com.google.android.gms@260235035@26.02.35 (260400-862924022):24)
02-13 01:19:11.130 19766 26243 E AuthPII : 	at cqhc.fB(:com.google.android.gms@260235035@26.02.35 (260400-862924022):1)
02-13 01:19:11.130 19766 26243 E AuthPII : 	at cqhg.run(:com.google.android.gms@260235035@26.02.35 (260400-862924022):118)
02-13 01:19:11.130 19766 26243 E AuthPII : 	at gnkz.run(:com.google.android.gms@260235035@26.02.35 (260400-862924022):19)
02-13 01:19:11.130 19766 26243 E AuthPII : 	at beqw.c(:com.google.android.gms@260235035@26.02.35 (260400-862924022):50)
02-13 01:19:11.130 19766 26243 E AuthPII : 	at beqw.run(:com.google.android.gms@260235035@26.02.35 (260400-862924022):73)
02-13 01:19:11.130 19766 26243 E AuthPII : 	at java.util.concurrent.ThreadPoolExecutor.runWorker(ThreadPoolExecutor.java:1156)
02-13 01:19:11.130 19766 26243 E AuthPII : 	at java.util.concurrent.ThreadPoolExecutor$Worker.run(ThreadPoolExecutor.java:651)
02-13 01:19:11.130 19766 26243 E AuthPII : 	at bewn.run(:com.google.android.gms@260235035@26.02.35 (260400-862924022):8)
02-13 01:19:11.130 19766 26243 E AuthPII : 	at java.lang.Thread.run(Thread.java:1119)
02-13 01:19:11.131  4713  4744 I MagicTether: (REDACTED) [TidepoolFeatureStatusManager] isInstantHotspotEnabled=%s
02-13 01:19:11.131  4713  4744 I MagicTether: (REDACTED) [TidepoolFeatureStatusManager] isInstantHotspotEnabled=%s
02-13 01:19:11.132 19766 28301 I DebugExecutorService: execute() called with Runnable: aagi@2ab3373
02-13 01:19:11.132 19766 28301 I DebugExecutorService: aagi@2ab3373 finished on thread
02-13 01:19:11.133 19766 28300 I CrossProfileSender: Scheduling automatic disconnection
02-13 01:19:11.133 19766 19766 I MagicTether: (REDACTED) [TidepoolFeatureStatusManager] isInstantHotspotEnabled=%s
02-13 01:19:11.133  4713  4744 W BundleCallSender: Call returned null or empty bytes from aahw
02-13 01:19:11.133 19766 19766 I MagicTether: [HostTetherRole] Nearby host role already started [CONTEXT service_id=276 ]
02-13 01:19:11.133  4713  4744 W BundleCallSender: Return bytes are empty
02-13 01:19:11.133 10162 10269 D PipelineWatcher: onInputBufferReleased: frameIndex not found (74299); ignored
02-13 01:19:11.136  1451 10291 W qdgralloc: getInterlacedFlag: getMetaData returned 3, defaulting to interlaced_flag = 0
02-13 01:19:11.137  1451 10291 W qdgralloc: getInterlacedFlag: getMetaData returned 3, defaulting to interlaced_flag = 0
02-13 01:19:11.143 19766 26243 I Auth    : (REDACTED) [GetToken] GetToken failed for app=%s with userRecoverable status: %s 
02-13 01:19:11.144 19766 26243 W Auth    : [GetTokenOperation] exception while trying to fetch auth tokens for app=com.google.android.gms [CONTEXT service_id=343 ]
02-13 01:19:11.144 19766 26243 W Auth    : aexo: GetToken failed with status code and recovery intent: BadAuthentication
02-13 01:19:11.144 19766 26243 W Auth    : 	at aext.b(:com.google.android.gms@260235035@26.02.35 (260400-862924022):339)
02-13 01:19:11.144 19766 26243 W Auth    : 	at aemk.a(:com.google.android.gms@260235035@26.02.35 (260400-862924022):328)
02-13 01:19:11.144 19766 26243 W Auth    : 	at aehq.f(:com.google.android.gms@260235035@26.02.35 (260400-862924022):24)
02-13 01:19:11.144 19766 26243 W Auth    : 	at cqhc.fB(:com.google.android.gms@260235035@26.02.35 (260400-862924022):1)
02-13 01:19:11.144 19766 26243 W Auth    : 	at cqhg.run(:com.google.android.gms@260235035@26.02.35 (260400-862924022):118)
02-13 01:19:11.144 19766 26243 W Auth    : 	at gnkz.run(:com.google.android.gms@260235035@26.02.35 (260400-862924022):19)
02-13 01:19:11.144 19766 26243 W Auth    : 	at beqw.c(:com.google.android.gms@260235035@26.02.35 (260400-862924022):50)
02-13 01:19:11.144 19766 26243 W Auth    : 	at beqw.run(:com.google.android.gms@260235035@26.02.35 (260400-862924022):73)
02-13 01:19:11.144 19766 26243 W Auth    : 	at java.util.concurrent.ThreadPoolExecutor.runWorker(ThreadPoolExecutor.java:1156)
02-13 01:19:11.144 19766 26243 W Auth    : 	at java.util.concurrent.ThreadPoolExecutor$Worker.run(ThreadPoolExecutor.java:651)
02-13 01:19:11.144 19766 26243 W Auth    : 	at bewn.run(:com.google.android.gms@260235035@26.02.35 (260400-862924022):8)
02-13 01:19:11.144 19766 26243 W Auth    : 	at java.lang.Thread.run(Thread.java:1119)
02-13 01:19:11.145 19766  7734 I CCTUploader: Failed to get auth token due to class com.google.android.gms.auth.UserRecoverableAuthException
02-13 01:19:11.150  1336  8837 I sensors-hal: handle_sns_client_event:49, ambient_light_event: ts=706711250459041, event=0.000000
02-13 01:19:11.154 19766  7734 E AuthPII : [RequestTokenManager] getToken() -> BAD_AUTHENTICATION. App: com.google.android.gms, Service: oauth2:https://www.googleapis.com/auth/plus.me
02-13 01:19:11.154 19766  7734 E AuthPII : bdkm: Long live credential not available.
02-13 01:19:11.154 19766  7734 E AuthPII : 	at aexp.a(:com.google.android.gms@260235035@26.02.35 (260400-862924022):1351)
02-13 01:19:11.154 19766  7734 E AuthPII : 	at aexw.b(:com.google.android.gms@260235035@26.02.35 (260400-862924022):26)
02-13 01:19:11.154 19766  7734 E AuthPII : 	at aexu.a(:com.google.android.gms@260235035@26.02.35 (260400-862924022):744)
02-13 01:19:11.154 19766  7734 E AuthPII : 	at aehz.a(:com.google.android.gms@260235035@26.02.35 (260400-862924022):82)
02-13 01:19:11.154 19766  7734 E AuthPII : 	at yhs.d(:com.google.android.gms@260235035@26.02.35 (260400-862924022):313)
02-13 01:19:11.154 19766  7734 E AuthPII : 	at aeai.a(:com.google.android.gms@260235035@26.02.35 (260400-862924022):33)
02-13 01:19:11.154 19766  7734 E AuthPII : 	at aeao.m(:com.google.android.gms@260235035@26.02.35 (260400-862924022):34)
02-13 01:19:11.154 19766  7734 E AuthPII : 	at aeao.o(:com.google.android.gms@260235035@26.02.35 (260400-862924022):64)
02-13 01:19:11.154 19766  7734 E AuthPII : 	at aeao.h(:com.google.android.gms@260235035@26.02.35 (260400-862924022):4)
02-13 01:19:11.154 19766  7734 E AuthPII : 	at aeao.i(:com.google.android.gms@260235035@26.02.35 (260400-862924022):8)
02-13 01:19:11.154 19766  7734 E AuthPII : 	at aeao.f(:com.google.android.gms@260235035@26.02.35 (260400-862924022):21)
02-13 01:19:11.154 19766  7734 E AuthPII : 	at aepp.d(:com.google.android.gms@260235035@26.02.35 (260400-862924022):51)
02-13 01:19:11.154 19766  7734 E AuthPII : 	at bclz.b(:com.google.android.gms@260235035@26.02.35 (260400-862924022):72)
02-13 01:19:11.154 19766  7734 E AuthPII : 	at com.google.android.gms.clearcut.uploader.QosUploaderChimeraService.g(:com.google.android.gms@260235035@26.02.35 (260400-862924022):1563)
02-13 01:19:11.154 19766  7734 E AuthPII : 	at com.google.android.gms.clearcut.uploader.QosUploaderChimeraService.a(:com.google.android.gms@260235035@26.02.35 (260400-862924022):42)
02-13 01:19:11.154 19766  7734 E AuthPII : 	at crxa.call(:com.google.android.gms@260235035@26.02.35 (260400-862924022):30)
02-13 01:19:11.154 19766  7734 E AuthPII : 	at java.util.concurrent.FutureTask.run(FutureTask.java:317)
02-13 01:19:11.154 19766  7734 E AuthPII : 	at beqw.c(:com.google.android.gms@260235035@26.02.35 (260400-862924022):50)
02-13 01:19:11.154 19766  7734 E AuthPII : 	at beqw.run(:com.google.android.gms@260235035@26.02.35 (260400-862924022):73)
02-13 01:19:11.154 19766  7734 E AuthPII : 	at java.util.concurrent.ThreadPoolExecutor.runWorker(ThreadPoolExecutor.java:1156)
02-13 01:19:11.154 19766  7734 E AuthPII : 	at java.util.concurrent.ThreadPoolExecutor$Worker.run(ThreadPoolExecutor.java:651)
02-13 01:19:11.154 19766  7734 E AuthPII : 	at bewn.run(:com.google.android.gms@260235035@26.02.35 (260400-862924022):8)
02-13 01:19:11.154 19766  7734 E AuthPII : 	at java.lang.Thread.run(Thread.java:1119)
02-13 01:19:11.154 19766  7734 E AuthPII : Message is Long live credential not available.
02-13 01:19:11.154 19766  7734 E AuthPII : bdkm: Long live credential not available.
02-13 01:19:11.154 19766  7734 E AuthPII : 	at aexp.a(:com.google.android.gms@260235035@26.02.35 (260400-862924022):1351)
02-13 01:19:11.154 19766  7734 E AuthPII : 	at aexw.b(:com.google.android.gms@260235035@26.02.35 (260400-862924022):26)
02-13 01:19:11.154 19766  7734 E AuthPII : 	at aexu.a(:com.google.android.gms@260235035@26.02.35 (260400-862924022):744)
02-13 01:19:11.154 19766  7734 E AuthPII : 	at aehz.a(:com.google.android.gms@260235035@26.02.35 (260400-862924022):82)
02-13 01:19:11.154 19766  7734 E AuthPII : 	at yhs.d(:com.google.android.gms@260235035@26.02.35 (260400-862924022):313)
02-13 01:19:11.154 19766  7734 E AuthPII : 	at aeai.a(:com.google.android.gms@260235035@26.02.35 (260400-862924022):33)
02-13 01:19:11.154 19766  7734 E AuthPII : 	at aeao.m(:com.google.android.gms@260235035@26.02.35 (260400-862924022):34)
02-13 01:19:11.154 19766  7734 E AuthPII : 	at aeao.o(:com.google.android.gms@260235035@26.02.35 (260400-862924022):64)
02-13 01:19:11.154 19766  7734 E AuthPII : 	at aeao.h(:com.google.android.gms@260235035@26.02.35 (260400-862924022):4)
02-13 01:19:11.154 19766  7734 E AuthPII : 	at aeao.i(:com.google.android.gms@260235035@26.02.35 (260400-862924022):8)
02-13 01:19:11.154 19766  7734 E AuthPII : 	at aeao.f(:com.google.android.gms@260235035@26.02.35 (260400-862924022):21)
02-13 01:19:11.154 19766  7734 E AuthPII : 	at aepp.d(:com.google.android.gms@260235035@26.02.35 (260400-862924022):51)
02-13 01:19:11.154 19766  7734 E AuthPII : 	at bclz.b(:com.google.android.gms@260235035@26.02.35 (260400-862924022):72)
02-13 01:19:11.154 19766  7734 E AuthPII : 	at com.google.android.gms.clearcut.uploader.QosUploaderChimeraService.g(:com.google.android.gms@260235035@26.02.35 (260400-862924022):1563)
02-13 01:19:11.154 19766  7734 E AuthPII : 	at com.google.android.gms.clearcut.uploader.QosUploaderChimeraService.a(:com.google.android.gms@260235035@26.02.35 (260400-862924022):42)
02-13 01:19:11.154 19766  7734 E AuthPII : 	at crxa.call(:com.google.android.gms@260235035@26.02.35 (260400-862924022):30)
02-13 01:19:11.154 19766  7734 E AuthPII : 	at java.util.concurrent.FutureTask.run(FutureTask.java:317)
02-13 01:19:11.154 19766  7734 E AuthPII : 	at beqw.c(:com.google.android.gms@260235035@26.02.35 (260400-862924022):50)
02-13 01:19:11.154 19766  7734 E AuthPII : 	at beqw.run(:com.google.android.gms@260235035@26.02.35 (260400-862924022):73)
02-13 01:19:11.154 19766  7734 E AuthPII : 	at java.util.concurrent.ThreadPoolExecutor.runWorker(ThreadPoolExecutor.java:1156)
02-13 01:19:11.154 19766  7734 E AuthPII : 	at java.util.concurrent.ThreadPoolExecutor$Worker.run(ThreadPoolExecutor.java:651)
02-13 01:19:11.154 19766  7734 E AuthPII : 	at bewn.run(:com.google.android.gms@260235035@26.02.35 (260400-862924022):8)
02-13 01:19:11.154 19766  7734 E AuthPII : 	at java.lang.Thread.run(Thread.java:1119)
02-13 01:19:11.154 19766  7734 I Auth    : (REDACTED) [AccountIdManager] Token response failed with status=%s
02-13 01:19:11.157 19766  7734 E AuthPII : [RequestTokenManager] getToken() -> BAD_AUTHENTICATION. App: com.google.android.gms, Service: oauth2:https://www.googleapis.com/auth/userinfo.email https://www.googleapis.com/auth/account.capabilities https://www.googleapis.com/auth/account.service_flags
02-13 01:19:11.157 19766  7734 E AuthPII : bdkm: Long live credential not available.
02-13 01:19:11.157 19766  7734 E AuthPII : 	at aexp.a(:com.google.android.gms@260235035@26.02.35 (260400-862924022):1351)
02-13 01:19:11.157 19766  7734 E AuthPII : 	at aexw.b(:com.google.android.gms@260235035@26.02.35 (260400-862924022):26)
02-13 01:19:11.157 19766  7734 E AuthPII : 	at aexu.a(:com.google.android.gms@260235035@26.02.35 (260400-862924022):744)
02-13 01:19:11.157 19766  7734 E AuthPII : 	at aeif.a(:com.google.android.gms@260235035@26.02.35 (260400-862924022):38)
02-13 01:19:11.157 19766  7734 E AuthPII : 	at aeif.h(:com.google.android.gms@260235035@26.02.35 (260400-862924022):108)
02-13 01:19:11.157 19766  7734 E AuthPII : 	at aeif.b(:com.google.android.gms@260235035@26.02.35 (260400-862924022):817)
02-13 01:19:11.157 19766  7734 E AuthPII : 	at aeif.c(:com.google.android.gms@260235035@26.02.35 (260400-862924022):5)
02-13 01:19:11.157 19766  7734 E AuthPII : 	at yhs.d(:com.google.android.gms@260235035@26.02.35 (260400-862924022):385)
02-13 01:19:11.157 19766  7734 E AuthPII : 	at aeai.a(:com.google.android.gms@260235035@26.02.35 (260400-862924022):33)
02-13 01:19:11.157 19766  7734 E AuthPII : 	at aeao.m(:com.google.android.gms@260235035@26.02.35 (260400-862924022):34)
02-13 01:19:11.157 19766  7734 E AuthPII : 	at aeao.o(:com.google.android.gms@260235035@26.02.35 (260400-862924022):64)
02-13 01:19:11.157 19766  7734 E AuthPII : 	at aeao.h(:com.google.android.gms@260235035@26.02.35 (260400-862924022):4)
02-13 01:19:11.157 19766  7734 E AuthPII : 	at aeao.i(:com.google.android.gms@260235035@26.02.35 (260400-862924022):8)
02-13 01:19:11.157 19766  7734 E AuthPII : 	at aeao.f(:com.google.android.gms@260235035@26.02.35 (260400-862924022):21)
02-13 01:19:11.157 19766  7734 E AuthPII : 	at aepp.d(:com.google.android.gms@260235035@26.02.35 (260400-862924022):51)
02-13 01:19:11.157 19766  7734 E AuthPII : 	at bclz.b(:com.google.android.gms@260235035@26.02.35 (260400-862924022):72)
02-13 01:19:11.157 19766  7734 E AuthPII : 	at com.google.android.gms.clearcut.uploader.QosUploaderChimeraService.g(:com.google.android.gms@260235035@26.02.35 (260400-862924022):1563)
02-13 01:19:11.157 19766  7734 E AuthPII : 	at com.google.android.gms.clearcut.uploader.QosUploaderChimeraService.a(:com.google.android.gms@260235035@26.02.35 (260400-862924022):42)
02-13 01:19:11.157 19766  7734 E AuthPII : 	at crxa.call(:com.google.android.gms@260235035@26.02.35 (260400-862924022):30)
02-13 01:19:11.157 19766  7734 E AuthPII : 	at java.util.concurrent.FutureTask.run(FutureTask.java:317)
02-13 01:19:11.157 19766  7734 E AuthPII : 	at beqw.c(:com.google.android.gms@260235035@26.02.35 (260400-862924022):50)
02-13 01:19:11.157 19766  7734 E AuthPII : 	at beqw.run(:com.google.android.gms@260235035@26.02.35 (260400-862924022):73)
02-13 01:19:11.157 19766  7734 E AuthPII : 	at java.util.concurrent.ThreadPoolExecutor.runWorker(ThreadPoolExecutor.java:1156)
02-13 01:19:11.157 19766  7734 E AuthPII : 	at java.util.concurrent.ThreadPoolExecutor$Worker.run(ThreadPoolExecutor.java:651)
02-13 01:19:11.157 19766  7734 E AuthPII : 	at bewn.run(:com.google.android.gms@260235035@26.02.35 (260400-862924022):8)
02-13 01:19:11.157 19766  7734 E AuthPII : 	at java.lang.Thread.run(Thread.java:1119)
02-13 01:19:11.157 19766  7734 E AuthPII : Message is Long live credential not available.
02-13 01:19:11.157 19766  7734 E AuthPII : bdkm: Long live credential not available.
02-13 01:19:11.157 19766  7734 E AuthPII : 	at aexp.a(:com.google.android.gms@260235035@26.02.35 (260400-862924022):1351)
02-13 01:19:11.157 19766  7734 E AuthPII : 	at aexw.b(:com.google.android.gms@260235035@26.02.35 (260400-862924022):26)
02-13 01:19:11.157 19766  7734 E AuthPII : 	at aexu.a(:com.google.android.gms@260235035@26.02.35 (260400-862924022):744)
02-13 01:19:11.157 19766  7734 E AuthPII : 	at aeif.a(:com.google.android.gms@260235035@26.02.35 (260400-862924022):38)
02-13 01:19:11.157 19766  7734 E AuthPII : 	at aeif.h(:com.google.android.gms@260235035@26.02.35 (260400-862924022):108)
02-13 01:19:11.157 19766  7734 E AuthPII : 	at aeif.b(:com.google.android.gms@260235035@26.02.35 (260400-862924022):817)
02-13 01:19:11.157 19766  7734 E AuthPII : 	at aeif.c(:com.google.android.gms@260235035@26.02.35 (260400-862924022):5)
02-13 01:19:11.157 19766  7734 E AuthPII : 	at yhs.d(:com.google.android.gms@260235035@26.02.35 (260400-862924022):385)
02-13 01:19:11.157 19766  7734 E AuthPII : 	at aeai.a(:com.google.android.gms@260235035@26.02.35 (260400-862924022):33)
02-13 01:19:11.157 19766  7734 E AuthPII : 	at aeao.m(:com.google.android.gms@260235035@26.02.35 (260400-862924022):34)
02-13 01:19:11.157 19766  7734 E AuthPII : 	at aeao.o(:com.google.android.gms@260235035@26.02.35 (260400-862924022):64)
02-13 01:19:11.157 19766  7734 E AuthPII : 	at aeao.h(:com.google.android.gms@260235035@26.02.35 (260400-862924022):4)
02-13 01:19:11.157 19766  7734 E AuthPII : 	at aeao.i(:com.google.android.gms@260235035@26.02.35 (260400-862924022):8)
02-13 01:19:11.157 19766  7734 E AuthPII : 	at aeao.f(:com.google.android.gms@260235035@26.02.35 (260400-862924022):21)
02-13 01:19:11.157 19766  7734 E AuthPII : 	at aepp.d(:com.google.android.gms@260235035@26.02.35 (260400-862924022):51)
02-13 01:19:11.157 19766  7734 E AuthPII : 	at bclz.b(:com.google.android.gms@260235035@26.02.35 (260400-862924022):72)
02-13 01:19:11.157 19766  7734 E AuthPII : 	at com.google.android.gms.clearcut.uploader.QosUploaderChimeraService.g(:com.google.android.gms@260235035@26.02.35 (260400-862924022):1563)
02-13 01:19:11.157 19766  7734 E AuthPII : 	at com.google.android.gms.clearcut.uploader.QosUploaderChimeraService.a(:com.google.android.gms@260235035@26.02.35 (260400-862924022):42)
02-13 01:19:11.157 19766  7734 E AuthPII : 	at crxa.call(:com.google.android.gms@260235035@26.02.35 (260400-862924022):30)
02-13 01:19:11.157 19766  7734 E AuthPII : 	at java.util.concurrent.FutureTask.run(FutureTask.java:317)
02-13 01:19:11.157 19766  7734 E AuthPII : 	at beqw.c(:com.google.android.gms@260235035@26.02.35 (260400-862924022):50)
02-13 01:19:11.157 19766  7734 E AuthPII : 	at beqw.run(:com.google.android.gms@260235035@26.02.35 (260400-862924022):73)
02-13 01:19:11.157 19766  7734 E AuthPII : 	at java.util.concurrent.ThreadPoolExecutor.runWorker(ThreadPoolExecutor.java:1156)
02-13 01:19:11.157 19766  7734 E AuthPII : 	at java.util.concurrent.ThreadPoolExecutor$Worker.run(ThreadPoolExecutor.java:651)
02-13 01:19:11.157 19766  7734 E AuthPII : 	at bewn.run(:com.google.android.gms@260235035@26.02.35 (260400-862924022):8)
02-13 01:19:11.157 19766  7734 E AuthPII : 	at java.lang.Thread.run(Thread.java:1119)
02-13 01:19:11.158 19766  7734 W Auth    : [AccountStateDownloader] Unable to look up account state from server: couldn't fetch accessToken [CONTEXT service_id=343 ]
02-13 01:19:11.159 19766  7734 W Auth    : [GaiaIdSync] Empty email or accountId. [CONTEXT service_id=153 ]
02-13 01:19:11.170 10162 10269 D PipelineWatcher: onInputBufferReleased: frameIndex not found (74300); ignored
02-13 01:19:11.172  1451 10291 W qdgralloc: getInterlacedFlag: getMetaData returned 3, defaulting to interlaced_flag = 0
02-13 01:19:11.172 19766 26243 E AuthPII : [RequestTokenManager] getToken() -> BAD_AUTHENTICATION. App: com.google.android.gms, Service: oauth2:https://www.googleapis.com/auth/cclog
02-13 01:19:11.172 19766 26243 E AuthPII : bdkm: Long live credential not available.
02-13 01:19:11.172 19766 26243 E AuthPII : 	at aexp.a(:com.google.android.gms@260235035@26.02.35 (260400-862924022):1351)
02-13 01:19:11.172 19766 26243 E AuthPII : 	at aexw.b(:com.google.android.gms@260235035@26.02.35 (260400-862924022):26)
02-13 01:19:11.172 19766 26243 E AuthPII : 	at aexu.a(:com.google.android.gms@260235035@26.02.35 (260400-862924022):744)
02-13 01:19:11.172 19766 26243 E AuthPII : 	at aext.b(:com.google.android.gms@260235035@26.02.35 (260400-862924022):142)
02-13 01:19:11.172 19766 26243 E AuthPII : 	at aemk.a(:com.google.android.gms@260235035@26.02.35 (260400-862924022):328)
02-13 01:19:11.172 19766 26243 E AuthPII : 	at aehq.f(:com.google.android.gms@260235035@26.02.35 (260400-862924022):24)
02-13 01:19:11.172 19766 26243 E AuthPII : 	at cqhc.fB(:com.google.android.gms@260235035@26.02.35 (260400-862924022):1)
02-13 01:19:11.172 19766 26243 E AuthPII : 	at cqhg.run(:com.google.android.gms@260235035@26.02.35 (260400-862924022):118)
02-13 01:19:11.172 19766 26243 E AuthPII : 	at gnkz.run(:com.google.android.gms@260235035@26.02.35 (260400-862924022):19)
02-13 01:19:11.172 19766 26243 E AuthPII : 	at beqw.c(:com.google.android.gms@260235035@26.02.35 (260400-862924022):50)
02-13 01:19:11.172 19766 26243 E AuthPII : 	at beqw.run(:com.google.android.gms@260235035@26.02.35 (260400-862924022):73)
02-13 01:19:11.172 19766 26243 E AuthPII : 	at java.util.concurrent.ThreadPoolExecutor.runWorker(ThreadPoolExecutor.java:1156)
02-13 01:19:11.172 19766 26243 E AuthPII : 	at java.util.concurrent.ThreadPoolExecutor$Worker.run(ThreadPoolExecutor.java:651)
02-13 01:19:11.172 19766 26243 E AuthPII : 	at bewn.run(:com.google.android.gms@260235035@26.02.35 (260400-862924022):8)
02-13 01:19:11.172 19766 26243 E AuthPII : 	at java.lang.Thread.run(Thread.java:1119)
02-13 01:19:11.172  1451 10291 W qdgralloc: getInterlacedFlag: getMetaData returned 3, defaulting to interlaced_flag = 0
02-13 01:19:11.173 19766 26243 E AuthPII : Message is Long live credential not available.
02-13 01:19:11.173 19766 26243 E AuthPII : bdkm: Long live credential not available.
02-13 01:19:11.173 19766 26243 E AuthPII : 	at aexp.a(:com.google.android.gms@260235035@26.02.35 (260400-862924022):1351)
02-13 01:19:11.173 19766 26243 E AuthPII : 	at aexw.b(:com.google.android.gms@260235035@26.02.35 (260400-862924022):26)
02-13 01:19:11.173 19766 26243 E AuthPII : 	at aexu.a(:com.google.android.gms@260235035@26.02.35 (260400-862924022):744)
02-13 01:19:11.173 19766 26243 E AuthPII : 	at aext.b(:com.google.android.gms@260235035@26.02.35 (260400-862924022):142)
02-13 01:19:11.173 19766 26243 E AuthPII : 	at aemk.a(:com.google.android.gms@260235035@26.02.35 (260400-862924022):328)
02-13 01:19:11.173 19766 26243 E AuthPII : 	at aehq.f(:com.google.android.gms@260235035@26.02.35 (260400-862924022):24)
02-13 01:19:11.173 19766 26243 E AuthPII : 	at cqhc.fB(:com.google.android.gms@260235035@26.02.35 (260400-862924022):1)
02-13 01:19:11.173 19766 26243 E AuthPII : 	at cqhg.run(:com.google.android.gms@260235035@26.02.35 (260400-862924022):118)
02-13 01:19:11.173 19766 26243 E AuthPII : 	at gnkz.run(:com.google.android.gms@260235035@26.02.35 (260400-862924022):19)
02-13 01:19:11.173 19766 26243 E AuthPII : 	at beqw.c(:com.google.android.gms@260235035@26.02.35 (260400-862924022):50)
02-13 01:19:11.173 19766 26243 E AuthPII : 	at beqw.run(:com.google.android.gms@260235035@26.02.35 (260400-862924022):73)
02-13 01:19:11.173 19766 26243 E AuthPII : 	at java.util.concurrent.ThreadPoolExecutor.runWorker(ThreadPoolExecutor.java:1156)
02-13 01:19:11.173 19766 26243 E AuthPII : 	at java.util.concurrent.ThreadPoolExecutor$Worker.run(ThreadPoolExecutor.java:651)
02-13 01:19:11.173 19766 26243 E AuthPII : 	at bewn.run(:com.google.android.gms@260235035@26.02.35 (260400-862924022):8)
02-13 01:19:11.173 19766 26243 E AuthPII : 	at java.lang.Thread.run(Thread.java:1119)
02-13 01:19:11.190 19766 26243 I Auth    : (REDACTED) [GetToken] GetToken failed for app=%s with userRecoverable status: %s 
02-13 01:19:11.190 10162 10269 D PipelineWatcher: onInputBufferReleased: frameIndex not found (74301); ignored
02-13 01:19:11.190 19766 26243 W Auth    : [GetTokenOperation] exception while trying to fetch auth tokens for app=com.google.android.gms [CONTEXT service_id=343 ]
02-13 01:19:11.190 19766 26243 W Auth    : aexo: GetToken failed with status code and recovery intent: BadAuthentication
02-13 01:19:11.190 19766 26243 W Auth    : 	at aext.b(:com.google.android.gms@260235035@26.02.35 (260400-862924022):339)
02-13 01:19:11.190 19766 26243 W Auth    : 	at aemk.a(:com.google.android.gms@260235035@26.02.35 (260400-862924022):328)
02-13 01:19:11.190 19766 26243 W Auth    : 	at aehq.f(:com.google.android.gms@260235035@26.02.35 (260400-862924022):24)
02-13 01:19:11.190 19766 26243 W Auth    : 	at cqhc.fB(:com.google.android.gms@260235035@26.02.35 (260400-862924022):1)
02-13 01:19:11.190 19766 26243 W Auth    : 	at cqhg.run(:com.google.android.gms@260235035@26.02.35 (260400-862924022):118)
02-13 01:19:11.190 19766 26243 W Auth    : 	at gnkz.run(:com.google.android.gms@260235035@26.02.35 (260400-862924022):19)
02-13 01:19:11.190 19766 26243 W Auth    : 	at beqw.c(:com.google.android.gms@260235035@26.02.35 (260400-862924022):50)
02-13 01:19:11.190 19766 26243 W Auth    : 	at beqw.run(:com.google.android.gms@260235035@26.02.35 (260400-862924022):73)
02-13 01:19:11.190 19766 26243 W Auth    : 	at java.util.concurrent.ThreadPoolExecutor.runWorker(ThreadPoolExecutor.java:1156)
02-13 01:19:11.190 19766 26243 W Auth    : 	at java.util.concurrent.ThreadPoolExecutor$Worker.run(ThreadPoolExecutor.java:651)
02-13 01:19:11.190 19766 26243 W Auth    : 	at bewn.run(:com.google.android.gms@260235035@26.02.35 (260400-862924022):8)
02-13 01:19:11.190 19766 26243 W Auth    : 	at java.lang.Thread.run(Thread.java:1119)
02-13 01:19:11.192 19766  7734 I CCTUploader: Failed to get auth token due to class com.google.android.gms.auth.UserRecoverableAuthException
02-13 01:19:11.193  1451 10291 W qdgralloc: getInterlacedFlag: getMetaData returned 3, defaulting to interlaced_flag = 0
02-13 01:19:11.194  1451 10291 W qdgralloc: getInterlacedFlag: getMetaData returned 3, defaulting to interlaced_flag = 0
02-13 01:19:11.194 22258 22258 I HBD     : g onCapabilityChanged  setNetworkState currentNetworkState : wifi 
02-13 01:19:11.194 22258 22258 I HBD     : g LogTag.TAG_LMDOWNLOAD network status is changed.
02-13 01:19:11.214 10162 10269 D PipelineWatcher: onInputBufferReleased: frameIndex not found (74302); ignored
02-13 01:19:11.217  1451 10291 W qdgralloc: getInterlacedFlag: getMetaData returned 3, defaulting to interlaced_flag = 0
02-13 01:19:11.218  1451 10291 W qdgralloc: getInterlacedFlag: getMetaData returned 3, defaulting to interlaced_flag = 0
02-13 01:19:11.220 19766  7734 E AuthPII : [RequestTokenManager] getToken() -> BAD_AUTHENTICATION. App: com.google.android.gms, Service: oauth2:https://www.googleapis.com/auth/plus.me
02-13 01:19:11.220 19766  7734 E AuthPII : bdkm: Long live credential not available.
02-13 01:19:11.220 19766  7734 E AuthPII : 	at aexp.a(:com.google.android.gms@260235035@26.02.35 (260400-862924022):1351)
02-13 01:19:11.220 19766  7734 E AuthPII : 	at aexw.b(:com.google.android.gms@260235035@26.02.35 (260400-862924022):26)
02-13 01:19:11.220 19766  7734 E AuthPII : 	at aexu.a(:com.google.android.gms@260235035@26.02.35 (260400-862924022):744)
02-13 01:19:11.220 19766  7734 E AuthPII : 	at aehz.a(:com.google.android.gms@260235035@26.02.35 (260400-862924022):82)
02-13 01:19:11.220 19766  7734 E AuthPII : 	at yhs.d(:com.google.android.gms@260235035@26.02.35 (260400-862924022):313)
02-13 01:19:11.220 19766  7734 E AuthPII : 	at aeai.a(:com.google.android.gms@260235035@26.02.35 (260400-862924022):33)
02-13 01:19:11.220 19766  7734 E AuthPII : 	at aeao.m(:com.google.android.gms@260235035@26.02.35 (260400-862924022):34)
02-13 01:19:11.220 19766  7734 E AuthPII : 	at aeao.o(:com.google.android.gms@260235035@26.02.35 (260400-862924022):64)
02-13 01:19:11.220 19766  7734 E AuthPII : 	at aeao.h(:com.google.android.gms@260235035@26.02.35 (260400-862924022):4)
02-13 01:19:11.220 19766  7734 E AuthPII : 	at aeao.i(:com.google.android.gms@260235035@26.02.35 (260400-862924022):8)
02-13 01:19:11.220 19766  7734 E AuthPII : 	at aeao.f(:com.google.android.gms@260235035@26.02.35 (260400-862924022):21)
02-13 01:19:11.220 19766  7734 E AuthPII : 	at aepp.d(:com.google.android.gms@260235035@26.02.35 (260400-862924022):51)
02-13 01:19:11.220 19766  7734 E AuthPII : 	at bclz.b(:com.google.android.gms@260235035@26.02.35 (260400-862924022):72)
02-13 01:19:11.220 19766  7734 E AuthPII : 	at com.google.android.gms.clearcut.uploader.QosUploaderChimeraService.g(:com.google.android.gms@260235035@26.02.35 (260400-862924022):1563)
02-13 01:19:11.220 19766  7734 E AuthPII : 	at com.google.android.gms.clearcut.uploader.QosUploaderChimeraService.a(:com.google.android.gms@260235035@26.02.35 (260400-862924022):42)
02-13 01:19:11.220 19766  7734 E AuthPII : 	at crxa.call(:com.google.android.gms@260235035@26.02.35 (260400-862924022):30)
02-13 01:19:11.220 19766  7734 E AuthPII : 	at java.util.concurrent.FutureTask.run(FutureTask.java:317)
02-13 01:19:11.220 19766  7734 E AuthPII : 	at beqw.c(:com.google.android.gms@260235035@26.02.35 (260400-862924022):50)
02-13 01:19:11.220 19766  7734 E AuthPII : 	at beqw.run(:com.google.android.gms@260235035@26.02.35 (260400-862924022):73)
02-13 01:19:11.220 19766  7734 E AuthPII : 	at java.util.concurrent.ThreadPoolExecutor.runWorker(ThreadPoolExecutor.java:1156)
02-13 01:19:11.220 19766  7734 E AuthPII : 	at java.util.concurrent.ThreadPoolExecutor$Worker.run(ThreadPoolExecutor.java:651)
02-13 01:19:11.220 19766  7734 E AuthPII : 	at bewn.run(:com.google.android.gms@260235035@26.02.35 (260400-862924022):8)
02-13 01:19:11.220 19766  7734 E AuthPII : 	at java.lang.Thread.run(Thread.java:1119)
02-13 01:19:11.220 19766  7734 E AuthPII : Message is Long live credential not available.
02-13 01:19:11.220 19766  7734 E AuthPII : bdkm: Long live credential not available.
02-13 01:19:11.220 19766  7734 E AuthPII : 	at aexp.a(:com.google.android.gms@260235035@26.02.35 (260400-862924022):1351)
02-13 01:19:11.220 19766  7734 E AuthPII : 	at aexw.b(:com.google.android.gms@260235035@26.02.35 (260400-862924022):26)
02-13 01:19:11.220 19766  7734 E AuthPII : 	at aexu.a(:com.google.android.gms@260235035@26.02.35 (260400-862924022):744)
02-13 01:19:11.220 19766  7734 E AuthPII : 	at aehz.a(:com.google.android.gms@260235035@26.02.35 (260400-862924022):82)
02-13 01:19:11.220 19766  7734 E AuthPII : 	at yhs.d(:com.google.android.gms@260235035@26.02.35 (260400-862924022):313)
02-13 01:19:11.220 19766  7734 E AuthPII : 	at aeai.a(:com.google.android.gms@260235035@26.02.35 (260400-862924022):33)
02-13 01:19:11.220 19766  7734 E AuthPII : 	at aeao.m(:com.google.android.gms@260235035@26.02.35 (260400-862924022):34)
02-13 01:19:11.220 19766  7734 E AuthPII : 	at aeao.o(:com.google.android.gms@260235035@26.02.35 (260400-862924022):64)
02-13 01:19:11.220 19766  7734 E AuthPII : 	at aeao.h(:com.google.android.gms@260235035@26.02.35 (260400-862924022):4)
02-13 01:19:11.220 19766  7734 E AuthPII : 	at aeao.i(:com.google.android.gms@260235035@26.02.35 (260400-862924022):8)
02-13 01:19:11.220 19766  7734 E AuthPII : 	at aeao.f(:com.google.android.gms@260235035@26.02.35 (260400-862924022):21)
02-13 01:19:11.220 19766  7734 E AuthPII : 	at aepp.d(:com.google.android.gms@260235035@26.02.35 (260400-862924022):51)
02-13 01:19:11.220 19766  7734 E AuthPII : 	at bclz.b(:com.google.android.gms@260235035@26.02.35 (260400-862924022):72)
02-13 01:19:11.220 19766  7734 E AuthPII : 	at com.google.android.gms.clearcut.uploader.QosUploaderChimeraService.g(:com.google.android.gms@260235035@26.02.35 (260400-862924022):1563)
02-13 01:19:11.220 19766  7734 E AuthPII : 	at com.google.android.gms.clearcut.uploader.QosUploaderChimeraService.a(:com.google.android.gms@260235035@26.02.35 (260400-862924022):42)
02-13 01:19:11.220 19766  7734 E AuthPII : 	at crxa.call(:com.google.android.gms@260235035@26.02.35 (260400-862924022):30)
02-13 01:19:11.220 19766  7734 E AuthPII : 	at java.util.concurrent.FutureTask.run(FutureTask.java:317)
02-13 01:19:11.220 19766  7734 E AuthPII : 	at beqw.c(:com.google.android.gms@260235035@26.02.35 (260400-862924022):50)
02-13 01:19:11.220 19766  7734 E AuthPII : 	at beqw.run(:com.google.android.gms@260235035@26.02.35 (260400-862924022):73)
02-13 01:19:11.220 19766  7734 E AuthPII : 	at java.util.concurrent.ThreadPoolExecutor.runWorker(ThreadPoolExecutor.java:1156)
02-13 01:19:11.220 19766  7734 E AuthPII : 	at java.util.concurrent.ThreadPoolExecutor$Worker.run(ThreadPoolExecutor.java:651)
02-13 01:19:11.220 19766  7734 E AuthPII : 	at bewn.run(:com.google.android.gms@260235035@26.02.35 (260400-862924022):8)
02-13 01:19:11.220 19766  7734 E AuthPII : 	at java.lang.Thread.run(Thread.java:1119)
02-13 01:19:11.221 19766  7734 I Auth    : (REDACTED) [AccountIdManager] Token response failed with status=%s
02-13 01:19:11.225 19766  7734 E AuthPII : [RequestTokenManager] getToken() -> BAD_AUTHENTICATION. App: com.google.android.gms, Service: oauth2:https://www.googleapis.com/auth/userinfo.email https://www.googleapis.com/auth/account.capabilities https://www.googleapis.com/auth/account.service_flags
02-13 01:19:11.225 19766  7734 E AuthPII : bdkm: Long live credential not available.
02-13 01:19:11.225 19766  7734 E AuthPII : 	at aexp.a(:com.google.android.gms@260235035@26.02.35 (260400-862924022):1351)
02-13 01:19:11.225 19766  7734 E AuthPII : 	at aexw.b(:com.google.android.gms@260235035@26.02.35 (260400-862924022):26)
02-13 01:19:11.225 19766  7734 E AuthPII : 	at aexu.a(:com.google.android.gms@260235035@26.02.35 (260400-862924022):744)
02-13 01:19:11.225 19766  7734 E AuthPII : 	at aeif.a(:com.google.android.gms@260235035@26.02.35 (260400-862924022):38)
02-13 01:19:11.225 19766  7734 E AuthPII : 	at aeif.h(:com.google.android.gms@260235035@26.02.35 (260400-862924022):108)
02-13 01:19:11.225 19766  7734 E AuthPII : 	at aeif.b(:com.google.android.gms@260235035@26.02.35 (260400-862924022):817)
02-13 01:19:11.225 19766  7734 E AuthPII : 	at aeif.c(:com.google.android.gms@260235035@26.02.35 (260400-862924022):5)
02-13 01:19:11.225 19766  7734 E AuthPII : 	at yhs.d(:com.google.android.gms@260235035@26.02.35 (260400-862924022):385)
02-13 01:19:11.225 19766  7734 E AuthPII : 	at aeai.a(:com.google.android.gms@260235035@26.02.35 (260400-862924022):33)
02-13 01:19:11.225 19766  7734 E AuthPII : 	at aeao.m(:com.google.android.gms@260235035@26.02.35 (260400-862924022):34)
02-13 01:19:11.225 19766  7734 E AuthPII : 	at aeao.o(:com.google.android.gms@260235035@26.02.35 (260400-862924022):64)
02-13 01:19:11.225 19766  7734 E AuthPII : 	at aeao.h(:com.google.android.gms@260235035@26.02.35 (260400-862924022):4)
02-13 01:19:11.225 19766  7734 E AuthPII : 	at aeao.i(:com.google.android.gms@260235035@26.02.35 (260400-862924022):8)
02-13 01:19:11.225 19766  7734 E AuthPII : 	at aeao.f(:com.google.android.gms@260235035@26.02.35 (260400-862924022):21)
02-13 01:19:11.225 19766  7734 E AuthPII : 	at aepp.d(:com.google.android.gms@260235035@26.02.35 (260400-862924022):51)
02-13 01:19:11.225 19766  7734 E AuthPII : 	at bclz.b(:com.google.android.gms@260235035@26.02.35 (260400-862924022):72)
02-13 01:19:11.225 19766  7734 E AuthPII : 	at com.google.android.gms.clearcut.uploader.QosUploaderChimeraService.g(:com.google.android.gms@260235035@26.02.35 (260400-862924022):1563)
02-13 01:19:11.225 19766  7734 E AuthPII : 	at com.google.android.gms.clearcut.uploader.QosUploaderChimeraService.a(:com.google.android.gms@260235035@26.02.35 (260400-862924022):42)
02-13 01:19:11.225 19766  7734 E AuthPII : 	at crxa.call(:com.google.android.gms@260235035@26.02.35 (260400-862924022):30)
02-13 01:19:11.225 19766  7734 E AuthPII : 	at java.util.concurrent.FutureTask.run(FutureTask.java:317)
02-13 01:19:11.225 19766  7734 E AuthPII : 	at beqw.c(:com.google.android.gms@260235035@26.02.35 (260400-862924022):50)
02-13 01:19:11.225 19766  7734 E AuthPII : 	at beqw.run(:com.google.android.gms@260235035@26.02.35 (260400-862924022):73)
02-13 01:19:11.225 19766  7734 E AuthPII : 	at java.util.concurrent.ThreadPoolExecutor.runWorker(ThreadPoolExecutor.java:1156)
02-13 01:19:11.225 19766  7734 E AuthPII : 	at java.util.concurrent.ThreadPoolExecutor$Worker.run(ThreadPoolExecutor.java:651)
02-13 01:19:11.225 19766  7734 E AuthPII : 	at bewn.run(:com.google.android.gms@260235035@26.02.35 (260400-862924022):8)
02-13 01:19:11.225 19766  7734 E AuthPII : 	at java.lang.Thread.run(Thread.java:1119)
02-13 01:19:11.226 19766  7734 E AuthPII : Message is Long live credential not available.
02-13 01:19:11.226 19766  7734 E AuthPII : bdkm: Long live credential not available.
02-13 01:19:11.226 19766  7734 E AuthPII : 	at aexp.a(:com.google.android.gms@260235035@26.02.35 (260400-862924022):1351)
02-13 01:19:11.226 19766  7734 E AuthPII : 	at aexw.b(:com.google.android.gms@260235035@26.02.35 (260400-862924022):26)
02-13 01:19:11.226 19766  7734 E AuthPII : 	at aexu.a(:com.google.android.gms@260235035@26.02.35 (260400-862924022):744)
02-13 01:19:11.226 19766  7734 E AuthPII : 	at aeif.a(:com.google.android.gms@260235035@26.02.35 (260400-862924022):38)
02-13 01:19:11.226 19766  7734 E AuthPII : 	at aeif.h(:com.google.android.gms@260235035@26.02.35 (260400-862924022):108)
02-13 01:19:11.226 19766  7734 E AuthPII : 	at aeif.b(:com.google.android.gms@260235035@26.02.35 (260400-862924022):817)
02-13 01:19:11.226 19766  7734 E AuthPII : 	at aeif.c(:com.google.android.gms@260235035@26.02.35 (260400-862924022):5)
02-13 01:19:11.226 19766  7734 E AuthPII : 	at yhs.d(:com.google.android.gms@260235035@26.02.35 (260400-862924022):385)
02-13 01:19:11.226 19766  7734 E AuthPII : 	at aeai.a(:com.google.android.gms@260235035@26.02.35 (260400-862924022):33)
02-13 01:19:11.226 19766  7734 E AuthPII : 	at aeao.m(:com.google.android.gms@260235035@26.02.35 (260400-862924022):34)
02-13 01:19:11.226 19766  7734 E AuthPII : 	at aeao.o(:com.google.android.gms@260235035@26.02.35 (260400-862924022):64)
02-13 01:19:11.226 19766  7734 E AuthPII : 	at aeao.h(:com.google.android.gms@260235035@26.02.35 (260400-862924022):4)
02-13 01:19:11.226 19766  7734 E AuthPII : 	at aeao.i(:com.google.android.gms@260235035@26.02.35 (260400-862924022):8)
02-13 01:19:11.226 19766  7734 E AuthPII : 	at aeao.f(:com.google.android.gms@260235035@26.02.35 (260400-862924022):21)
02-13 01:19:11.226 19766  7734 E AuthPII : 	at aepp.d(:com.google.android.gms@260235035@26.02.35 (260400-862924022):51)
02-13 01:19:11.226 19766  7734 E AuthPII : 	at bclz.b(:com.google.android.gms@260235035@26.02.35 (260400-862924022):72)
02-13 01:19:11.226 19766  7734 E AuthPII : 	at com.google.android.gms.clearcut.uploader.QosUploaderChimeraService.g(:com.google.android.gms@260235035@26.02.35 (260400-862924022):1563)
02-13 01:19:11.226 19766  7734 E AuthPII : 	at com.google.android.gms.clearcut.uploader.QosUploaderChimeraService.a(:com.google.android.gms@260235035@26.02.35 (260400-862924022):42)
02-13 01:19:11.226 19766  7734 E AuthPII : 	at crxa.call(:com.google.android.gms@260235035@26.02.35 (260400-862924022):30)
02-13 01:19:11.226 19766  7734 E AuthPII : 	at java.util.concurrent.FutureTask.run(FutureTask.java:317)
02-13 01:19:11.226 19766  7734 E AuthPII : 	at beqw.c(:com.google.android.gms@260235035@26.02.35 (260400-862924022):50)
02-13 01:19:11.226 19766  7734 E AuthPII : 	at beqw.run(:com.google.android.gms@260235035@26.02.35 (260400-862924022):73)
02-13 01:19:11.226 19766  7734 E AuthPII : 	at java.util.concurrent.ThreadPoolExecutor.runWorker(ThreadPoolExecutor.java:1156)
02-13 01:19:11.226 19766  7734 E AuthPII : 	at java.util.concurrent.ThreadPoolExecutor$Worker.run(ThreadPoolExecutor.java:651)
02-13 01:19:11.226 19766  7734 E AuthPII : 	at bewn.run(:com.google.android.gms@260235035@26.02.35 (260400-862924022):8)
02-13 01:19:11.226 19766  7734 E AuthPII : 	at java.lang.Thread.run(Thread.java:1119)
02-13 01:19:11.228 19766  7734 W Auth    : [AccountStateDownloader] Unable to look up account state from server: couldn't fetch accessToken [CONTEXT service_id=343 ]
02-13 01:19:11.228 19766  7734 W Auth    : [GaiaIdSync] Empty email or accountId. [CONTEXT service_id=153 ]
02-13 01:19:11.235 10162 10269 D PipelineWatcher: onInputBufferReleased: frameIndex not found (74303); ignored
02-13 01:19:11.237  1451 10291 W qdgralloc: getInterlacedFlag: getMetaData returned 3, defaulting to interlaced_flag = 0
02-13 01:19:11.237  1451 10291 W qdgralloc: getInterlacedFlag: getMetaData returned 3, defaulting to interlaced_flag = 0
02-13 01:19:11.241 19766 26243 E AuthPII : [RequestTokenManager] getToken() -> BAD_AUTHENTICATION. App: com.google.android.gms, Service: oauth2:https://www.googleapis.com/auth/cclog
02-13 01:19:11.241 19766 26243 E AuthPII : bdkm: Long live credential not available.
02-13 01:19:11.241 19766 26243 E AuthPII : 	at aexp.a(:com.google.android.gms@260235035@26.02.35 (260400-862924022):1351)
02-13 01:19:11.241 19766 26243 E AuthPII : 	at aexw.b(:com.google.android.gms@260235035@26.02.35 (260400-862924022):26)
02-13 01:19:11.241 19766 26243 E AuthPII : 	at aexu.a(:com.google.android.gms@260235035@26.02.35 (260400-862924022):744)
02-13 01:19:11.241 19766 26243 E AuthPII : 	at aext.b(:com.google.android.gms@260235035@26.02.35 (260400-862924022):142)
02-13 01:19:11.241 19766 26243 E AuthPII : 	at aemk.a(:com.google.android.gms@260235035@26.02.35 (260400-862924022):328)
02-13 01:19:11.241 19766 26243 E AuthPII : 	at aehq.f(:com.google.android.gms@260235035@26.02.35 (260400-862924022):24)
02-13 01:19:11.241 19766 26243 E AuthPII : 	at cqhc.fB(:com.google.android.gms@260235035@26.02.35 (260400-862924022):1)
02-13 01:19:11.241 19766 26243 E AuthPII : 	at cqhg.run(:com.google.android.gms@260235035@26.02.35 (260400-862924022):118)
02-13 01:19:11.241 19766 26243 E AuthPII : 	at gnkz.run(:com.google.android.gms@260235035@26.02.35 (260400-862924022):19)
02-13 01:19:11.241 19766 26243 E AuthPII : 	at beqw.c(:com.google.android.gms@260235035@26.02.35 (260400-862924022):50)
02-13 01:19:11.241 19766 26243 E AuthPII : 	at beqw.run(:com.google.android.gms@260235035@26.02.35 (260400-862924022):73)
02-13 01:19:11.241 19766 26243 E AuthPII : 	at java.util.concurrent.ThreadPoolExecutor.runWorker(ThreadPoolExecutor.java:1156)
02-13 01:19:11.241 19766 26243 E AuthPII : 	at java.util.concurrent.ThreadPoolExecutor$Worker.run(ThreadPoolExecutor.java:651)
02-13 01:19:11.241 19766 26243 E AuthPII : 	at bewn.run(:com.google.android.gms@260235035@26.02.35 (260400-862924022):8)
02-13 01:19:11.241 19766 26243 E AuthPII : 	at java.lang.Thread.run(Thread.java:1119)
02-13 01:19:11.242 19766 26243 E AuthPII : Message is Long live credential not available.
02-13 01:19:11.242 19766 26243 E AuthPII : bdkm: Long live credential not available.
02-13 01:19:11.242 19766 26243 E AuthPII : 	at aexp.a(:com.google.android.gms@260235035@26.02.35 (260400-862924022):1351)
02-13 01:19:11.242 19766 26243 E AuthPII : 	at aexw.b(:com.google.android.gms@260235035@26.02.35 (260400-862924022):26)
02-13 01:19:11.242 19766 26243 E AuthPII : 	at aexu.a(:com.google.android.gms@260235035@26.02.35 (260400-862924022):744)
02-13 01:19:11.242 19766 26243 E AuthPII : 	at aext.b(:com.google.android.gms@260235035@26.02.35 (260400-862924022):142)
02-13 01:19:11.242 19766 26243 E AuthPII : 	at aemk.a(:com.google.android.gms@260235035@26.02.35 (260400-862924022):328)
02-13 01:19:11.242 19766 26243 E AuthPII : 	at aehq.f(:com.google.android.gms@260235035@26.02.35 (260400-862924022):24)
02-13 01:19:11.242 19766 26243 E AuthPII : 	at cqhc.fB(:com.google.android.gms@260235035@26.02.35 (260400-862924022):1)
02-13 01:19:11.242 19766 26243 E AuthPII : 	at cqhg.run(:com.google.android.gms@260235035@26.02.35 (260400-862924022):118)
02-13 01:19:11.242 19766 26243 E AuthPII : 	at gnkz.run(:com.google.android.gms@260235035@26.02.35 (260400-862924022):19)
02-13 01:19:11.242 19766 26243 E AuthPII : 	at beqw.c(:com.google.android.gms@260235035@26.02.35 (260400-862924022):50)
02-13 01:19:11.242 19766 26243 E AuthPII : 	at beqw.run(:com.google.android.gms@260235035@26.02.35 (260400-862924022):73)
02-13 01:19:11.242 19766 26243 E AuthPII : 	at java.util.concurrent.ThreadPoolExecutor.runWorker(ThreadPoolExecutor.java:1156)
02-13 01:19:11.242 19766 26243 E AuthPII : 	at java.util.concurrent.ThreadPoolExecutor$Worker.run(ThreadPoolExecutor.java:651)
02-13 01:19:11.242 19766 26243 E AuthPII : 	at bewn.run(:com.google.android.gms@260235035@26.02.35 (260400-862924022):8)
02-13 01:19:11.242 19766 26243 E AuthPII : 	at java.lang.Thread.run(Thread.java:1119)
02-13 01:19:11.250  1336  8837 I sensors-hal: handle_sns_client_event:49, ambient_light_event: ts=706711350444250, event=0.000000
