02-13 01:18:51.103  4713 28083 I NearbyConnections: Unable to record discovered endpoint due to null currentDiscoveryPhase
02-13 01:18:51.103  4713 28083 I NearbyConnections: ClientProxy(7444103 0p:com.google.android.gms.nearby.sharing) reporting onEndpointFound(3LTV)
02-13 01:18:51.104  4713 28083 I NearbyConnections: ClientProxy(7444103) reporting onEndpointDistanceChanged(3LTV, UNKNOWN)
02-13 01:18:51.105  4713 28059 I NearbySharing: NearbySharing Internal event EndpointDiscovered(endpointId=3LTV)
02-13 01:18:51.120  1451 10291 W qdgralloc: getInterlacedFlag: getMetaData returned 3, defaulting to interlaced_flag = 0
02-13 01:18:51.120  1451 10291 W qdgralloc: getInterlacedFlag: getMetaData returned 3, defaulting to interlaced_flag = 0
02-13 01:18:51.137 10162 10269 D PipelineWatcher: onInputBufferReleased: frameIndex not found (73572); ignored
02-13 01:18:51.140  1451 10291 W qdgralloc: getInterlacedFlag: getMetaData returned 3, defaulting to interlaced_flag = 0
02-13 01:18:51.141  1451 10291 W qdgralloc: getInterlacedFlag: getMetaData returned 3, defaulting to interlaced_flag = 0
02-13 01:18:51.147  1323  3855 I vendor.qti.bluetooth@1.0-ibs_handler: ProcessIbsCmd: Received IBS_SLEEP_IND: 0xFE
02-13 01:18:51.147  1323  3855 D vendor.qti.bluetooth@1.0-ibs_handler: SerialClockVote: vote for UART CLK OFF
02-13 01:18:51.150  1336  8837 I sensors-hal: handle_sns_client_event:49, ambient_light_event: ts=706691250431042, event=0.000000
02-13 01:18:51.157 10162 10269 D PipelineWatcher: onInputBufferReleased: frameIndex not found (73574); ignored
02-13 01:18:51.160  1451 10291 W qdgralloc: getInterlacedFlag: getMetaData returned 3, defaulting to interlaced_flag = 0
02-13 01:18:51.161  1451 10291 W qdgralloc: getInterlacedFlag: getMetaData returned 3, defaulting to interlaced_flag = 0
02-13 01:18:51.180  1451 10291 W qdgralloc: getInterlacedFlag: getMetaData returned 3, defaulting to interlaced_flag = 0
02-13 01:18:51.181  1451 10291 W qdgralloc: getInterlacedFlag: getMetaData returned 3, defaulting to interlaced_flag = 0
02-13 01:18:51.213 10162 10269 D PipelineWatcher: onInputBufferReleased: frameIndex not found (73576); ignored
02-13 01:18:51.219  1451 10291 W qdgralloc: getInterlacedFlag: getMetaData returned 3, defaulting to interlaced_flag = 0
02-13 01:18:51.220  1451 10291 W qdgralloc: getInterlacedFlag: getMetaData returned 3, defaulting to interlaced_flag = 0
02-13 01:18:51.234 10162 10269 D PipelineWatcher: onInputBufferReleased: frameIndex not found (73577); ignored
02-13 01:18:51.237  1451 10291 W qdgralloc: getInterlacedFlag: getMetaData returned 3, defaulting to interlaced_flag = 0
02-13 01:18:51.238  1451 10291 W qdgralloc: getInterlacedFlag: getMetaData returned 3, defaulting to interlaced_flag = 0
02-13 01:18:51.250  1336  8837 I sensors-hal: handle_sns_client_event:49, ambient_light_event: ts=706691350448074, event=0.000000
02-13 01:18:51.259  1451 10291 W qdgralloc: getInterlacedFlag: getMetaData returned 3, defaulting to interlaced_flag = 0
02-13 01:18:51.260  1451 10291 W qdgralloc: getInterlacedFlag: getMetaData returned 3, defaulting to interlaced_flag = 0
02-13 01:18:51.294 10162 10269 D PipelineWatcher: onInputBufferReleased: frameIndex not found (73578); ignored
02-13 01:18:51.297  1323  3698 D vendor.qti.bluetooth@1.0-wake_lock: Release wakelock is released 
02-13 01:18:51.298  1451 10291 W qdgralloc: getInterlacedFlag: getMetaData returned 3, defaulting to interlaced_flag = 0
02-13 01:18:51.299  1451 10291 W qdgralloc: getInterlacedFlag: getMetaData returned 3, defaulting to interlaced_flag = 0
02-13 01:18:51.328 10162 10269 D PipelineWatcher: onInputBufferReleased: frameIndex not found (73579); ignored
02-13 01:18:51.333  1451 10291 W qdgralloc: getInterlacedFlag: getMetaData returned 3, defaulting to interlaced_flag = 0
02-13 01:18:51.334  1451 10291 W qdgralloc: getInterlacedFlag: getMetaData returned 3, defaulting to interlaced_flag = 0
02-13 01:18:51.349 10162 10269 D PipelineWatcher: onInputBufferReleased: frameIndex not found (73581); ignored
02-13 01:18:51.351  1336  8837 I sensors-hal: handle_sns_client_event:49, ambient_light_event: ts=706691450433803, event=0.000000
02-13 01:18:51.353  1451 10291 W qdgralloc: getInterlacedFlag: getMetaData returned 3, defaulting to interlaced_flag = 0
02-13 01:18:51.354  1451 10291 W qdgralloc: getInterlacedFlag: getMetaData returned 3, defaulting to interlaced_flag = 0
02-13 01:18:51.387 10162 10269 D PipelineWatcher: onInputBufferReleased: frameIndex not found (73582); ignored
02-13 01:18:51.391  1451 10291 W qdgralloc: getInterlacedFlag: getMetaData returned 3, defaulting to interlaced_flag = 0
02-13 01:18:51.391  1451 10291 W qdgralloc: getInterlacedFlag: getMetaData returned 3, defaulting to interlaced_flag = 0
02-13 01:18:51.428  1451 10291 W qdgralloc: getInterlacedFlag: getMetaData returned 3, defaulting to interlaced_flag = 0
02-13 01:18:51.429  1451 10291 W qdgralloc: getInterlacedFlag: getMetaData returned 3, defaulting to interlaced_flag = 0
02-13 01:18:51.450  1336  8837 I sensors-hal: handle_sns_client_event:49, ambient_light_event: ts=706691550451094, event=0.000000
02-13 01:18:51.460 10162 10269 D PipelineWatcher: onInputBufferReleased: frameIndex not found (73583); ignored
02-13 01:18:51.464  1451 10291 W qdgralloc: getInterlacedFlag: getMetaData returned 3, defaulting to interlaced_flag = 0
02-13 01:18:51.464  1451 10291 W qdgralloc: getInterlacedFlag: getMetaData returned 3, defaulting to interlaced_flag = 0
02-13 01:18:51.494 10162 10269 D PipelineWatcher: onInputBufferReleased: frameIndex not found (73584); ignored
02-13 01:18:51.499  1451 10291 W qdgralloc: getInterlacedFlag: getMetaData returned 3, defaulting to interlaced_flag = 0
02-13 01:18:51.501  1451 10291 W qdgralloc: getInterlacedFlag: getMetaData returned 3, defaulting to interlaced_flag = 0
02-13 01:18:51.516 10162 10269 D PipelineWatcher: onInputBufferReleased: frameIndex not found (73585); ignored
02-13 01:18:51.520  1451 10291 W qdgralloc: getInterlacedFlag: getMetaData returned 3, defaulting to interlaced_flag = 0
02-13 01:18:51.521  1451 10291 W qdgralloc: getInterlacedFlag: getMetaData returned 3, defaulting to interlaced_flag = 0
02-13 01:18:51.535 10162 10269 D PipelineWatcher: onInputBufferReleased: frameIndex not found (73586); ignored
02-13 01:18:51.538  1451 10291 W qdgralloc: getInterlacedFlag: getMetaData returned 3, defaulting to interlaced_flag = 0
02-13 01:18:51.538  1451 10291 W qdgralloc: getInterlacedFlag: getMetaData returned 3, defaulting to interlaced_flag = 0
02-13 01:18:51.550  1336  8837 I sensors-hal: handle_sns_client_event:49, ambient_light_event: ts=706691650437397, event=0.000000
02-13 01:18:51.559  1451 10291 W qdgralloc: getInterlacedFlag: getMetaData returned 3, defaulting to interlaced_flag = 0
02-13 01:18:51.560  1451 10291 W qdgralloc: getInterlacedFlag: getMetaData returned 3, defaulting to interlaced_flag = 0
02-13 01:18:51.592 10162 10269 D PipelineWatcher: onInputBufferReleased: frameIndex not found (73587); ignored
02-13 01:18:51.598  1451 10291 W qdgralloc: getInterlacedFlag: getMetaData returned 3, defaulting to interlaced_flag = 0
02-13 01:18:51.599  1451 10291 W qdgralloc: getInterlacedFlag: getMetaData returned 3, defaulting to interlaced_flag = 0
02-13 01:18:51.628 10162 10269 D PipelineWatcher: onInputBufferReleased: frameIndex not found (73588); ignored
02-13 01:18:51.632  1451 10291 W qdgralloc: getInterlacedFlag: getMetaData returned 3, defaulting to interlaced_flag = 0
02-13 01:18:51.633  1451 10291 W qdgralloc: getInterlacedFlag: getMetaData returned 3, defaulting to interlaced_flag = 0
02-13 01:18:51.650  1336  8837 I sensors-hal: handle_sns_client_event:49, ambient_light_event: ts=706691750453855, event=0.000000
02-13 01:18:51.659  1451 10291 W qdgralloc: getInterlacedFlag: getMetaData returned 3, defaulting to interlaced_flag = 0
02-13 01:18:51.660  1451 10291 W qdgralloc: getInterlacedFlag: getMetaData returned 3, defaulting to interlaced_flag = 0
02-13 01:18:51.674 10162 10269 D PipelineWatcher: onInputBufferReleased: frameIndex not found (73589); ignored
02-13 01:18:51.677  1451 10291 W qdgralloc: getInterlacedFlag: getMetaData returned 3, defaulting to interlaced_flag = 0
02-13 01:18:51.678  1451 10291 W qdgralloc: getInterlacedFlag: getMetaData returned 3, defaulting to interlaced_flag = 0
02-13 01:18:51.699 10162 10269 D PipelineWatcher: onInputBufferReleased: frameIndex not found (73590); ignored
02-13 01:18:51.703  1451 10291 W qdgralloc: getInterlacedFlag: getMetaData returned 3, defaulting to interlaced_flag = 0
02-13 01:18:51.704  1451 10291 W qdgralloc: getInterlacedFlag: getMetaData returned 3, defaulting to interlaced_flag = 0
02-13 01:18:51.722  1451 10291 W qdgralloc: getInterlacedFlag: getMetaData returned 3, defaulting to interlaced_flag = 0
02-13 01:18:51.722  1451 10291 W qdgralloc: getInterlacedFlag: getMetaData returned 3, defaulting to interlaced_flag = 0
02-13 01:18:51.737 10162 10269 D PipelineWatcher: onInputBufferReleased: frameIndex not found (73592); ignored
02-13 01:18:51.742  1451 10291 W qdgralloc: getInterlacedFlag: getMetaData returned 3, defaulting to interlaced_flag = 0
02-13 01:18:51.743  1451 10291 W qdgralloc: getInterlacedFlag: getMetaData returned 3, defaulting to interlaced_flag = 0
02-13 01:18:51.750  1336  8837 I sensors-hal: handle_sns_client_event:49, ambient_light_event: ts=706691850439844, event=0.000000
02-13 01:18:51.774 10162 10269 D PipelineWatcher: onInputBufferReleased: frameIndex not found (73594); ignored
02-13 01:18:51.778  1451 10291 W qdgralloc: getInterlacedFlag: getMetaData returned 3, defaulting to interlaced_flag = 0
02-13 01:18:51.779  1451 10291 W qdgralloc: getInterlacedFlag: getMetaData returned 3, defaulting to interlaced_flag = 0
02-13 01:18:51.811 10162 10269 D PipelineWatcher: onInputBufferReleased: frameIndex not found (73595); ignored
02-13 01:18:51.816  1451 10291 W qdgralloc: getInterlacedFlag: getMetaData returned 3, defaulting to interlaced_flag = 0
02-13 01:18:51.817  1451 10291 W qdgralloc: getInterlacedFlag: getMetaData returned 3, defaulting to interlaced_flag = 0
02-13 01:18:51.830 10162 10269 D PipelineWatcher: onInputBufferReleased: frameIndex not found (73596); ignored
02-13 01:18:51.836  1451 10291 W qdgralloc: getInterlacedFlag: getMetaData returned 3, defaulting to interlaced_flag = 0
02-13 01:18:51.837  1451 10291 W qdgralloc: getInterlacedFlag: getMetaData returned 3, defaulting to interlaced_flag = 0
02-13 01:18:51.850  1336  8837 I sensors-hal: handle_sns_client_event:49, ambient_light_event: ts=706691950456615, event=0.000000
02-13 01:18:51.852  1451 10291 W qdgralloc: getInterlacedFlag: getMetaData returned 3, defaulting to interlaced_flag = 0
02-13 01:18:51.853  1451 10291 W qdgralloc: getInterlacedFlag: getMetaData returned 3, defaulting to interlaced_flag = 0
02-13 01:18:51.869 10162 10269 D PipelineWatcher: onInputBufferReleased: frameIndex not found (73599); ignored
02-13 01:18:51.872  1451 10291 W qdgralloc: getInterlacedFlag: getMetaData returned 3, defaulting to interlaced_flag = 0
02-13 01:18:51.873  1451 10291 W qdgralloc: getInterlacedFlag: getMetaData returned 3, defaulting to interlaced_flag = 0
02-13 01:18:51.890 10162 10269 D PipelineWatcher: onInputBufferReleased: frameIndex not found (73600); ignored
02-13 01:18:51.893  1451 10291 W qdgralloc: getInterlacedFlag: getMetaData returned 3, defaulting to interlaced_flag = 0
02-13 01:18:51.894  1451 10291 W qdgralloc: getInterlacedFlag: getMetaData returned 3, defaulting to interlaced_flag = 0
02-13 01:18:51.909 10162 10269 D PipelineWatcher: onInputBufferReleased: frameIndex not found (73601); ignored
02-13 01:18:51.912  1451 10291 W qdgralloc: getInterlacedFlag: getMetaData returned 3, defaulting to interlaced_flag = 0
02-13 01:18:51.913  1451 10291 W qdgralloc: getInterlacedFlag: getMetaData returned 3, defaulting to interlaced_flag = 0
02-13 01:18:51.944 10162 10269 D PipelineWatcher: onInputBufferReleased: frameIndex not found (73602); ignored
02-13 01:18:51.949  1451 10291 W qdgralloc: getInterlacedFlag: getMetaData returned 3, defaulting to interlaced_flag = 0
02-13 01:18:51.950  1451 10291 W qdgralloc: getInterlacedFlag: getMetaData returned 3, defaulting to interlaced_flag = 0
02-13 01:18:51.950  1336  8837 I sensors-hal: handle_sns_client_event:49, ambient_light_event: ts=706692050443959, event=0.000000
02-13 01:18:51.970  1451 10291 W qdgralloc: getInterlacedFlag: getMetaData returned 3, defaulting to interlaced_flag = 0
02-13 01:18:51.971  1451 10291 W qdgralloc: getInterlacedFlag: getMetaData returned 3, defaulting to interlaced_flag = 0
02-13 01:18:51.983 10162 10269 D PipelineWatcher: onInputBufferReleased: frameIndex not found (73603); ignored
02-13 01:18:51.985 10162 10269 D PipelineWatcher: onInputBufferReleased: frameIndex not found (73604); ignored
02-13 01:18:51.988  1451 10291 W qdgralloc: getInterlacedFlag: getMetaData returned 3, defaulting to interlaced_flag = 0
02-13 01:18:51.990  1451 10291 W qdgralloc: getInterlacedFlag: getMetaData returned 3, defaulting to interlaced_flag = 0
02-13 01:18:52.005  1451 10291 W qdgralloc: getInterlacedFlag: getMetaData returned 3, defaulting to interlaced_flag = 0
02-13 01:18:52.006  1451 10291 W qdgralloc: getInterlacedFlag: getMetaData returned 3, defaulting to interlaced_flag = 0
02-13 01:18:52.022 10162 10269 D PipelineWatcher: onInputBufferReleased: frameIndex not found (73605); ignored
02-13 01:18:52.026  1451 10291 W qdgralloc: getInterlacedFlag: getMetaData returned 3, defaulting to interlaced_flag = 0
02-13 01:18:52.026  1451 10291 W qdgralloc: getInterlacedFlag: getMetaData returned 3, defaulting to interlaced_flag = 0
02-13 01:18:52.049  1455  1455 E sehhealth-service: sehtBinder.get() is null
02-13 01:18:52.050  1336  8837 I sensors-hal: handle_sns_client_event:49, ambient_light_event: ts=706692150429115, event=0.000000
02-13 01:18:52.059 10162 10269 D PipelineWatcher: onInputBufferReleased: frameIndex not found (73606); ignored
02-13 01:18:52.064  1451 10291 W qdgralloc: getInterlacedFlag: getMetaData returned 3, defaulting to interlaced_flag = 0
02-13 01:18:52.065  1451 10291 W qdgralloc: getInterlacedFlag: getMetaData returned 3, defaulting to interlaced_flag = 0
02-13 01:18:52.071  3159 21719 W AlarmManager: Unrecognized alarm listener com.android.networkstack.android.net.ip.IpClientLinkObserver$Dhcp6PdPreferredPrefixAlarmListener@dcb4e71
02-13 01:18:52.074  3159 21719 D ApfFilter: (wlan0): Ignoring RA RA fe80::deeb:69ff:fe6d:f19e -> ff02::1 180s 2600:8800:2918:cb00::/64 300s/300s RIO 180s ::/0  which matches RA fe80::deeb:69ff:fe6d:f19e -> ff02::1 180s 2600:8800:2918:cb00::/64 300s/300s RIO 180s ::/0 
02-13 01:18:52.093 10162 10269 D PipelineWatcher: onInputBufferReleased: frameIndex not found (73607); ignored
02-13 01:18:52.094 10162 10269 D PipelineWatcher: onInputBufferReleased: frameIndex not found (73608); ignored
02-13 01:18:52.097  1451 10291 W qdgralloc: getInterlacedFlag: getMetaData returned 3, defaulting to interlaced_flag = 0
02-13 01:18:52.097  1451 10291 W qdgralloc: getInterlacedFlag: getMetaData returned 3, defaulting to interlaced_flag = 0
02-13 01:18:52.120  1451 10291 W qdgralloc: getInterlacedFlag: getMetaData returned 3, defaulting to interlaced_flag = 0
02-13 01:18:52.121  1451 10291 W qdgralloc: getInterlacedFlag: getMetaData returned 3, defaulting to interlaced_flag = 0
02-13 01:18:52.150  1336  8837 I sensors-hal: handle_sns_client_event:49, ambient_light_event: ts=706692250446980, event=0.000000
02-13 01:18:52.154 10162 10269 D PipelineWatcher: onInputBufferReleased: frameIndex not found (73609); ignored
02-13 01:18:52.160  1451 10291 W qdgralloc: getInterlacedFlag: getMetaData returned 3, defaulting to interlaced_flag = 0
02-13 01:18:52.161  1451 10291 W qdgralloc: getInterlacedFlag: getMetaData returned 3, defaulting to interlaced_flag = 0
02-13 01:18:52.193  1451 10291 W qdgralloc: getInterlacedFlag: getMetaData returned 3, defaulting to interlaced_flag = 0
02-13 01:18:52.194  1451 10291 W qdgralloc: getInterlacedFlag: getMetaData returned 3, defaulting to interlaced_flag = 0
02-13 01:18:52.227 10162 10269 D PipelineWatcher: onInputBufferReleased: frameIndex not found (73611); ignored
02-13 01:18:52.233  1451 10291 W qdgralloc: getInterlacedFlag: getMetaData returned 3, defaulting to interlaced_flag = 0
02-13 01:18:52.234  1451 10291 W qdgralloc: getInterlacedFlag: getMetaData returned 3, defaulting to interlaced_flag = 0
02-13 01:18:52.250  1336  8837 I sensors-hal: handle_sns_client_event:49, ambient_light_event: ts=706692350432397, event=0.000000
02-13 01:18:52.261 10162 10269 D PipelineWatcher: onInputBufferReleased: frameIndex not found (73612); ignored
02-13 01:18:52.265  1451 10291 W qdgralloc: getInterlacedFlag: getMetaData returned 3, defaulting to interlaced_flag = 0
02-13 01:18:52.266  1451 10291 W qdgralloc: getInterlacedFlag: getMetaData returned 3, defaulting to interlaced_flag = 0
02-13 01:18:52.287  1451 10291 W qdgralloc: getInterlacedFlag: getMetaData returned 3, defaulting to interlaced_flag = 0
02-13 01:18:52.288  1451 10291 W qdgralloc: getInterlacedFlag: getMetaData returned 3, defaulting to interlaced_flag = 0
02-13 01:18:52.302 10162 10269 D PipelineWatcher: onInputBufferReleased: frameIndex not found (73614); ignored
02-13 01:18:52.306  1451 10291 W qdgralloc: getInterlacedFlag: getMetaData returned 3, defaulting to interlaced_flag = 0
02-13 01:18:52.307  1451 10291 W qdgralloc: getInterlacedFlag: getMetaData returned 3, defaulting to interlaced_flag = 0
02-13 01:18:52.321 10162 10269 D PipelineWatcher: onInputBufferReleased: frameIndex not found (73615); ignored
02-13 01:18:52.323  1451 10291 W qdgralloc: getInterlacedFlag: getMetaData returned 3, defaulting to interlaced_flag = 0
02-13 01:18:52.324  1451 10291 W qdgralloc: getInterlacedFlag: getMetaData returned 3, defaulting to interlaced_flag = 0
02-13 01:18:52.350  1336  8837 I sensors-hal: handle_sns_client_event:49, ambient_light_event: ts=706692450448647, event=0.000000
02-13 01:18:52.358 10162 10269 D PipelineWatcher: onInputBufferReleased: frameIndex not found (73616); ignored
02-13 01:18:52.364  1451 10291 W qdgralloc: getInterlacedFlag: getMetaData returned 3, defaulting to interlaced_flag = 0
02-13 01:18:52.365  1451 10291 W qdgralloc: getInterlacedFlag: getMetaData returned 3, defaulting to interlaced_flag = 0
02-13 01:18:52.378 10162 10269 D PipelineWatcher: onInputBufferReleased: frameIndex not found (73617); ignored
02-13 01:18:52.384  1451 10291 W qdgralloc: getInterlacedFlag: getMetaData returned 3, defaulting to interlaced_flag = 0
02-13 01:18:52.385  1451 10291 W qdgralloc: getInterlacedFlag: getMetaData returned 3, defaulting to interlaced_flag = 0
02-13 01:18:52.390   984   984 D io_stats: !@   8,0 r 148599488 2440851276 w 8338250 308248828 d 1228116 393908564 f 587213 1843571 iot 29055472 0 th 0 0 0 pt 0 inp 0 0 691926.877
02-13 01:18:52.397 10162 10269 D PipelineWatcher: onInputBufferReleased: frameIndex not found (73618); ignored
02-13 01:18:52.400  1451 10291 W qdgralloc: getInterlacedFlag: getMetaData returned 3, defaulting to interlaced_flag = 0
02-13 01:18:52.401  1451 10291 W qdgralloc: getInterlacedFlag: getMetaData returned 3, defaulting to interlaced_flag = 0
02-13 01:18:52.422 10162 10269 D PipelineWatcher: onInputBufferReleased: frameIndex not found (73619); ignored
02-13 01:18:52.426  1451 10291 W qdgralloc: getInterlacedFlag: getMetaData returned 3, defaulting to interlaced_flag = 0
02-13 01:18:52.427  1451 10291 W qdgralloc: getInterlacedFlag: getMetaData returned 3, defaulting to interlaced_flag = 0
02-13 01:18:52.443 10162 10269 D PipelineWatcher: onInputBufferReleased: frameIndex not found (73620); ignored
02-13 01:18:52.447  1451 10291 W qdgralloc: getInterlacedFlag: getMetaData returned 3, defaulting to interlaced_flag = 0
02-13 01:18:52.448  1451 10291 W qdgralloc: getInterlacedFlag: getMetaData returned 3, defaulting to interlaced_flag = 0
02-13 01:18:52.450  1336  8837 I sensors-hal: handle_sns_client_event:49, ambient_light_event: ts=706692550434636, event=0.000000
02-13 01:18:52.471  2407  2861 D WifiConnectivityMonitor.NetworkStatsAnalyzer: Backhaul result - RSSI:-42, CE:6, PE:6, TI:11, PTI:11, TW:0, PTW:0, Tx:0, Rx:67, TxS:0, RxS:0, RESULT:true, IC:0, ICT:5, WC:0, WCT:5, R:0, RC:0, IE:0, EC:0
02-13 01:18:52.478 10162 10269 D PipelineWatcher: onInputBufferReleased: frameIndex not found (73621); ignored
02-13 01:18:52.482  1451 10291 W qdgralloc: getInterlacedFlag: getMetaData returned 3, defaulting to interlaced_flag = 0
02-13 01:18:52.482  1451 10291 W qdgralloc: getInterlacedFlag: getMetaData returned 3, defaulting to interlaced_flag = 0
02-13 01:18:52.497 10162 10269 D PipelineWatcher: onInputBufferReleased: frameIndex not found (73622); ignored
02-13 01:18:52.502  1451 10291 W qdgralloc: getInterlacedFlag: getMetaData returned 3, defaulting to interlaced_flag = 0
02-13 01:18:52.503  1451 10291 W qdgralloc: getInterlacedFlag: getMetaData returned 3, defaulting to interlaced_flag = 0
02-13 01:18:52.516 10162 10269 D PipelineWatcher: onInputBufferReleased: frameIndex not found (73623); ignored
02-13 01:18:52.521  1451 10291 W qdgralloc: getInterlacedFlag: getMetaData returned 3, defaulting to interlaced_flag = 0
02-13 01:18:52.521  1451 10291 W qdgralloc: getInterlacedFlag: getMetaData returned 3, defaulting to interlaced_flag = 0
02-13 01:18:52.542  1451 10291 W qdgralloc: getInterlacedFlag: getMetaData returned 3, defaulting to interlaced_flag = 0
02-13 01:18:52.543  1451 10291 W qdgralloc: getInterlacedFlag: getMetaData returned 3, defaulting to interlaced_flag = 0
02-13 01:18:52.550  1336  8837 I sensors-hal: handle_sns_client_event:49, ambient_light_event: ts=706692650451928, event=0.000000
02-13 01:18:52.574 10162 10269 D PipelineWatcher: onInputBufferReleased: frameIndex not found (73625); ignored
02-13 01:18:52.579  1451 10291 W qdgralloc: getInterlacedFlag: getMetaData returned 3, defaulting to interlaced_flag = 0
02-13 01:18:52.580  1451 10291 W qdgralloc: getInterlacedFlag: getMetaData returned 3, defaulting to interlaced_flag = 0
02-13 01:18:52.612 10162 10269 D PipelineWatcher: onInputBufferReleased: frameIndex not found (73626); ignored
02-13 01:18:52.617  1451 10291 W qdgralloc: getInterlacedFlag: getMetaData returned 3, defaulting to interlaced_flag = 0
02-13 01:18:52.617  1451 10291 W qdgralloc: getInterlacedFlag: getMetaData returned 3, defaulting to interlaced_flag = 0
02-13 01:18:52.628 10162 10269 D PipelineWatcher: onInputBufferReleased: frameIndex not found (73627); ignored
02-13 01:18:52.633  1451 10291 W qdgralloc: getInterlacedFlag: getMetaData returned 3, defaulting to interlaced_flag = 0
02-13 01:18:52.633  1451 10291 W qdgralloc: getInterlacedFlag: getMetaData returned 3, defaulting to interlaced_flag = 0
02-13 01:18:52.648 10162 10269 D PipelineWatcher: onInputBufferReleased: frameIndex not found (73628); ignored
02-13 01:18:52.650  1336  8837 I sensors-hal: handle_sns_client_event:49, ambient_light_event: ts=706692750438178, event=0.000000
02-13 01:18:52.652  1451 10291 W qdgralloc: getInterlacedFlag: getMetaData returned 3, defaulting to interlaced_flag = 0
02-13 01:18:52.653  1451 10291 W qdgralloc: getInterlacedFlag: getMetaData returned 3, defaulting to interlaced_flag = 0
02-13 01:18:52.666  1451 10291 D BufferPoolAccessor2.0: bufferpool2 0xb4000075f0397028 : 6(9600000 size) total buffers - 2(3200000 size) used buffers - 72234/73639 (recycle/alloc) - 0/0 (fetch/transfer)
02-13 01:18:52.670  1451 10291 W qdgralloc: getInterlacedFlag: getMetaData returned 3, defaulting to interlaced_flag = 0
02-13 01:18:52.671  1451 10291 W qdgralloc: getInterlacedFlag: getMetaData returned 3, defaulting to interlaced_flag = 0
02-13 01:18:52.675 21708 21708 I wpa_supplicant: Heartbeat 69622
02-13 01:18:52.686 10162 10269 D PipelineWatcher: onInputBufferReleased: frameIndex not found (73630); ignored
02-13 01:18:52.689  1451 10291 W qdgralloc: getInterlacedFlag: getMetaData returned 3, defaulting to interlaced_flag = 0
02-13 01:18:52.690  1451 10291 W qdgralloc: getInterlacedFlag: getMetaData returned 3, defaulting to interlaced_flag = 0
02-13 01:18:52.706 10162 10269 D PipelineWatcher: onInputBufferReleased: frameIndex not found (73631); ignored
02-13 01:18:52.710  1451 10291 W qdgralloc: getInterlacedFlag: getMetaData returned 3, defaulting to interlaced_flag = 0
02-13 01:18:52.710  1323  3855 I vendor.qti.bluetooth@1.0-ibs_handler: ProcessIbsCmd: Received IBS_WAKE_IND: 0xFD
02-13 01:18:52.710  1323  3855 D vendor.qti.bluetooth@1.0-ibs_handler: SerialClockVote: vote for UART CLK ON
02-13 01:18:52.711  1451 10291 W qdgralloc: getInterlacedFlag: getMetaData returned 3, defaulting to interlaced_flag = 0
02-13 01:18:52.711  1323  3855 D vendor.qti.bluetooth@1.0-wake_lock: Acquire wakelock is acquired 
02-13 01:18:52.711  1323  3855 I vendor.qti.bluetooth@1.0-ibs_handler: ProcessIbsCmd: Writing IBS_WAKE_ACK
02-13 01:18:52.726  3350  3876 I ScanController: onScanResult to scannerId: 6- eventType=0x1b, addressType=1, address=XX:XX:XX:XX:7A:55, primaryPhy=1, secondaryPhy=0, advertisingSid=0xff, txPower=127, rssi=-89, periodicAdvInt=0x0
02-13 01:18:52.743 10162 10269 D PipelineWatcher: onInputBufferReleased: frameIndex not found (73632); ignored
02-13 01:18:52.748  1451 10291 W qdgralloc: getInterlacedFlag: getMetaData returned 3, defaulting to interlaced_flag = 0
02-13 01:18:52.749  1451 10291 W qdgralloc: getInterlacedFlag: getMetaData returned 3, defaulting to interlaced_flag = 0
02-13 01:18:52.750  1336  8837 I sensors-hal: handle_sns_client_event:49, ambient_light_event: ts=706692850456042, event=0.000000
02-13 01:18:52.780 10162 10269 D PipelineWatcher: onInputBufferReleased: frameIndex not found (73634); ignored
02-13 01:18:52.784  1451 10291 W qdgralloc: getInterlacedFlag: getMetaData returned 3, defaulting to interlaced_flag = 0
02-13 01:18:52.785  1451 10291 W qdgralloc: getInterlacedFlag: getMetaData returned 3, defaulting to interlaced_flag = 0
02-13 01:18:52.800 10162 10269 D PipelineWatcher: onInputBufferReleased: frameIndex not found (73635); ignored
02-13 01:18:52.807  1451 10291 W qdgralloc: getInterlacedFlag: getMetaData returned 3, defaulting to interlaced_flag = 0
02-13 01:18:52.808  1451 10291 W qdgralloc: getInterlacedFlag: getMetaData returned 3, defaulting to interlaced_flag = 0
02-13 01:18:52.815  3350  3876 I ScanController: onScanResult to scannerId: 6- eventType=0x1b, addressType=1, address=XX:XX:XX:XX:A6:18, primaryPhy=1, secondaryPhy=0, advertisingSid=0xff, txPower=127, rssi=-77, periodicAdvInt=0x0
02-13 01:18:52.823 10162 10269 D PipelineWatcher: onInputBufferReleased: frameIndex not found (73636); ignored
02-13 01:18:52.827  1451 10291 W qdgralloc: getInterlacedFlag: getMetaData returned 3, defaulting to interlaced_flag = 0
02-13 01:18:52.828  1451 10291 W qdgralloc: getInterlacedFlag: getMetaData returned 3, defaulting to interlaced_flag = 0
02-13 01:18:52.850  1336  8837 I sensors-hal: handle_sns_client_event:49, ambient_light_event: ts=706692950441719, event=0.000000
02-13 01:18:52.860 10162 10269 D PipelineWatcher: onInputBufferReleased: frameIndex not found (73637); ignored
02-13 01:18:52.863  1451 10291 W qdgralloc: getInterlacedFlag: getMetaData returned 3, defaulting to interlaced_flag = 0
02-13 01:18:52.864  1451 10291 W qdgralloc: getInterlacedFlag: getMetaData returned 3, defaulting to interlaced_flag = 0
02-13 01:18:52.882  1451 10291 W qdgralloc: getInterlacedFlag: getMetaData returned 3, defaulting to interlaced_flag = 0
02-13 01:18:52.882  1451 10291 W qdgralloc: getInterlacedFlag: getMetaData returned 3, defaulting to interlaced_flag = 0
02-13 01:18:52.889  2407 21843 D SemWifiUsabilityStatsMonitor: onWifiUsabilityStats - seqNum 182382, isSameBssidAndFreq true
02-13 01:18:52.897 10162 10269 D PipelineWatcher: onInputBufferReleased: frameIndex not found (73639); ignored
02-13 01:18:52.900  1451 10291 W qdgralloc: getInterlacedFlag: getMetaData returned 3, defaulting to interlaced_flag = 0
02-13 01:18:52.901  1451 10291 W qdgralloc: getInterlacedFlag: getMetaData returned 3, defaulting to interlaced_flag = 0
02-13 01:18:52.916 10162 10269 D PipelineWatcher: onInputBufferReleased: frameIndex not found (73640); ignored
02-13 01:18:52.920  1451 10291 W qdgralloc: getInterlacedFlag: getMetaData returned 3, defaulting to interlaced_flag = 0
02-13 01:18:52.922  1451 10291 W qdgralloc: getInterlacedFlag: getMetaData returned 3, defaulting to interlaced_flag = 0
02-13 01:18:52.922  1323  3855 I vendor.qti.bluetooth@1.0-ibs_handler: ProcessIbsCmd: Received IBS_SLEEP_IND: 0xFE
02-13 01:18:52.922  1323  3855 D vendor.qti.bluetooth@1.0-ibs_handler: SerialClockVote: vote for UART CLK OFF
02-13 01:18:52.938 10162 10269 D PipelineWatcher: onInputBufferReleased: frameIndex not found (73641); ignored
02-13 01:18:52.942  1451 10291 W qdgralloc: getInterlacedFlag: getMetaData returned 3, defaulting to interlaced_flag = 0
02-13 01:18:52.943  1451 10291 W qdgralloc: getInterlacedFlag: getMetaData returned 3, defaulting to interlaced_flag = 0
02-13 01:18:52.950  1336  8837 I sensors-hal: handle_sns_client_event:49, ambient_light_event: ts=706693050458490, event=0.000000
02-13 01:18:52.975 10162 10269 D PipelineWatcher: onInputBufferReleased: frameIndex not found (73642); ignored
02-13 01:18:52.979  1451 10291 W qdgralloc: getInterlacedFlag: getMetaData returned 3, defaulting to interlaced_flag = 0
02-13 01:18:52.980  1451 10291 W qdgralloc: getInterlacedFlag: getMetaData returned 3, defaulting to interlaced_flag = 0
02-13 01:18:53.015  1451 10291 W qdgralloc: getInterlacedFlag: getMetaData returned 3, defaulting to interlaced_flag = 0
02-13 01:18:53.016  1451 10291 W qdgralloc: getInterlacedFlag: getMetaData returned 3, defaulting to interlaced_flag = 0
02-13 01:18:53.030 10162 10269 D PipelineWatcher: onInputBufferReleased: frameIndex not found (73643); ignored
02-13 01:18:53.035  1451 10291 W qdgralloc: getInterlacedFlag: getMetaData returned 3, defaulting to interlaced_flag = 0
02-13 01:18:53.036  1451 10291 W qdgralloc: getInterlacedFlag: getMetaData returned 3, defaulting to interlaced_flag = 0
02-13 01:18:53.050  1336  8837 I sensors-hal: handle_sns_client_event:49, ambient_light_event: ts=706693150443959, event=0.000000
02-13 01:18:53.054  1451 10291 W qdgralloc: getInterlacedFlag: getMetaData returned 3, defaulting to interlaced_flag = 0
02-13 01:18:53.055  1451 10291 W qdgralloc: getInterlacedFlag: getMetaData returned 3, defaulting to interlaced_flag = 0
02-13 01:18:53.073  1323  3698 D vendor.qti.bluetooth@1.0-wake_lock: Release wakelock is released 
02-13 01:18:53.078  1451 10291 W qdgralloc: getInterlacedFlag: getMetaData returned 3, defaulting to interlaced_flag = 0
02-13 01:18:53.078  1451 10291 W qdgralloc: getInterlacedFlag: getMetaData returned 3, defaulting to interlaced_flag = 0
02-13 01:18:53.111 10162 10269 D PipelineWatcher: onInputBufferReleased: frameIndex not found (73646); ignored
02-13 01:18:53.117  1451 10291 W qdgralloc: getInterlacedFlag: getMetaData returned 3, defaulting to interlaced_flag = 0
02-13 01:18:53.118  1451 10291 W qdgralloc: getInterlacedFlag: getMetaData returned 3, defaulting to interlaced_flag = 0
02-13 01:18:53.148 10162 10269 D PipelineWatcher: onInputBufferReleased: frameIndex not found (73647); ignored
02-13 01:18:53.150  1336  8837 I sensors-hal: handle_sns_client_event:49, ambient_light_event: ts=706693250430990, event=0.000000
02-13 01:18:53.154  1451 10291 W qdgralloc: getInterlacedFlag: getMetaData returned 3, defaulting to interlaced_flag = 0
02-13 01:18:53.155  1451 10291 W qdgralloc: getInterlacedFlag: getMetaData returned 3, defaulting to interlaced_flag = 0
02-13 01:18:53.171 10162 10269 D PipelineWatcher: onInputBufferReleased: frameIndex not found (73648); ignored
02-13 01:18:53.175  1451 10291 W qdgralloc: getInterlacedFlag: getMetaData returned 3, defaulting to interlaced_flag = 0
02-13 01:18:53.175  1451 10291 W qdgralloc: getInterlacedFlag: getMetaData returned 3, defaulting to interlaced_flag = 0
02-13 01:18:53.189 10162 10269 D PipelineWatcher: onInputBufferReleased: frameIndex not found (73649); ignored
02-13 01:18:53.193  1451 10291 W qdgralloc: getInterlacedFlag: getMetaData returned 3, defaulting to interlaced_flag = 0
02-13 01:18:53.194  1451 10291 W qdgralloc: getInterlacedFlag: getMetaData returned 3, defaulting to interlaced_flag = 0
02-13 01:18:53.214 10162 10269 D PipelineWatcher: onInputBufferReleased: frameIndex not found (73650); ignored
02-13 01:18:53.218  1451 10291 W qdgralloc: getInterlacedFlag: getMetaData returned 3, defaulting to interlaced_flag = 0
02-13 01:18:53.219  1451 10291 W qdgralloc: getInterlacedFlag: getMetaData returned 3, defaulting to interlaced_flag = 0
02-13 01:18:53.233 10162 10269 D PipelineWatcher: onInputBufferReleased: frameIndex not found (73651); ignored
02-13 01:18:53.236  1451 10291 W qdgralloc: getInterlacedFlag: getMetaData returned 3, defaulting to interlaced_flag = 0
02-13 01:18:53.236  1451 10291 W qdgralloc: getInterlacedFlag: getMetaData returned 3, defaulting to interlaced_flag = 0
02-13 01:18:53.251  1336  8837 I sensors-hal: handle_sns_client_event:49, ambient_light_event: ts=706693350447240, event=0.000000
02-13 01:18:53.252 10162 10269 D PipelineWatcher: onInputBufferReleased: frameIndex not found (73652); ignored
02-13 01:18:53.257  1451 10291 W qdgralloc: getInterlacedFlag: getMetaData returned 3, defaulting to interlaced_flag = 0
02-13 01:18:53.258  1451 10291 W qdgralloc: getInterlacedFlag: getMetaData returned 3, defaulting to interlaced_flag = 0
02-13 01:18:53.276  1451 10291 W qdgralloc: getInterlacedFlag: getMetaData returned 3, defaulting to interlaced_flag = 0
02-13 01:18:53.277  1451 10291 W qdgralloc: getInterlacedFlag: getMetaData returned 3, defaulting to interlaced_flag = 0
02-13 01:18:53.309 10162 10269 D PipelineWatcher: onInputBufferReleased: frameIndex not found (73654); ignored
02-13 01:18:53.314  1451 10291 W qdgralloc: getInterlacedFlag: getMetaData returned 3, defaulting to interlaced_flag = 0
02-13 01:18:53.315  1451 10291 W qdgralloc: getInterlacedFlag: getMetaData returned 3, defaulting to interlaced_flag = 0
02-13 01:18:53.344 10162 10269 D PipelineWatcher: onInputBufferReleased: frameIndex not found (73655); ignored
02-13 01:18:53.347  1451 10291 W qdgralloc: getInterlacedFlag: getMetaData returned 3, defaulting to interlaced_flag = 0
02-13 01:18:53.348  1451 10291 W qdgralloc: getInterlacedFlag: getMetaData returned 3, defaulting to interlaced_flag = 0
02-13 01:18:53.350  1336  8837 I sensors-hal: handle_sns_client_event:49, ambient_light_event: ts=706693450433751, event=0.000000
02-13 01:18:53.364 10162 10269 D PipelineWatcher: onInputBufferReleased: frameIndex not found (73656); ignored
02-13 01:18:53.368  1451 10291 W qdgralloc: getInterlacedFlag: getMetaData returned 3, defaulting to interlaced_flag = 0
02-13 01:18:53.369  1451 10291 W qdgralloc: getInterlacedFlag: getMetaData returned 3, defaulting to interlaced_flag = 0
02-13 01:18:53.403 10162 10269 D PipelineWatcher: onInputBufferReleased: frameIndex not found (73657); ignored
02-13 01:18:53.406  1451 10291 W qdgralloc: getInterlacedFlag: getMetaData returned 3, defaulting to interlaced_flag = 0
02-13 01:18:53.407  1451 10291 W qdgralloc: getInterlacedFlag: getMetaData returned 3, defaulting to interlaced_flag = 0
02-13 01:18:53.420 10162 10269 D PipelineWatcher: onInputBufferReleased: frameIndex not found (73658); ignored
02-13 01:18:53.424  1451 10291 W qdgralloc: getInterlacedFlag: getMetaData returned 3, defaulting to interlaced_flag = 0
02-13 01:18:53.425  1451 10291 W qdgralloc: getInterlacedFlag: getMetaData returned 3, defaulting to interlaced_flag = 0
02-13 01:18:53.440 10162 10269 D PipelineWatcher: onInputBufferReleased: frameIndex not found (73659); ignored
02-13 01:18:53.444  1451 10291 W qdgralloc: getInterlacedFlag: getMetaData returned 3, defaulting to interlaced_flag = 0
02-13 01:18:53.445  1451 10291 W qdgralloc: getInterlacedFlag: getMetaData returned 3, defaulting to interlaced_flag = 0
02-13 01:18:53.450  1336  8837 I sensors-hal: handle_sns_client_event:49, ambient_light_event: ts=706693550450261, event=0.000000
02-13 01:18:53.478 10162 10269 D PipelineWatcher: onInputBufferReleased: frameIndex not found (73660); ignored
02-13 01:18:53.482  1451 10291 W qdgralloc: getInterlacedFlag: getMetaData returned 3, defaulting to interlaced_flag = 0
02-13 01:18:53.483  1451 10291 W qdgralloc: getInterlacedFlag: getMetaData returned 3, defaulting to interlaced_flag = 0
02-13 01:18:53.513 10162 10269 D PipelineWatcher: onInputBufferReleased: frameIndex not found (73661); ignored
02-13 01:18:53.518  1451 10291 W qdgralloc: getInterlacedFlag: getMetaData returned 3, defaulting to interlaced_flag = 0
02-13 01:18:53.519  1451 10291 W qdgralloc: getInterlacedFlag: getMetaData returned 3, defaulting to interlaced_flag = 0
02-13 01:18:53.540 10162 10269 D PipelineWatcher: onInputBufferReleased: frameIndex not found (73662); ignored
02-13 01:18:53.545  1451 10291 W qdgralloc: getInterlacedFlag: getMetaData returned 3, defaulting to interlaced_flag = 0
02-13 01:18:53.546  1451 10291 W qdgralloc: getInterlacedFlag: getMetaData returned 3, defaulting to interlaced_flag = 0
02-13 01:18:53.550  1336  8837 I sensors-hal: handle_sns_client_event:49, ambient_light_event: ts=706693650437292, event=0.000000
02-13 01:18:53.566  1451 10291 W qdgralloc: getInterlacedFlag: getMetaData returned 3, defaulting to interlaced_flag = 0
02-13 01:18:53.567  1451 10291 W qdgralloc: getInterlacedFlag: getMetaData returned 3, defaulting to interlaced_flag = 0
02-13 01:18:53.585 10162 10269 D PipelineWatcher: onInputBufferReleased: frameIndex not found (73665); ignored
02-13 01:18:53.590  1451 10291 W qdgralloc: getInterlacedFlag: getMetaData returned 3, defaulting to interlaced_flag = 0
02-13 01:18:53.590  1451 10291 W qdgralloc: getInterlacedFlag: getMetaData returned 3, defaulting to interlaced_flag = 0
02-13 01:18:53.604 10162 10269 D PipelineWatcher: onInputBufferReleased: frameIndex not found (73666); ignored
02-13 01:18:53.608  1451 10291 W qdgralloc: getInterlacedFlag: getMetaData returned 3, defaulting to interlaced_flag = 0
02-13 01:18:53.608  1451 10291 W qdgralloc: getInterlacedFlag: getMetaData returned 3, defaulting to interlaced_flag = 0
02-13 01:18:53.623 10162 10269 D PipelineWatcher: onInputBufferReleased: frameIndex not found (73667); ignored
02-13 01:18:53.628  1451 10291 W qdgralloc: getInterlacedFlag: getMetaData returned 3, defaulting to interlaced_flag = 0
02-13 01:18:53.629  1451 10291 W qdgralloc: getInterlacedFlag: getMetaData returned 3, defaulting to interlaced_flag = 0
02-13 01:18:53.647  1451 10291 W qdgralloc: getInterlacedFlag: getMetaData returned 3, defaulting to interlaced_flag = 0
02-13 01:18:53.648  1451 10291 W qdgralloc: getInterlacedFlag: getMetaData returned 3, defaulting to interlaced_flag = 0
02-13 01:18:53.650  1336  8837 I sensors-hal: handle_sns_client_event:49, ambient_light_event: ts=706693750453022, event=0.000000
02-13 01:18:53.670 10162 10269 D PipelineWatcher: onInputBufferReleased: frameIndex not found (73669); ignored
02-13 01:18:53.676  1451 10291 W qdgralloc: getInterlacedFlag: getMetaData returned 3, defaulting to interlaced_flag = 0
02-13 01:18:53.677  1451 10291 W qdgralloc: getInterlacedFlag: getMetaData returned 3, defaulting to interlaced_flag = 0
02-13 01:18:53.708  1451 10291 W qdgralloc: getInterlacedFlag: getMetaData returned 3, defaulting to interlaced_flag = 0
02-13 01:18:53.709  1451 10291 W qdgralloc: getInterlacedFlag: getMetaData returned 3, defaulting to interlaced_flag = 0
02-13 01:18:53.742 10162 10269 D PipelineWatcher: onInputBufferReleased: frameIndex not found (73670); ignored
02-13 01:18:53.748  1451 10291 W qdgralloc: getInterlacedFlag: getMetaData returned 3, defaulting to interlaced_flag = 0
02-13 01:18:53.749  1451 10291 W qdgralloc: getInterlacedFlag: getMetaData returned 3, defaulting to interlaced_flag = 0
02-13 01:18:53.750  1336  8837 I sensors-hal: handle_sns_client_event:49, ambient_light_event: ts=706693850439792, event=0.000000
02-13 01:18:53.782  1451 10291 W qdgralloc: getInterlacedFlag: getMetaData returned 3, defaulting to interlaced_flag = 0
02-13 01:18:53.783  1451 10291 W qdgralloc: getInterlacedFlag: getMetaData returned 3, defaulting to interlaced_flag = 0
02-13 01:18:53.798 10162 10269 D PipelineWatcher: onInputBufferReleased: frameIndex not found (73672); ignored
02-13 01:18:53.802  1451 10291 W qdgralloc: getInterlacedFlag: getMetaData returned 3, defaulting to interlaced_flag = 0
02-13 01:18:53.802  1451 10291 W qdgralloc: getInterlacedFlag: getMetaData returned 3, defaulting to interlaced_flag = 0
02-13 01:18:53.806  2964  2964 D AiAgentEffect: onPrivacyItemsChanged privacyItems.size = 0
02-13 01:18:53.806  2964  2964 D AiAgentEffect: onPrivacyItemsChanged privacyItems isEmpty or found item is null
02-13 01:18:53.812 23245 23443 I HoneySpace.StatusIconTracker: invokeEvent() called with: event = PrivacyInfo(visible=false)
02-13 01:18:53.818 10162 10269 D PipelineWatcher: onInputBufferReleased: frameIndex not found (73674); ignored
02-13 01:18:53.823  1451 10291 W qdgralloc: getInterlacedFlag: getMetaData returned 3, defaulting to interlaced_flag = 0
02-13 01:18:53.823  2964  2964 W View    : requestLayout() improperly called by com.android.systemui.qs.SecQSGradationDrawableView{64a2348 V.E...... ......ID 0,0-1200,177 #7f0a0a16 app:id/qs_gradation_view} during layout: running second layout pass
02-13 01:18:53.824  2964  2964 W View    : requestLayout() improperly called by android.widget.FrameLayout{60125e1 V.E...... ......ID 0,0-1200,1920 #3} during layout: running second layout pass
02-13 01:18:53.824  2964  2964 W View    : requestLayout() improperly called by android.widget.FrameLayout{50ddf06 V.E...... ......ID 233,45-968,1848 #7f0a0a14 app:id/qs_frame} during layout: running second layout pass
02-13 01:18:53.824  1451 10291 W qdgralloc: getInterlacedFlag: getMetaData returned 3, defaulting to interlaced_flag = 0
02-13 01:18:53.826  2964  2964 W RefactorFlag: New code path expects SceneContainerFlag to be enabled.
02-13 01:18:53.826  2964  2964 W RefactorFlag: New code path expects SceneContainerFlag to be enabled.
02-13 01:18:53.826  2964  2964 W RefactorFlag: New code path expects SceneContainerFlag to be enabled.
02-13 01:18:53.840  2964  2964 I FaceWidgetViewModel: onNioLayoutUpdated : left 31, right 31, total 45, top 9, bottom 0, containerStartX 227, containerEndX 1005, iconSize 23, iconScaleRate 1.0
02-13 01:18:53.841  2964  2964 I FaceWidgetKeyguardNIOController: isNioContainerSizeValid availableWidth 778 currentWidth 70 isAvailableWidth true
02-13 01:18:53.841  2964  2964 D IndicatorBasicGardener: PhoneStatusBarViewController update is done totalHeight=45  hasCameraTopMargin=true  cameraTopMargin=9  hasCameraBottomMargin=false  cameraBottomMargin=0  paddingLeft=31  paddingRight=31  maxWidthLeftContainer=1005  maxWidthCenterContainer=379  maxWidthRightContainer=953 cutout=null
02-13 01:18:53.850  1336  8837 I sensors-hal: handle_sns_client_event:49, ambient_light_event: ts=706693950456303, event=0.000000
02-13 01:18:53.852 10162 10269 D PipelineWatcher: onInputBufferReleased: frameIndex not found (73676); ignored
02-13 01:18:53.856  1451 10291 W qdgralloc: getInterlacedFlag: getMetaData returned 3, defaulting to interlaced_flag = 0
02-13 01:18:53.857  1451 10291 W qdgralloc: getInterlacedFlag: getMetaData returned 3, defaulting to interlaced_flag = 0
02-13 01:18:53.858  2964  2964 D {OngoingChipAdapter}: updateEnableMaxWidth : 795 -:> 820
02-13 01:18:53.877  1451 10291 W qdgralloc: getInterlacedFlag: getMetaData returned 3, defaulting to interlaced_flag = 0
02-13 01:18:53.878  1451 10291 W qdgralloc: getInterlacedFlag: getMetaData returned 3, defaulting to interlaced_flag = 0
02-13 01:18:53.910 10162 10269 D PipelineWatcher: onInputBufferReleased: frameIndex not found (73677); ignored
02-13 01:18:53.916  1451 10291 W qdgralloc: getInterlacedFlag: getMetaData returned 3, defaulting to interlaced_flag = 0
02-13 01:18:53.917  1451 10291 W qdgralloc: getInterlacedFlag: getMetaData returned 3, defaulting to interlaced_flag = 0
02-13 01:18:53.947 10162 10269 D PipelineWatcher: onInputBufferReleased: frameIndex not found (73678); ignored
02-13 01:18:53.950  1336  8837 I sensors-hal: handle_sns_client_event:49, ambient_light_event: ts=706694050443074, event=0.000000
02-13 01:18:53.952  1451 10291 W qdgralloc: getInterlacedFlag: getMetaData returned 3, defaulting to interlaced_flag = 0
02-13 01:18:53.954  1451 10291 W qdgralloc: getInterlacedFlag: getMetaData returned 3, defaulting to interlaced_flag = 0
02-13 01:18:53.972 10162 10269 D PipelineWatcher: onInputBufferReleased: frameIndex not found (73679); ignored
02-13 01:18:53.975  1451 10291 W qdgralloc: getInterlacedFlag: getMetaData returned 3, defaulting to interlaced_flag = 0
02-13 01:18:53.976  1451 10291 W qdgralloc: getInterlacedFlag: getMetaData returned 3, defaulting to interlaced_flag = 0
02-13 01:18:54.015  1451 10291 W qdgralloc: getInterlacedFlag: getMetaData returned 3, defaulting to interlaced_flag = 0
02-13 01:18:54.016  1451 10291 W qdgralloc: getInterlacedFlag: getMetaData returned 3, defaulting to interlaced_flag = 0
02-13 01:18:54.046 10162 10269 D PipelineWatcher: onInputBufferReleased: frameIndex not found (73680); ignored
02-13 01:18:54.050  1336  8837 I sensors-hal: handle_sns_client_event:49, ambient_light_event: ts=706694150428542, event=0.000000
02-13 01:18:54.050  1451 10291 W qdgralloc: getInterlacedFlag: getMetaData returned 3, defaulting to interlaced_flag = 0
02-13 01:18:54.051  1451 10291 W qdgralloc: getInterlacedFlag: getMetaData returned 3, defaulting to interlaced_flag = 0
02-13 01:18:54.066 10162 10269 D PipelineWatcher: onInputBufferReleased: frameIndex not found (73681); ignored
02-13 01:18:54.070  1451 10291 W qdgralloc: getInterlacedFlag: getMetaData returned 3, defaulting to interlaced_flag = 0
02-13 01:18:54.070  1451 10291 W qdgralloc: getInterlacedFlag: getMetaData returned 3, defaulting to interlaced_flag = 0
02-13 01:18:54.084 10162 10269 D PipelineWatcher: onInputBufferReleased: frameIndex not found (73682); ignored
02-13 01:18:54.088  1451 10291 W qdgralloc: getInterlacedFlag: getMetaData returned 3, defaulting to interlaced_flag = 0
02-13 01:18:54.089  1451 10291 W qdgralloc: getInterlacedFlag: getMetaData returned 3, defaulting to interlaced_flag = 0
02-13 01:18:54.103 10162 10269 D PipelineWatcher: onInputBufferReleased: frameIndex not found (73683); ignored
02-13 01:18:54.109  1451 10291 W qdgralloc: getInterlacedFlag: getMetaData returned 3, defaulting to interlaced_flag = 0
02-13 01:18:54.110  1451 10291 W qdgralloc: getInterlacedFlag: getMetaData returned 3, defaulting to interlaced_flag = 0
02-13 01:18:54.123 10162 10269 D PipelineWatcher: onInputBufferReleased: frameIndex not found (73684); ignored
02-13 01:18:54.126  1451 10291 W qdgralloc: getInterlacedFlag: getMetaData returned 3, defaulting to interlaced_flag = 0
02-13 01:18:54.127  1451 10291 W qdgralloc: getInterlacedFlag: getMetaData returned 3, defaulting to interlaced_flag = 0
02-13 01:18:54.151  1336  8837 I sensors-hal: handle_sns_client_event:49, ambient_light_event: ts=706694250445313, event=0.000000
02-13 01:18:54.160 10162 10269 D PipelineWatcher: onInputBufferReleased: frameIndex not found (73685); ignored
02-13 01:18:54.165  1451 10291 W qdgralloc: getInterlacedFlag: getMetaData returned 3, defaulting to interlaced_flag = 0
02-13 01:18:54.166  1451 10291 W qdgralloc: getInterlacedFlag: getMetaData returned 3, defaulting to interlaced_flag = 0
02-13 01:18:54.195 10162 10269 D PipelineWatcher: onInputBufferReleased: frameIndex not found (73686); ignored
02-13 01:18:54.198  1451 10291 W qdgralloc: getInterlacedFlag: getMetaData returned 3, defaulting to interlaced_flag = 0
02-13 01:18:54.199  1451 10291 W qdgralloc: getInterlacedFlag: getMetaData returned 3, defaulting to interlaced_flag = 0
02-13 01:18:54.215 10162 10269 D PipelineWatcher: onInputBufferReleased: frameIndex not found (73687); ignored
02-13 01:18:54.219  1451 10291 W qdgralloc: getInterlacedFlag: getMetaData returned 3, defaulting to interlaced_flag = 0
02-13 01:18:54.220  1451 10291 W qdgralloc: getInterlacedFlag: getMetaData returned 3, defaulting to interlaced_flag = 0
02-13 01:18:54.236 10162 10269 D PipelineWatcher: onInputBufferReleased: frameIndex not found (73688); ignored
02-13 01:18:54.239  1451 10291 W qdgralloc: getInterlacedFlag: getMetaData returned 3, defaulting to interlaced_flag = 0
02-13 01:18:54.240  1451 10291 W qdgralloc: getInterlacedFlag: getMetaData returned 3, defaulting to interlaced_flag = 0
02-13 01:18:54.250  1336  8837 I sensors-hal: handle_sns_client_event:49, ambient_light_event: ts=706694350431563, event=0.000000
02-13 01:18:54.255 10162 10269 D PipelineWatcher: onInputBufferReleased: frameIndex not found (73689); ignored
02-13 01:18:54.259  1451 10291 W qdgralloc: getInterlacedFlag: getMetaData returned 3, defaulting to interlaced_flag = 0
02-13 01:18:54.259  1451 10291 W qdgralloc: getInterlacedFlag: getMetaData returned 3, defaulting to interlaced_flag = 0
02-13 01:18:54.269  4713 28084 I NearbyMediums: Found Fast Ble Advertisements :
02-13 01:18:54.269  4713 28084 I NearbyMediums: BleAdvertisement { version=2, socketVersion=2, isFast=true, serviceIdHash=null, data=[ 0x23 0x33 0x4c 0x54 0x56 0x11 0x32 0x18 0x9d 0x99 0x16 0x5f 0xf8 0x78 0x9c 0x3a 0x89 0x60 0x46 0xc4 0x85 0xc0 0x3a ], deviceToken=[ 0xd6 0x95 ], rxAdvertisement=null } : 1 times.
02-13 01:18:54.269  4713 28084 I NearbyMediums: Total 1 fast advertisements from 1 unique advertisers.
02-13 01:18:54.270  4713 28084 I NearbyMediums: Current Tracked Scanning Clients are : {NearbyConnections.EnvironmentMonitor, NearbySharing, NearbyConnections.TxAdvertisement}
