02-13 01:20:08.715  1344  1450 E HYPER-HAL: [HandlerSysfs.cpp]doResourceHandling(): Couldn't Open Sysfs - /sys/class/devfreq/soc:qcom,cpu6-cpu-ddr-latfloor/min_freq
02-13 01:20:08.723  2407  2763 W ActivityTaskManager: callingPackage for (uid=2000, pid=28566) has no WPC
02-13 01:20:08.725  2407  2763 D ActivityTaskManager: DesktopModeLaunchParamsModifier: task=null activity=null task null, skipping
02-13 01:20:08.726  2407  2763 D ActivityTaskManager: TaskLaunchParamsModifier:task=null activity=null display-area-from-current-params=null display-area-from-default-fallback=DefaultTaskDisplayArea_d0@161807186 display-id=0 task-display-area-windowing-mode=1 suggested-display-area=DefaultTaskDisplayArea_d0@161807186
02-13 01:20:08.732  2407  2763 W OptProp : Cannot read opt property android.window.PROPERTY_COMPAT_ALLOW_USER_ASPECT_RATIO_OVERRIDE
02-13 01:20:08.732  2407  2763 W OptProp : Cannot read opt property android.window.PROPERTY_COMPAT_ALLOW_USER_ASPECT_RATIO_FULLSCREEN_OVERRIDE
02-13 01:20:08.735  2407  2763 D WindowManager: Transition is created, t=TransitionRecord{e4c024e id=-1 type=OPEN flags=0x0}, caller=com.android.server.wm.Transition.<init>:182 com.android.server.wm.TransitionController.createAndStartCollecting:106 com.android.server.wm.ActivityStarter.executeRequest:3606 com.android.server.wm.ActivityStarter.execute:1752 com.android.server.wm.ActivityTaskManagerService.startActivityAsUser:95 
02-13 01:20:08.735  2407  2763 D BLASTSyncEngine: SyncGroup is created, id=2783, name=Transition-OPEN, caller=com.android.server.wm.BLASTSyncEngine$SyncGroup.<init>:52 com.android.server.wm.TransitionController.moveToCollecting:79 com.android.server.wm.TransitionController.createAndStartCollecting:109 com.android.server.wm.ActivityStarter.executeRequest:3606 com.android.server.wm.ActivityStarter.execute:1752 com.android.server.wm.ActivityTaskManagerService.startActivityAsUser:95 com.android.server.am.ActivityManagerService.startActivityAsUserWithFeature:27 
02-13 01:20:08.736  2407  2763 W BLASTSyncEngine: setSyncMethod, id=2783, method=0, caller=com.android.server.wm.TransitionController.moveToCollecting:91 com.android.server.wm.TransitionController.createAndStartCollecting:109 com.android.server.wm.ActivityStarter.executeRequest:3606 
02-13 01:20:08.737  2407  2763 V WindowManager: Start collecting in Transition: TransitionRecord{e4c024e id=2783 type=OPEN flags=0x0}, caller=com.android.server.wm.TransitionController.createAndStartCollecting:109 com.android.server.wm.ActivityStarter.executeRequest:3606 com.android.server.wm.ActivityStarter.execute:1752 com.android.server.wm.ActivityTaskManagerService.startActivityAsUser:95 com.android.server.am.ActivityManagerService.startActivityAsUserWithFeature:27 
02-13 01:20:08.738  2407  2763 V WindowManager: Collecting in transition 2783: ActivityRecord{90500975 u0 com.tororide.driver/.MainActivity, caller=com.android.server.wm.TransitionController.collect:7 com.android.server.wm.ActivityStarter.startActivityUnchecked:98 com.android.server.wm.ActivityStarter.executeRequest:3651 com.android.server.wm.ActivityStarter.execute:1752 com.android.server.wm.ActivityTaskManagerService.startActivityAsUser:95 
02-13 01:20:08.739  2407  2763 D ActivityTaskManager: DesktopModeLaunchParamsModifier: task=null activity=ActivityRecord{90500975 u0 com.tororide.driver/.MainActivity t-1} task null, skipping
02-13 01:20:08.739  2407  2763 D ActivityTaskManager: TaskLaunchParamsModifier:task=null activity=ActivityRecord{90500975 u0 com.tororide.driver/.MainActivity t-1} display-area-from-current-params=null display-area-from-default-fallback=DefaultTaskDisplayArea_d0@161807186 display-id=0 task-display-area-windowing-mode=1 suggested-display-area=DefaultTaskDisplayArea_d0@161807186
02-13 01:20:08.746  2407  2763 D ActivityTaskManager: DesktopModeLaunchParamsModifier: task=null activity=ActivityRecord{90500975 u0 com.tororide.driver/.MainActivity t-1} task null, skipping
02-13 01:20:08.749  2407  2763 D ActivityTaskManager: adjustPersistFreeformBounds: alignedDisplay=Rect(0, 0 - 1200, 1920) persistDisplay=Rect(0, 0 - 1200, 1920) rot:0->0
02-13 01:20:08.750  2407  2763 D ActivityTaskManager: TaskLaunchParamsModifier:task=null activity=ActivityRecord{90500975 u0 com.tororide.driver/.MainActivity t-1} display-area-from-current-params=null display-area-from-default-fallback=DefaultTaskDisplayArea_d0@161807186 display-id=0 task-display-area-windowing-mode=1 suggested-display-area=DefaultTaskDisplayArea_d0@161807186 freeform-persist-bounds=Rect(312, 514 - 888, 1378) non-freeform-task-display-area display-area=DefaultTaskDisplayArea_d0@161807186
02-13 01:20:08.750  1336  8837 I sensors-hal: handle_sns_client_event:49, ambient_light_event: ts=706768850443236, event=0.000000
02-13 01:20:08.752  2407  3581 I SemDvfsHyPerManager: acquire hyper - AMS_APP_SWITCH/2407@26, type = -999
02-13 01:20:08.753  1344  1450 I HYPER-HAL: [RequestManager.cpp]acquire(): Acquired ID : 2960987  [2407 / 26]    HINT : AMS_APP_SWITCH    list : 
02-13 01:20:08.753  2407  3581 D ActivityManagerPerformance: AMP_acquire() APP_SWITCH
02-13 01:20:08.757  1344  1450 E HYPER-HAL: [HandlerSysfs.cpp]doResourceHandling(): Couldn't Open Sysfs - /sys/class/devfreq/soc:qcom,cpu6-cpu-ddr-latfloor/min_freq
02-13 01:20:08.762  1513  1748 D DisplayModeController: setDesiredMode 4630946835308409729 {mode={fps=90.00 Hz, modePtr={id=0, vsyncRate=90.00 Hz, peakRefreshRate=90.00 Hz}}, emitEvent=true, force=false}
02-13 01:20:08.763  2407  4013 D FreecessController: restrictJobsByOlaf: restrict=true, uid=10388
02-13 01:20:08.768  2407  2407 D OlafRestriction:  olaf state update: state=true
02-13 01:20:08.768  2407  2407 D OlafRestriction:  sending trigger onRestrictionStateChanged msg.
02-13 01:20:08.770  2407  2763 W OptProp : Cannot read opt property android.window.PROPERTY_COMPAT_ALLOW_RESIZEABLE_ACTIVITY_OVERRIDES
02-13 01:20:08.771  2407  2763 D ActivityTaskManager: DesktopModeLaunchParamsModifier: task=Task{bc7f47c #1217 type=standard I=com.tororide.driver/.MainActivity} activity=ActivityRecord{90500975 u0 com.tororide.driver/.MainActivity t-1} non-desktop, skipping
02-13 01:20:08.772  2407  2763 D RotationUtils: adjustBoundsForScreenRatio: Since the screen ratio has not changed, there is no need to calculate new bounds.
02-13 01:20:08.773  2407  2763 D ActivityTaskManager: TaskLaunchParamsModifier:task=Task{bc7f47c #1217 type=standard I=com.tororide.driver/.MainActivity} activity=ActivityRecord{90500975 u0 com.tororide.driver/.MainActivity t-1} display-from-focus=0 display-id=0 task-display-area-windowing-mode=1 suggested-display-area=DefaultTaskDisplayArea_d0@161807186 inherit-from-task=fullscreen freeform-persist-bounds=Rect(312, 514 - 888, 1378) non-freeform-task-display-area display-area=DefaultTaskDisplayArea_d0@161807186
02-13 01:20:08.773  2407  2616 W JobScheduler.JobStatus: Exempted app com.metropcs.metrozone considered buggy
02-13 01:20:08.774  2407  3581 W libprocessgroup: Failed to find DoSomethingOlaf task profile
02-13 01:20:08.775  2407  2763 V WindowManager: Collecting in transition 2783: Task{bc7f47c #1217 type=standard I=com.tororide.driver/.MainActivity}, caller=com.android.server.wm.Transition.collectExistenceChange:40 com.android.server.wm.ActivityStarter.setNewTask:43 com.android.server.wm.ActivityStarter.startActivityInner:289 com.android.server.wm.ActivityStarter.startActivityUnchecked:111 com.android.server.wm.ActivityStarter.executeRequest:3651 
02-13 01:20:08.776  2407  2763 W OptProp : Cannot read opt property android.window.PROPERTY_COMPAT_ALLOW_MIN_ASPECT_RATIO_OVERRIDE
02-13 01:20:08.777  2407  2616 W JobScheduler.JobStatus: Exempted app com.metropcs.metrozone considered buggy
02-13 01:20:08.777  2407  2616 W JobScheduler.JobStatus: Exempted app com.metropcs.metrozone considered buggy
02-13 01:20:08.778  2407  2616 W JobScheduler.JobStatus: Exempted app com.metropcs.metrozone considered buggy
02-13 01:20:08.778  2407  2616 W JobScheduler.JobStatus: Exempted app com.metropcs.metrozone considered buggy
02-13 01:20:08.778  2407  2616 W JobScheduler.JobStatus: Exempted app com.metropcs.metrozone considered buggy
02-13 01:20:08.778  2407  2616 W JobScheduler.JobStatus: Exempted app com.metropcs.metrozone considered buggy
02-13 01:20:08.778  2407  2616 W JobScheduler.JobStatus: Exempted app com.metropcs.metrozone considered buggy
02-13 01:20:08.778  2407  2616 W JobScheduler.JobStatus: Exempted app com.metropcs.metrozone considered buggy
02-13 01:20:08.778  2407  2616 W JobScheduler.JobStatus: Exempted app com.metropcs.metrozone considered buggy
02-13 01:20:08.778  2407  2616 W JobScheduler.JobStatus: Exempted app com.metropcs.metrozone considered buggy
02-13 01:20:08.778  2407  2616 W JobScheduler.JobStatus: Exempted app com.metropcs.metrozone considered buggy
02-13 01:20:08.778  2407  2616 W JobScheduler.JobStatus: Exempted app com.metropcs.metrozone considered buggy
02-13 01:20:08.779  2407  2616 W JobScheduler.JobStatus: Exempted app com.metropcs.metrozone considered buggy
02-13 01:20:08.779  2407  2616 W JobScheduler.JobStatus: Exempted app com.metropcs.metrozone considered buggy
02-13 01:20:08.779  2407  2616 W JobScheduler.JobStatus: Exempted app com.metropcs.metrozone considered buggy
02-13 01:20:08.779  2407  2616 W JobScheduler.JobStatus: Exempted app com.metropcs.metrozone considered buggy
02-13 01:20:08.779  2407  2616 W JobScheduler.JobStatus: Exempted app com.metropcs.metrozone considered buggy
02-13 01:20:08.779  2407  2616 W JobScheduler.JobStatus: Exempted app com.metropcs.metrozone considered buggy
02-13 01:20:08.789  2407  2763 D ActivityTaskManager: scheduleTopResumedActivityChanged, onTop=false, r=ActivityRecord{260441 u0 com.sec.android.app.launcher/.activities.LauncherActivity t660}, caller=com.android.server.wm.ActivityTaskSupervisor.scheduleTopResumedActivityStateLossIfNeeded:19 com.android.server.wm.ActivityTaskSupervisor.updateTopResumedActivityIfNeeded:20 com.android.server.wm.TaskDisplayArea.positionChildAt:252 com.android.server.wm.Task.moveToFront:257 com.android.server.wm.ActivityStarter.startActivityInner:306 com.android.server.wm.ActivityStarter.startActivityUnchecked:111 
02-13 01:20:08.793  2407  2763 V WindowManager: Checking theme of starting window: 0x7f13012b
02-13 01:20:08.793  2407  2763 V WindowManager: Translucent=false Floating=false ShowWallpaper=false Disable=false
02-13 01:20:08.793  2407  2763 D ActivityTaskManager: addStartingWindow: type=2 typeParameter=8b
02-13 01:20:08.793  2407  2763 V WindowManager: Creating SplashScreenStartingData
02-13 01:20:08.796  2407  2763 V WindowManager: Add starting ActivityRecord{90500975 u0 com.tororide.driver/.MainActivity t1217}: startingData=SplashScreenStartingData{f0eb881 removeAfterTransaction= 0}
02-13 01:20:08.806  2407  2763 V WindowManager: Added starting ActivityRecord{90500975 u0 com.tororide.driver/.MainActivity t1217}: startingWindow=null startingView=com.android.server.wm.StartingSurfaceController$StartingSurface@a420d26
02-13 01:20:08.809  2407  2763 D DeviceReportingSecurityChecker: getStatus
02-13 01:20:08.809  2407  2763 D DeviceReportingSecurityChecker: mIsICDStatus is true
02-13 01:20:08.809  2407  2763 D DeviceReportingSecurityChecker: mIsSim is true
02-13 01:20:08.809  2407  2763 D DeviceReportingSecurityChecker: mIsEchoAppSignature is true
02-13 01:20:08.809  2407  2763 D DeviceReportingSecurityChecker: security check passed
02-13 01:20:08.810  2407  2763 D DeviceReportingSecurityChecker: mIsICDStatus === true mIsSim == true mIsMyAccountSignature== false mIsEchoAppSignature== true mIsSprintHubSignature== false
02-13 01:20:08.811  2407  2763 V WindowManager: Collecting in transition 2783: ActivityRecord{90500975 u0 com.tororide.driver/.MainActivity t1217}, caller=com.android.server.wm.Transition.collectExistenceChange:40 com.android.server.wm.ActivityStarter.handleStartResult:761 com.android.server.wm.ActivityStarter.startActivityUnchecked:124 com.android.server.wm.ActivityStarter.executeRequest:3651 com.android.server.wm.ActivityStarter.execute:1752 
02-13 01:20:08.812  2407  2763 V WindowManager: Requesting StartTransition: TransitionRecord{e4c024e id=2783 type=OPEN flags=0x0 c=[
02-13 01:20:08.812  2407  2763 V WindowManager:    ChangeInfo{2e85714 container=ActivityRecord{90500975 u0 com.tororide.driver/.MainActivity t1217} flags=0x0}
02-13 01:20:08.812  2407  2763 V WindowManager:    ChangeInfo{4ed5bbd container=Display{#0 state=ON size=1200x1920 ROTATION_0} flags=0x0}
02-13 01:20:08.812  2407  2763 V WindowManager:    ChangeInfo{c31d5b2 container=DefaultTaskDisplayArea_d0@161807186 flags=0x0}
02-13 01:20:08.812  2407  2763 V WindowManager:    ChangeInfo{a006903 container=Task{bc7f47c #1217 type=standard I=com.tororide.driver/.MainActivity} flags=0x0}
02-13 01:20:08.812  2407  2763 V WindowManager: ]
02-13 01:20:08.812  2407  2763 V WindowManager: }, caller=com.android.server.wm.ActivityStarter.handleStartResult:982 com.android.server.wm.ActivityStarter.startActivityUnchecked:124 com.android.server.wm.ActivityStarter.executeRequest:3651 com.android.server.wm.ActivityStarter.execute:1752 com.android.server.wm.ActivityTaskManagerService.startActivityAsUser:95 
02-13 01:20:08.814  2407  2763 I Pageboost: stop alp
02-13 01:20:08.814  2407  2763 I ActivityTaskManager: START u0 {flg=0x10000000 xflg=0x5 cmp=com.tororide.driver/.MainActivity} with LAUNCH_SINGLE_TOP from uid 2000 (BAL_ALLOW_PERMISSION) result code=0
02-13 01:20:08.814  2407  2763 I SemDvfsHyPerManager: acquire hyper - AMS_APP_LAUNCH/2407@23, type = -999
02-13 01:20:08.815  1344  1450 I HYPER-HAL: [RequestManager.cpp]acquire(): Acquired ID : 2953688  [2407 / 23]    HINT : AMS_APP_LAUNCH    list : 
02-13 01:20:08.815  2964  3030 V WindowManagerShell: Transition requested (#2783): android.os.BinderProxy@2559a TransitionRequestInfo { type = OPEN, triggerTask = TaskInfo{userId=0 taskId=1217 effectiveUid=10388 displayId=0 isRunning=true baseIntent=Intent { flg=0x10000000 cmp=com.tororide.driver/.MainActivity } baseActivity=ComponentInfo{com.tororide.driver/com.tororide.driver.MainActivity} topActivity=ComponentInfo{com.tororide.driver/com.tororide.driver.MainActivity} origActivity=null realActivity=ComponentInfo{com.tororide.driver/com.tororide.driver.MainActivity} numActivities=1 lastActiveTime=706768914 supportsMultiWindow=true resizeMode=1 isResizeable=true minWidth=-1 minHeight=-1 maxWidth=-1 maxHeight=-1 defaultMinSize=220 desktopDefaultMinSize=304 token=WCT{android.window.IWindowContainerToken$Stub$Proxy@62f8ecb} topActivityType=1 pictureInPictureParams=null shouldDockBigOverlays=false launchIntoPipHostTaskId=-1 lastParentTaskIdBeforePip=-1 displayCutoutSafeInsets=Rect(0, 0 - 0, 0) topActivityInfo=ActivityInfo{bc3d6a8 com.tororide.driver.MainActivity} launchCookies=[] positionInParent=Point(0, 0) parentTaskId=-1 isFocused=false isVisible=false isVisibleRequested=false isTopActivityNoDisplay=false isSleeping=false locusId=null displayAreaFeatureId=1 isTopActivityTransparent=false isActivityStackTransparent=false lastNonFullscreenBounds=Rect(312, 514 - 888, 1378) capturedLink=null capturedLinkTimestamp=0 requestedVisibleTypes=-9 topActivityRequestOpenInBrowserEducationTimestamp=0 appCompatTaskInfo=AppCompatTaskInfo { topActivityInSizeCompat=false eligibleForLetterboxEducation= false isLetterboxEducationEnabled= false isLetterboxDoubleTapEnabled= false eligibleForUserAspectRatioButton= true topActivityBoundsLetterboxed= false isFromLetterboxDoubleTap= false topActivityLetterboxVerticalPosition= -1 topActivityLetterboxHorizontalPosition= -1 topActivityLetterboxWidth=-1 topActivityLetterboxHeight=-1 topActivityAppBounds=Rect(0, 0 - 1200, 1920) isUserFullscreenOverrideEnabled=true isSystemFullscreenOverrideEnabled=false hasMinAspectRatioOverride=false topActivityLetterboxBounds=null cameraCompatTaskInfo=CameraCompatTaskInfo { freeformCameraCompatMode=inactive} topActivityBounds=null topActivityInDisplayCompat=false singleTapFromLetterbox=false} topActivityMainWindowFrame=null originallySupportedMultiWindow=true hasWallpaper=false rootAffinity=null isTopTaskInStage=false CoverLauncherWidgetTask=false LaunchedFromAppsCoverLauncherTask=false LaunchedFromMultistarCoverLauncherTask=false isAllowedSeamlessRotation=false isTopTransparentActivity=false isAliasManaged=false hasConfigChanged=false snappingGuideBounds=null isAiKeyRemoveAppTask=false lastDesktopWindowingBounds=null lastExternalDesktopWindowingBounds=null isTopFullScreenWindow=true isFullSizeWindow=true safeCutoutInsets=null}, pipChange = null, remoteTransition = null, displayChange = null, flags = 0, debugId = 2783 }
02-13 01:20:08.816  2964  3030 V ShellDesktopMode: DesktopTasksController: isDesktopModeShowing: hasVisibleTasks=false hasTopTransparentFullscreenTask=false
02-13 01:20:08.816  2964  3030 V ShellDesktopMode: DesktopTasksController: isDesktopModeShowing: hasVisibleTasks=false hasTopTransparentFullscreenTask=false
02-13 01:20:08.816  2964  3030 D ShellSplitScreen: logExit: no-op, mLoggerSessionId is null
02-13 01:20:08.816  2964  3030 D ShellDesktopMode: handleRequest: TransitionRequestInfo {type=1, tid=1217, debugId=2783}
02-13 01:20:08.818  1344  1450 E HYPER-HAL: [HandlerSysfs.cpp]doResourceHandling(): Couldn't Open Sysfs - /sys/class/devfreq/soc:qcom,cpu6-cpu-ddr-latfloor/min_freq
02-13 01:20:08.820  3986  3986 E pageboostd: Received HALT command code 2
02-13 01:20:08.822  2964  3030 V ShellDesktopMode: DesktopTasksController: handleFullscreenTaskLaunch
02-13 01:20:08.823  2964  3030 V ShellDesktopMode: DesktopTasksController: isDesktopModeShowing: hasVisibleTasks=false hasTopTransparentFullscreenTask=false
02-13 01:20:08.823  2964  3030 V ShellDesktopMode: DesktopTasksController: handleRequest result=null
02-13 01:20:08.824  2407  2763 V WindowManager: Starting Transition 2783, caller=com.android.server.wm.WindowOrganizerController.startTransition:47 com.android.server.wm.WindowOrganizerController.startTransition:1 android.window.IWindowOrganizerController$Stub.onTransact:259 
02-13 01:20:08.825 23245 25521 I HoneySpace.SPayHandler: updateSpayHandler launcher activity is paused false
02-13 01:20:08.829  2964  3078 D ViewRootImpl: desktopMode is false
02-13 01:20:08.830 23245 23245 I HoneySpace.CapturedBlurManager: capturedBlurView: pause(33622345)
02-13 01:20:08.832  1513  1513 I SurfaceFlinger: [Task=1217#22574] attach to parent LayerHierarchy{RequestedLayerState{DefaultTaskDisplayArea_d0#10 parentId=9} 13 children}
02-13 01:20:08.832  1513  1513 I SurfaceFlinger: [ActivityRecord{90500975 u0 com.tororide.driver/.MainActivity t1217}#22575] attach to parent LayerHierarchy{RequestedLayerState{Task=1217#22574 parentId=10} 1 children}
02-13 01:20:08.832  2964  3078 I ViewRootImpl: dVRR is disabled
02-13 01:20:08.834  1478  2594 V APM_AudioPolicyManager: setAppState(portId:259, state:2)
02-13 01:20:08.834 23245 23245 I HoneySpace.Launcher: !@Boot_EBS_D: Launcher.onPause()
02-13 01:20:08.835  1513  1513 I BpBinder: onLastStrongRef automatically unlinking death recipients: 
02-13 01:20:08.836  1810  6796 I CameraService: onUidStateChanged: uid=10056, procState is changed. (0 -> 1)
02-13 01:20:08.840  2964  3135 D NativeCustomFrequencyManager: [NativeCFMS] BpCustomFrequencyManager::BpCustomFrequencyManager()
02-13 01:20:08.849 23245 23245 I HoneySpace.Launcher: updateLauncherShowing true -> false
02-13 01:20:08.849 23245 23245 I HoneySpace.HotseatAdapter: updateDragOperator - HotseatOnHomeDragOperator
02-13 01:20:08.849 23245 23245 I HoneySpace.HistoryTaskView@203412075@HomeOnly: resolveDragOperator launcherShowing = false  parentType = HOTSEATBAR dexInfo = false
02-13 01:20:08.849 23245 25521 I HoneySpace.TaskbarVisibilityController@223644221@HomeOnly: launcher showing: false, recent showing: false, recent entering: false
02-13 01:20:08.850  1451 10291 D BufferPoolAccessor2.0: bufferpool2 0xb4000075f0397028 : 6(9600000 size) total buffers - 1(1600000 size) used buffers - 74928/76333 (recycle/alloc) - 0/0 (fetch/transfer)
02-13 01:20:08.850  2407  2763 D InputTransport: Input channel constructed: '7c94575', fd=960
02-13 01:20:08.850  2407  2763 D InputTransport: Input channel constructed: '7c94575', fd=983
02-13 01:20:08.852  1336  8837 I sensors-hal: handle_sns_client_event:49, ambient_light_event: ts=706768950429486, event=0.000000
02-13 01:20:08.853 23245 24733 I HoneySpace.RecentTasks: onRecentTasksChanged l:88007922
02-13 01:20:08.853  1451 10291 W qdgralloc: getInterlacedFlag: getMetaData returned 3, defaulting to interlaced_flag = 0
02-13 01:20:08.853  1455  1455 E sehhealth-service: sehtBinder.get() is null
02-13 01:20:08.854  1451 10291 W qdgralloc: getInterlacedFlag: getMetaData returned 3, defaulting to interlaced_flag = 0
02-13 01:20:08.858  2407  2763 D InputTransport: Input channel constructed: '7c94575', fd=801
02-13 01:20:08.859  2407  2763 D InputTransport: Input channel destroyed: '7c94575', fd=983
02-13 01:20:08.859  2407  2763 D WindowManager: prepareSync <SYNC_STATE_WAITING_FOR_DRAW>, mPrepareSyncSeqId=0, win=Window{7c94575 u0 Splash Screen com.tororide.driver}
02-13 01:20:08.860  2407  2763 D RestrictionPolicy: isScreenCaptureEnabled : ret=true userId=0
02-13 01:20:08.860  2407  2763 V WindowManager: addWindow: ActivityRecord{90500975 u0 com.tororide.driver/.MainActivity t1217} startingWindow=Window{7c94575 u0 Splash Screen com.tororide.driver}
02-13 01:20:08.863  1264  1264 D Zygote  : Forked child process 28574
02-13 01:20:08.864  2407  2763 D InputTransport: Input channel destroyed: '7c94575', fd=801
02-13 01:20:08.865  2407  2473 D SGM:FgCheckThread: notePauseComponent(), received pkgName: com.sec.android.app.launcher, userId: 0
02-13 01:20:08.866  2964  3078 D InputTransport: Input channel constructed: '7c94575', fd=630
02-13 01:20:08.867  2407  2481 D DeviceReportingSecurityChecker: getStatus
02-13 01:20:08.867 23245 25532 I HoneySpace.HistoryViewModel@57639613@HomeOnly: loadItemJob canceled
02-13 01:20:08.867  2407  2481 D DeviceReportingSecurityChecker: mIsICDStatus is true
02-13 01:20:08.867  2407  2481 D DeviceReportingSecurityChecker: mIsSim is true
02-13 01:20:08.867 23245 25532 I HoneySpace.HistoryViewModel@57639613@HomeOnly: Hotseat bar is not showing. skip load history items
02-13 01:20:08.867  2407  2481 D DeviceReportingSecurityChecker: mIsEchoAppSignature is true
02-13 01:20:08.867  2407  2481 D DeviceReportingSecurityChecker: security check passed
02-13 01:20:08.867  2407  2481 D DeviceReportingSecurityChecker: mIsICDStatus === true mIsSim == true mIsMyAccountSignature== false mIsEchoAppSignature== true mIsSprintHubSignature== false
02-13 01:20:08.867  2407  2481 I ActivityManager: Start proc 28574:com.tororide.driver/u0a388 for next-top-activity {com.tororide.driver/com.tororide.driver.MainActivity}
02-13 01:20:08.867  2407  5056 D DeviceReportingSecurityChecker: getStatus
02-13 01:20:08.867 23245 25532 I HoneySpace.HistoryViewModel@57639613@HomeOnly: launcherShowing : false, recentShowing : false, isInteractive : true
02-13 01:20:08.868  2407  5056 D DeviceReportingSecurityChecker: mIsICDStatus is true
02-13 01:20:08.868  2407  5056 D DeviceReportingSecurityChecker: mIsSim is true
02-13 01:20:08.868  2407  5056 D DeviceReportingSecurityChecker: mIsEchoAppSignature is true
02-13 01:20:08.868  2407  5056 D DeviceReportingSecurityChecker: security check passed
02-13 01:20:08.868  2407  5056 D DeviceReportingSecurityChecker: mIsICDStatus === true mIsSim == true mIsMyAccountSignature== false mIsEchoAppSignature== true mIsSprintHubSignature== false
02-13 01:20:08.868  2407  2811 D BackgroundInstallControlService: Package event received: 0
02-13 01:20:08.868  2407  5056 V WindowManager: Checking theme of starting window: 0x7f13012b
02-13 01:20:08.868  2407  5056 V WindowManager: Translucent=false Floating=false ShowWallpaper=false Disable=false
02-13 01:20:08.868  2407  5056 D DeviceReportingSecurityChecker: getStatus
02-13 01:20:08.868  2407  5056 D DeviceReportingSecurityChecker: mIsICDStatus is true
02-13 01:20:08.868  2407  5056 D DeviceReportingSecurityChecker: mIsSim is true
02-13 01:20:08.868  2407  5056 D DeviceReportingSecurityChecker: mIsEchoAppSignature is true
02-13 01:20:08.868  2407  5056 D DeviceReportingSecurityChecker: security check passed
02-13 01:20:08.868  2407  5056 D DeviceReportingSecurityChecker: mIsICDStatus === true mIsSim == true mIsMyAccountSignature== false mIsEchoAppSignature== true mIsSprintHubSignature== false
02-13 01:20:08.869  2407  5056 D DeviceReportingSecurityChecker: getStatus
02-13 01:20:08.869  2407  5056 D DeviceReportingSecurityChecker: mIsICDStatus is true
02-13 01:20:08.869  2407  5056 D DeviceReportingSecurityChecker: mIsSim is true
02-13 01:20:08.869  2407  5056 D DeviceReportingSecurityChecker: mIsEchoAppSignature is true
02-13 01:20:08.869  2407  5056 D DeviceReportingSecurityChecker: security check passed
02-13 01:20:08.869  2407  5056 D DeviceReportingSecurityChecker: mIsICDStatus === true mIsSim == true mIsMyAccountSignature== false mIsEchoAppSignature== true mIsSprintHubSignature== false
02-13 01:20:08.870  2964  3078 I InsetsController: onStateChanged: host=Splash Screen com.tororide.driver, from=android.view.ViewRootImpl.onInsetsStateChanged:3026, state=InsetsState: {mDisplayFrame=Rect(0, 0 - 1200, 1920), mDisplayCutout=DisplayCutout{insets=Rect(0, 0 - 0, 0) waterfall=Insets{left=0, top=0, right=0, bottom=0} boundingRect={Bounds=[Rect(0, 0 - 0, 0), Rect(0, 0 - 0, 0), Rect(0, 0 - 0, 0), Rect(0, 0 - 0, 0)]} cutoutPathParserInfo={CutoutPathParserInfo{displayWidth=0 displayHeight=0 physicalDisplayWidth=0 physicalDisplayHeight=0 density={0.0} cutoutSpec={} rotation={0} scale={0.0} physicalPixelDisplaySizeRatio={0.0}}} sideOverrides=null}, mRoundedCorners=RoundedCorners{[RoundedCorner{position=TopLeft, radius=20, center=Point(20, 20)}, RoundedCorner{position=TopRight, radius=20, center=Point(1180, 20)}, RoundedCorner{position=BottomRight, radius=20, center=Point(1180, 1900)}, RoundedCorner{position=BottomLeft, radius=20, center=Point(20, 1900)}]}  mRoundedCornerFrame=Rect(0, 0 - 1200, 1920), mPrivacyIndicatorBounds=PrivacyIndicatorBounds {static bounds=Rect(1134, 0 - 1200, 45) rotation=0}, mDisplayShape=DisplayShape{ spec=-311912193 displayWidth=1200 displayHeight=1920 physicalPixelDisplaySizeRatio=1.0 rotation=0 offsetX=0 offsetY=0 scale=1.0}, mSources= { InsetsSource: {bc0000 mType=statusBars mFrame=[0,0][1200,45] mVisible=true mFlags= mSideHint=TOP mBoundingRects=null}, InsetsSource: {bc0005 mType=mandatorySystemGestures mFrame=[0,0][1200,45] mVisible=true mFlags= mSideHint=TOP mBoundingRects=null}, InsetsSource: {bc0006 mType=tappableElement mFrame=[0,0][1200,45] mVisible=true mFlags= mSideHint=TOP mBoundingRects=null}, InsetsSource: {716d0001 mType=navigationBars mFrame=[0,1848][1200,1920] mVisible=true mFlags= mSideHint=BOTTOM mBoundingRects=null}, InsetsSource: {716d0004 mType=systemGestures mFrame=[0,0][0,0] mVisible=true mFlags= mSideHint=NONE mBoundingRects=null}, InsetsSource: {716d0005 mType=mandatorySystemGestures mFrame=[0,1848][1200,1920] mVisible=true mFlags= mSideHint=BOTTOM mBoundingRects=null}, InsetsSource: {716d0006 mType=tappableElement mFrame=[0,1848][1200,1920] mVisible=true mFlags= mSideHint=BOTTOM mBoundingRects=null}, InsetsSource: {716d0024 mType=systemGestures mFrame=[0,0][0,0] mVisible=true mFlags= mSideHint=NONE mBoundingRects=null} }
02-13 01:20:08.870  2964  3078 I VRI[driver]@ca03166: onActiveControlsChanged, removed=false, mAdded=true, caller=android.view.ViewRootImpl.handleInsetsControlChanged:3002 android.view.ViewRootImpl.setView:2014 android.view.WindowManagerGlobal.addView:604 com.android.wm.shell.startingsurface.SplashscreenWindowCreator.addWindow:38 com.android.wm.shell.startingsurface.StartingWindowController$$ExternalSyntheticLambda4.run:1365 
02-13 01:20:08.871  2964  3078 I VRI[driver]@ca03166: synced displayState. AttachInfo displayState=2
02-13 01:20:08.871  2964  3078 I VRI[driver]@ca03166: setView = android.widget.FrameLayout@e10c43 IsHRR=false mFlingFrameRateChange=0 TM=true
02-13 01:20:08.872  2407  5056 V WindowManager: Collecting in transition 2783: ActivityRecord{90500975 u0 com.tororide.driver/.MainActivity t1217}, caller=com.android.server.wm.TransitionController.collect:7 com.android.server.wm.ActivityRecord.setVisibility:132 com.android.server.wm.EnsureActivitiesVisibleHelper.process:459 com.android.server.wm.TaskFragment.updateActivityVisibilities:12 com.android.server.wm.Task$$ExternalSyntheticLambda37.accept:37 
02-13 01:20:08.873  2407  5056 D DeviceReportingSecurityChecker: getStatus
02-13 01:20:08.873  2407  5056 D DeviceReportingSecurityChecker: mIsICDStatus is true
02-13 01:20:08.873  2407  5056 D DeviceReportingSecurityChecker: mIsSim is true
02-13 01:20:08.873  2407  5056 D DeviceReportingSecurityChecker: mIsEchoAppSignature is true
02-13 01:20:08.873  2407  5056 D DeviceReportingSecurityChecker: security check passed
02-13 01:20:08.873  2407  5056 D DeviceReportingSecurityChecker: mIsICDStatus === true mIsSim == true mIsMyAccountSignature== false mIsEchoAppSignature== true mIsSprintHubSignature== false
02-13 01:20:08.874  2964  3135 D HWUI    : HWUI - treat SMPTE_170M as sRGB
02-13 01:20:08.874  2407  5056 V WindowManager: Collecting in transition 2783: ActivityRecord{260441 u0 com.sec.android.app.launcher/.activities.LauncherActivity t660}, caller=com.android.server.wm.TransitionController.collect:7 com.android.server.wm.ActivityRecord.setVisibility:132 com.android.server.wm.ActivityRecord.makeInvisible:32 com.android.server.wm.EnsureActivitiesVisibleHelper.process:542 com.android.server.wm.TaskFragment.updateActivityVisibilities:12 
02-13 01:20:08.874  2407  5056 D WindowManager: prepareSync <SYNC_STATE_WAITING_FOR_DRAW>, mPrepareSyncSeqId=0, win=Window{d511e7 u0 com.sec.android.app.launcher/com.sec.android.app.launcher.activities.LauncherActivity}
02-13 01:20:08.875  2407  5056 V WindowManager: Collecting in transition 2783: WallpaperWindowToken{a8ce81a showWhenLocked=true}_<lock>, caller=com.android.server.wm.Transition.collect:387 com.android.server.wm.TransitionController.collect:7 com.android.server.wm.ActivityRecord.setVisibility:132 com.android.server.wm.ActivityRecord.makeInvisible:32 com.android.server.wm.EnsureActivitiesVisibleHelper.process:542 
02-13 01:20:08.875  2407  5056 V WindowManager: Collecting in transition 2783: WallpaperWindowToken{d816be6 showWhenLocked=false}_<system>, caller=com.android.server.wm.Transition.collect:410 com.android.server.wm.TransitionController.collect:7 com.android.server.wm.ActivityRecord.setVisibility:132 com.android.server.wm.ActivityRecord.makeInvisible:32 com.android.server.wm.EnsureActivitiesVisibleHelper.process:542 
02-13 01:20:08.877  2407  5056 V WindowManager: Collecting in transition 2783: WallpaperWindowToken{d816be6 showWhenLocked=false}_<system>, caller=com.android.server.wm.TransitionController.collect:7 com.android.server.wm.WallpaperWindowToken.setVisibility:55 com.android.server.wm.WallpaperController.adjustWallpaperWindows:859 com.android.server.wm.RootWindowContainer.applySurfaceChangesTransaction$1:141 com.android.server.wm.RootWindowContainer.performSurfacePlacementNoTrace:59 
02-13 01:20:08.880 10162 10269 D PipelineWatcher: onInputBufferReleased: frameIndex not found (76332); ignored
02-13 01:20:08.881 28574 28574 I tororide.driver: Using CollectorTypeCMC GC.
02-13 01:20:08.882  2407  2763 I WindowManager: Relayout Window{7c94575 u0 Splash Screen com.tororide.driver}: viewVisibility=0 req=1200x1920 ty=3 d0
02-13 01:20:08.883 23245 23449 I HoneySpace.TopTaskSource: onTaskMovedToFront : taskId = 1217, displayId = 0
02-13 01:20:08.883  1451 10346 D BufferPoolAccessor2.0: bufferpool2 0xb4000075f03dca28 : 14(34406400 size) total buffers - 5(12288000 size) used buffers - 75467/76337 (recycle/alloc) - 3451/76332 (fetch/transfer)
02-13 01:20:08.883 23245 23451 I HoneySpace.TopTaskUseCase: topTasks 1217 ComponentInfo{com.tororide.driver/com.tororide.driver.MainActivity}[displayId=0]
02-13 01:20:08.883  2407  2481 I ActivityManager: ProcessObserver broadcast disabled
02-13 01:20:08.884  2407  2763 D WindowManager: makeSurface duration=1 name=Splash Screen com.tororide.driver$_2964
02-13 01:20:08.884  2407  2802 I CocktailBarManagerServiceContainer: handleMessage: entry what = 6
02-13 01:20:08.884  2407  2547 D ActivityManager Intent delay: Delaying Broadcast: 1000ms, BroadcastRecord{2880029 android.intent.action.PACKAGE_UNSTOPPED/u0}
02-13 01:20:08.886  2407  2678 V InputMethodManagerService: Checking com.google.android.tts/com.google.android.apps.speech.tts.googletts.settings.asr.voiceime.VoiceInputMethodService
02-13 01:20:08.886 28574 28574 E tororide.driver: Not starting debugger since process cannot load the jdwp agent.
02-13 01:20:08.887  2407  2763 D WindowManager: Changing focus from Window{d511e7 u0 com.sec.android.app.launcher/com.sec.android.app.launcher.activities.LauncherActivity} to null displayId=0 Callers=com.android.server.wm.WindowManagerService.relayoutWindow:1350 com.android.server.wm.Session.relayout:27 android.view.IWindowSession$Stub.onTransact:829 com.android.server.wm.Session.onTransact:1 
02-13 01:20:08.887  2407  2678 V InputMethodManagerService: Found an input method InputMethodInfo{com.google.android.tts/com.google.android.apps.speech.tts.googletts.settings.asr.voiceime.VoiceInputMethodService, settings: com.google.android.apps.speech.tts.googletts.settings.asr.voiceime.ui.VoiceImeSettingsActivity, languageSettings: null}
02-13 01:20:08.887  2407  2678 V InputMethodManagerService: Checking com.samsung.android.honeyboard/.service.HoneyBoardService
02-13 01:20:08.887  2407  2763 V SystemKeyManager: updateFocusedWindow() is called, 
02-13 01:20:08.888  2407  2763 W OptProp : Cannot read opt property android.window.PROPERTY_COMPAT_ALLOW_ORIENTATION_OVERRIDE
02-13 01:20:08.888  2407  2763 V WindowManager: rotationForOrientation(orient=SCREEN_ORIENTATION_UNSPECIFIED (-1), last=ROTATION_0 (0)); user=ROTATION_0 (0) 
02-13 01:20:08.888  2407  2763 D WindowManager: rotationForOrientation, orientationSource=ActivityRecord{90500975 u0 com.tororide.driver/.MainActivity t1217}
02-13 01:20:08.888 10162 10264 I MediaCodec: setCodecState state(1), called in 6, domain 1, 0
02-13 01:20:08.889  2407  2678 V InputMethodManagerService: Found an input method InputMethodInfo{com.samsung.android.honeyboard/.service.HoneyBoardService, settings: com.samsung.android.honeyboard.settings.common.HoneyBoardSettingsActivity, languageSettings: null}
02-13 01:20:08.889  2407  2678 V InputMethodManagerService: Checking com.samsung.android.honeyboard/com.samsung.android.writingtoolkit.service.FakeHoneyBoardService
02-13 01:20:08.889  2407  2678 V InputMethodManagerService: Found an input method InputMethodInfo{com.samsung.android.honeyboard/com.samsung.android.writingtoolkit.service.FakeHoneyBoardService, settings: null, languageSettings: null}
02-13 01:20:08.890  2407  2678 V InputMethodManagerService: --- re-buildInputMethodList reset = false 
02-13 01:20:08.890  2407  2678 V InputMethodManagerService:  ------ caller=com.android.server.inputmethod.InputMethodManagerService$MyPackageMonitor.onFinishPackageChanges:399 com.android.internal.content.PackageMonitor.doHandlePackageEvent:596 com.android.internal.content.PackageMonitor.lambda$postHandlePackageEvent$0:435 com.android.internal.content.PackageMonitor.$r8$lambda$bSKEInwdT6Kd7GAyzMZPsXTTqeQ:0 com.android.internal.content.PackageMonitor$$ExternalSyntheticLambda0.run:0 android.os.Handler.handleCallback:995 android.os.Handler.dispatchMessage:103 android.os.Looper.loopOnce:273 android.os.Looper.loop:363 android.os.HandlerThread.run:85 
02-13 01:20:08.890  4980  5313 I SemMediaResourceHelper: onState
02-13 01:20:08.891  2407  2763 I WindowManager: Relayout hash=7c94575, pid=2964, syncId=-1: mAttrs={(0,0)(fillxfill) sim={adjust=pan} layoutInDisplayCutoutMode=always ty=APPLICATION_STARTING fmt=TRANSLUCENT wanim=0x1030317
02-13 01:20:08.891  2407  2763 I WindowManager:   fl=81030118
02-13 01:20:08.891  2407  2763 I WindowManager:   pfl=10000810
02-13 01:20:08.891  2407  2763 I WindowManager:   bhv=1
02-13 01:20:08.891  2407  2763 I WindowManager:   fitSides=0
02-13 01:20:08.891  2407  2763 I WindowManager:   frameRateBoostOnTouch=true
02-13 01:20:08.891  2407  2763 I WindowManager:   dvrrWindowFrameRateHint=true naviIconColor=0}
02-13 01:20:08.892  2964  3078 I InsetsController: onStateChanged: host=Splash Screen com.tororide.driver, from=android.view.ViewRootImpl.onInsetsStateChanged:3026, state=InsetsState: {mDisplayFrame=Rect(0, 0 - 1200, 1920), mDisplayCutout=DisplayCutout{insets=Rect(0, 0 - 0, 0) waterfall=Insets{left=0, top=0, right=0, bottom=0} boundingRect={Bounds=[Rect(0, 0 - 0, 0), Rect(0, 0 - 0, 0), Rect(0, 0 - 0, 0), Rect(0, 0 - 0, 0)]} cutoutPathParserInfo={CutoutPathParserInfo{displayWidth=0 displayHeight=0 physicalDisplayWidth=0 physicalDisplayHeight=0 density={0.0} cutoutSpec={} rotation={0} scale={0.0} physicalPixelDisplaySizeRatio={0.0}}} sideOverrides=null}, mRoundedCorners=RoundedCorners{[RoundedCorner{position=TopLeft, radius=20, center=Point(20, 20)}, RoundedCorner{position=TopRight, radius=20, center=Point(1180, 20)}, RoundedCorner{position=BottomRight, radius=20, center=Point(1180, 1900)}, RoundedCorner{position=BottomLeft, radius=20, center=Point(20, 1900)}]}  mRoundedCornerFrame=Rect(0, 0 - 1200, 1920), mPrivacyIndicatorBounds=PrivacyIndicatorBounds {static bounds=Rect(1134, 0 - 1200, 45) rotation=0}, mDisplayShape=DisplayShape{ spec=-311912193 displayWidth=1200 displayHeight=1920 physicalPixelDisplaySizeRatio=1.0 rotation=0 offsetX=0 offsetY=0 scale=1.0}, mSources= { InsetsSource: {3 mType=ime mFrame=[0,0][0,0] mVisible=false mFlags= mSideHint=NONE mBoundingRects=null}, InsetsSource: {bc0000 mType=statusBars mFrame=[0,0][1200,45] mVisible=true mFlags= mSideHint=TOP mBoundingRects=null}, InsetsSource: {bc0005 mType=mandatorySystemGestures mFrame=[0,0][1200,45] mVisible=true mFlags= mSideHint=TOP mBoundingRects=null}, InsetsSource: {bc0006 mType=tappableElement mFrame=[0,0][1200,45] mVisible=true mFlags= mSideHint=TOP mBoundingRects=null}, InsetsSource: {716d0001 mType=navigationBars mFrame=[0,1848][1200,1920] mVisible=true mFlags= mSideHint=BOTTOM mBoundingRects=null}, InsetsSource: {716d0004 mType=systemGestures mFrame=[0,0][0,0] mVisible=true mFlags= mSideHint=NONE mBoundingRects=null}, InsetsSource: {716d0005 mType=mandatorySystemGestures mFrame=[0,1848][1200,1920] mVisible=true mFlags= mSideHint=BOTTOM mBoundingRects=null}, InsetsSource: {716d0006 mType=tappableElement mFrame=[0,1848][1200,1920] mVisible=true mFlags= mSideHint=BOTTOM mBoundingRects=null}, InsetsSource: {716d0024 mType=systemGestures mFrame=[0,0][0,0] mVisible=true mFlags= mSideHint=NONE mBoundingRects=null} }
02-13 01:20:08.892  1344  1450 I HYPER-HAL: [RequestManager.cpp]releaseLocked(): Released ID : 12407672
02-13 01:20:08.892  2964  3078 I VRI[driver]@ca03166: onActiveControlsChanged, removed=false, mAdded=true, caller=android.view.ViewRootImpl.handleInsetsControlChanged:3002 android.view.ViewRootImpl.relayoutWindow:11629 android.view.ViewRootImpl.performTraversals:4804 android.view.ViewRootImpl.doTraversal:3924 android.view.ViewRootImpl$TraversalRunnable.run:12903 
02-13 01:20:08.893  2964  3078 I BLASTBufferQueue_Java: new BLASTBufferQueue, mName= VRI[driver]@ca03166 mNativeObject= 0xb40000709cbd4000 caller= android.view.ViewRootImpl.updateBlastSurfaceIfNeeded:3585 android.view.ViewRootImpl.relayoutWindow:11685 android.view.ViewRootImpl.performTraversals:4804 android.view.ViewRootImpl.doTraversal:3924 android.view.ViewRootImpl$TraversalRunnable.run:12903 android.view.Choreographer$CallbackRecord.run:1901 android.view.Choreographer$CallbackRecord.run:1910 android.view.Choreographer.doCallbacks:1367 android.view.Choreographer.doFrame:1292 android.view.Choreographer$FrameDisplayEventReceiver.run:1870 
02-13 01:20:08.893  2964  3078 I BLASTBufferQueue_Java: update, w= 1200 h= 1920 mName = VRI[driver]@ca03166 mNativeObject= 0xb40000709cbd4000 sc.mNativeObject= 0xb40000707b668040 format= -3 caller= android.view.ViewRootImpl.updateBlastSurfaceIfNeeded:3590 android.view.ViewRootImpl.relayoutWindow:11685 android.view.ViewRootImpl.performTraversals:4804 android.view.ViewRootImpl.doTraversal:3924 android.view.ViewRootImpl$TraversalRunnable.run:12903 android.view.Choreographer$CallbackRecord.run:1901 
02-13 01:20:08.894  2964  3078 I VRI[driver]@ca03166: Relayout returned: old=(0,0,1200,1920) new=(0,0,1200,1920) relayoutAsync=false req=(1200,1920)0 dur=13 res=0x3 s={true 0xb4000070afeaa800} ch=true seqId=0
02-13 01:20:08.894  2407  2678 D InputMethodManagerService: isImeSwitcherDisabledPackage : false
02-13 01:20:08.894  2407  2678 D InputMethodManagerService: shouldShowImeSwitcherLocked : checking vis : 3
02-13 01:20:08.895  2964  3078 D VRI[driver]@ca03166: mThreadedRenderer.initialize() mSurface={isValid=true 0xb4000070afeaa800} hwInitialized=true
02-13 01:20:08.895 28574 28574 D nativeloader: Load libframework-connectivity-tiramisu-jni.so using APEX ns com_android_tethering for caller /apex/com.android.tethering/javalib/framework-connectivity-t.jar: ok
02-13 01:20:08.896  2964  3078 D VRI[driver]@ca03166: reportNextDraw android.view.ViewRootImpl.performTraversals:5443 android.view.ViewRootImpl.doTraversal:3924 android.view.ViewRootImpl$TraversalRunnable.run:12903 android.view.Choreographer$CallbackRecord.run:1901 android.view.Choreographer$CallbackRecord.run:1910 
02-13 01:20:08.896  2964  3078 D VRI[driver]@ca03166: Setup new sync=wmsSync-VRI[driver]@ca03166#26
02-13 01:20:08.896  2964  3078 I VRI[driver]@ca03166: Creating new active sync group VRI[driver]@ca03166#27
02-13 01:20:08.897  2964  3078 D VRI[driver]@ca03166: registerCallbacksForSync syncBuffer=false
02-13 01:20:08.898 28574 28574 D ActivityThread: setConscryptValidator
02-13 01:20:08.898 28574 28574 D ActivityThread: setConscryptValidator - put
02-13 01:20:08.898  1513  1513 I SurfaceFlinger: [LayerHierarchy{RequestedLayerState{ImeContainer#15 parentId=121 relativeParentId=121 z=1} 1 children}] RelativeParent to null
02-13 01:20:08.899  1513  1513 I SurfaceFlinger: [7c94575 Splash Screen com.tororide.driver#22576] attach to parent LayerHierarchy{RequestedLayerState{ActivityRecord{90500975 u0 com.tororide.driver/.MainActivity t1217}#22575 parentId=22574} 1 children}
02-13 01:20:08.899  1513  1513 I SurfaceFlinger: [Splash Screen com.tororide.driver$_2964#22577] attach to parent LayerHierarchy{RequestedLayerState{7c94575 Splash Screen com.tororide.driver#22576 parentId=22575} 1 children}
02-13 01:20:08.900  1478  2594 V APM_AudioPolicyManager: setAppState(portId:259, state:2)
02-13 01:20:08.901  2964  3133 D VRI[driver]@ca03166: Received frameDrawingCallback syncResult=0 frameNum=1.
02-13 01:20:08.901  2964  3133 I VRI[driver]@ca03166: mWNT: t=0xb40000705d9f7280 mBlastBufferQueue=0xb40000709cbd4000 fn= 1 HdrRenderState mRenderHdrSdrRatio=1.0 caller= android.view.ViewRootImpl$12.onFrameDraw:15441 android.view.ThreadedRenderer$1.onFrameDraw:718 <bottom of call stack> 
02-13 01:20:08.901  2964  3133 I VRI[driver]@ca03166: Setting up sync and frameCommitCallback
02-13 01:20:08.907  2964  3135 I VRI[driver]@ca03166: Received frameCommittedCallback lastAttemptedDrawFrameNum=1 didProduceBuffer=true
02-13 01:20:08.910  2407  2763 I ActivityManager: Changes in 10388 19 to 2, 0 to 255
02-13 01:20:08.912  2407  2811 D BackgroundInstallControlService: Package event received: 0
02-13 01:20:08.912  2407  2471 D PkgPredictorService-SecIpmManagerServiceImpl: onForegroundActivitiesChanged pid:28574 uid:10388
02-13 01:20:08.913  2407  2595 D InputDispatcher: Focus left window (0): d511e7 com.sec.android.app.launcher/com.sec.android.app.launcher.activities.LauncherActivity
02-13 01:20:08.914  1451 10291 W qdgralloc: getInterlacedFlag: getMetaData returned 3, defaulting to interlaced_flag = 0
02-13 01:20:08.915  1451 10291 W qdgralloc: getInterlacedFlag: getMetaData returned 3, defaulting to interlaced_flag = 0
02-13 01:20:08.915  1478  2594 V APM_AudioPolicyManager: setAppState(portId:259, state:2)
02-13 01:20:08.915  2407  2616 W JobScheduler.JobStatus: Exempted app com.metropcs.metrozone considered buggy
02-13 01:20:08.916  1478  2594 V APM_AudioPolicyManager: setAppState(portId:259, state:2)
02-13 01:20:08.917 23245 23245 I ImeFocusController: onPreWindowFocus: skipped hasWindowFocus=false mHasImeFocus=true
02-13 01:20:08.917  2407  2717 V NetworkPolicy: getFirewallRuleWifi UID:10388 policy:0
02-13 01:20:08.919  2407  2616 W JobScheduler.JobStatus: Exempted app com.metropcs.metrozone considered buggy
02-13 01:20:08.919  2407  2616 W JobScheduler.JobStatus: Exempted app com.metropcs.metrozone considered buggy
02-13 01:20:08.919  2407  2616 W JobScheduler.JobStatus: Exempted app com.metropcs.metrozone considered buggy
02-13 01:20:08.920  2407  2616 W JobScheduler.JobStatus: Exempted app com.metropcs.metrozone considered buggy
02-13 01:20:08.920  2407  2616 W JobScheduler.JobStatus: Exempted app com.metropcs.metrozone considered buggy
02-13 01:20:08.921  2407  2616 W JobScheduler.JobStatus: Exempted app com.metropcs.metrozone considered buggy
02-13 01:20:08.921  2407  2616 W JobScheduler.JobStatus: Exempted app com.metropcs.metrozone considered buggy
02-13 01:20:08.921  2407  2616 W JobScheduler.JobStatus: Exempted app com.metropcs.metrozone considered buggy
02-13 01:20:08.921  2407  2616 W JobScheduler.JobStatus: Exempted app com.metropcs.metrozone considered buggy
02-13 01:20:08.921  2407  2616 W JobScheduler.JobStatus: Exempted app com.metropcs.metrozone considered buggy
02-13 01:20:08.921  2407  2616 W JobScheduler.JobStatus: Exempted app com.metropcs.metrozone considered buggy
02-13 01:20:08.921  2964  3135 D HWUI    : CFMS:: SetUp Pid : 2964    Tid : 3135
02-13 01:20:08.921  2407  2616 W JobScheduler.JobStatus: Exempted app com.metropcs.metrozone considered buggy
02-13 01:20:08.921  2407  2616 W JobScheduler.JobStatus: Exempted app com.metropcs.metrozone considered buggy
02-13 01:20:08.921  2407  2616 W JobScheduler.JobStatus: Exempted app com.metropcs.metrozone considered buggy
02-13 01:20:08.922  2407  2616 W JobScheduler.JobStatus: Exempted app com.metropcs.metrozone considered buggy
02-13 01:20:08.922  2407  2616 W JobScheduler.JobStatus: Exempted app com.metropcs.metrozone considered buggy
02-13 01:20:08.922  2964  3078 D VRI[driver]@ca03166: reportDrawFinished seqId=0
02-13 01:20:08.922  2407  2616 W JobScheduler.JobStatus: Exempted app com.metropcs.metrozone considered buggy
02-13 01:20:08.922  2407  2616 W JobScheduler.JobStatus: Exempted app com.metropcs.metrozone considered buggy
02-13 01:20:08.922  2407  2595 D WindowManager: finishDrawingWindow: Window{7c94575 u0 Splash Screen com.tororide.driver} mDrawState=DRAW_PENDING seqId=0
02-13 01:20:08.922  2407  2595 V WindowManager: Finishing drawing window Window{7c94575 u0 Splash Screen com.tororide.driver}: mDrawState=DRAW_PENDING
02-13 01:20:08.922  2407  2595 V WindowManager: Draw state now committed in Window{7c94575 u0 Splash Screen com.tororide.driver}
02-13 01:20:08.924 23245 23245 I ImeFocusController: onPostWindowFocus: skipped hasWindowFocus=false mHasImeFocus=true
02-13 01:20:08.926  2407  2474 D BLASTSyncEngine: SyncGroup 2783: Set ready true, caller=com.android.server.wm.BLASTSyncEngine.setReady:32 com.android.server.wm.Transition.applyReady:54 com.android.server.wm.Transition.setReady:72 com.android.server.wm.TransitionController.setReady:6 com.android.server.wm.DisplayContent.executeAppTransition:4 com.android.server.wm.WindowState.performShowLocked:313 
02-13 01:20:08.927 28496 28496 I bpuk    : onPause
02-13 01:20:08.927  2407  2474 V WindowManager: SyncGroup 2783: Finished!
02-13 01:20:08.928  2407  2474 V WindowManager: performShowLocked: mDrawState=HAS_DRAWN in Window{7c94575 u0 Splash Screen com.tororide.driver}
02-13 01:20:08.928  2407  2474 D WindowManagerServiceExt: updateTaskbarTargetIfNeeded: cn=ComponentInfo{com.tororide.driver/com.tororide.driver.MainActivity} occludesParent=true isInSplitScreenMode=false
02-13 01:20:08.929 23245 23245 I HoneySpace.TaskbarVisibilityController@223644221@HomeOnly: onTaskbarIconVisibleChangeRequest occlude:true cn:ComponentInfo{com.tororide.driver/com.tororide.driver.MainActivity}, isResume:false, isGestureTransition : false, isDock : false
02-13 01:20:08.929 23245 24120 I HoneySpace.TaskbarVisibilityController@223644221@HomeOnly: updateRules() isDock:false occlude:true needToHide:false hideFlag:false forceMinusOnePage:false launcher:false recent:false minus:false homePackage:false AppPicker:false
02-13 01:20:08.929 23245 24120 I HoneySpace.TaskbarVisibilityController@223644221@HomeOnly: updateVisibility(0) VisibilityRule(priority=OtherAppActivity, action=Show, isActive=true) :: state 0 -> 1
02-13 01:20:08.929 23245 23245 I HoneySpace.HistoryViewModel@57639613@HomeOnly: Hotseat bar is not showing. skip load history items
02-13 01:20:08.930 23245 23245 I HoneySpace.HistoryViewModel@57639613@HomeOnly: launcherShowing : false, recentShowing : false, isInteractive : true
02-13 01:20:08.930  2407  2474 D ChangeTransitionController: onTransactionReady: TransitionRecord{e4c024e id=2783 type=OPEN flags=0x0 c=[
02-13 01:20:08.930  2407  2474 D ChangeTransitionController:    ChangeInfo{6c38d7d container=ActivityRecord{260441 u0 com.sec.android.app.launcher/.activities.LauncherActivity t660} flags=0x0}
02-13 01:20:08.930  2407  2474 D ChangeTransitionController:    ChangeInfo{2e85714 container=ActivityRecord{90500975 u0 com.tororide.driver/.MainActivity t1217} flags=0x0}
02-13 01:20:08.930  2407  2474 D ChangeTransitionController:    ChangeInfo{4ed5bbd container=Display{#0 state=ON size=1200x1920 ROTATION_0} flags=0x0}
02-13 01:20:08.930  2407  2474 D ChangeTransitionController:    ChangeInfo{c31d5b2 container=DefaultTaskDisplayArea_d0@161807186 flags=0x0}
