02-13 01:20:03.551 23245 26694 I HoneySpace.HistoryRepositoryImpl84851220@HomeOnly: [Add] displayId:-1, deskId:-1 item:[0], (#-1,#-1,#1), item=id:-2 label:TORO Driver componnet:com.tororide.driver/.MainActivity#UserHandle{0} badgeCount:0  drag:false iconState:NONE, tasks=[[id=1216 windowingMode=1 user=0 lastActiveTime=706509044] null], [RecentApp], showRunningCue=false, isRunning=false, isMinimized=false, [1216]
02-13 01:20:03.551 23245 26694 I HoneySpace.HistoryRepositoryImpl84851220@HomeOnly: result : 1
02-13 01:20:03.551 23245 26694 I HoneySpace.HistoryViewModel@57639613@HomeOnly: getSuggestedAppsData
02-13 01:20:03.552 23245 25521 I HoneySpace.SuggestedAppsRepositoryImpl: fetchSuggestedApps()
02-13 01:20:03.552 23245 25521 I HoneySpace.GroupTask: userId:0, isDeviceLocked:false
02-13 01:20:03.552 26915 26915 D BoundBrokerSvc: onBind: Intent { act=com.google.android.mobstore.service.START xflg=0x4 pkg=com.google.android.gms }
02-13 01:20:03.552 23245 25521 I HoneySpace.SuggestedAppsRepositoryImpl: getTaskListData() collected: 3
02-13 01:20:03.552 23245 25521 I HoneySpace.SuggestedItemsFacade: updateTaskList : 3
02-13 01:20:03.552 26915 26915 D BoundBrokerSvc: Loading bound service for intent: Intent { act=com.google.android.mobstore.service.START xflg=0x4 pkg=com.google.android.gms }
02-13 01:20:03.552 23245 25521 I HoneySpace.SuggestedAppsRepositoryImpl: getDPSData() collected: 9
02-13 01:20:03.552 23245 25521 I HoneySpace.SuggestedItemsFacade: updateItems :  9
02-13 01:20:03.552 23245 25521 I HoneySpace.SuggestedItemsFacade: DPS items : Chrome, com.android.chrome/com.google.android.apps.chrome.Main#UserHandle{0}
02-13 01:20:03.552 23245 25521 I HoneySpace.SuggestedItemsFacade: DPS items : Messages, com.google.android.apps.messaging/.ui.ConversationListActivity#UserHandle{0}
02-13 01:20:03.552 23245 25521 I HoneySpace.SuggestedItemsFacade: DPS items : Facebook, com.facebook.katana/.LoginActivity#UserHandle{0}
02-13 01:20:03.552 23245 25521 I HoneySpace.SuggestedItemsFacade: DPS items : Play Store, com.android.vending/.AssetBrowserActivity#UserHandle{0}
02-13 01:20:03.552 23245 25521 I HoneySpace.SuggestedItemsFacade: DPS items : Gmail, com.google.android.gm/.ConversationListActivityGmail#UserHandle{0}
02-13 01:20:03.552 23245 25521 I HoneySpace.SuggestedItemsFacade: DPS items : WhatsApp, com.whatsapp/.Main#UserHandle{0}
02-13 01:20:03.552 23245 25521 I HoneySpace.SuggestedItemsFacade: DPS items : YouTube, com.google.android.youtube/.app.honeycomb.Shell$HomeActivity#UserHandle{0}
02-13 01:20:03.552 23245 25521 I HoneySpace.SuggestedItemsFacade: DPS items : Settings, com.android.settings/.Settings#UserHandle{0}
02-13 01:20:03.552 23245 25521 I HoneySpace.SuggestedItemsFacade: DPS items : Instagram, com.instagram.android/.activity.MainTabActivity#UserHandle{0}
02-13 01:20:03.552 23245 25521 I HoneySpace.FilteredItemProvider: collect filtered items o, [PK(p='com.tororide.driver', u=UserHandle{0}), PK(p='com.android.settings', u=UserHandle{0})]
02-13 01:20:03.553 23245 25521 I HoneySpace.FilteredItemProvider: collect filtered items i, []
02-13 01:20:03.553 23245 25521 I HoneySpace.FilteredItemProvider: collect filtered items e, [PK(p='com.samsung.android.appseparation', u=UserHandle{0})]
02-13 01:20:03.553 23245 25521 I HoneySpace.FilteredItemProvider: collect filtered items f, [PK(p='com.samsung.android.app.contacts', u=UserHandle{0}), PK(p='com.google.android.apps.tachyon', u=UserHandle{0}), PK(p='com.sec.android.app.camera', u=UserHandle{0}), PK(p='com.android.chrome', u=UserHandle{0}), PK(p='com.google.android.apps.subscriptions.red', u=UserHandle{0}), PK(p='com.samsung.android.dialer', u=UserHandle{0}), PK(p='com.microsoft.skydrive', u=UserHandle{0}), PK(p='com.sec.android.app.myfiles', u=UserHandle{0}), PK(p='com.google.android.googlequicksearchbox', u=UserHandle{0}), PK(p='com.android.settings', u=UserHandle{0}), PK(p='com.android.vending', u=UserHandle{0}), PK(p='com.google.android.apps.bard', u=UserHandle{0}), PK(p='com.samsung.knox.securefolder', u=UserHandle{0}), PK(p='com.sec.android.gallery3d', u=UserHandle{0}), PK(p='com.google.android.apps.messaging', u=UserHandle{0}), PK(p='com.samsung.android.messaging', u=UserHandle{0}), PK(p='com.google.android.gm', u=UserHandle{0}), PK(p='com.metropcs.metrozone', u=UserHandle{0})]
02-13 01:20:03.553 23245 25521 I HoneySpace.FilteredItemProvider: collect filtered items m, []
02-13 01:20:03.553 23245 25521 I HoneySpace.FilteredItemProvider: collect filtered items b, []
02-13 01:20:03.553 23245 25521 I HoneySpace.FilteredItemProvider: collect filtered items d, []
02-13 01:20:03.553 23245 25521 I HoneySpace.SuggestedItemsFacade: filteredItem : PK(p='com.tororide.driver', u=UserHandle{0})
02-13 01:20:03.553 23245 25521 I HoneySpace.SuggestedItemsFacade: filteredItem : PK(p='com.android.settings', u=UserHandle{0})
02-13 01:20:03.553 23245 25521 I HoneySpace.SuggestedItemsFacade: item removed by filter - PK(p='com.android.settings', u=UserHandle{0})
02-13 01:20:03.553 23245 25521 I HoneySpace.SuggestedItemsFacade: filteredItem : PK(p='com.samsung.android.appseparation', u=UserHandle{0})
02-13 01:20:03.553 23245 25521 I HoneySpace.SuggestedItemsFacade: filteredItem : PK(p='com.samsung.android.app.contacts', u=UserHandle{0})
02-13 01:20:03.553 23245 25521 I HoneySpace.SuggestedItemsFacade: filteredItem : PK(p='com.google.android.apps.tachyon', u=UserHandle{0})
02-13 01:20:03.553 23245 25521 I HoneySpace.SuggestedItemsFacade: filteredItem : PK(p='com.sec.android.app.camera', u=UserHandle{0})
02-13 01:20:03.553 23245 25521 I HoneySpace.SuggestedItemsFacade: filteredItem : PK(p='com.android.chrome', u=UserHandle{0})
02-13 01:20:03.553 23245 25521 I HoneySpace.SuggestedItemsFacade: item removed by filter - PK(p='com.android.chrome', u=UserHandle{0})
02-13 01:20:03.553 23245 25521 I HoneySpace.SuggestedItemsFacade: filteredItem : PK(p='com.google.android.apps.subscriptions.red', u=UserHandle{0})
02-13 01:20:03.553 23245 25521 I HoneySpace.SuggestedItemsFacade: filteredItem : PK(p='com.samsung.android.dialer', u=UserHandle{0})
02-13 01:20:03.553 23245 25521 I HoneySpace.SuggestedItemsFacade: filteredItem : PK(p='com.microsoft.skydrive', u=UserHandle{0})
02-13 01:20:03.553 23245 25521 I HoneySpace.SuggestedItemsFacade: filteredItem : PK(p='com.sec.android.app.myfiles', u=UserHandle{0})
02-13 01:20:03.553 23245 25521 I HoneySpace.SuggestedItemsFacade: filteredItem : PK(p='com.google.android.googlequicksearchbox', u=UserHandle{0})
02-13 01:20:03.553 23245 25521 I HoneySpace.SuggestedItemsFacade: filteredItem : PK(p='com.android.vending', u=UserHandle{0})
02-13 01:20:03.553 23245 25521 I HoneySpace.SuggestedItemsFacade: item removed by filter - PK(p='com.android.vending', u=UserHandle{0})
02-13 01:20:03.553 23245 25521 I HoneySpace.SuggestedItemsFacade: filteredItem : PK(p='com.google.android.apps.bard', u=UserHandle{0})
02-13 01:20:03.553 23245 25521 I HoneySpace.SuggestedItemsFacade: filteredItem : PK(p='com.samsung.knox.securefolder', u=UserHandle{0})
02-13 01:20:03.553 23245 25521 I HoneySpace.SuggestedItemsFacade: filteredItem : PK(p='com.sec.android.gallery3d', u=UserHandle{0})
02-13 01:20:03.553 23245 25521 I HoneySpace.SuggestedItemsFacade: filteredItem : PK(p='com.google.android.apps.messaging', u=UserHandle{0})
02-13 01:20:03.553 23245 25521 I HoneySpace.SuggestedItemsFacade: item removed by filter - PK(p='com.google.android.apps.messaging', u=UserHandle{0})
02-13 01:20:03.553 23245 25521 I HoneySpace.SuggestedItemsFacade: filteredItem : PK(p='com.samsung.android.messaging', u=UserHandle{0})
02-13 01:20:03.553 23245 25521 I HoneySpace.SuggestedItemsFacade: filteredItem : PK(p='com.google.android.gm', u=UserHandle{0})
02-13 01:20:03.553 23245 25521 I HoneySpace.SuggestedItemsFacade: item removed by filter - PK(p='com.google.android.gm', u=UserHandle{0})
02-13 01:20:03.553 23245 25521 I HoneySpace.SuggestedItemsFacade: filteredItem : PK(p='com.metropcs.metrozone', u=UserHandle{0})
02-13 01:20:03.553 23245 25521 I HoneySpace.SuggestedItemsFacade: after getFilteredDPSItems: 4 / max: 18
02-13 01:20:03.553 23245 25521 I HoneySpace.SuggestedAppsProvider[InstalledItems]: Initialized time=Thu Jan 29 15:05:10 MST 2026
02-13 01:20:03.555 23245 24770 I Kumiho-Kumiho: getPackageName: com.sec.android.app.launcher
02-13 01:20:03.555  1451 10291 W qdgralloc: getInterlacedFlag: getMetaData returned 3, defaulting to interlaced_flag = 0
02-13 01:20:03.556  1451 10291 W qdgralloc: getInterlacedFlag: getMetaData returned 3, defaulting to interlaced_flag = 0
02-13 01:20:03.557 23245 24770 I Kumiho-Kumiho: getPackageName: com.sec.android.app.launcher
02-13 01:20:03.557 23245 24770 I Kumiho-Kumiho: getPackageName: com.sec.android.app.launcher
02-13 01:20:03.558 23245 24770 I Kumiho-Kumiho: getPackageName: com.sec.android.app.launcher
02-13 01:20:03.559 23245 25521 I HoneySpace.FilteredItemProvider: collect filtered items o, [PK(p='com.tororide.driver', u=UserHandle{0}), PK(p='com.android.settings', u=UserHandle{0})]
02-13 01:20:03.560 23245 25521 I HoneySpace.FilteredItemProvider: collect filtered items i, []
02-13 01:20:03.560 23245 25521 I HoneySpace.FilteredItemProvider: collect filtered items e, [PK(p='com.samsung.android.appseparation', u=UserHandle{0})]
02-13 01:20:03.560 23245 25521 I HoneySpace.FilteredItemProvider: collect filtered items f, [PK(p='com.samsung.android.app.contacts', u=UserHandle{0}), PK(p='com.google.android.apps.tachyon', u=UserHandle{0}), PK(p='com.sec.android.app.camera', u=UserHandle{0}), PK(p='com.android.chrome', u=UserHandle{0}), PK(p='com.google.android.apps.subscriptions.red', u=UserHandle{0}), PK(p='com.samsung.android.dialer', u=UserHandle{0}), PK(p='com.microsoft.skydrive', u=UserHandle{0}), PK(p='com.sec.android.app.myfiles', u=UserHandle{0}), PK(p='com.google.android.googlequicksearchbox', u=UserHandle{0}), PK(p='com.android.settings', u=UserHandle{0}), PK(p='com.android.vending', u=UserHandle{0}), PK(p='com.google.android.apps.bard', u=UserHandle{0}), PK(p='com.samsung.knox.securefolder', u=UserHandle{0}), PK(p='com.sec.android.gallery3d', u=UserHandle{0}), PK(p='com.google.android.apps.messaging', u=UserHandle{0}), PK(p='com.samsung.android.messaging', u=UserHandle{0}), PK(p='com.google.android.gm', u=UserHandle{0}), PK(p='com.metropcs.metrozone', u=UserHandle{0})]
02-13 01:20:03.560 23245 25521 I HoneySpace.FilteredItemProvider: collect filtered items m, []
02-13 01:20:03.560 23245 25521 I HoneySpace.FilteredItemProvider: collect filtered items b, []
02-13 01:20:03.560 23245 25521 I HoneySpace.FilteredItemProvider: collect filtered items d, []
02-13 01:20:03.560 23245 25521 I HoneySpace.SuggestedAppsProvider: Collecting Start : P5.f@d5ebcff
02-13 01:20:03.560 23245 25521 I HoneySpace.SuggestedAppsProvider: Collecting Start : P5.z@61919f4
02-13 01:20:03.561 23245 25521 I HoneySpace.SuggestedAppsProvider[UsedCountItems]: usageStats: 5, filter: 20, 18
02-13 01:20:03.562 23245 25521 W HoneySpace.SuggestedAppsItemMaker: Fail to create ItemInfo from com.google.android.permissioncontroller
02-13 01:20:03.562 23245 25521 W HoneySpace.SuggestedAppsItemMaker: Fail to get item com.google.android.permissioncontroller
02-13 01:20:03.562 23245 25521 I HoneySpace.SuggestedAppsProvider: Collecting Start : P5.j@22c8392
02-13 01:20:03.562 23245 25521 I HoneySpace.SuggestedAppsProvider: Collecting Start : P5.n@1f6b163
02-13 01:20:03.562 23245 25521 I HoneySpace.SuggestedItemsFacade: getFinalItems() : 14 / 15, 18
02-13 01:20:03.562 23245 25521 I HoneySpace.SuggestedItemsFacade: getFinalItems : Facebook, com.facebook.katana/.LoginActivity#UserHandle{0}
02-13 01:20:03.562 23245 25521 I HoneySpace.SuggestedItemsFacade: getFinalItems : WhatsApp, com.whatsapp/.Main#UserHandle{0}
02-13 01:20:03.562 23245 25521 I HoneySpace.SuggestedItemsFacade: getFinalItems : Instagram, com.instagram.android/.activity.MainTabActivity#UserHandle{0}
02-13 01:20:03.562 23245 25521 I HoneySpace.SuggestedItemsFacade: getFinalItems : toro, com.tororide.rider/.MainActivity#UserHandle{0}
02-13 01:20:03.562 23245 25521 I HoneySpace.SuggestedItemsFacade: getFinalItems : Smart Switch, com.sec.android.easyMover/.ui.launch.LauncherActivity#UserHandle{0}
02-13 01:20:03.562 23245 25521 I HoneySpace.SuggestedItemsFacade: getFinalItems : Metro Play, com.metro.minus1/com.sliide.headlines.v2.activities.MainActivity#UserHandle{0}
02-13 01:20:03.562 23245 25521 I HoneySpace.SuggestedItemsFacade: getFinalItems : Calculator, com.sec.android.app.popupcalculator/.Calculator#UserHandle{0}
02-13 01:20:03.562 23245 25521 I HoneySpace.SuggestedItemsFacade: getFinalItems : Calendar, com.samsung.android.calendar/com.samsung.android.app.calendar.activity.MainActivity#UserHandle{0}
02-13 01:20:03.562 23245 25521 I HoneySpace.SuggestedItemsFacade: getFinalItems : Clock, com.sec.android.app.clockpackage/.ClockPackage#UserHandle{0}
02-13 01:20:03.562 23245 25521 I HoneySpace.SuggestedItemsFacade: getFinalItems : Notes, com.samsung.android.app.notes/.memolist.MemoListActivity#UserHandle{0}
02-13 01:20:03.562 23245 25521 I HoneySpace.SuggestedItemsFacade: getFinalItems : Health, com.sec.android.app.shealth/com.samsung.android.app.shealth.home.HomeMainActivity#UserHandle{0}
02-13 01:20:03.562 23245 25521 I HoneySpace.SuggestedItemsFacade: getFinalItems : Internet, com.sec.android.app.sbrowser/.SBrowserMainActivity#UserHandle{0}
02-13 01:20:03.562 23245 25521 I HoneySpace.SuggestedItemsFacade: getFinalItems : Store, com.sec.android.app.samsungapps/.SamsungAppsMainActivity#UserHandle{0}
02-13 01:20:03.562 23245 25521 I HoneySpace.SuggestedItemsFacade: getFinalItems : YouTube, com.google.android.youtube/.app.honeycomb.Shell$HomeActivity#UserHandle{0}
02-13 01:20:03.562 23245 25521 I HoneySpace.SuggestedAppsRepositoryImpl: fetchSuggestedApps() end: 14, isDPSAvailable: true
02-13 01:20:03.563 23245 25521 I HoneySpace.HistoryViewModel@57639613@HomeOnly: classify subHotseat items, mode:Base
02-13 01:20:03.568 28496 28543 E ashmem  : Pinning is deprecated since Android Q. Please use trim or other methods.
02-13 01:20:03.583  2407  2741 D InetDiagMessage: Destroyed 0 sockets, proto=IPPROTO_TCP, family=AF_INET, states=14
02-13 01:20:03.586  2407  2741 D InetDiagMessage: Destroyed 0 sockets, proto=IPPROTO_TCP, family=AF_INET6, states=14
02-13 01:20:03.586  2407  2741 D InetDiagMessage: Destroyed live tcp sockets for uids={10193} in 6ms
02-13 01:20:03.586 28496 28496 I cqjc    : Initializing GMS Compliance Client Library...
02-13 01:20:03.587 28496 28496 I cqjc    : Checking for device compliance...
02-13 01:20:03.587  2407  2741 D InetDiagMessage: Destroyed 0 sockets, proto=IPPROTO_TCP, family=AF_INET, states=14
02-13 01:20:03.587 28496 28496 I cqjc    : Completed library init.
02-13 01:20:03.588  2407  2741 D InetDiagMessage: Destroyed 0 sockets, proto=IPPROTO_TCP, family=AF_INET6, states=14
02-13 01:20:03.589  2407  2741 D InetDiagMessage: Destroyed live tcp sockets for uids={20193} in 2ms
02-13 01:20:03.590 23245 23245 I HoneySpace.HistoryViewModel@57639613@HomeOnly: loadItem(HOTSEATBAR) : recentApp=id:-1027 label:TORO Driver componnet:com.tororide.driver/.MainActivity#UserHandle{0} badgeCount:0  drag:false iconState:NONE, displayId:-1, deskId:-1, taskInfo=[[id=1216 windowingMode=1 user=0 lastActiveTime=706509044] null], isRunning=false, isMinimized=false, [1216]
02-13 01:20:03.590 23245 23245 I HoneySpace.HistoryViewModel@57639613@HomeOnly: loadItem(HOTSEATBAR) : suggestedApp=id:-1025 label:Facebook componnet:com.facebook.katana/.LoginActivity#UserHandle{0} badgeCount:0  drag:false iconState:NONE, isRunning=false, isMinimized=false, [-1]
02-13 01:20:03.590 23245 23245 I HoneySpace.HistoryViewModel@57639613@HomeOnly: loadItem(HOTSEATBAR) : suggestedApp=id:-1038 label:WhatsApp componnet:com.whatsapp/.Main#UserHandle{0} badgeCount:0  drag:false iconState:NONE, isRunning=false, isMinimized=false, [-1]
02-13 01:20:03.590 23245 23245 I HoneySpace.HistoryTaskView@203412075@HomeOnly: loading ? false
02-13 01:20:03.590 23245 23245 I HoneySpace.HistoryTaskView@203412075@HomeOnly: current state com.honeyspace.sdk.HomeScreen$Normal@5e37a51
02-13 01:20:03.591  2407  2741 D InetDiagMessage: Destroyed 0 sockets, proto=IPPROTO_TCP, family=AF_INET, states=14
02-13 01:20:03.592 10162 10269 D PipelineWatcher: onInputBufferReleased: frameIndex not found (76323); ignored
02-13 01:20:03.592  2407  2811 D BackgroundInstallControlService: Package event received: 0
02-13 01:20:03.592  2407  2741 D InetDiagMessage: Destroyed 0 sockets, proto=IPPROTO_TCP, family=AF_INET6, states=14
02-13 01:20:03.593  2407  2741 D InetDiagMessage: Destroyed live tcp sockets for uids={10209} in 3ms
02-13 01:20:03.593  1478  2594 V APM_AudioPolicyManager: setAppState(portId:259, state:2)
02-13 01:20:03.594  2407  2741 D InetDiagMessage: Destroyed 0 sockets, proto=IPPROTO_TCP, family=AF_INET, states=14
02-13 01:20:03.595  1478  1478 V APM_AudioPolicyManager: setAppState(portId:259, state:2)
02-13 01:20:03.595  2407  2741 D InetDiagMessage: Destroyed 0 sockets, proto=IPPROTO_TCP, family=AF_INET6, states=14
02-13 01:20:03.595  2407  2741 D InetDiagMessage: Destroyed live tcp sockets for uids={20209} in 2ms
02-13 01:20:03.595  1478  2594 V APM_AudioPolicyManager: setAppState(portId:259, state:2)
02-13 01:20:03.609 28496 28496 I eykm    : (REDACTED) Scoped context discovery schemas: %s.
02-13 01:20:03.624  1323  3698 D vendor.qti.bluetooth@1.0-wake_lock: Release wakelock is released 
02-13 01:20:03.650  1336  8837 I sensors-hal: handle_sns_client_event:49, ambient_light_event: ts=706763750441986, event=0.000000
02-13 01:20:03.656  1451 10291 W qdgralloc: getInterlacedFlag: getMetaData returned 3, defaulting to interlaced_flag = 0
02-13 01:20:03.656  1451 10291 W qdgralloc: getInterlacedFlag: getMetaData returned 3, defaulting to interlaced_flag = 0
02-13 01:20:03.665 28496 28496 I bpuc    : (REDACTED) Dismissing old window %s
02-13 01:20:03.681 28496 28540 I cqjc    : (REDACTED) Device Compliance Fetch time taken = %sms
02-13 01:20:03.681 28496 28540 I cqjc    : Device is compliant!
02-13 01:20:03.682 28496 28540 I cqjc    : Invoking "compliant" action...
02-13 01:20:03.685 28496 28496 I Dialog  : mIsDeviceDefault = false, mIsSamsungBasicInteraction = false, isMetaDataInActivity = false
02-13 01:20:03.685 28496 28496 I bpuc    : (REDACTED) Created new binder managed window %s
02-13 01:20:03.685 28496 28496 I bpuc    : (REDACTED) WindowRefsActive: %d, TouchableWindowRefsActive: %b
02-13 01:20:03.685 28496 28496 I bpuk    : (REDACTED) MinusoneConfigDbg windowAttached config=%s
02-13 01:20:03.685 28496 28496 I bpuk    : (REDACTED) windowAttached start logFlowId=%s, configuration=%s, acetoneState=%s, overlayWindow=%s, fragmentHost=%s, binderManagedWindow=%s, params=%s
02-13 01:20:03.693 28496 28496 I bpuk    : (REDACTED) onDestroy: isRecreating: %s
02-13 01:20:03.697 23245 23245 I HoneySpace.HomeView: updateResourceData Google Discover 2131234785
02-13 01:20:03.699 10162 10269 D PipelineWatcher: onInputBufferReleased: frameIndex not found (76324); ignored
02-13 01:20:03.704 28496 28496 I bpuk    : onStart
02-13 01:20:03.704 28496 28496 I bpuk    : onResume
02-13 01:20:03.750  1336  8837 I sensors-hal: handle_sns_client_event:49, ambient_light_event: ts=706763850427976, event=0.000000
02-13 01:20:03.762  1451 10291 W qdgralloc: getInterlacedFlag: getMetaData returned 3, defaulting to interlaced_flag = 0
02-13 01:20:03.763  1451 10291 W qdgralloc: getInterlacedFlag: getMetaData returned 3, defaulting to interlaced_flag = 0
02-13 01:20:03.818 10162 10269 D PipelineWatcher: onInputBufferReleased: frameIndex not found (76325); ignored
02-13 01:20:03.850  1336  8837 I sensors-hal: handle_sns_client_event:49, ambient_light_event: ts=706763950444486, event=0.000000
02-13 01:20:03.854 22258 22258 I InputMethodService: removeImeSurface
02-13 01:20:03.854 22258 22258 I InputMethodService: cancelImeSurfaceRemoval: removeCallbacks
02-13 01:20:03.858   876   876 I lmkd    : 0(delay), 0(swap), 50(freelimit), 0(reentrymode) memory pressure events were skipped after a kill!
02-13 01:20:03.866  1451 10291 W qdgralloc: getInterlacedFlag: getMetaData returned 3, defaulting to interlaced_flag = 0
02-13 01:20:03.867  1451 10291 W qdgralloc: getInterlacedFlag: getMetaData returned 3, defaulting to interlaced_flag = 0
02-13 01:20:03.891  2407  2813 I ChimeraPolicyHandler: onPsiMonitorTriggered() - psiLevel: 0
02-13 01:20:03.892  2407  2813 I ChimeraAggressivePolicyHandler: executePolicy() - triggerSource: TRIGGER_SOURCE_PSI_MEM_MONITOR
02-13 01:20:03.895  2407  2813 I ChimeraAggressivePolicyHandler: memAvailable: 408848, memFreeTarget: 768000, releaseTarget:359152, protectedLruCount: 8
02-13 01:20:03.896 10162 10269 D PipelineWatcher: onInputBufferReleased: frameIndex not found (76326); ignored
02-13 01:20:03.900  2407  2813 W Binder  : Outgoing transactions from this process must be FLAG_ONEWAY
02-13 01:20:03.900  2407  2813 W Binder  : java.lang.Throwable
02-13 01:20:03.900  2407  2813 W Binder  : 	at android.os.BinderProxy.transact(BinderProxy.java:566)
02-13 01:20:03.900  2407  2813 W Binder  : 	at android.bluetooth.IBluetoothGatt$Stub$Proxy.getAdvertisingSetUids(IBluetoothGatt.java:1678)
02-13 01:20:03.900  2407  2813 W Binder  : 	at android.bluetooth.BluetoothAdapter.getAdvertisingSetUids(BluetoothAdapter.java:8476)
02-13 01:20:03.900  2407  2813 W Binder  : 	at android.bluetooth.BluetoothAdapter.getHWUsingApps(BluetoothAdapter.java:1342)
02-13 01:20:03.900  2407  2813 W Binder  : 	at com.android.server.chimera.ChimeraAppClassifier$$ExternalSyntheticLambda1.apply(qb/105473714 599fce78b3695db4cc672309f9cd7d5f39a3849fc351a5f322ff67c71f86eb71:3)
02-13 01:20:03.900  2407  2813 W Binder  : 	at java.util.Optional.map(Optional.java:260)
02-13 01:20:03.900  2407  2813 W Binder  : 	at com.android.server.chimera.ChimeraAppManager.getAppsToKill(qb/105473714 599fce78b3695db4cc672309f9cd7d5f39a3849fc351a5f322ff67c71f86eb71:789)
02-13 01:20:03.900  2407  2813 W Binder  : 	at com.android.server.chimera.AggressivePolicyHandler.executePolicy(qb/105473714 599fce78b3695db4cc672309f9cd7d5f39a3849fc351a5f322ff67c71f86eb71:1038)
02-13 01:20:03.900  2407  2813 W Binder  : 	at com.android.server.chimera.PolicyHandler.onPsiMemMonitorEvent(qb/105473714 599fce78b3695db4cc672309f9cd7d5f39a3849fc351a5f322ff67c71f86eb71:21)
02-13 01:20:03.900  2407  2813 W Binder  : 	at com.android.server.chimera.SystemEventListener$SystemEventHandler.handleMessage(qb/105473714 599fce78b3695db4cc672309f9cd7d5f39a3849fc351a5f322ff67c71f86eb71:579)
02-13 01:20:03.900  2407  2813 W Binder  : 	at android.os.Handler.dispatchMessage(Handler.java:110)
02-13 01:20:03.900  2407  2813 W Binder  : 	at android.os.Looper.loopOnce(Looper.java:273)
02-13 01:20:03.900  2407  2813 W Binder  : 	at android.os.Looper.loop(Looper.java:363)
02-13 01:20:03.900  2407  2813 W Binder  : 	at android.os.HandlerThread.run(HandlerThread.java:85)
02-13 01:20:03.907  2407  2813 I NSLocationMonitor: getGPSUsingApps() called
02-13 01:20:03.908 24447 24522 I NSLocationManager_FLP: getGPSUsingApps, No change
02-13 01:20:03.912  2407  2813 I ChimeraAggressivePolicyHandler: Start doKill, protected policy: HEAVY
02-13 01:20:03.918  2407  2813 I ChimeraAggressivePolicyHandler: Killed on trigger0 : com.sec.android.provider.badge[28193, 28217], freed: 68516, 15010046[28217,28193]:G2(0x20000) score=58.4(19 10/10 68516), pids: 28217 28193 / stats: 19 19 / adjs: 945 955 
02-13 01:20:03.919  2407  2813 I ActivityManager: Killing 28217:com.sec.android.provider.badge/u150a46 (adj 945): Chimera #0
02-13 01:20:03.920  1478  2594 V APM_AudioPolicyManager: setAppState(portId:259, state:2)
02-13 01:20:03.921  2407  2485 D DeviceReportingSecurityChecker: getStatus
02-13 01:20:03.923  1513  1748 D DisplayModeController: setDesiredMode 4630946835308409729 {mode={fps=60.00 Hz, modePtr={id=1, vsyncRate=60.00 Hz, peakRefreshRate=60.00 Hz}}, emitEvent=false, force=false}
02-13 01:20:03.926  2407  2485 D DeviceReportingSecurityChecker: mIsICDStatus is true
02-13 01:20:03.926  2407  2485 D DeviceReportingSecurityChecker: mIsSim is true
02-13 01:20:03.926  2407  2485 D DeviceReportingSecurityChecker: mIsEchoAppSignature is true
02-13 01:20:03.926  2407  2485 D DeviceReportingSecurityChecker: security check passed
02-13 01:20:03.926  2407  2485 D DeviceReportingSecurityChecker: mIsICDStatus === true mIsSim == true mIsMyAccountSignature== false mIsEchoAppSignature== true mIsSprintHubSignature== false
02-13 01:20:03.927  2407  2485 D AppStateBroadcaster: TMO killProcesses
02-13 01:20:03.929  2407  2813 D ActivityManager: proc ProcessRecord{21fd0e1 28217:com.sec.android.provider.badge/u150a46} already removed. so we skip next process.
02-13 01:20:03.935  2407  2407 I WALLPAPER_SVC:SemWallpaperManagerService: isHomeActivityVisible : true 
02-13 01:20:03.938  2407  2813 I ChimeraAggressivePolicyHandler: kill complete: killed 1 apps, freed 68516 KB
02-13 01:20:03.939  2407  2813 I ChimeraAggressivePolicyHandler: Skipped reason: CA, pids: 28098 24516 28237 28371 28372 28026 
02-13 01:20:03.939  2407  2813 I ChimeraAggressivePolicyHandler: Skipped reason: PE, pids: 26112 4932 4868 24139 3411 2964 12820 28309 3350 3159 4895 24543 4771 4972 3052 3437 22258 19507 4980 6262 24503 13560 3193 3259 24447 
02-13 01:20:03.939  2407  2813 I ChimeraAggressivePolicyHandler: Skipped reason: IN, pids: 27937 27874 27779 27115 27666 27834 
02-13 01:20:03.939  2407  2813 I ChimeraAggressivePolicyHandler: Skipped reason: AD, pids: 15680 24225 24130 24387 19812 24551 24469 19802 
02-13 01:20:03.939  2407  2813 I ChimeraAggressivePolicyHandler: Processing time(ms) 47
02-13 01:20:03.939  2407  2407 D WALLPAPER_SVC:WallpaperData: getWallpaperFile: file = /data/system/users/0/wallpaper_orig 
02-13 01:20:03.939  2407  2407 D WALLPAPER_SVC:WallpaperData: getWallpaperFile: file = /data/system/users/0/wallpaper_orig 
02-13 01:20:03.943  2407  2407 D WALLPAPER_SVC:WallpaperManagerService: dispatchHomeVisibilityChanged: visible = true, connection = com.android.server.wallpaper.WallpaperManagerService$WallpaperConnection@48b5d45, systemWallpaper = WallpaperData@a84c0ec, id: 2, which: 5, file mod: 0, info: null, engine(s): Proxy@32513e0, type = 0, userId = 0, uri= android.resource://com.samsung.android.wallpaper.res/drawable/Wallpaper_001.png, allowBackup= true, wallpaperComponent = ComponentInfo{com.android.systemui/com.android.systemui.wallpapers.ImageWallpaper}, nextWallpaperComponent = ComponentInfo{com.android.systemui/com.android.systemui.wallpapers.ImageWallpaper} 
02-13 01:20:03.952  1336  8837 I sensors-hal: handle_sns_client_event:49, ambient_light_event: ts=706764050431257, event=0.000000
02-13 01:20:03.959  2407  5076 V ActivityManager: Got obituary of 28217:com.sec.android.provider.badge
02-13 01:20:03.960  2407  2482 I libprocessgroup: Removed cgroup /sys/fs/cgroup/apps/uid_15010046/pid_28217
02-13 01:20:03.961  1264  1264 I Zygote  : Process 28217 exited due to signal 9 (Killed)
02-13 01:20:03.962  2407  2741 D InetDiagMessage: Destroyed 0 sockets, proto=IPPROTO_TCP, family=AF_INET, states=14
02-13 01:20:03.962  1451 10291 W qdgralloc: getInterlacedFlag: getMetaData returned 3, defaulting to interlaced_flag = 0
02-13 01:20:03.962  1451 10291 W qdgralloc: getInterlacedFlag: getMetaData returned 3, defaulting to interlaced_flag = 0
02-13 01:20:03.963  2407  2741 D InetDiagMessage: Destroyed 0 sockets, proto=IPPROTO_TCP, family=AF_INET6, states=14
02-13 01:20:03.963  2407  2741 D InetDiagMessage: Destroyed live tcp sockets for uids={15010193} in 1ms
02-13 01:20:03.964  2407  2741 D InetDiagMessage: Destroyed 0 sockets, proto=IPPROTO_TCP, family=AF_INET, states=14
02-13 01:20:03.964  2407  2741 D InetDiagMessage: Destroyed 0 sockets, proto=IPPROTO_TCP, family=AF_INET6, states=14
02-13 01:20:03.964  2407  2741 D InetDiagMessage: Destroyed live tcp sockets for uids={15020193} in 1ms
02-13 01:20:03.965 28237 28552 I SCS@AiSearch user 0: (JobServiceLoggingWorker) [androidx.work-3] entering in doWork():  
02-13 01:20:03.977 28237 28552 I SCS@AiSearch user 0: (JobServiceLoggingWorker) JobService Information:
02-13 01:20:03.977 28237 28552 I SCS@AiSearch user 0: JobId = 660, WorkId = 4a9b9d5e-b921-40dc-af35-8f580449913a, triggerUri = content://com.samsung.android.app.notes/data/document/update_multiple
02-13 01:20:03.977 28237 28552 I SCS@AiSearch user 0: JobId = 7054, WorkId = e47eceab-5387-444b-8462-ba7e4780abc0, triggerUri = content://com.android.contacts/contacts
02-13 01:20:03.977 28237 28552 I SCS@AiSearch user 0: JobId = 7063, WorkId = 27d1ad0c-69fb-4b79-b1fa-8a6c19df212b, triggerUri = content://media/external/file
02-13 01:20:03.977 28237 28552 I SCS@AiSearch user 0: JobId = 6959, WorkId = 645a7823-6898-45ae-bc57-36ce607f72a9, triggerUri = content://call_log
02-13 01:20:03.977 28237 28552 I SCS@AiSearch user 0: JobId = 6958, WorkId = 060169bd-f49f-4eec-8afb-6e8f96e3b8cc, triggerUri = content://com.sec.android.gallery3d.provider2/album_group
02-13 01:20:03.977 28237 28552 I SCS@AiSearch user 0: JobId = 665, WorkId = 4e1a3c06-ded8-44cf-af4a-fa72c5bf3f96, triggerUri = content://com.samsung.sec.android.clockpackage/alarm
02-13 01:20:03.977 28237 28552 I SCS@AiSearch user 0: JobId = 6956, WorkId = 68776836-7189-4201-a268-c864bd97b07a, triggerUri = content://com.android.calendar/events
02-13 01:20:03.977 28237 28552 I SCS@AiSearch user 0: JobId = 6955, WorkId = b415caac-e5b1-472e-a511-5a2d20f0edce, triggerUri = content://com.android.calendar/syncTasks
02-13 01:20:03.977 28237 28552 I SCS@AiSearch user 0: JobId = 659, WorkId = ad8ccc3b-a127-473e-8485-c72b7be24fe2, triggerUri = content://com.sec.android.app.voicenote.data.VNAIProvider/files
02-13 01:20:03.977 28237 28552 I SCS@AiSearch user 0: (JobServiceLoggingWorker) [androidx.work-3] leaving from doWork():  
02-13 01:20:03.979 28237 28288 I WM-WorkerWrapper: Worker result SUCCESS for Work [ id=821b3715-5f58-490a-8f61-9854e3c164a6, tags={ com.samsung.android.scs.ai.search.scheduling.workers.JobServiceLoggingWorker, JobServiceLoggingWorker } ]
02-13 01:20:03.984  2407  5076 W JobScheduler.JobStatus: Exempted app com.metropcs.metrozone considered buggy
02-13 01:20:03.984  2407  5076 W JobScheduler.JobStatus: Exempted app com.metropcs.metrozone considered buggy
02-13 01:20:03.986  2407  5076 W JobScheduler.JobStatus: Exempted app com.metropcs.metrozone considered buggy
02-13 01:20:03.986  2407  5076 W JobScheduler.JobStatus: Exempted app com.metropcs.metrozone considered buggy
02-13 01:20:03.986  2407  5076 W JobScheduler.JobStatus: Exempted app com.metropcs.metrozone considered buggy
02-13 01:20:03.995 10162 10269 D PipelineWatcher: onInputBufferReleased: frameIndex not found (76327); ignored
02-13 01:20:04.051  1336  8837 I sensors-hal: handle_sns_client_event:49, ambient_light_event: ts=706764150448549, event=0.000000
02-13 01:20:04.068  1451 10291 W qdgralloc: getInterlacedFlag: getMetaData returned 3, defaulting to interlaced_flag = 0
02-13 01:20:04.070  1451 10291 W qdgralloc: getInterlacedFlag: getMetaData returned 3, defaulting to interlaced_flag = 0
02-13 01:20:04.113 10162 10269 D PipelineWatcher: onInputBufferReleased: frameIndex not found (76328); ignored
02-13 01:20:04.143  2407  2741 D InetDiagMessage: Destroyed 0 sockets, proto=IPPROTO_TCP, family=AF_INET, states=14
02-13 01:20:04.145  2407  2741 D InetDiagMessage: Destroyed 0 sockets, proto=IPPROTO_TCP, family=AF_INET6, states=14
02-13 01:20:04.146  2407  2741 D InetDiagMessage: Destroyed live tcp sockets for uids={15010209} in 5ms
02-13 01:20:04.148  2407  2741 D InetDiagMessage: Destroyed 0 sockets, proto=IPPROTO_TCP, family=AF_INET, states=14
02-13 01:20:04.150  2407  2741 D InetDiagMessage: Destroyed 0 sockets, proto=IPPROTO_TCP, family=AF_INET6, states=14
02-13 01:20:04.151  1336  8837 I sensors-hal: handle_sns_client_event:49, ambient_light_event: ts=706764250433757, event=0.000000
02-13 01:20:04.151  2407  2741 D InetDiagMessage: Destroyed live tcp sockets for uids={15020209} in 5ms
02-13 01:20:04.171  1451 10291 W qdgralloc: getInterlacedFlag: getMetaData returned 3, defaulting to interlaced_flag = 0
02-13 01:20:04.172  1451 10291 W qdgralloc: getInterlacedFlag: getMetaData returned 3, defaulting to interlaced_flag = 0
02-13 01:20:04.223 10162 10269 D PipelineWatcher: onInputBufferReleased: frameIndex not found (76329); ignored
02-13 01:20:04.250  1336  8837 I sensors-hal: handle_sns_client_event:49, ambient_light_event: ts=706764350450789, event=0.000000
02-13 01:20:04.264  3159 21719 W AlarmManager: Unrecognized alarm listener com.android.networkstack.android.net.ip.IpClientLinkObserver$Dhcp6PdPreferredPrefixAlarmListener@dcb4e71
02-13 01:20:04.266  3159 21719 D ApfFilter: (wlan0): Ignoring RA RA fe80::deeb:69ff:fe6d:f19e -> ff02::1 180s 2600:8800:2918:cb00::/64 300s/300s RIO 180s ::/0  which matches RA fe80::deeb:69ff:fe6d:f19e -> ff02::1 180s 2600:8800:2918:cb00::/64 300s/300s RIO 180s ::/0 
02-13 01:20:04.270  1451 10291 W qdgralloc: getInterlacedFlag: getMetaData returned 3, defaulting to interlaced_flag = 0
02-13 01:20:04.271  1451 10291 W qdgralloc: getInterlacedFlag: getMetaData returned 3, defaulting to interlaced_flag = 0
02-13 01:20:04.299 10162 10269 D PipelineWatcher: onInputBufferReleased: frameIndex not found (76330); ignored
02-13 01:20:04.308  2407  2813 I ChimeraAggressivePolicyHandler: executePolicy() - triggerSource: TRIGGER_SOURCE_HOME_IDLE
02-13 01:20:04.311  2407  2813 I ChimeraAggressivePolicyHandler: memAvailable: 403932, memFreeTarget: 768000, releaseTarget:364068, protectedLruCount: 7
02-13 01:20:04.321  2407  2813 I NSLocationMonitor: getGPSUsingApps() called
02-13 01:20:04.322 24447 24522 I NSLocationManager_FLP: getGPSUsingApps, No change
02-13 01:20:04.326  2407  2813 I ChimeraAggressivePolicyHandler: Start doKill, protected policy: NORMAL
02-13 01:20:04.327  4713 28491 I NearbyMediums: No BLE Fast/GATT advertisements found in the latest cycle.
02-13 01:20:04.328  4713 28491 I NearbyMediums: Current Tracked Scanning Clients are : {NearbyConnections.EnvironmentMonitor, NearbySharing, NearbyConnections.TxAdvertisement}
02-13 01:20:04.340  2407  2813 I ChimeraAggressivePolicyHandler: kill complete: killed 0 apps, freed 0 KB
02-13 01:20:04.340  2407  2813 I ChimeraAggressivePolicyHandler: Start doKill, protected policy: HEAVY
02-13 01:20:04.347  2407  2813 I ChimeraAggressivePolicyHandler: kill complete: killed 0 apps, freed 0 KB
02-13 01:20:04.347  2407  2813 I ChimeraAggressivePolicyHandler: Skipped reason: CA, pids: 28098 24516 28460 28237 28370 28371 28372 28026 
02-13 01:20:04.348  2407  2813 I ChimeraAggressivePolicyHandler: Skipped reason: PE, pids: 26112 4932 4868 24139 3411 2964 12820 28309 3350 3159 4895 24543 4771 4972 3052 3437 22258 19507 4980 6262 24503 13560 3193 3259 24447 
02-13 01:20:04.348  2407  2813 I ChimeraAggressivePolicyHandler: Skipped reason: IN, pids: 27937 28193 27874 27779 27115 27666 27834 
02-13 01:20:04.348  2407  2813 I ChimeraAggressivePolicyHandler: Skipped reason: AD, pids: 15680 24225 24130 24387 19812 24551 24469 19802 
02-13 01:20:04.348  2407  2813 I ChimeraAggressivePolicyHandler: Processing time(ms) 40
02-13 01:20:04.350  1336  8837 I sensors-hal: handle_sns_client_event:49, ambient_light_event: ts=706764450437559, event=0.000000
02-13 01:20:04.357  2407  2813 I NSLocationMonitor: getGPSUsingApps() called
02-13 01:20:04.358 24447 24522 I NSLocationManager_FLP: getGPSUsingApps, No change
02-13 01:20:04.371  1451 10291 W qdgralloc: getInterlacedFlag: getMetaData returned 3, defaulting to interlaced_flag = 0
02-13 01:20:04.372  1451 10291 W qdgralloc: getInterlacedFlag: getMetaData returned 3, defaulting to interlaced_flag = 0
02-13 01:20:04.411 10162 10269 D PipelineWatcher: onInputBufferReleased: frameIndex not found (76331); ignored
02-13 01:20:04.420  2407  2813 I ChimeraPolicyHandler: get camera process's pid: 1810 name: cameraserver
02-13 01:20:04.432  2407  2813 I ChimeraPolicyHandler: get camera process's pid: 4932 name: com.sec.android.app.camera
02-13 01:20:04.449   984   984 D io_stats: !@   8,0 r 148648028 2441465744 w 8339836 308366864 d 1228285 393969940 f 587313 1843892 iot 29064700 0 th 0 0 0 pt 0 inp 0 0 691998.936
02-13 01:20:04.450  1336  8837 I sensors-hal: handle_sns_client_event:49, ambient_light_event: ts=706764550454070, event=0.000000
02-13 01:20:04.451  2407  2813 I ChimeraPolicyHandler: get camera process's pid success and Processing time(ms): 91
02-13 01:20:04.552  1336  8837 I sensors-hal: handle_sns_client_event:49, ambient_light_event: ts=706764650440059, event=0.000000
02-13 01:20:04.651  1336  8837 I sensors-hal: handle_sns_client_event:49, ambient_light_event: ts=706764750457091, event=0.000000
02-13 01:20:04.750  1336  8837 I sensors-hal: handle_sns_client_event:49, ambient_light_event: ts=706764850443080, event=0.000000
02-13 01:20:04.791 28370 28471 V ClearcutMetricXmitter: Transmission is done.
02-13 01:20:04.795 28370 28471 V ClearcutMetricXmitter: Transmission is done.
02-13 01:20:04.809 28371 28397 V ClearcutMetricXmitter: Transmission is done.
02-13 01:20:04.810 28371 28397 V ClearcutMetricXmitter: Transmission is done.
02-13 01:20:04.850  1336  8837 I sensors-hal: handle_sns_client_event:49, ambient_light_event: ts=706764950429851, event=0.000000
02-13 01:20:04.951  1336  8837 I sensors-hal: handle_sns_client_event:49, ambient_light_event: ts=706765050446361, event=0.000000
02-13 01:20:05.050  1336  8837 I sensors-hal: handle_sns_client_event:49, ambient_light_event: ts=706765150433132, event=0.000000
02-13 01:20:05.151  1336  8837 I sensors-hal: handle_sns_client_event:49, ambient_light_event: ts=706765250449382, event=0.000000
02-13 01:20:05.251  1336  8837 I sensors-hal: handle_sns_client_event:49, ambient_light_event: ts=706765350436153, event=0.000000
02-13 01:20:05.251  1323  3855 I vendor.qti.bluetooth@1.0-ibs_handler: ProcessIbsCmd: Received IBS_WAKE_IND: 0xFD
02-13 01:20:05.251  1323  3855 D vendor.qti.bluetooth@1.0-ibs_handler: SerialClockVote: vote for UART CLK ON
02-13 01:20:05.252  1323  3855 D vendor.qti.bluetooth@1.0-wake_lock: Acquire wakelock is acquired 
02-13 01:20:05.252  1323  3855 I vendor.qti.bluetooth@1.0-ibs_handler: ProcessIbsCmd: Writing IBS_WAKE_ACK
02-13 01:20:05.326  1323  3855 I vendor.qti.bluetooth@1.0-ibs_handler: ProcessIbsCmd: Received IBS_SLEEP_IND: 0xFE
02-13 01:20:05.326  1323  3855 D vendor.qti.bluetooth@1.0-ibs_handler: SerialClockVote: vote for UART CLK OFF
02-13 01:20:05.338  1323  3855 I vendor.qti.bluetooth@1.0-ibs_handler: ProcessIbsCmd: Received IBS_WAKE_IND: 0xFD
02-13 01:20:05.338  1323  3855 D vendor.qti.bluetooth@1.0-ibs_handler: SerialClockVote: vote for UART CLK ON
02-13 01:20:05.339  1323  3855 I vendor.qti.bluetooth@1.0-ibs_handler: ProcessIbsCmd: Writing IBS_WAKE_ACK
02-13 01:20:05.344  1451 10291 I QC2Comp : [avcE_270] Stats: Pending(0) i/p-done(0) Works: Q: 76332/Done 76332|Work-Rate: Q(25.0/s Avg=3.9/s) Done(26.797/s Avg=3.930/s)| Stream: 10.00fps 876.4Kbps
02-13 01:20:05.344  1451 10291 I QC2Comp : [avcE_270] Mem-usage:  [In-2D: 18 bufs 140.625 MB] [2D-Conv-436: 65 bufs 152.344 MB] [1D-435: 65 bufs 152.344 MB] [1D-437: 12 bufs 0.188 MB] | Total: 445.500 MB
02-13 01:20:05.351  3350  3876 I ScanController: onScanResult to scannerId: 6- eventType=0x1b, addressType=1, address=XX:XX:XX:XX:7A:55, primaryPhy=1, secondaryPhy=0, advertisingSid=0xff, txPower=127, rssi=-88, periodicAdvInt=0x0
02-13 01:20:05.352  1336  8837 I sensors-hal: handle_sns_client_event:49, ambient_light_event: ts=706765450452403, event=0.000000
02-13 01:20:05.356  4713  7387 I NearbyPresence: [NP_DEBUG] Using Java decoder [CONTEXT service_id=317 ]
02-13 01:20:05.450  1336  8837 I sensors-hal: handle_sns_client_event:49, ambient_light_event: ts=706765550438393, event=0.000000
02-13 01:20:05.459  1323  3855 I vendor.qti.bluetooth@1.0-ibs_handler: ProcessIbsCmd: Received IBS_SLEEP_IND: 0xFE
02-13 01:20:05.459  2407 21843 D SemWifiUsabilityStatsMonitor: onWifiUsabilityStats - seqNum 182406, isSameBssidAndFreq true
02-13 01:20:05.459  1323  3855 D vendor.qti.bluetooth@1.0-ibs_handler: SerialClockVote: vote for UART CLK OFF
02-13 01:20:05.552  1336  8837 I sensors-hal: handle_sns_client_event:49, ambient_light_event: ts=706765650455945, event=0.000000
02-13 01:20:05.610  1323  3698 D vendor.qti.bluetooth@1.0-wake_lock: Release wakelock is released 
02-13 01:20:05.650  1336  8837 I sensors-hal: handle_sns_client_event:49, ambient_light_event: ts=706765750442195, event=0.000000
02-13 01:20:05.731  1478  2594 V APM_AudioPolicyManager: setAppState(portId:259, state:2)
02-13 01:20:05.751  1336  8837 I sensors-hal: handle_sns_client_event:49, ambient_light_event: ts=706765850428445, event=0.000000
02-13 01:20:05.794  1455  1455 E sehhealth-service: sehtBinder.get() is null
02-13 01:20:05.850  1336  8837 I sensors-hal: handle_sns_client_event:49, ambient_light_event: ts=706765950445216, event=0.000000
02-13 01:20:05.951  1336  8837 I sensors-hal: handle_sns_client_event:49, ambient_light_event: ts=706766050430684, event=0.000000
02-13 01:20:06.051  1336  8837 I sensors-hal: handle_sns_client_event:49, ambient_light_event: ts=706766150447455, event=0.000000
02-13 01:20:06.150  1336  8837 I sensors-hal: handle_sns_client_event:49, ambient_light_event: ts=706766250433705, event=0.000000
02-13 01:20:06.201 10162 10264 I MediaCodec: setCodecState state(0), called in 6, domain 1, 0
02-13 01:20:06.239  4980  5313 I SemMediaResourceHelper: onState
02-13 01:20:06.242  4980  5313 I SemDvfsHyPerManager: acquire hyper - BaseTABoost/4980@1, type = -999
02-13 01:20:06.245  1344  1450 I HYPER-HAL: [RequestManager.cpp]acquire(): Acquired ID : 12407672  [4980 / 1]    HINT :      list : [TABoost / 1] 
02-13 01:20:06.250  1336  8837 I sensors-hal: handle_sns_client_event:49, ambient_light_event: ts=706766350450476, event=0.000000
02-13 01:20:06.302  2407  4975 E TaskPersister: File error accessing recents directory (directory doesn't exist?).
02-13 01:20:06.350  1336  8837 I sensors-hal: handle_sns_client_event:49, ambient_light_event: ts=706766450436726, event=0.000000
02-13 01:20:06.450   984   984 D io_stats: !@   8,0 r 148648828 2441469624 w 8339843 308366888 d 1228285 393969940 f 587313 1843893 iot 29064804 0 th 0 0 0 pt 0 inp 0 0 692000.937
02-13 01:20:06.453   984   984 D io_stats: !@ Read_top(KB): chbox:googleapp(28496) 51396 id.app.launcher(23245) 12872 gle.android.tts(27680) 4876
02-13 01:20:06.453   984   984 D io_stats: !@ Write_top(KB): f2fs_ckpt-254:5(1076) 420 roid.honeyboard(22258) 72 system_server(2407) 16
02-13 01:20:06.453  1336  8837 I sensors-hal: handle_sns_client_event:49, ambient_light_event: ts=706766550453497, event=0.000000
02-13 01:20:06.551  1336  8837 I sensors-hal: handle_sns_client_event:49, ambient_light_event: ts=706766650440007, event=0.000000
02-13 01:20:06.607  1868 10272 D BufferPoolAccessor2.0: bufferpool2 0xb400006f62c01e28 : 5(13500 size) total buffers - 1(3000 size) used buffers - 971167/971172 (recycle/alloc) - 15/971170 (fetch/transfer)
02-13 01:20:06.651  1336  8837 I sensors-hal: handle_sns_client_event:49, ambient_light_event: ts=706766750456518, event=0.000000
02-13 01:20:06.750  1336  8837 I sensors-hal: handle_sns_client_event:49, ambient_light_event: ts=706766850443028, event=0.000000
02-13 01:20:06.850  1336  8837 I sensors-hal: handle_sns_client_event:49, ambient_light_event: ts=706766950429278, event=0.000000
02-13 01:20:06.951  1336  8837 I sensors-hal: handle_sns_client_event:49, ambient_light_event: ts=706767050446049, event=0.000000
02-13 01:20:07.001  1809  1809 I CNSS    : /sys/wifi/dump_in_progress file read permission doesn't exist
02-13 01:20:07.002  1809  1809 I CNSS    : /sys/wifi/max_chipset_log_size doesn't exist
02-13 01:20:07.006  1323  3855 I vendor.qti.bluetooth@1.0-ibs_handler: ProcessIbsCmd: Received IBS_WAKE_IND: 0xFD
02-13 01:20:07.007  1323  3855 D vendor.qti.bluetooth@1.0-ibs_handler: SerialClockVote: vote for UART CLK ON
02-13 01:20:07.007  1323  3855 D vendor.qti.bluetooth@1.0-wake_lock: Acquire wakelock is acquired 
02-13 01:20:07.007  1323  3855 I vendor.qti.bluetooth@1.0-ibs_handler: ProcessIbsCmd: Writing IBS_WAKE_ACK
02-13 01:20:07.032  3350  3876 I ScanController: onScanResult to scannerId: 6- eventType=0x1b, addressType=1, address=XX:XX:XX:XX:70:85, primaryPhy=1, secondaryPhy=0, advertisingSid=0xff, txPower=127, rssi=-85, periodicAdvInt=0x0
02-13 01:20:07.050  1336  8837 I sensors-hal: handle_sns_client_event:49, ambient_light_event: ts=706767150432299, event=0.000000
02-13 01:20:07.075 10162 10263 D BufferPoolAccessor2.0: bufferpool2 0xb400007780129428 : 5(19200 size) total buffers - 4(15360 size) used buffers - 971193/971198 (recycle/alloc) - 2116/1942387 (fetch/transfer)
02-13 01:20:07.151  1336  8837 I sensors-hal: handle_sns_client_event:49, ambient_light_event: ts=706767250448809, event=0.000000
02-13 01:20:07.223  1323  3855 I vendor.qti.bluetooth@1.0-ibs_handler: ProcessIbsCmd: Received IBS_SLEEP_IND: 0xFE
02-13 01:20:07.224  1323  3855 D vendor.qti.bluetooth@1.0-ibs_handler: SerialClockVote: vote for UART CLK OFF
02-13 01:20:07.250  1336  8837 I sensors-hal: handle_sns_client_event:49, ambient_light_event: ts=706767350435059, event=0.000000
02-13 01:20:07.341  3159 21719 W AlarmManager: Unrecognized alarm listener com.android.networkstack.android.net.ip.IpClientLinkObserver$Dhcp6PdPreferredPrefixAlarmListener@dcb4e71
02-13 01:20:07.343  3159 21719 D ApfFilter: (wlan0): Ignoring RA RA fe80::deeb:69ff:fe6d:f19e -> ff02::1 180s 2600:8800:2918:cb00::/64 300s/300s RIO 180s ::/0  which matches RA fe80::deeb:69ff:fe6d:f19e -> ff02::1 180s 2600:8800:2918:cb00::/64 300s/300s RIO 180s ::/0 
02-13 01:20:07.351  1336  8837 I sensors-hal: handle_sns_client_event:49, ambient_light_event: ts=706767450452091, event=0.000000
02-13 01:20:07.374  1323  3698 D vendor.qti.bluetooth@1.0-wake_lock: Release wakelock is released 
02-13 01:20:07.450  1336  8837 I sensors-hal: handle_sns_client_event:49, ambient_light_event: ts=706767550438341, event=0.000000
02-13 01:20:07.550  1336  8837 I sensors-hal: handle_sns_client_event:49, ambient_light_event: ts=706767650454851, event=0.000000
02-13 01:20:07.563  1455  1455 E sehhealth-service: sehtBinder.get() is null
02-13 01:20:07.577  1455  1455 E sehhealth-service: sehtBinder.get() is null
02-13 01:20:07.583  1455  1455 E sehhealth-service: sehtBinder.get() is null
02-13 01:20:07.586  1455  1455 E sehhealth-service: sehtBinder.get() is null
02-13 01:20:07.651  1336  8837 I sensors-hal: handle_sns_client_event:49, ambient_light_event: ts=706767750441622, event=0.000000
02-13 01:20:07.751  1336  8837 I sensors-hal: handle_sns_client_event:49, ambient_light_event: ts=706767850427351, event=0.000000
02-13 01:20:07.851  1336  8837 I sensors-hal: handle_sns_client_event:49, ambient_light_event: ts=706767950444382, event=0.000000
02-13 01:20:07.863  2407  2741 D InetDiagMessage: Destroyed 0 sockets, proto=IPPROTO_TCP, family=AF_INET, states=14
02-13 01:20:07.866  2407  2741 D InetDiagMessage: Destroyed 0 sockets, proto=IPPROTO_TCP, family=AF_INET6, states=14
02-13 01:20:07.866  2407  2741 D InetDiagMessage: Destroyed live tcp sockets for uids={10206} in 5ms
02-13 01:20:07.869  2407  2741 D InetDiagMessage: Destroyed 0 sockets, proto=IPPROTO_TCP, family=AF_INET, states=14
02-13 01:20:07.871  2407  2741 D InetDiagMessage: Destroyed 0 sockets, proto=IPPROTO_TCP, family=AF_INET6, states=14
02-13 01:20:07.872  2407  2741 D InetDiagMessage: Destroyed live tcp sockets for uids={20206} in 5ms
02-13 01:20:07.951  1336  8837 I sensors-hal: handle_sns_client_event:49, ambient_light_event: ts=706768050430632, event=0.000000
02-13 01:20:08.050  1336  8837 I sensors-hal: handle_sns_client_event:49, ambient_light_event: ts=706768150447924, event=0.000000
02-13 01:20:08.150  1336  8837 I sensors-hal: handle_sns_client_event:49, ambient_light_event: ts=706768250434174, event=0.000000
02-13 01:20:08.251  1336  8837 I sensors-hal: handle_sns_client_event:49, ambient_light_event: ts=706768350450424, event=0.000000
02-13 01:20:08.350  1336  8837 I sensors-hal: handle_sns_client_event:49, ambient_light_event: ts=706768450436414, event=0.000000
02-13 01:20:08.451  1336  8837 I sensors-hal: handle_sns_client_event:49, ambient_light_event: ts=706768550453966, event=0.000000
02-13 01:20:08.454   984   984 D io_stats: !@   8,0 r 148648855 2441470232 w 8339923 308368600 d 1228349 393973088 f 587325 1843926 iot 29064896 0 th 0 0 0 pt 0 inp 0 0 692002.941
02-13 01:20:08.482  2407 21843 D SemWifiUsabilityStatsMonitor: onWifiUsabilityStats - seqNum 182407, isSameBssidAndFreq true
02-13 01:20:08.550  1336  8837 I sensors-hal: handle_sns_client_event:49, ambient_light_event: ts=706768650439955, event=0.000000
02-13 01:20:08.579  1478  2594 V APM_AudioPolicyManager: setAppState(portId:259, state:2)
02-13 01:20:08.580  1478  2594 V APM_AudioPolicyManager: setAppState(portId:259, state:2)
02-13 01:20:08.650  1336  8837 I sensors-hal: handle_sns_client_event:49, ambient_light_event: ts=706768750456205, event=0.000000
02-13 01:20:08.710  2407  2480 I SemDvfsHyPerManager: acquire hyper - APP_LAUNCH/2407@28, type = -999
02-13 01:20:08.711  2407  2763 D ActivityTaskManager: startActivityAsUser: callingPid=28566, callingUid=2000, caller=com.android.server.am.ActivityManagerService.startActivityAsUserWithFeature:27 com.android.server.am.ActivityManagerShellCommand.runStartActivity:588 com.android.server.am.ActivityManagerShellCommand.onCommand:2030 com.android.modules.utils.BasicShellCommandHandler.exec:97 android.os.ShellCommand.exec:38 com.android.server.am.ActivityManagerService.onShellCommand:164 android.os.Binder.shellCommand:1187 
02-13 01:20:08.712  1344  1450 I HYPER-HAL: [RequestManager.cpp]acquire(): Acquired ID : 2965858  [2407 / 28]    HINT : APP_LAUNCH    list : 
02-13 01:20:08.712  2407  2473 I ChimeraSystemEventListener: appLaunchIntent package name is: com.tororide.driver
