--------- beginning of main
02-13 01:19:10.717 19766 28300 E AuthPII : [RequestTokenManager] getToken() -> BAD_AUTHENTICATION. App: com.google.android.gms, Service: oauth2:https://www.googleapis.com/auth/cclog
02-13 01:19:10.717 19766 28300 E AuthPII : bdkm: Long live credential not available.
02-13 01:19:10.717 19766 28300 E AuthPII : 	at aexp.a(:com.google.android.gms@260235035@26.02.35 (260400-862924022):1351)
02-13 01:19:10.717 19766 28300 E AuthPII : 	at aexw.b(:com.google.android.gms@260235035@26.02.35 (260400-862924022):26)
02-13 01:19:10.717 19766 28300 E AuthPII : 	at aexu.a(:com.google.android.gms@260235035@26.02.35 (260400-862924022):744)
02-13 01:19:10.717 19766 28300 E AuthPII : 	at aext.b(:com.google.android.gms@260235035@26.02.35 (260400-862924022):142)
02-13 01:19:10.717 19766 28300 E AuthPII : 	at aemk.a(:com.google.android.gms@260235035@26.02.35 (260400-862924022):328)
02-13 01:19:10.717 19766 28300 E AuthPII : 	at aehq.f(:com.google.android.gms@260235035@26.02.35 (260400-862924022):24)
02-13 01:19:10.717 19766 28300 E AuthPII : 	at cqhc.fB(:com.google.android.gms@260235035@26.02.35 (260400-862924022):1)
02-13 01:19:10.717 19766 28300 E AuthPII : 	at cqhg.run(:com.google.android.gms@260235035@26.02.35 (260400-862924022):118)
02-13 01:19:10.717 19766 28300 E AuthPII : 	at gnkz.run(:com.google.android.gms@260235035@26.02.35 (260400-862924022):19)
02-13 01:19:10.717 19766 28300 E AuthPII : 	at beqw.c(:com.google.android.gms@260235035@26.02.35 (260400-862924022):50)
02-13 01:19:10.717 19766 28300 E AuthPII : 	at beqw.run(:com.google.android.gms@260235035@26.02.35 (260400-862924022):73)
02-13 01:19:10.717 19766 28300 E AuthPII : 	at java.util.concurrent.ThreadPoolExecutor.runWorker(ThreadPoolExecutor.java:1156)
02-13 01:19:10.717 19766 28300 E AuthPII : 	at java.util.concurrent.ThreadPoolExecutor$Worker.run(ThreadPoolExecutor.java:651)
02-13 01:19:10.717 19766 28300 E AuthPII : 	at bewn.run(:com.google.android.gms@260235035@26.02.35 (260400-862924022):8)
02-13 01:19:10.717 19766 28300 E AuthPII : 	at java.lang.Thread.run(Thread.java:1119)
02-13 01:19:10.718 19766 28300 E AuthPII : Message is Long live credential not available.
02-13 01:19:10.718 19766 28300 E AuthPII : bdkm: Long live credential not available.
02-13 01:19:10.718 19766 28300 E AuthPII : 	at aexp.a(:com.google.android.gms@260235035@26.02.35 (260400-862924022):1351)
02-13 01:19:10.718 19766 28300 E AuthPII : 	at aexw.b(:com.google.android.gms@260235035@26.02.35 (260400-862924022):26)
02-13 01:19:10.718 19766 28300 E AuthPII : 	at aexu.a(:com.google.android.gms@260235035@26.02.35 (260400-862924022):744)
02-13 01:19:10.718 19766 28300 E AuthPII : 	at aext.b(:com.google.android.gms@260235035@26.02.35 (260400-862924022):142)
02-13 01:19:10.718 19766 28300 E AuthPII : 	at aemk.a(:com.google.android.gms@260235035@26.02.35 (260400-862924022):328)
02-13 01:19:10.718 19766 28300 E AuthPII : 	at aehq.f(:com.google.android.gms@260235035@26.02.35 (260400-862924022):24)
02-13 01:19:10.718 19766 28300 E AuthPII : 	at cqhc.fB(:com.google.android.gms@260235035@26.02.35 (260400-862924022):1)
02-13 01:19:10.718 19766 28300 E AuthPII : 	at cqhg.run(:com.google.android.gms@260235035@26.02.35 (260400-862924022):118)
02-13 01:19:10.718 19766 28300 E AuthPII : 	at gnkz.run(:com.google.android.gms@260235035@26.02.35 (260400-862924022):19)
02-13 01:19:10.718 19766 28300 E AuthPII : 	at beqw.c(:com.google.android.gms@260235035@26.02.35 (260400-862924022):50)
02-13 01:19:10.718 19766 28300 E AuthPII : 	at beqw.run(:com.google.android.gms@260235035@26.02.35 (260400-862924022):73)
02-13 01:19:10.718 19766 28300 E AuthPII : 	at java.util.concurrent.ThreadPoolExecutor.runWorker(ThreadPoolExecutor.java:1156)
02-13 01:19:10.718 19766 28300 E AuthPII : 	at java.util.concurrent.ThreadPoolExecutor$Worker.run(ThreadPoolExecutor.java:651)
02-13 01:19:10.718 19766 28300 E AuthPII : 	at bewn.run(:com.google.android.gms@260235035@26.02.35 (260400-862924022):8)
02-13 01:19:10.718 19766 28300 E AuthPII : 	at java.lang.Thread.run(Thread.java:1119)
02-13 01:19:10.732 19766 28300 I Auth    : (REDACTED) [GetToken] GetToken failed for app=%s with userRecoverable status: %s 
02-13 01:19:10.732 19766 28300 W Auth    : [GetTokenOperation] exception while trying to fetch auth tokens for app=com.google.android.gms [CONTEXT service_id=343 ]
02-13 01:19:10.732 19766 28300 W Auth    : aexo: GetToken failed with status code and recovery intent: BadAuthentication
02-13 01:19:10.732 19766 28300 W Auth    : 	at aext.b(:com.google.android.gms@260235035@26.02.35 (260400-862924022):339)
02-13 01:19:10.732 19766 28300 W Auth    : 	at aemk.a(:com.google.android.gms@260235035@26.02.35 (260400-862924022):328)
02-13 01:19:10.732 19766 28300 W Auth    : 	at aehq.f(:com.google.android.gms@260235035@26.02.35 (260400-862924022):24)
02-13 01:19:10.732 19766 28300 W Auth    : 	at cqhc.fB(:com.google.android.gms@260235035@26.02.35 (260400-862924022):1)
02-13 01:19:10.732 19766 28300 W Auth    : 	at cqhg.run(:com.google.android.gms@260235035@26.02.35 (260400-862924022):118)
02-13 01:19:10.732 19766 28300 W Auth    : 	at gnkz.run(:com.google.android.gms@260235035@26.02.35 (260400-862924022):19)
02-13 01:19:10.732 19766 28300 W Auth    : 	at beqw.c(:com.google.android.gms@260235035@26.02.35 (260400-862924022):50)
02-13 01:19:10.732 19766 28300 W Auth    : 	at beqw.run(:com.google.android.gms@260235035@26.02.35 (260400-862924022):73)
02-13 01:19:10.732 19766 28300 W Auth    : 	at java.util.concurrent.ThreadPoolExecutor.runWorker(ThreadPoolExecutor.java:1156)
02-13 01:19:10.732 19766 28300 W Auth    : 	at java.util.concurrent.ThreadPoolExecutor$Worker.run(ThreadPoolExecutor.java:651)
02-13 01:19:10.732 19766 28300 W Auth    : 	at bewn.run(:com.google.android.gms@260235035@26.02.35 (260400-862924022):8)
02-13 01:19:10.732 19766 28300 W Auth    : 	at java.lang.Thread.run(Thread.java:1119)
02-13 01:19:10.733 19766  7734 I CCTUploader: Failed to get auth token due to class com.google.android.gms.auth.UserRecoverableAuthException
02-13 01:19:10.746 10162 10269 D PipelineWatcher: onInputBufferReleased: frameIndex not found (74283); ignored
02-13 01:19:10.748  1451 10291 W qdgralloc: getInterlacedFlag: getMetaData returned 3, defaulting to interlaced_flag = 0
02-13 01:19:10.749  1451 10291 W qdgralloc: getInterlacedFlag: getMetaData returned 3, defaulting to interlaced_flag = 0
02-13 01:19:10.750  1336  8837 I sensors-hal: handle_sns_client_event:49, ambient_light_event: ts=706710850451698, event=0.000000
02-13 01:19:10.758  1451 10291 W qdgralloc: getInterlacedFlag: getMetaData returned 3, defaulting to interlaced_flag = 0
02-13 01:19:10.758  1451 10291 W qdgralloc: getInterlacedFlag: getMetaData returned 3, defaulting to interlaced_flag = 0
02-13 01:19:10.761 19766  7734 E AuthPII : [RequestTokenManager] getToken() -> BAD_AUTHENTICATION. App: com.google.android.gms, Service: oauth2:https://www.googleapis.com/auth/plus.me
02-13 01:19:10.761 19766  7734 E AuthPII : bdkm: Long live credential not available.
02-13 01:19:10.761 19766  7734 E AuthPII : 	at aexp.a(:com.google.android.gms@260235035@26.02.35 (260400-862924022):1351)
02-13 01:19:10.761 19766  7734 E AuthPII : 	at aexw.b(:com.google.android.gms@260235035@26.02.35 (260400-862924022):26)
02-13 01:19:10.761 19766  7734 E AuthPII : 	at aexu.a(:com.google.android.gms@260235035@26.02.35 (260400-862924022):744)
02-13 01:19:10.761 19766  7734 E AuthPII : 	at aehz.a(:com.google.android.gms@260235035@26.02.35 (260400-862924022):82)
02-13 01:19:10.761 19766  7734 E AuthPII : 	at yhs.d(:com.google.android.gms@260235035@26.02.35 (260400-862924022):313)
02-13 01:19:10.761 19766  7734 E AuthPII : 	at aeai.a(:com.google.android.gms@260235035@26.02.35 (260400-862924022):33)
02-13 01:19:10.761 19766  7734 E AuthPII : 	at aeao.m(:com.google.android.gms@260235035@26.02.35 (260400-862924022):34)
02-13 01:19:10.761 19766  7734 E AuthPII : 	at aeao.o(:com.google.android.gms@260235035@26.02.35 (260400-862924022):64)
02-13 01:19:10.761 19766  7734 E AuthPII : 	at aeao.h(:com.google.android.gms@260235035@26.02.35 (260400-862924022):4)
02-13 01:19:10.761 19766  7734 E AuthPII : 	at aeao.i(:com.google.android.gms@260235035@26.02.35 (260400-862924022):8)
02-13 01:19:10.761 19766  7734 E AuthPII : 	at aeao.f(:com.google.android.gms@260235035@26.02.35 (260400-862924022):21)
02-13 01:19:10.761 19766  7734 E AuthPII : 	at aepp.d(:com.google.android.gms@260235035@26.02.35 (260400-862924022):51)
02-13 01:19:10.761 19766  7734 E AuthPII : 	at bclz.b(:com.google.android.gms@260235035@26.02.35 (260400-862924022):72)
02-13 01:19:10.761 19766  7734 E AuthPII : 	at com.google.android.gms.clearcut.uploader.QosUploaderChimeraService.g(:com.google.android.gms@260235035@26.02.35 (260400-862924022):1563)
02-13 01:19:10.761 19766  7734 E AuthPII : 	at com.google.android.gms.clearcut.uploader.QosUploaderChimeraService.a(:com.google.android.gms@260235035@26.02.35 (260400-862924022):42)
02-13 01:19:10.761 19766  7734 E AuthPII : 	at crxa.call(:com.google.android.gms@260235035@26.02.35 (260400-862924022):30)
02-13 01:19:10.761 19766  7734 E AuthPII : 	at java.util.concurrent.FutureTask.run(FutureTask.java:317)
02-13 01:19:10.761 19766  7734 E AuthPII : 	at beqw.c(:com.google.android.gms@260235035@26.02.35 (260400-862924022):50)
02-13 01:19:10.761 19766  7734 E AuthPII : 	at beqw.run(:com.google.android.gms@260235035@26.02.35 (260400-862924022):73)
02-13 01:19:10.761 19766  7734 E AuthPII : 	at java.util.concurrent.ThreadPoolExecutor.runWorker(ThreadPoolExecutor.java:1156)
02-13 01:19:10.761 19766  7734 E AuthPII : 	at java.util.concurrent.ThreadPoolExecutor$Worker.run(ThreadPoolExecutor.java:651)
02-13 01:19:10.761 19766  7734 E AuthPII : 	at bewn.run(:com.google.android.gms@260235035@26.02.35 (260400-862924022):8)
02-13 01:19:10.761 19766  7734 E AuthPII : 	at java.lang.Thread.run(Thread.java:1119)
02-13 01:19:10.761 19766  7734 E AuthPII : Message is Long live credential not available.
02-13 01:19:10.761 19766  7734 E AuthPII : bdkm: Long live credential not available.
02-13 01:19:10.761 19766  7734 E AuthPII : 	at aexp.a(:com.google.android.gms@260235035@26.02.35 (260400-862924022):1351)
02-13 01:19:10.761 19766  7734 E AuthPII : 	at aexw.b(:com.google.android.gms@260235035@26.02.35 (260400-862924022):26)
02-13 01:19:10.761 19766  7734 E AuthPII : 	at aexu.a(:com.google.android.gms@260235035@26.02.35 (260400-862924022):744)
02-13 01:19:10.761 19766  7734 E AuthPII : 	at aehz.a(:com.google.android.gms@260235035@26.02.35 (260400-862924022):82)
02-13 01:19:10.761 19766  7734 E AuthPII : 	at yhs.d(:com.google.android.gms@260235035@26.02.35 (260400-862924022):313)
02-13 01:19:10.761 19766  7734 E AuthPII : 	at aeai.a(:com.google.android.gms@260235035@26.02.35 (260400-862924022):33)
02-13 01:19:10.761 19766  7734 E AuthPII : 	at aeao.m(:com.google.android.gms@260235035@26.02.35 (260400-862924022):34)
02-13 01:19:10.761 19766  7734 E AuthPII : 	at aeao.o(:com.google.android.gms@260235035@26.02.35 (260400-862924022):64)
02-13 01:19:10.761 19766  7734 E AuthPII : 	at aeao.h(:com.google.android.gms@260235035@26.02.35 (260400-862924022):4)
02-13 01:19:10.761 19766  7734 E AuthPII : 	at aeao.i(:com.google.android.gms@260235035@26.02.35 (260400-862924022):8)
02-13 01:19:10.761 19766  7734 E AuthPII : 	at aeao.f(:com.google.android.gms@260235035@26.02.35 (260400-862924022):21)
02-13 01:19:10.761 19766  7734 E AuthPII : 	at aepp.d(:com.google.android.gms@260235035@26.02.35 (260400-862924022):51)
02-13 01:19:10.761 19766  7734 E AuthPII : 	at bclz.b(:com.google.android.gms@260235035@26.02.35 (260400-862924022):72)
02-13 01:19:10.761 19766  7734 E AuthPII : 	at com.google.android.gms.clearcut.uploader.QosUploaderChimeraService.g(:com.google.android.gms@260235035@26.02.35 (260400-862924022):1563)
02-13 01:19:10.761 19766  7734 E AuthPII : 	at com.google.android.gms.clearcut.uploader.QosUploaderChimeraService.a(:com.google.android.gms@260235035@26.02.35 (260400-862924022):42)
02-13 01:19:10.761 19766  7734 E AuthPII : 	at crxa.call(:com.google.android.gms@260235035@26.02.35 (260400-862924022):30)
02-13 01:19:10.761 19766  7734 E AuthPII : 	at java.util.concurrent.FutureTask.run(FutureTask.java:317)
02-13 01:19:10.761 19766  7734 E AuthPII : 	at beqw.c(:com.google.android.gms@260235035@26.02.35 (260400-862924022):50)
02-13 01:19:10.761 19766  7734 E AuthPII : 	at beqw.run(:com.google.android.gms@260235035@26.02.35 (260400-862924022):73)
02-13 01:19:10.761 19766  7734 E AuthPII : 	at java.util.concurrent.ThreadPoolExecutor.runWorker(ThreadPoolExecutor.java:1156)
02-13 01:19:10.761 19766  7734 E AuthPII : 	at java.util.concurrent.ThreadPoolExecutor$Worker.run(ThreadPoolExecutor.java:651)
02-13 01:19:10.761 19766  7734 E AuthPII : 	at bewn.run(:com.google.android.gms@260235035@26.02.35 (260400-862924022):8)
02-13 01:19:10.761 19766  7734 E AuthPII : 	at java.lang.Thread.run(Thread.java:1119)
02-13 01:19:10.761 19766  7734 I Auth    : (REDACTED) [AccountIdManager] Token response failed with status=%s
02-13 01:19:10.763 19766  7734 E AuthPII : [RequestTokenManager] getToken() -> BAD_AUTHENTICATION. App: com.google.android.gms, Service: oauth2:https://www.googleapis.com/auth/userinfo.email https://www.googleapis.com/auth/account.capabilities https://www.googleapis.com/auth/account.service_flags
02-13 01:19:10.763 19766  7734 E AuthPII : bdkm: Long live credential not available.
02-13 01:19:10.763 19766  7734 E AuthPII : 	at aexp.a(:com.google.android.gms@260235035@26.02.35 (260400-862924022):1351)
02-13 01:19:10.763 19766  7734 E AuthPII : 	at aexw.b(:com.google.android.gms@260235035@26.02.35 (260400-862924022):26)
02-13 01:19:10.763 19766  7734 E AuthPII : 	at aexu.a(:com.google.android.gms@260235035@26.02.35 (260400-862924022):744)
02-13 01:19:10.763 19766  7734 E AuthPII : 	at aeif.a(:com.google.android.gms@260235035@26.02.35 (260400-862924022):38)
02-13 01:19:10.763 19766  7734 E AuthPII : 	at aeif.h(:com.google.android.gms@260235035@26.02.35 (260400-862924022):108)
02-13 01:19:10.763 19766  7734 E AuthPII : 	at aeif.b(:com.google.android.gms@260235035@26.02.35 (260400-862924022):817)
02-13 01:19:10.763 19766  7734 E AuthPII : 	at aeif.c(:com.google.android.gms@260235035@26.02.35 (260400-862924022):5)
02-13 01:19:10.763 19766  7734 E AuthPII : 	at yhs.d(:com.google.android.gms@260235035@26.02.35 (260400-862924022):385)
02-13 01:19:10.763 19766  7734 E AuthPII : 	at aeai.a(:com.google.android.gms@260235035@26.02.35 (260400-862924022):33)
02-13 01:19:10.763 19766  7734 E AuthPII : 	at aeao.m(:com.google.android.gms@260235035@26.02.35 (260400-862924022):34)
02-13 01:19:10.763 19766  7734 E AuthPII : 	at aeao.o(:com.google.android.gms@260235035@26.02.35 (260400-862924022):64)
02-13 01:19:10.763 19766  7734 E AuthPII : 	at aeao.h(:com.google.android.gms@260235035@26.02.35 (260400-862924022):4)
02-13 01:19:10.763 19766  7734 E AuthPII : 	at aeao.i(:com.google.android.gms@260235035@26.02.35 (260400-862924022):8)
02-13 01:19:10.763 19766  7734 E AuthPII : 	at aeao.f(:com.google.android.gms@260235035@26.02.35 (260400-862924022):21)
02-13 01:19:10.763 19766  7734 E AuthPII : 	at aepp.d(:com.google.android.gms@260235035@26.02.35 (260400-862924022):51)
02-13 01:19:10.763 19766  7734 E AuthPII : 	at bclz.b(:com.google.android.gms@260235035@26.02.35 (260400-862924022):72)
02-13 01:19:10.763 19766  7734 E AuthPII : 	at com.google.android.gms.clearcut.uploader.QosUploaderChimeraService.g(:com.google.android.gms@260235035@26.02.35 (260400-862924022):1563)
02-13 01:19:10.763 19766  7734 E AuthPII : 	at com.google.android.gms.clearcut.uploader.QosUploaderChimeraService.a(:com.google.android.gms@260235035@26.02.35 (260400-862924022):42)
02-13 01:19:10.763 19766  7734 E AuthPII : 	at crxa.call(:com.google.android.gms@260235035@26.02.35 (260400-862924022):30)
02-13 01:19:10.763 19766  7734 E AuthPII : 	at java.util.concurrent.FutureTask.run(FutureTask.java:317)
02-13 01:19:10.763 19766  7734 E AuthPII : 	at beqw.c(:com.google.android.gms@260235035@26.02.35 (260400-862924022):50)
02-13 01:19:10.763 19766  7734 E AuthPII : 	at beqw.run(:com.google.android.gms@260235035@26.02.35 (260400-862924022):73)
02-13 01:19:10.763 19766  7734 E AuthPII : 	at java.util.concurrent.ThreadPoolExecutor.runWorker(ThreadPoolExecutor.java:1156)
02-13 01:19:10.763 19766  7734 E AuthPII : 	at java.util.concurrent.ThreadPoolExecutor$Worker.run(ThreadPoolExecutor.java:651)
02-13 01:19:10.763 19766  7734 E AuthPII : 	at bewn.run(:com.google.android.gms@260235035@26.02.35 (260400-862924022):8)
02-13 01:19:10.763 19766  7734 E AuthPII : 	at java.lang.Thread.run(Thread.java:1119)
02-13 01:19:10.764 19766  7734 E AuthPII : Message is Long live credential not available.
02-13 01:19:10.764 19766  7734 E AuthPII : bdkm: Long live credential not available.
02-13 01:19:10.764 19766  7734 E AuthPII : 	at aexp.a(:com.google.android.gms@260235035@26.02.35 (260400-862924022):1351)
02-13 01:19:10.764 19766  7734 E AuthPII : 	at aexw.b(:com.google.android.gms@260235035@26.02.35 (260400-862924022):26)
02-13 01:19:10.764 19766  7734 E AuthPII : 	at aexu.a(:com.google.android.gms@260235035@26.02.35 (260400-862924022):744)
02-13 01:19:10.764 19766  7734 E AuthPII : 	at aeif.a(:com.google.android.gms@260235035@26.02.35 (260400-862924022):38)
02-13 01:19:10.764 19766  7734 E AuthPII : 	at aeif.h(:com.google.android.gms@260235035@26.02.35 (260400-862924022):108)
02-13 01:19:10.764 19766  7734 E AuthPII : 	at aeif.b(:com.google.android.gms@260235035@26.02.35 (260400-862924022):817)
02-13 01:19:10.764 19766  7734 E AuthPII : 	at aeif.c(:com.google.android.gms@260235035@26.02.35 (260400-862924022):5)
02-13 01:19:10.764 19766  7734 E AuthPII : 	at yhs.d(:com.google.android.gms@260235035@26.02.35 (260400-862924022):385)
02-13 01:19:10.764 19766  7734 E AuthPII : 	at aeai.a(:com.google.android.gms@260235035@26.02.35 (260400-862924022):33)
02-13 01:19:10.764 19766  7734 E AuthPII : 	at aeao.m(:com.google.android.gms@260235035@26.02.35 (260400-862924022):34)
02-13 01:19:10.764 19766  7734 E AuthPII : 	at aeao.o(:com.google.android.gms@260235035@26.02.35 (260400-862924022):64)
02-13 01:19:10.764 19766  7734 E AuthPII : 	at aeao.h(:com.google.android.gms@260235035@26.02.35 (260400-862924022):4)
02-13 01:19:10.764 19766  7734 E AuthPII : 	at aeao.i(:com.google.android.gms@260235035@26.02.35 (260400-862924022):8)
02-13 01:19:10.764 19766  7734 E AuthPII : 	at aeao.f(:com.google.android.gms@260235035@26.02.35 (260400-862924022):21)
02-13 01:19:10.764 19766  7734 E AuthPII : 	at aepp.d(:com.google.android.gms@260235035@26.02.35 (260400-862924022):51)
02-13 01:19:10.764 19766  7734 E AuthPII : 	at bclz.b(:com.google.android.gms@260235035@26.02.35 (260400-862924022):72)
02-13 01:19:10.764 19766  7734 E AuthPII : 	at com.google.android.gms.clearcut.uploader.QosUploaderChimeraService.g(:com.google.android.gms@260235035@26.02.35 (260400-862924022):1563)
02-13 01:19:10.764 19766  7734 E AuthPII : 	at com.google.android.gms.clearcut.uploader.QosUploaderChimeraService.a(:com.google.android.gms@260235035@26.02.35 (260400-862924022):42)
02-13 01:19:10.764 19766  7734 E AuthPII : 	at crxa.call(:com.google.android.gms@260235035@26.02.35 (260400-862924022):30)
02-13 01:19:10.764 19766  7734 E AuthPII : 	at java.util.concurrent.FutureTask.run(FutureTask.java:317)
02-13 01:19:10.764 19766  7734 E AuthPII : 	at beqw.c(:com.google.android.gms@260235035@26.02.35 (260400-862924022):50)
02-13 01:19:10.764 19766  7734 E AuthPII : 	at beqw.run(:com.google.android.gms@260235035@26.02.35 (260400-862924022):73)
02-13 01:19:10.764 19766  7734 E AuthPII : 	at java.util.concurrent.ThreadPoolExecutor.runWorker(ThreadPoolExecutor.java:1156)
02-13 01:19:10.764 19766  7734 E AuthPII : 	at java.util.concurrent.ThreadPoolExecutor$Worker.run(ThreadPoolExecutor.java:651)
02-13 01:19:10.764 19766  7734 E AuthPII : 	at bewn.run(:com.google.android.gms@260235035@26.02.35 (260400-862924022):8)
02-13 01:19:10.764 19766  7734 E AuthPII : 	at java.lang.Thread.run(Thread.java:1119)
02-13 01:19:10.764 19766  7734 W Auth    : [AccountStateDownloader] Unable to look up account state from server: couldn't fetch accessToken [CONTEXT service_id=343 ]
02-13 01:19:10.764 19766  7734 W Auth    : [GaiaIdSync] Empty email or accountId. [CONTEXT service_id=153 ]
02-13 01:19:10.772 10162 10269 D PipelineWatcher: onInputBufferReleased: frameIndex not found (74284); ignored
02-13 01:19:10.772  1451 10291 W qdgralloc: getInterlacedFlag: getMetaData returned 3, defaulting to interlaced_flag = 0
02-13 01:19:10.772  1451 10291 W qdgralloc: getInterlacedFlag: getMetaData returned 3, defaulting to interlaced_flag = 0
02-13 01:19:10.774 19766 28300 E AuthPII : [RequestTokenManager] getToken() -> BAD_AUTHENTICATION. App: com.google.android.gms, Service: oauth2:https://www.googleapis.com/auth/cclog
02-13 01:19:10.774 19766 28300 E AuthPII : bdkm: Long live credential not available.
02-13 01:19:10.774 19766 28300 E AuthPII : 	at aexp.a(:com.google.android.gms@260235035@26.02.35 (260400-862924022):1351)
02-13 01:19:10.774 19766 28300 E AuthPII : 	at aexw.b(:com.google.android.gms@260235035@26.02.35 (260400-862924022):26)
02-13 01:19:10.774 19766 28300 E AuthPII : 	at aexu.a(:com.google.android.gms@260235035@26.02.35 (260400-862924022):744)
02-13 01:19:10.774 19766 28300 E AuthPII : 	at aext.b(:com.google.android.gms@260235035@26.02.35 (260400-862924022):142)
02-13 01:19:10.774 19766 28300 E AuthPII : 	at aemk.a(:com.google.android.gms@260235035@26.02.35 (260400-862924022):328)
02-13 01:19:10.774 19766 28300 E AuthPII : 	at aehq.f(:com.google.android.gms@260235035@26.02.35 (260400-862924022):24)
02-13 01:19:10.774 19766 28300 E AuthPII : 	at cqhc.fB(:com.google.android.gms@260235035@26.02.35 (260400-862924022):1)
02-13 01:19:10.774 19766 28300 E AuthPII : 	at cqhg.run(:com.google.android.gms@260235035@26.02.35 (260400-862924022):118)
02-13 01:19:10.774 19766 28300 E AuthPII : 	at gnkz.run(:com.google.android.gms@260235035@26.02.35 (260400-862924022):19)
02-13 01:19:10.774 19766 28300 E AuthPII : 	at beqw.c(:com.google.android.gms@260235035@26.02.35 (260400-862924022):50)
02-13 01:19:10.774 19766 28300 E AuthPII : 	at beqw.run(:com.google.android.gms@260235035@26.02.35 (260400-862924022):73)
02-13 01:19:10.774 19766 28300 E AuthPII : 	at java.util.concurrent.ThreadPoolExecutor.runWorker(ThreadPoolExecutor.java:1156)
02-13 01:19:10.774 19766 28300 E AuthPII : 	at java.util.concurrent.ThreadPoolExecutor$Worker.run(ThreadPoolExecutor.java:651)
02-13 01:19:10.774 19766 28300 E AuthPII : 	at bewn.run(:com.google.android.gms@260235035@26.02.35 (260400-862924022):8)
02-13 01:19:10.774 19766 28300 E AuthPII : 	at java.lang.Thread.run(Thread.java:1119)
02-13 01:19:10.774 19766 28300 E AuthPII : Message is Long live credential not available.
02-13 01:19:10.774 19766 28300 E AuthPII : bdkm: Long live credential not available.
02-13 01:19:10.774 19766 28300 E AuthPII : 	at aexp.a(:com.google.android.gms@260235035@26.02.35 (260400-862924022):1351)
02-13 01:19:10.774 19766 28300 E AuthPII : 	at aexw.b(:com.google.android.gms@260235035@26.02.35 (260400-862924022):26)
02-13 01:19:10.774 19766 28300 E AuthPII : 	at aexu.a(:com.google.android.gms@260235035@26.02.35 (260400-862924022):744)
02-13 01:19:10.774 19766 28300 E AuthPII : 	at aext.b(:com.google.android.gms@260235035@26.02.35 (260400-862924022):142)
02-13 01:19:10.774 19766 28300 E AuthPII : 	at aemk.a(:com.google.android.gms@260235035@26.02.35 (260400-862924022):328)
02-13 01:19:10.774 19766 28300 E AuthPII : 	at aehq.f(:com.google.android.gms@260235035@26.02.35 (260400-862924022):24)
02-13 01:19:10.774 19766 28300 E AuthPII : 	at cqhc.fB(:com.google.android.gms@260235035@26.02.35 (260400-862924022):1)
02-13 01:19:10.774 19766 28300 E AuthPII : 	at cqhg.run(:com.google.android.gms@260235035@26.02.35 (260400-862924022):118)
02-13 01:19:10.774 19766 28300 E AuthPII : 	at gnkz.run(:com.google.android.gms@260235035@26.02.35 (260400-862924022):19)
02-13 01:19:10.774 19766 28300 E AuthPII : 	at beqw.c(:com.google.android.gms@260235035@26.02.35 (260400-862924022):50)
02-13 01:19:10.774 19766 28300 E AuthPII : 	at beqw.run(:com.google.android.gms@260235035@26.02.35 (260400-862924022):73)
02-13 01:19:10.774 19766 28300 E AuthPII : 	at java.util.concurrent.ThreadPoolExecutor.runWorker(ThreadPoolExecutor.java:1156)
02-13 01:19:10.774 19766 28300 E AuthPII : 	at java.util.concurrent.ThreadPoolExecutor$Worker.run(ThreadPoolExecutor.java:651)
02-13 01:19:10.774 19766 28300 E AuthPII : 	at bewn.run(:com.google.android.gms@260235035@26.02.35 (260400-862924022):8)
02-13 01:19:10.774 19766 28300 E AuthPII : 	at java.lang.Thread.run(Thread.java:1119)
02-13 01:19:10.789 19766 28300 I Auth    : (REDACTED) [GetToken] GetToken failed for app=%s with userRecoverable status: %s 
02-13 01:19:10.790 19766 28300 W Auth    : [GetTokenOperation] exception while trying to fetch auth tokens for app=com.google.android.gms [CONTEXT service_id=343 ]
02-13 01:19:10.790 19766 28300 W Auth    : aexo: GetToken failed with status code and recovery intent: BadAuthentication
02-13 01:19:10.790 19766 28300 W Auth    : 	at aext.b(:com.google.android.gms@260235035@26.02.35 (260400-862924022):339)
02-13 01:19:10.790 19766 28300 W Auth    : 	at aemk.a(:com.google.android.gms@260235035@26.02.35 (260400-862924022):328)
02-13 01:19:10.790 19766 28300 W Auth    : 	at aehq.f(:com.google.android.gms@260235035@26.02.35 (260400-862924022):24)
02-13 01:19:10.790 19766 28300 W Auth    : 	at cqhc.fB(:com.google.android.gms@260235035@26.02.35 (260400-862924022):1)
02-13 01:19:10.790 19766 28300 W Auth    : 	at cqhg.run(:com.google.android.gms@260235035@26.02.35 (260400-862924022):118)
02-13 01:19:10.790 19766 28300 W Auth    : 	at gnkz.run(:com.google.android.gms@260235035@26.02.35 (260400-862924022):19)
02-13 01:19:10.790 19766 28300 W Auth    : 	at beqw.c(:com.google.android.gms@260235035@26.02.35 (260400-862924022):50)
02-13 01:19:10.790 19766 28300 W Auth    : 	at beqw.run(:com.google.android.gms@260235035@26.02.35 (260400-862924022):73)
02-13 01:19:10.790 19766 28300 W Auth    : 	at java.util.concurrent.ThreadPoolExecutor.runWorker(ThreadPoolExecutor.java:1156)
02-13 01:19:10.790 19766 28300 W Auth    : 	at java.util.concurrent.ThreadPoolExecutor$Worker.run(ThreadPoolExecutor.java:651)
02-13 01:19:10.790 19766 28300 W Auth    : 	at bewn.run(:com.google.android.gms@260235035@26.02.35 (260400-862924022):8)
02-13 01:19:10.790 19766 28300 W Auth    : 	at java.lang.Thread.run(Thread.java:1119)
02-13 01:19:10.792 10162 10269 D PipelineWatcher: onInputBufferReleased: frameIndex not found (74285); ignored
02-13 01:19:10.795  1451 10291 W qdgralloc: getInterlacedFlag: getMetaData returned 3, defaulting to interlaced_flag = 0
02-13 01:19:10.795 19766  7734 I CCTUploader: Failed to get auth token due to class com.google.android.gms.auth.UserRecoverableAuthException
02-13 01:19:10.796  1451 10291 W qdgralloc: getInterlacedFlag: getMetaData returned 3, defaulting to interlaced_flag = 0
02-13 01:19:10.811 19766  7734 E AuthPII : [RequestTokenManager] getToken() -> BAD_AUTHENTICATION. App: com.google.android.gms, Service: oauth2:https://www.googleapis.com/auth/plus.me
02-13 01:19:10.811 19766  7734 E AuthPII : bdkm: Long live credential not available.
02-13 01:19:10.811 19766  7734 E AuthPII : 	at aexp.a(:com.google.android.gms@260235035@26.02.35 (260400-862924022):1351)
02-13 01:19:10.811 19766  7734 E AuthPII : 	at aexw.b(:com.google.android.gms@260235035@26.02.35 (260400-862924022):26)
02-13 01:19:10.811 19766  7734 E AuthPII : 	at aexu.a(:com.google.android.gms@260235035@26.02.35 (260400-862924022):744)
02-13 01:19:10.811 19766  7734 E AuthPII : 	at aehz.a(:com.google.android.gms@260235035@26.02.35 (260400-862924022):82)
02-13 01:19:10.811 19766  7734 E AuthPII : 	at yhs.d(:com.google.android.gms@260235035@26.02.35 (260400-862924022):313)
02-13 01:19:10.811 19766  7734 E AuthPII : 	at aeai.a(:com.google.android.gms@260235035@26.02.35 (260400-862924022):33)
02-13 01:19:10.811 19766  7734 E AuthPII : 	at aeao.m(:com.google.android.gms@260235035@26.02.35 (260400-862924022):34)
02-13 01:19:10.811 19766  7734 E AuthPII : 	at aeao.o(:com.google.android.gms@260235035@26.02.35 (260400-862924022):64)
02-13 01:19:10.811 19766  7734 E AuthPII : 	at aeao.h(:com.google.android.gms@260235035@26.02.35 (260400-862924022):4)
02-13 01:19:10.811 19766  7734 E AuthPII : 	at aeao.i(:com.google.android.gms@260235035@26.02.35 (260400-862924022):8)
02-13 01:19:10.811 19766  7734 E AuthPII : 	at aeao.f(:com.google.android.gms@260235035@26.02.35 (260400-862924022):21)
02-13 01:19:10.811 19766  7734 E AuthPII : 	at aepp.d(:com.google.android.gms@260235035@26.02.35 (260400-862924022):51)
02-13 01:19:10.811 19766  7734 E AuthPII : 	at bclz.b(:com.google.android.gms@260235035@26.02.35 (260400-862924022):72)
02-13 01:19:10.811 19766  7734 E AuthPII : 	at com.google.android.gms.clearcut.uploader.QosUploaderChimeraService.g(:com.google.android.gms@260235035@26.02.35 (260400-862924022):1563)
02-13 01:19:10.811 19766  7734 E AuthPII : 	at com.google.android.gms.clearcut.uploader.QosUploaderChimeraService.a(:com.google.android.gms@260235035@26.02.35 (260400-862924022):42)
02-13 01:19:10.811 19766  7734 E AuthPII : 	at crxa.call(:com.google.android.gms@260235035@26.02.35 (260400-862924022):30)
02-13 01:19:10.811 19766  7734 E AuthPII : 	at java.util.concurrent.FutureTask.run(FutureTask.java:317)
02-13 01:19:10.811 19766  7734 E AuthPII : 	at beqw.c(:com.google.android.gms@260235035@26.02.35 (260400-862924022):50)
02-13 01:19:10.811 19766  7734 E AuthPII : 	at beqw.run(:com.google.android.gms@260235035@26.02.35 (260400-862924022):73)
02-13 01:19:10.811 19766  7734 E AuthPII : 	at java.util.concurrent.ThreadPoolExecutor.runWorker(ThreadPoolExecutor.java:1156)
02-13 01:19:10.811 19766  7734 E AuthPII : 	at java.util.concurrent.ThreadPoolExecutor$Worker.run(ThreadPoolExecutor.java:651)
02-13 01:19:10.811 19766  7734 E AuthPII : 	at bewn.run(:com.google.android.gms@260235035@26.02.35 (260400-862924022):8)
02-13 01:19:10.811 19766  7734 E AuthPII : 	at java.lang.Thread.run(Thread.java:1119)
02-13 01:19:10.811 19766  7734 E AuthPII : Message is Long live credential not available.
02-13 01:19:10.811 19766  7734 E AuthPII : bdkm: Long live credential not available.
02-13 01:19:10.811 19766  7734 E AuthPII : 	at aexp.a(:com.google.android.gms@260235035@26.02.35 (260400-862924022):1351)
02-13 01:19:10.811 19766  7734 E AuthPII : 	at aexw.b(:com.google.android.gms@260235035@26.02.35 (260400-862924022):26)
02-13 01:19:10.811 19766  7734 E AuthPII : 	at aexu.a(:com.google.android.gms@260235035@26.02.35 (260400-862924022):744)
02-13 01:19:10.811 19766  7734 E AuthPII : 	at aehz.a(:com.google.android.gms@260235035@26.02.35 (260400-862924022):82)
02-13 01:19:10.811 19766  7734 E AuthPII : 	at yhs.d(:com.google.android.gms@260235035@26.02.35 (260400-862924022):313)
02-13 01:19:10.811 19766  7734 E AuthPII : 	at aeai.a(:com.google.android.gms@260235035@26.02.35 (260400-862924022):33)
02-13 01:19:10.811 19766  7734 E AuthPII : 	at aeao.m(:com.google.android.gms@260235035@26.02.35 (260400-862924022):34)
02-13 01:19:10.811 19766  7734 E AuthPII : 	at aeao.o(:com.google.android.gms@260235035@26.02.35 (260400-862924022):64)
02-13 01:19:10.811 19766  7734 E AuthPII : 	at aeao.h(:com.google.android.gms@260235035@26.02.35 (260400-862924022):4)
02-13 01:19:10.811 19766  7734 E AuthPII : 	at aeao.i(:com.google.android.gms@260235035@26.02.35 (260400-862924022):8)
02-13 01:19:10.811 19766  7734 E AuthPII : 	at aeao.f(:com.google.android.gms@260235035@26.02.35 (260400-862924022):21)
02-13 01:19:10.811 19766  7734 E AuthPII : 	at aepp.d(:com.google.android.gms@260235035@26.02.35 (260400-862924022):51)
02-13 01:19:10.811 19766  7734 E AuthPII : 	at bclz.b(:com.google.android.gms@260235035@26.02.35 (260400-862924022):72)
02-13 01:19:10.811 19766  7734 E AuthPII : 	at com.google.android.gms.clearcut.uploader.QosUploaderChimeraService.g(:com.google.android.gms@260235035@26.02.35 (260400-862924022):1563)
02-13 01:19:10.811 19766  7734 E AuthPII : 	at com.google.android.gms.clearcut.uploader.QosUploaderChimeraService.a(:com.google.android.gms@260235035@26.02.35 (260400-862924022):42)
02-13 01:19:10.811 19766  7734 E AuthPII : 	at crxa.call(:com.google.android.gms@260235035@26.02.35 (260400-862924022):30)
02-13 01:19:10.811 19766  7734 E AuthPII : 	at java.util.concurrent.FutureTask.run(FutureTask.java:317)
02-13 01:19:10.811 19766  7734 E AuthPII : 	at beqw.c(:com.google.android.gms@260235035@26.02.35 (260400-862924022):50)
02-13 01:19:10.811 19766  7734 E AuthPII : 	at beqw.run(:com.google.android.gms@260235035@26.02.35 (260400-862924022):73)
02-13 01:19:10.811 19766  7734 E AuthPII : 	at java.util.concurrent.ThreadPoolExecutor.runWorker(ThreadPoolExecutor.java:1156)
02-13 01:19:10.811 19766  7734 E AuthPII : 	at java.util.concurrent.ThreadPoolExecutor$Worker.run(ThreadPoolExecutor.java:651)
02-13 01:19:10.811 19766  7734 E AuthPII : 	at bewn.run(:com.google.android.gms@260235035@26.02.35 (260400-862924022):8)
02-13 01:19:10.811 19766  7734 E AuthPII : 	at java.lang.Thread.run(Thread.java:1119)
02-13 01:19:10.812 19766  7734 I Auth    : (REDACTED) [AccountIdManager] Token response failed with status=%s
02-13 01:19:10.817 19766  7734 E AuthPII : [RequestTokenManager] getToken() -> BAD_AUTHENTICATION. App: com.google.android.gms, Service: oauth2:https://www.googleapis.com/auth/userinfo.email https://www.googleapis.com/auth/account.capabilities https://www.googleapis.com/auth/account.service_flags
02-13 01:19:10.817 19766  7734 E AuthPII : bdkm: Long live credential not available.
02-13 01:19:10.817 19766  7734 E AuthPII : 	at aexp.a(:com.google.android.gms@260235035@26.02.35 (260400-862924022):1351)
02-13 01:19:10.817 19766  7734 E AuthPII : 	at aexw.b(:com.google.android.gms@260235035@26.02.35 (260400-862924022):26)
02-13 01:19:10.817 19766  7734 E AuthPII : 	at aexu.a(:com.google.android.gms@260235035@26.02.35 (260400-862924022):744)
02-13 01:19:10.817 19766  7734 E AuthPII : 	at aeif.a(:com.google.android.gms@260235035@26.02.35 (260400-862924022):38)
02-13 01:19:10.817 19766  7734 E AuthPII : 	at aeif.h(:com.google.android.gms@260235035@26.02.35 (260400-862924022):108)
02-13 01:19:10.817 19766  7734 E AuthPII : 	at aeif.b(:com.google.android.gms@260235035@26.02.35 (260400-862924022):817)
02-13 01:19:10.817 19766  7734 E AuthPII : 	at aeif.c(:com.google.android.gms@260235035@26.02.35 (260400-862924022):5)
02-13 01:19:10.817 19766  7734 E AuthPII : 	at yhs.d(:com.google.android.gms@260235035@26.02.35 (260400-862924022):385)
02-13 01:19:10.817 19766  7734 E AuthPII : 	at aeai.a(:com.google.android.gms@260235035@26.02.35 (260400-862924022):33)
02-13 01:19:10.817 19766  7734 E AuthPII : 	at aeao.m(:com.google.android.gms@260235035@26.02.35 (260400-862924022):34)
02-13 01:19:10.817 19766  7734 E AuthPII : 	at aeao.o(:com.google.android.gms@260235035@26.02.35 (260400-862924022):64)
02-13 01:19:10.817 19766  7734 E AuthPII : 	at aeao.h(:com.google.android.gms@260235035@26.02.35 (260400-862924022):4)
02-13 01:19:10.817 19766  7734 E AuthPII : 	at aeao.i(:com.google.android.gms@260235035@26.02.35 (260400-862924022):8)
02-13 01:19:10.817 19766  7734 E AuthPII : 	at aeao.f(:com.google.android.gms@260235035@26.02.35 (260400-862924022):21)
02-13 01:19:10.817 19766  7734 E AuthPII : 	at aepp.d(:com.google.android.gms@260235035@26.02.35 (260400-862924022):51)
02-13 01:19:10.817 19766  7734 E AuthPII : 	at bclz.b(:com.google.android.gms@260235035@26.02.35 (260400-862924022):72)
02-13 01:19:10.817 19766  7734 E AuthPII : 	at com.google.android.gms.clearcut.uploader.QosUploaderChimeraService.g(:com.google.android.gms@260235035@26.02.35 (260400-862924022):1563)
02-13 01:19:10.817 19766  7734 E AuthPII : 	at com.google.android.gms.clearcut.uploader.QosUploaderChimeraService.a(:com.google.android.gms@260235035@26.02.35 (260400-862924022):42)
02-13 01:19:10.817 19766  7734 E AuthPII : 	at crxa.call(:com.google.android.gms@260235035@26.02.35 (260400-862924022):30)
02-13 01:19:10.817 19766  7734 E AuthPII : 	at java.util.concurrent.FutureTask.run(FutureTask.java:317)
02-13 01:19:10.817 19766  7734 E AuthPII : 	at beqw.c(:com.google.android.gms@260235035@26.02.35 (260400-862924022):50)
02-13 01:19:10.817 19766  7734 E AuthPII : 	at beqw.run(:com.google.android.gms@260235035@26.02.35 (260400-862924022):73)
02-13 01:19:10.817 19766  7734 E AuthPII : 	at java.util.concurrent.ThreadPoolExecutor.runWorker(ThreadPoolExecutor.java:1156)
02-13 01:19:10.817 19766  7734 E AuthPII : 	at java.util.concurrent.ThreadPoolExecutor$Worker.run(ThreadPoolExecutor.java:651)
02-13 01:19:10.817 19766  7734 E AuthPII : 	at bewn.run(:com.google.android.gms@260235035@26.02.35 (260400-862924022):8)
02-13 01:19:10.817 19766  7734 E AuthPII : 	at java.lang.Thread.run(Thread.java:1119)
02-13 01:19:10.817 19766  7734 E AuthPII : Message is Long live credential not available.
02-13 01:19:10.817 19766  7734 E AuthPII : bdkm: Long live credential not available.
02-13 01:19:10.817 19766  7734 E AuthPII : 	at aexp.a(:com.google.android.gms@260235035@26.02.35 (260400-862924022):1351)
02-13 01:19:10.817 19766  7734 E AuthPII : 	at aexw.b(:com.google.android.gms@260235035@26.02.35 (260400-862924022):26)
02-13 01:19:10.817 19766  7734 E AuthPII : 	at aexu.a(:com.google.android.gms@260235035@26.02.35 (260400-862924022):744)
02-13 01:19:10.817 19766  7734 E AuthPII : 	at aeif.a(:com.google.android.gms@260235035@26.02.35 (260400-862924022):38)
02-13 01:19:10.817 19766  7734 E AuthPII : 	at aeif.h(:com.google.android.gms@260235035@26.02.35 (260400-862924022):108)
02-13 01:19:10.817 19766  7734 E AuthPII : 	at aeif.b(:com.google.android.gms@260235035@26.02.35 (260400-862924022):817)
02-13 01:19:10.817 19766  7734 E AuthPII : 	at aeif.c(:com.google.android.gms@260235035@26.02.35 (260400-862924022):5)
02-13 01:19:10.817 19766  7734 E AuthPII : 	at yhs.d(:com.google.android.gms@260235035@26.02.35 (260400-862924022):385)
02-13 01:19:10.817 19766  7734 E AuthPII : 	at aeai.a(:com.google.android.gms@260235035@26.02.35 (260400-862924022):33)
02-13 01:19:10.817 19766  7734 E AuthPII : 	at aeao.m(:com.google.android.gms@260235035@26.02.35 (260400-862924022):34)
02-13 01:19:10.817 19766  7734 E AuthPII : 	at aeao.o(:com.google.android.gms@260235035@26.02.35 (260400-862924022):64)
02-13 01:19:10.817 19766  7734 E AuthPII : 	at aeao.h(:com.google.android.gms@260235035@26.02.35 (260400-862924022):4)
02-13 01:19:10.817 19766  7734 E AuthPII : 	at aeao.i(:com.google.android.gms@260235035@26.02.35 (260400-862924022):8)
02-13 01:19:10.817 19766  7734 E AuthPII : 	at aeao.f(:com.google.android.gms@260235035@26.02.35 (260400-862924022):21)
02-13 01:19:10.817 19766  7734 E AuthPII : 	at aepp.d(:com.google.android.gms@260235035@26.02.35 (260400-862924022):51)
02-13 01:19:10.817 19766  7734 E AuthPII : 	at bclz.b(:com.google.android.gms@260235035@26.02.35 (260400-862924022):72)
02-13 01:19:10.817 19766  7734 E AuthPII : 	at com.google.android.gms.clearcut.uploader.QosUploaderChimeraService.g(:com.google.android.gms@260235035@26.02.35 (260400-862924022):1563)
02-13 01:19:10.817 19766  7734 E AuthPII : 	at com.google.android.gms.clearcut.uploader.QosUploaderChimeraService.a(:com.google.android.gms@260235035@26.02.35 (260400-862924022):42)
02-13 01:19:10.817 19766  7734 E AuthPII : 	at crxa.call(:com.google.android.gms@260235035@26.02.35 (260400-862924022):30)
02-13 01:19:10.817 19766  7734 E AuthPII : 	at java.util.concurrent.FutureTask.run(FutureTask.java:317)
02-13 01:19:10.817 19766  7734 E AuthPII : 	at beqw.c(:com.google.android.gms@260235035@26.02.35 (260400-862924022):50)
02-13 01:19:10.817 19766  7734 E AuthPII : 	at beqw.run(:com.google.android.gms@260235035@26.02.35 (260400-862924022):73)
02-13 01:19:10.817 19766  7734 E AuthPII : 	at java.util.concurrent.ThreadPoolExecutor.runWorker(ThreadPoolExecutor.java:1156)
02-13 01:19:10.817 19766  7734 E AuthPII : 	at java.util.concurrent.ThreadPoolExecutor$Worker.run(ThreadPoolExecutor.java:651)
02-13 01:19:10.817 19766  7734 E AuthPII : 	at bewn.run(:com.google.android.gms@260235035@26.02.35 (260400-862924022):8)
02-13 01:19:10.817 19766  7734 E AuthPII : 	at java.lang.Thread.run(Thread.java:1119)
02-13 01:19:10.817 19766  7734 W Auth    : [AccountStateDownloader] Unable to look up account state from server: couldn't fetch accessToken [CONTEXT service_id=343 ]
02-13 01:19:10.817 19766  7734 W Auth    : [GaiaIdSync] Empty email or accountId. [CONTEXT service_id=153 ]
02-13 01:19:10.827 19766 28300 E AuthPII : [RequestTokenManager] getToken() -> BAD_AUTHENTICATION. App: com.google.android.gms, Service: oauth2:https://www.googleapis.com/auth/cclog
02-13 01:19:10.827 19766 28300 E AuthPII : bdkm: Long live credential not available.
02-13 01:19:10.827 19766 28300 E AuthPII : 	at aexp.a(:com.google.android.gms@260235035@26.02.35 (260400-862924022):1351)
02-13 01:19:10.827 19766 28300 E AuthPII : 	at aexw.b(:com.google.android.gms@260235035@26.02.35 (260400-862924022):26)
02-13 01:19:10.827 19766 28300 E AuthPII : 	at aexu.a(:com.google.android.gms@260235035@26.02.35 (260400-862924022):744)
02-13 01:19:10.827 19766 28300 E AuthPII : 	at aext.b(:com.google.android.gms@260235035@26.02.35 (260400-862924022):142)
02-13 01:19:10.827 19766 28300 E AuthPII : 	at aemk.a(:com.google.android.gms@260235035@26.02.35 (260400-862924022):328)
02-13 01:19:10.827 19766 28300 E AuthPII : 	at aehq.f(:com.google.android.gms@260235035@26.02.35 (260400-862924022):24)
02-13 01:19:10.827 19766 28300 E AuthPII : 	at cqhc.fB(:com.google.android.gms@260235035@26.02.35 (260400-862924022):1)
02-13 01:19:10.827 19766 28300 E AuthPII : 	at cqhg.run(:com.google.android.gms@260235035@26.02.35 (260400-862924022):118)
02-13 01:19:10.827 19766 28300 E AuthPII : 	at gnkz.run(:com.google.android.gms@260235035@26.02.35 (260400-862924022):19)
02-13 01:19:10.827 19766 28300 E AuthPII : 	at beqw.c(:com.google.android.gms@260235035@26.02.35 (260400-862924022):50)
02-13 01:19:10.827 19766 28300 E AuthPII : 	at beqw.run(:com.google.android.gms@260235035@26.02.35 (260400-862924022):73)
02-13 01:19:10.827 19766 28300 E AuthPII : 	at java.util.concurrent.ThreadPoolExecutor.runWorker(ThreadPoolExecutor.java:1156)
02-13 01:19:10.827 19766 28300 E AuthPII : 	at java.util.concurrent.ThreadPoolExecutor$Worker.run(ThreadPoolExecutor.java:651)
02-13 01:19:10.827 19766 28300 E AuthPII : 	at bewn.run(:com.google.android.gms@260235035@26.02.35 (260400-862924022):8)
02-13 01:19:10.827 19766 28300 E AuthPII : 	at java.lang.Thread.run(Thread.java:1119)
02-13 01:19:10.827 19766 28300 E AuthPII : Message is Long live credential not available.
02-13 01:19:10.827 19766 28300 E AuthPII : bdkm: Long live credential not available.
02-13 01:19:10.827 19766 28300 E AuthPII : 	at aexp.a(:com.google.android.gms@260235035@26.02.35 (260400-862924022):1351)
02-13 01:19:10.827 19766 28300 E AuthPII : 	at aexw.b(:com.google.android.gms@260235035@26.02.35 (260400-862924022):26)
02-13 01:19:10.827 19766 28300 E AuthPII : 	at aexu.a(:com.google.android.gms@260235035@26.02.35 (260400-862924022):744)
02-13 01:19:10.827 19766 28300 E AuthPII : 	at aext.b(:com.google.android.gms@260235035@26.02.35 (260400-862924022):142)
02-13 01:19:10.827 19766 28300 E AuthPII : 	at aemk.a(:com.google.android.gms@260235035@26.02.35 (260400-862924022):328)
02-13 01:19:10.827 19766 28300 E AuthPII : 	at aehq.f(:com.google.android.gms@260235035@26.02.35 (260400-862924022):24)
02-13 01:19:10.827 19766 28300 E AuthPII : 	at cqhc.fB(:com.google.android.gms@260235035@26.02.35 (260400-862924022):1)
02-13 01:19:10.827 19766 28300 E AuthPII : 	at cqhg.run(:com.google.android.gms@260235035@26.02.35 (260400-862924022):118)
02-13 01:19:10.827 19766 28300 E AuthPII : 	at gnkz.run(:com.google.android.gms@260235035@26.02.35 (260400-862924022):19)
02-13 01:19:10.827 19766 28300 E AuthPII : 	at beqw.c(:com.google.android.gms@260235035@26.02.35 (260400-862924022):50)
02-13 01:19:10.827 19766 28300 E AuthPII : 	at beqw.run(:com.google.android.gms@260235035@26.02.35 (260400-862924022):73)
02-13 01:19:10.827 19766 28300 E AuthPII : 	at java.util.concurrent.ThreadPoolExecutor.runWorker(ThreadPoolExecutor.java:1156)
02-13 01:19:10.827 19766 28300 E AuthPII : 	at java.util.concurrent.ThreadPoolExecutor$Worker.run(ThreadPoolExecutor.java:651)
02-13 01:19:10.827 19766 28300 E AuthPII : 	at bewn.run(:com.google.android.gms@260235035@26.02.35 (260400-862924022):8)
02-13 01:19:10.827 19766 28300 E AuthPII : 	at java.lang.Thread.run(Thread.java:1119)
02-13 01:19:10.828 10162 10269 D PipelineWatcher: onInputBufferReleased: frameIndex not found (74286); ignored
02-13 01:19:10.831  1451 10291 W qdgralloc: getInterlacedFlag: getMetaData returned 3, defaulting to interlaced_flag = 0
02-13 01:19:10.832  1451 10291 W qdgralloc: getInterlacedFlag: getMetaData returned 3, defaulting to interlaced_flag = 0
02-13 01:19:10.839 10162 10263 D BufferPoolAccessor2.0: bufferpool2 0xb400007780129428 : 5(19200 size) total buffers - 4(15360 size) used buffers - 968381/968386 (recycle/alloc) - 2102/1936763 (fetch/transfer)
02-13 01:19:10.842 19766 28300 I Auth    : (REDACTED) [GetToken] GetToken failed for app=%s with userRecoverable status: %s 
02-13 01:19:10.843 19766 28300 W Auth    : [GetTokenOperation] exception while trying to fetch auth tokens for app=com.google.android.gms [CONTEXT service_id=343 ]
02-13 01:19:10.843 19766 28300 W Auth    : aexo: GetToken failed with status code and recovery intent: BadAuthentication
02-13 01:19:10.843 19766 28300 W Auth    : 	at aext.b(:com.google.android.gms@260235035@26.02.35 (260400-862924022):339)
02-13 01:19:10.843 19766 28300 W Auth    : 	at aemk.a(:com.google.android.gms@260235035@26.02.35 (260400-862924022):328)
02-13 01:19:10.843 19766 28300 W Auth    : 	at aehq.f(:com.google.android.gms@260235035@26.02.35 (260400-862924022):24)
02-13 01:19:10.843 19766 28300 W Auth    : 	at cqhc.fB(:com.google.android.gms@260235035@26.02.35 (260400-862924022):1)
02-13 01:19:10.843 19766 28300 W Auth    : 	at cqhg.run(:com.google.android.gms@260235035@26.02.35 (260400-862924022):118)
02-13 01:19:10.843 19766 28300 W Auth    : 	at gnkz.run(:com.google.android.gms@260235035@26.02.35 (260400-862924022):19)
02-13 01:19:10.843 19766 28300 W Auth    : 	at beqw.c(:com.google.android.gms@260235035@26.02.35 (260400-862924022):50)
02-13 01:19:10.843 19766 28300 W Auth    : 	at beqw.run(:com.google.android.gms@260235035@26.02.35 (260400-862924022):73)
02-13 01:19:10.843 19766 28300 W Auth    : 	at java.util.concurrent.ThreadPoolExecutor.runWorker(ThreadPoolExecutor.java:1156)
02-13 01:19:10.843 19766 28300 W Auth    : 	at java.util.concurrent.ThreadPoolExecutor$Worker.run(ThreadPoolExecutor.java:651)
02-13 01:19:10.843 19766 28300 W Auth    : 	at bewn.run(:com.google.android.gms@260235035@26.02.35 (260400-862924022):8)
02-13 01:19:10.843 19766 28300 W Auth    : 	at java.lang.Thread.run(Thread.java:1119)
02-13 01:19:10.844 19766  7734 I CCTUploader: Failed to get auth token due to class com.google.android.gms.auth.UserRecoverableAuthException
02-13 01:19:10.850  1336  8837 I sensors-hal: handle_sns_client_event:49, ambient_light_event: ts=706710950438208, event=0.000000
02-13 01:19:10.851 10162 10269 D PipelineWatcher: onInputBufferReleased: frameIndex not found (74287); ignored
02-13 01:19:10.853 10162 10269 D PipelineWatcher: onInputBufferReleased: frameIndex not found (74288); ignored
02-13 01:19:10.854  1451 10291 W qdgralloc: getInterlacedFlag: getMetaData returned 3, defaulting to interlaced_flag = 0
02-13 01:19:10.854  1451 10291 W qdgralloc: getInterlacedFlag: getMetaData returned 3, defaulting to interlaced_flag = 0
02-13 01:19:10.874  1451 10291 W qdgralloc: getInterlacedFlag: getMetaData returned 3, defaulting to interlaced_flag = 0
02-13 01:19:10.874  1451 10291 W qdgralloc: getInterlacedFlag: getMetaData returned 3, defaulting to interlaced_flag = 0
02-13 01:19:10.877 19766  7734 E AuthPII : [RequestTokenManager] getToken() -> BAD_AUTHENTICATION. App: com.google.android.gms, Service: oauth2:https://www.googleapis.com/auth/plus.me
02-13 01:19:10.877 19766  7734 E AuthPII : bdkm: Long live credential not available.
02-13 01:19:10.877 19766  7734 E AuthPII : 	at aexp.a(:com.google.android.gms@260235035@26.02.35 (260400-862924022):1351)
02-13 01:19:10.877 19766  7734 E AuthPII : 	at aexw.b(:com.google.android.gms@260235035@26.02.35 (260400-862924022):26)
02-13 01:19:10.877 19766  7734 E AuthPII : 	at aexu.a(:com.google.android.gms@260235035@26.02.35 (260400-862924022):744)
02-13 01:19:10.877 19766  7734 E AuthPII : 	at aehz.a(:com.google.android.gms@260235035@26.02.35 (260400-862924022):82)
02-13 01:19:10.877 19766  7734 E AuthPII : 	at yhs.d(:com.google.android.gms@260235035@26.02.35 (260400-862924022):313)
02-13 01:19:10.877 19766  7734 E AuthPII : 	at aeai.a(:com.google.android.gms@260235035@26.02.35 (260400-862924022):33)
02-13 01:19:10.877 19766  7734 E AuthPII : 	at aeao.m(:com.google.android.gms@260235035@26.02.35 (260400-862924022):34)
02-13 01:19:10.877 19766  7734 E AuthPII : 	at aeao.o(:com.google.android.gms@260235035@26.02.35 (260400-862924022):64)
02-13 01:19:10.877 19766  7734 E AuthPII : 	at aeao.h(:com.google.android.gms@260235035@26.02.35 (260400-862924022):4)
02-13 01:19:10.877 19766  7734 E AuthPII : 	at aeao.i(:com.google.android.gms@260235035@26.02.35 (260400-862924022):8)
02-13 01:19:10.877 19766  7734 E AuthPII : 	at aeao.f(:com.google.android.gms@260235035@26.02.35 (260400-862924022):21)
02-13 01:19:10.877 19766  7734 E AuthPII : 	at aepp.d(:com.google.android.gms@260235035@26.02.35 (260400-862924022):51)
02-13 01:19:10.877 19766  7734 E AuthPII : 	at bclz.b(:com.google.android.gms@260235035@26.02.35 (260400-862924022):72)
02-13 01:19:10.877 19766  7734 E AuthPII : 	at com.google.android.gms.clearcut.uploader.QosUploaderChimeraService.g(:com.google.android.gms@260235035@26.02.35 (260400-862924022):1563)
