02-13 01:18:44.856  1451 10291 W qdgralloc: getInterlacedFlag: getMetaData returned 3, defaulting to interlaced_flag = 0
02-13 01:18:44.870 10162 10269 D PipelineWatcher: onInputBufferReleased: frameIndex not found (73333); ignored
02-13 01:18:44.874  1451 10291 W qdgralloc: getInterlacedFlag: getMetaData returned 3, defaulting to interlaced_flag = 0
02-13 01:18:44.874  1451 10291 W qdgralloc: getInterlacedFlag: getMetaData returned 3, defaulting to interlaced_flag = 0
02-13 01:18:44.890 10162 10269 D PipelineWatcher: onInputBufferReleased: frameIndex not found (73334); ignored
02-13 01:18:44.896  1451 10291 W qdgralloc: getInterlacedFlag: getMetaData returned 3, defaulting to interlaced_flag = 0
02-13 01:18:44.898  1451 10291 W qdgralloc: getInterlacedFlag: getMetaData returned 3, defaulting to interlaced_flag = 0
02-13 01:18:44.927 10162 10269 D PipelineWatcher: onInputBufferReleased: frameIndex not found (73335); ignored
02-13 01:18:44.932  1451 10291 W qdgralloc: getInterlacedFlag: getMetaData returned 3, defaulting to interlaced_flag = 0
02-13 01:18:44.934  1451 10291 W qdgralloc: getInterlacedFlag: getMetaData returned 3, defaulting to interlaced_flag = 0
02-13 01:18:44.950  1336  8837 I sensors-hal: handle_sns_client_event:49, ambient_light_event: ts=706685050428699, event=0.000000
02-13 01:18:44.962 10162 10269 D PipelineWatcher: onInputBufferReleased: frameIndex not found (73336); ignored
02-13 01:18:44.967  1451 10291 W qdgralloc: getInterlacedFlag: getMetaData returned 3, defaulting to interlaced_flag = 0
02-13 01:18:44.968  1451 10291 W qdgralloc: getInterlacedFlag: getMetaData returned 3, defaulting to interlaced_flag = 0
02-13 01:18:44.991  1451 10291 W qdgralloc: getInterlacedFlag: getMetaData returned 3, defaulting to interlaced_flag = 0
02-13 01:18:44.992  1451 10291 W qdgralloc: getInterlacedFlag: getMetaData returned 3, defaulting to interlaced_flag = 0
02-13 01:18:45.019 10162 10269 D PipelineWatcher: onInputBufferReleased: frameIndex not found (73338); ignored
02-13 01:18:45.023 10162 10269 D PipelineWatcher: onInputBufferReleased: frameIndex not found (73339); ignored
02-13 01:18:45.023  1451 10291 W qdgralloc: getInterlacedFlag: getMetaData returned 3, defaulting to interlaced_flag = 0
02-13 01:18:45.024  1451 10291 W qdgralloc: getInterlacedFlag: getMetaData returned 3, defaulting to interlaced_flag = 0
02-13 01:18:45.041 10162 10269 D PipelineWatcher: onInputBufferReleased: frameIndex not found (73340); ignored
02-13 01:18:45.045  1451 10291 W qdgralloc: getInterlacedFlag: getMetaData returned 3, defaulting to interlaced_flag = 0
02-13 01:18:45.045  1451 10291 W qdgralloc: getInterlacedFlag: getMetaData returned 3, defaulting to interlaced_flag = 0
02-13 01:18:45.050  1336  8837 I sensors-hal: handle_sns_client_event:49, ambient_light_event: ts=706685150446251, event=0.000000
02-13 01:18:45.081  1451 10291 W qdgralloc: getInterlacedFlag: getMetaData returned 3, defaulting to interlaced_flag = 0
02-13 01:18:45.082  1451 10291 W qdgralloc: getInterlacedFlag: getMetaData returned 3, defaulting to interlaced_flag = 0
02-13 01:18:45.113 10162 10269 D PipelineWatcher: onInputBufferReleased: frameIndex not found (73341); ignored
02-13 01:18:45.116  1451 10291 W qdgralloc: getInterlacedFlag: getMetaData returned 3, defaulting to interlaced_flag = 0
02-13 01:18:45.117  1451 10291 W qdgralloc: getInterlacedFlag: getMetaData returned 3, defaulting to interlaced_flag = 0
02-13 01:18:45.132 10162 10269 D PipelineWatcher: onInputBufferReleased: frameIndex not found (73342); ignored
02-13 01:18:45.137  1451 10291 W qdgralloc: getInterlacedFlag: getMetaData returned 3, defaulting to interlaced_flag = 0
02-13 01:18:45.138  1451 10291 W qdgralloc: getInterlacedFlag: getMetaData returned 3, defaulting to interlaced_flag = 0
02-13 01:18:45.150  1336  8837 I sensors-hal: handle_sns_client_event:49, ambient_light_event: ts=706685250432501, event=0.000000
02-13 01:18:45.152 10162 10269 D PipelineWatcher: onInputBufferReleased: frameIndex not found (73344); ignored
02-13 01:18:45.155  1451 10291 W qdgralloc: getInterlacedFlag: getMetaData returned 3, defaulting to interlaced_flag = 0
02-13 01:18:45.155  1451 10291 W qdgralloc: getInterlacedFlag: getMetaData returned 3, defaulting to interlaced_flag = 0
02-13 01:18:45.188  1451 10291 I QC2Comp : [avcE_270] Stats: Pending(8) i/p-done(0) Works: Q: 73353/Done 73345|Work-Rate: Q(38.6/s Avg=3.8/s) Done(38.570/s Avg=3.792/s)| Stream: 54.69fps 12.3Mbps
02-13 01:18:45.188  1451 10291 I QC2Comp : [avcE_270] Mem-usage:  [In-2D: 18 bufs 140.625 MB] [2D-Conv-436: 65 bufs 152.344 MB] [1D-435: 65 bufs 152.344 MB] [1D-437: 12 bufs 0.188 MB] | Total: 445.500 MB
02-13 01:18:45.190  1451 10291 W qdgralloc: getInterlacedFlag: getMetaData returned 3, defaulting to interlaced_flag = 0
02-13 01:18:45.191  1451 10291 W qdgralloc: getInterlacedFlag: getMetaData returned 3, defaulting to interlaced_flag = 0
02-13 01:18:45.202  4713  4713 D BoundBrokerSvc: onUnbind: Intent { act=com.google.android.gms.libs.gmscorelogger.service.START dat=chimera-action:/... xflg=0x4 cmp=com.google.android.gms/.chimera.PersistentDirectBootAwareApiService }
02-13 01:18:45.207 10162 10269 D PipelineWatcher: onInputBufferReleased: frameIndex not found (73345); ignored
02-13 01:18:45.208  1451 10291 W qdgralloc: getInterlacedFlag: getMetaData returned 3, defaulting to interlaced_flag = 0
02-13 01:18:45.209  1451 10291 W qdgralloc: getInterlacedFlag: getMetaData returned 3, defaulting to interlaced_flag = 0
02-13 01:18:45.225 10162 10269 D PipelineWatcher: onInputBufferReleased: frameIndex not found (73346); ignored
02-13 01:18:45.228  1451 10291 W qdgralloc: getInterlacedFlag: getMetaData returned 3, defaulting to interlaced_flag = 0
02-13 01:18:45.228  1323  3855 I vendor.qti.bluetooth@1.0-ibs_handler: ProcessIbsCmd: Received IBS_WAKE_IND: 0xFD
02-13 01:18:45.228  1451 10291 W qdgralloc: getInterlacedFlag: getMetaData returned 3, defaulting to interlaced_flag = 0
02-13 01:18:45.228  1323  3855 D vendor.qti.bluetooth@1.0-ibs_handler: SerialClockVote: vote for UART CLK ON
02-13 01:18:45.228  1323  3855 D vendor.qti.bluetooth@1.0-wake_lock: Acquire wakelock is acquired 
02-13 01:18:45.229  1323  3855 I vendor.qti.bluetooth@1.0-ibs_handler: ProcessIbsCmd: Writing IBS_WAKE_ACK
02-13 01:18:45.244 10162 10269 D PipelineWatcher: onInputBufferReleased: frameIndex not found (73347); ignored
02-13 01:18:45.248  1451 10291 W qdgralloc: getInterlacedFlag: getMetaData returned 3, defaulting to interlaced_flag = 0
02-13 01:18:45.249  1451 10291 W qdgralloc: getInterlacedFlag: getMetaData returned 3, defaulting to interlaced_flag = 0
02-13 01:18:45.250  1336  8837 I sensors-hal: handle_sns_client_event:49, ambient_light_event: ts=706685350449011, event=0.000000
02-13 01:18:45.269  1451 10291 W qdgralloc: getInterlacedFlag: getMetaData returned 3, defaulting to interlaced_flag = 0
02-13 01:18:45.270  1451 10291 W qdgralloc: getInterlacedFlag: getMetaData returned 3, defaulting to interlaced_flag = 0
02-13 01:18:45.282 10162 10263 D BufferPoolAccessor2.0: bufferpool2 0xb400007780129428 : 5(19200 size) total buffers - 4(15360 size) used buffers - 967104/967109 (recycle/alloc) - 2098/1934209 (fetch/transfer)
02-13 01:18:45.287  1451 10291 W qdgralloc: getInterlacedFlag: getMetaData returned 3, defaulting to interlaced_flag = 0
02-13 01:18:45.287  1451 10291 W qdgralloc: getInterlacedFlag: getMetaData returned 3, defaulting to interlaced_flag = 0
02-13 01:18:45.302 10162 10269 D PipelineWatcher: onInputBufferReleased: frameIndex not found (73349); ignored
02-13 01:18:45.304  1451 10291 W qdgralloc: getInterlacedFlag: getMetaData returned 3, defaulting to interlaced_flag = 0
02-13 01:18:45.305  1451 10291 W qdgralloc: getInterlacedFlag: getMetaData returned 3, defaulting to interlaced_flag = 0
02-13 01:18:45.311  3350  3876 I ScanController: onScanResult to scannerId: 6- eventType=0x1b, addressType=1, address=XX:XX:XX:XX:7A:55, primaryPhy=1, secondaryPhy=0, advertisingSid=0xff, txPower=127, rssi=-88, periodicAdvInt=0x0
02-13 01:18:45.323 10162 10269 D PipelineWatcher: onInputBufferReleased: frameIndex not found (73350); ignored
02-13 01:18:45.326  1451 10291 W qdgralloc: getInterlacedFlag: getMetaData returned 3, defaulting to interlaced_flag = 0
02-13 01:18:45.327  1451 10291 W qdgralloc: getInterlacedFlag: getMetaData returned 3, defaulting to interlaced_flag = 0
02-13 01:18:45.350  1336  8837 I sensors-hal: handle_sns_client_event:49, ambient_light_event: ts=706685450434740, event=0.000000
02-13 01:18:45.359 10162 10269 D PipelineWatcher: onInputBufferReleased: frameIndex not found (73352); ignored
02-13 01:18:45.361  1451 10291 W qdgralloc: getInterlacedFlag: getMetaData returned 3, defaulting to interlaced_flag = 0
02-13 01:18:45.362  1451 10291 W qdgralloc: getInterlacedFlag: getMetaData returned 3, defaulting to interlaced_flag = 0
02-13 01:18:45.379 10162 10269 D PipelineWatcher: onInputBufferReleased: frameIndex not found (73353); ignored
02-13 01:18:45.381  1451 10291 W qdgralloc: getInterlacedFlag: getMetaData returned 3, defaulting to interlaced_flag = 0
02-13 01:18:45.382  1451 10291 W qdgralloc: getInterlacedFlag: getMetaData returned 3, defaulting to interlaced_flag = 0
02-13 01:18:45.399  1323  3855 I vendor.qti.bluetooth@1.0-ibs_handler: ProcessIbsCmd: Received IBS_SLEEP_IND: 0xFE
02-13 01:18:45.399  1323  3855 D vendor.qti.bluetooth@1.0-ibs_handler: SerialClockVote: vote for UART CLK OFF
02-13 01:18:45.401 10162 10269 D PipelineWatcher: onInputBufferReleased: frameIndex not found (73354); ignored
02-13 01:18:45.403  1451 10291 W qdgralloc: getInterlacedFlag: getMetaData returned 3, defaulting to interlaced_flag = 0
02-13 01:18:45.404  1451 10291 W qdgralloc: getInterlacedFlag: getMetaData returned 3, defaulting to interlaced_flag = 0
02-13 01:18:45.419 10162 10269 D PipelineWatcher: onInputBufferReleased: frameIndex not found (73355); ignored
02-13 01:18:45.420 10162 10269 D PipelineWatcher: onInputBufferReleased: frameIndex not found (73356); ignored
02-13 01:18:45.421  1451 10291 W qdgralloc: getInterlacedFlag: getMetaData returned 3, defaulting to interlaced_flag = 0
02-13 01:18:45.421  1451 10291 W qdgralloc: getInterlacedFlag: getMetaData returned 3, defaulting to interlaced_flag = 0
02-13 01:18:45.437 10162 10269 D PipelineWatcher: onInputBufferReleased: frameIndex not found (73357); ignored
02-13 01:18:45.440  1451 10291 W qdgralloc: getInterlacedFlag: getMetaData returned 3, defaulting to interlaced_flag = 0
02-13 01:18:45.440  1451 10291 W qdgralloc: getInterlacedFlag: getMetaData returned 3, defaulting to interlaced_flag = 0
02-13 01:18:45.450  1336  8837 I sensors-hal: handle_sns_client_event:49, ambient_light_event: ts=706685550451251, event=0.000000
02-13 01:18:45.457 10162 10269 D PipelineWatcher: onInputBufferReleased: frameIndex not found (73359); ignored
02-13 01:18:45.461  1451 10291 W qdgralloc: getInterlacedFlag: getMetaData returned 3, defaulting to interlaced_flag = 0
02-13 01:18:45.461  1451 10291 W qdgralloc: getInterlacedFlag: getMetaData returned 3, defaulting to interlaced_flag = 0
02-13 01:18:45.493 10162 10269 D PipelineWatcher: onInputBufferReleased: frameIndex not found (73360); ignored
02-13 01:18:45.496  1451 10291 W qdgralloc: getInterlacedFlag: getMetaData returned 3, defaulting to interlaced_flag = 0
02-13 01:18:45.497  1451 10291 W qdgralloc: getInterlacedFlag: getMetaData returned 3, defaulting to interlaced_flag = 0
02-13 01:18:45.516  1451 10291 W qdgralloc: getInterlacedFlag: getMetaData returned 3, defaulting to interlaced_flag = 0
02-13 01:18:45.516  1451 10291 W qdgralloc: getInterlacedFlag: getMetaData returned 3, defaulting to interlaced_flag = 0
02-13 01:18:45.537  1451 10291 W qdgralloc: getInterlacedFlag: getMetaData returned 3, defaulting to interlaced_flag = 0
02-13 01:18:45.538  1451 10291 W qdgralloc: getInterlacedFlag: getMetaData returned 3, defaulting to interlaced_flag = 0
02-13 01:18:45.550  1323  3698 D vendor.qti.bluetooth@1.0-wake_lock: Release wakelock is released 
02-13 01:18:45.550  1336  8837 I sensors-hal: handle_sns_client_event:49, ambient_light_event: ts=706685650437761, event=0.000000
02-13 01:18:45.558  1451 10291 W qdgralloc: getInterlacedFlag: getMetaData returned 3, defaulting to interlaced_flag = 0
02-13 01:18:45.559  1451 10291 W qdgralloc: getInterlacedFlag: getMetaData returned 3, defaulting to interlaced_flag = 0
02-13 01:18:45.573 10162 10269 D PipelineWatcher: onInputBufferReleased: frameIndex not found (73362); ignored
02-13 01:18:45.576  1451 10291 W qdgralloc: getInterlacedFlag: getMetaData returned 3, defaulting to interlaced_flag = 0
02-13 01:18:45.577  1451 10291 W qdgralloc: getInterlacedFlag: getMetaData returned 3, defaulting to interlaced_flag = 0
02-13 01:18:45.609 10162 10269 D PipelineWatcher: onInputBufferReleased: frameIndex not found (73365); ignored
02-13 01:18:45.610  1451 10291 W qdgralloc: getInterlacedFlag: getMetaData returned 3, defaulting to interlaced_flag = 0
02-13 01:18:45.611  1451 10291 W qdgralloc: getInterlacedFlag: getMetaData returned 3, defaulting to interlaced_flag = 0
02-13 01:18:45.632  1451 10291 W qdgralloc: getInterlacedFlag: getMetaData returned 3, defaulting to interlaced_flag = 0
02-13 01:18:45.632  1451 10291 W qdgralloc: getInterlacedFlag: getMetaData returned 3, defaulting to interlaced_flag = 0
02-13 01:18:45.638  1455  1455 E sehhealth-service: sehtBinder.get() is null
02-13 01:18:45.641  1455  1455 E sehhealth-service: sehtBinder.get() is null
02-13 01:18:45.644  1455  1455 E sehhealth-service: sehtBinder.get() is null
02-13 01:18:45.648  1455  1455 E sehhealth-service: sehtBinder.get() is null
02-13 01:18:45.650  1336  8837 I sensors-hal: handle_sns_client_event:49, ambient_light_event: ts=706685750455053, event=0.000000
02-13 01:18:45.652  1451 10291 W qdgralloc: getInterlacedFlag: getMetaData returned 3, defaulting to interlaced_flag = 0
02-13 01:18:45.653  1451 10291 W qdgralloc: getInterlacedFlag: getMetaData returned 3, defaulting to interlaced_flag = 0
02-13 01:18:45.667 10162 10269 D PipelineWatcher: onInputBufferReleased: frameIndex not found (73366); ignored
02-13 01:18:45.670  1451 10291 W qdgralloc: getInterlacedFlag: getMetaData returned 3, defaulting to interlaced_flag = 0
02-13 01:18:45.671  1451 10291 W qdgralloc: getInterlacedFlag: getMetaData returned 3, defaulting to interlaced_flag = 0
02-13 01:18:45.709  1451 10291 W qdgralloc: getInterlacedFlag: getMetaData returned 3, defaulting to interlaced_flag = 0
02-13 01:18:45.710  1451 10291 W qdgralloc: getInterlacedFlag: getMetaData returned 3, defaulting to interlaced_flag = 0
02-13 01:18:45.724 10162 10269 D PipelineWatcher: onInputBufferReleased: frameIndex not found (73367); ignored
02-13 01:18:45.730  1451 10291 W qdgralloc: getInterlacedFlag: getMetaData returned 3, defaulting to interlaced_flag = 0
02-13 01:18:45.731  1451 10291 W qdgralloc: getInterlacedFlag: getMetaData returned 3, defaulting to interlaced_flag = 0
02-13 01:18:45.742 10162 10269 D PipelineWatcher: onInputBufferReleased: frameIndex not found (73370); ignored
02-13 01:18:45.747  1451 10291 W qdgralloc: getInterlacedFlag: getMetaData returned 3, defaulting to interlaced_flag = 0
02-13 01:18:45.747  1451 10291 W qdgralloc: getInterlacedFlag: getMetaData returned 3, defaulting to interlaced_flag = 0
02-13 01:18:45.750  1336  8837 I sensors-hal: handle_sns_client_event:49, ambient_light_event: ts=706685850440522, event=0.000000
02-13 01:18:45.779 10162 10269 D PipelineWatcher: onInputBufferReleased: frameIndex not found (73371); ignored
02-13 01:18:45.783  1451 10291 W qdgralloc: getInterlacedFlag: getMetaData returned 3, defaulting to interlaced_flag = 0
02-13 01:18:45.784  1451 10291 W qdgralloc: getInterlacedFlag: getMetaData returned 3, defaulting to interlaced_flag = 0
02-13 01:18:45.802  1451 10291 W qdgralloc: getInterlacedFlag: getMetaData returned 3, defaulting to interlaced_flag = 0
02-13 01:18:45.803  1451 10291 W qdgralloc: getInterlacedFlag: getMetaData returned 3, defaulting to interlaced_flag = 0
02-13 01:18:45.817 10162 10269 D PipelineWatcher: onInputBufferReleased: frameIndex not found (73372); ignored
02-13 01:18:45.822  1451 10291 W qdgralloc: getInterlacedFlag: getMetaData returned 3, defaulting to interlaced_flag = 0
02-13 01:18:45.823  1451 10291 W qdgralloc: getInterlacedFlag: getMetaData returned 3, defaulting to interlaced_flag = 0
02-13 01:18:45.839 10162 10269 D PipelineWatcher: onInputBufferReleased: frameIndex not found (73374); ignored
02-13 01:18:45.843  1451 10291 W qdgralloc: getInterlacedFlag: getMetaData returned 3, defaulting to interlaced_flag = 0
02-13 01:18:45.844  1451 10291 W qdgralloc: getInterlacedFlag: getMetaData returned 3, defaulting to interlaced_flag = 0
02-13 01:18:45.850  1336  8837 I sensors-hal: handle_sns_client_event:49, ambient_light_event: ts=706685950457553, event=0.000000
02-13 01:18:45.876 10162 10269 D PipelineWatcher: onInputBufferReleased: frameIndex not found (73375); ignored
02-13 01:18:45.881  1451 10291 W qdgralloc: getInterlacedFlag: getMetaData returned 3, defaulting to interlaced_flag = 0
02-13 01:18:45.882  1451 10291 W qdgralloc: getInterlacedFlag: getMetaData returned 3, defaulting to interlaced_flag = 0
02-13 01:18:45.897  1451 10346 D BufferPoolAccessor2.0: bufferpool2 0xb4000075f03dca28 : 14(34406400 size) total buffers - 11(27033600 size) used buffers - 72517/73387 (recycle/alloc) - 3406/73376 (fetch/transfer)
02-13 01:18:45.900  1455  1455 E sehhealth-service: sehtBinder.get() is null
02-13 01:18:45.911 10162 10269 D PipelineWatcher: onInputBufferReleased: frameIndex not found (73376); ignored
02-13 01:18:45.916  1451 10291 W qdgralloc: getInterlacedFlag: getMetaData returned 3, defaulting to interlaced_flag = 0
02-13 01:18:45.917  1451 10291 W qdgralloc: getInterlacedFlag: getMetaData returned 3, defaulting to interlaced_flag = 0
02-13 01:18:45.942  1451 10291 W qdgralloc: getInterlacedFlag: getMetaData returned 3, defaulting to interlaced_flag = 0
02-13 01:18:45.943  1451 10291 W qdgralloc: getInterlacedFlag: getMetaData returned 3, defaulting to interlaced_flag = 0
02-13 01:18:45.950  1336  8837 I sensors-hal: handle_sns_client_event:49, ambient_light_event: ts=706686050444636, event=0.000000
02-13 01:18:45.959 10162 10269 D PipelineWatcher: onInputBufferReleased: frameIndex not found (73378); ignored
02-13 01:18:45.960 10162 10269 D PipelineWatcher: onInputBufferReleased: frameIndex not found (73379); ignored
02-13 01:18:45.963  1451 10291 W qdgralloc: getInterlacedFlag: getMetaData returned 3, defaulting to interlaced_flag = 0
02-13 01:18:45.964  1451 10291 W qdgralloc: getInterlacedFlag: getMetaData returned 3, defaulting to interlaced_flag = 0
02-13 01:18:45.999  1451 10291 W qdgralloc: getInterlacedFlag: getMetaData returned 3, defaulting to interlaced_flag = 0
02-13 01:18:46.000  1451 10291 W qdgralloc: getInterlacedFlag: getMetaData returned 3, defaulting to interlaced_flag = 0
02-13 01:18:46.031 10162 10269 D PipelineWatcher: onInputBufferReleased: frameIndex not found (73380); ignored
02-13 01:18:46.036  1451 10291 W qdgralloc: getInterlacedFlag: getMetaData returned 3, defaulting to interlaced_flag = 0
02-13 01:18:46.037  1451 10291 W qdgralloc: getInterlacedFlag: getMetaData returned 3, defaulting to interlaced_flag = 0
02-13 01:18:46.050 10162 10269 D PipelineWatcher: onInputBufferReleased: frameIndex not found (73381); ignored
02-13 01:18:46.050  1336  8837 I sensors-hal: handle_sns_client_event:49, ambient_light_event: ts=706686150430053, event=0.000000
02-13 01:18:46.055  1451 10291 W qdgralloc: getInterlacedFlag: getMetaData returned 3, defaulting to interlaced_flag = 0
02-13 01:18:46.055  1451 10291 W qdgralloc: getInterlacedFlag: getMetaData returned 3, defaulting to interlaced_flag = 0
02-13 01:18:46.069 10162 10269 D PipelineWatcher: onInputBufferReleased: frameIndex not found (73382); ignored
02-13 01:18:46.072  1451 10291 W qdgralloc: getInterlacedFlag: getMetaData returned 3, defaulting to interlaced_flag = 0
02-13 01:18:46.072  1451 10291 W qdgralloc: getInterlacedFlag: getMetaData returned 3, defaulting to interlaced_flag = 0
02-13 01:18:46.090 10162 10269 D PipelineWatcher: onInputBufferReleased: frameIndex not found (73383); ignored
02-13 01:18:46.094  1451 10291 W qdgralloc: getInterlacedFlag: getMetaData returned 3, defaulting to interlaced_flag = 0
02-13 01:18:46.095  1451 10291 W qdgralloc: getInterlacedFlag: getMetaData returned 3, defaulting to interlaced_flag = 0
02-13 01:18:46.132  1451 10291 W qdgralloc: getInterlacedFlag: getMetaData returned 3, defaulting to interlaced_flag = 0
02-13 01:18:46.134  1451 10291 W qdgralloc: getInterlacedFlag: getMetaData returned 3, defaulting to interlaced_flag = 0
02-13 01:18:46.150  1336  8837 I sensors-hal: handle_sns_client_event:49, ambient_light_event: ts=706686250447605, event=0.000000
02-13 01:18:46.162 10162 10269 D PipelineWatcher: onInputBufferReleased: frameIndex not found (73384); ignored
02-13 01:18:46.166  1451 10291 W qdgralloc: getInterlacedFlag: getMetaData returned 3, defaulting to interlaced_flag = 0
02-13 01:18:46.167  1451 10291 W qdgralloc: getInterlacedFlag: getMetaData returned 3, defaulting to interlaced_flag = 0
02-13 01:18:46.183 10162 10269 D PipelineWatcher: onInputBufferReleased: frameIndex not found (73385); ignored
02-13 01:18:46.187  1451 10291 W qdgralloc: getInterlacedFlag: getMetaData returned 3, defaulting to interlaced_flag = 0
02-13 01:18:46.188  1451 10291 W qdgralloc: getInterlacedFlag: getMetaData returned 3, defaulting to interlaced_flag = 0
02-13 01:18:46.205 10162 10269 D PipelineWatcher: onInputBufferReleased: frameIndex not found (73386); ignored
02-13 01:18:46.207  1451 10291 W qdgralloc: getInterlacedFlag: getMetaData returned 3, defaulting to interlaced_flag = 0
02-13 01:18:46.208  1451 10291 W qdgralloc: getInterlacedFlag: getMetaData returned 3, defaulting to interlaced_flag = 0
02-13 01:18:46.211  2407  2751 W DeviceStorageMonitorService: updateBroadcasts(/data) oldLevel:0, newLevel:0, seq:1
02-13 01:18:46.213  2407  2751 D DeviceStorageMonitorService: Available File Node Number is [12312553]
02-13 01:18:46.213  2407  2751 W DeviceStorageMonitorService: updateBroadcasts_filenode(/data) fn_oldLevel:0, fn_newLevel:0, seq:1
02-13 01:18:46.221 10162 10269 D PipelineWatcher: onInputBufferReleased: frameIndex not found (73387); ignored
02-13 01:18:46.224  1451 10291 W qdgralloc: getInterlacedFlag: getMetaData returned 3, defaulting to interlaced_flag = 0
02-13 01:18:46.225  1451 10291 W qdgralloc: getInterlacedFlag: getMetaData returned 3, defaulting to interlaced_flag = 0
02-13 01:18:46.233  3159 21719 W AlarmManager: Unrecognized alarm listener com.android.networkstack.android.net.ip.IpClientLinkObserver$Dhcp6PdPreferredPrefixAlarmListener@dcb4e71
02-13 01:18:46.234  3159 21719 D ApfFilter: (wlan0): Adding RA fe80::deeb:69ff:fe6d:f19e -> ff02::1 180s 2600:8800:2918:cb00::/64 300s/300s RIO 180s ::/0 
02-13 01:18:46.244  1451 10291 W qdgralloc: getInterlacedFlag: getMetaData returned 3, defaulting to interlaced_flag = 0
02-13 01:18:46.245  1451 10291 W qdgralloc: getInterlacedFlag: getMetaData returned 3, defaulting to interlaced_flag = 0
02-13 01:18:46.250  1336  8837 I sensors-hal: handle_sns_client_event:49, ambient_light_event: ts=706686350433074, event=0.000000
02-13 01:18:46.260 10162 10269 D PipelineWatcher: onInputBufferReleased: frameIndex not found (73388); ignored
02-13 01:18:46.263  1451 10291 W qdgralloc: getInterlacedFlag: getMetaData returned 3, defaulting to interlaced_flag = 0
02-13 01:18:46.264  1451 10291 W qdgralloc: getInterlacedFlag: getMetaData returned 3, defaulting to interlaced_flag = 0
02-13 01:18:46.298 10162 10269 D PipelineWatcher: onInputBufferReleased: frameIndex not found (73389); ignored
02-13 01:18:46.303  1451 10291 W qdgralloc: getInterlacedFlag: getMetaData returned 3, defaulting to interlaced_flag = 0
02-13 01:18:46.304  1451 10291 W qdgralloc: getInterlacedFlag: getMetaData returned 3, defaulting to interlaced_flag = 0
02-13 01:18:46.319 10162 10269 D PipelineWatcher: onInputBufferReleased: frameIndex not found (73391); ignored
02-13 01:18:46.324  1451 10291 W qdgralloc: getInterlacedFlag: getMetaData returned 3, defaulting to interlaced_flag = 0
02-13 01:18:46.325  1451 10291 W qdgralloc: getInterlacedFlag: getMetaData returned 3, defaulting to interlaced_flag = 0
02-13 01:18:46.346 10162 10269 D PipelineWatcher: onInputBufferReleased: frameIndex not found (73392); ignored
02-13 01:18:46.350  1451 10291 W qdgralloc: getInterlacedFlag: getMetaData returned 3, defaulting to interlaced_flag = 0
02-13 01:18:46.350  1336  8837 I sensors-hal: handle_sns_client_event:49, ambient_light_event: ts=706686450449844, event=0.000000
02-13 01:18:46.351  1451 10291 W qdgralloc: getInterlacedFlag: getMetaData returned 3, defaulting to interlaced_flag = 0
02-13 01:18:46.378  1451 10291 W qdgralloc: getInterlacedFlag: getMetaData returned 3, defaulting to interlaced_flag = 0
02-13 01:18:46.379  1451 10291 W qdgralloc: getInterlacedFlag: getMetaData returned 3, defaulting to interlaced_flag = 0
02-13 01:18:46.387   984   984 D io_stats: !@   8,0 r 148599434 2440850656 w 8338248 308248396 d 1228116 393908564 f 587213 1843571 iot 29055432 0 th 0 0 0 pt 0 inp 0 0 691920.873
02-13 01:18:46.387   984   984 D io_stats: !@ Write_top(KB): kworker/u16:6(16859) 472
02-13 01:18:46.409 10162 10269 D PipelineWatcher: onInputBufferReleased: frameIndex not found (73394); ignored
02-13 01:18:46.414  1451 10291 W qdgralloc: getInterlacedFlag: getMetaData returned 3, defaulting to interlaced_flag = 0
02-13 01:18:46.415  1451 10291 W qdgralloc: getInterlacedFlag: getMetaData returned 3, defaulting to interlaced_flag = 0
02-13 01:18:46.446 10162 10269 D PipelineWatcher: onInputBufferReleased: frameIndex not found (73396); ignored
02-13 01:18:46.450  1336  8837 I sensors-hal: handle_sns_client_event:49, ambient_light_event: ts=706686550436094, event=0.000000
02-13 01:18:46.451  1451 10291 W qdgralloc: getInterlacedFlag: getMetaData returned 3, defaulting to interlaced_flag = 0
02-13 01:18:46.452  1451 10291 W qdgralloc: getInterlacedFlag: getMetaData returned 3, defaulting to interlaced_flag = 0
02-13 01:18:46.466 10162 10269 D PipelineWatcher: onInputBufferReleased: frameIndex not found (73397); ignored
02-13 01:18:46.471  1451 10291 W qdgralloc: getInterlacedFlag: getMetaData returned 3, defaulting to interlaced_flag = 0
02-13 01:18:46.472  1451 10291 W qdgralloc: getInterlacedFlag: getMetaData returned 3, defaulting to interlaced_flag = 0
02-13 01:18:46.489  1451 10291 W qdgralloc: getInterlacedFlag: getMetaData returned 3, defaulting to interlaced_flag = 0
02-13 01:18:46.489  1451 10291 W qdgralloc: getInterlacedFlag: getMetaData returned 3, defaulting to interlaced_flag = 0
02-13 01:18:46.508  1451 10291 W qdgralloc: getInterlacedFlag: getMetaData returned 3, defaulting to interlaced_flag = 0
02-13 01:18:46.509  1451 10291 W qdgralloc: getInterlacedFlag: getMetaData returned 3, defaulting to interlaced_flag = 0
02-13 01:18:46.542 10162 10269 D PipelineWatcher: onInputBufferReleased: frameIndex not found (73399); ignored
02-13 01:18:46.546  1451 10291 W qdgralloc: getInterlacedFlag: getMetaData returned 3, defaulting to interlaced_flag = 0
02-13 01:18:46.547  1451 10291 W qdgralloc: getInterlacedFlag: getMetaData returned 3, defaulting to interlaced_flag = 0
02-13 01:18:46.550  1336  8837 I sensors-hal: handle_sns_client_event:49, ambient_light_event: ts=706686650452865, event=0.000000
02-13 01:18:46.576 10162 10269 D PipelineWatcher: onInputBufferReleased: frameIndex not found (73401); ignored
02-13 01:18:46.581  1451 10291 W qdgralloc: getInterlacedFlag: getMetaData returned 3, defaulting to interlaced_flag = 0
02-13 01:18:46.582  1451 10291 W qdgralloc: getInterlacedFlag: getMetaData returned 3, defaulting to interlaced_flag = 0
02-13 01:18:46.613 10162 10269 D PipelineWatcher: onInputBufferReleased: frameIndex not found (73402); ignored
02-13 01:18:46.618  1451 10291 W qdgralloc: getInterlacedFlag: getMetaData returned 3, defaulting to interlaced_flag = 0
02-13 01:18:46.619  1451 10291 W qdgralloc: getInterlacedFlag: getMetaData returned 3, defaulting to interlaced_flag = 0
02-13 01:18:46.636  1451 10291 W qdgralloc: getInterlacedFlag: getMetaData returned 3, defaulting to interlaced_flag = 0
02-13 01:18:46.637  1451 10291 W qdgralloc: getInterlacedFlag: getMetaData returned 3, defaulting to interlaced_flag = 0
02-13 01:18:46.650  1336  8837 I sensors-hal: handle_sns_client_event:49, ambient_light_event: ts=706686750439115, event=0.000000
02-13 01:18:46.652 10162 10269 D PipelineWatcher: onInputBufferReleased: frameIndex not found (73403); ignored
02-13 01:18:46.655  1451 10291 W qdgralloc: getInterlacedFlag: getMetaData returned 3, defaulting to interlaced_flag = 0
02-13 01:18:46.656  1451 10291 W qdgralloc: getInterlacedFlag: getMetaData returned 3, defaulting to interlaced_flag = 0
02-13 01:18:46.671 10162 10269 D PipelineWatcher: onInputBufferReleased: frameIndex not found (73404); ignored
02-13 01:18:46.677  1451 10291 W qdgralloc: getInterlacedFlag: getMetaData returned 3, defaulting to interlaced_flag = 0
02-13 01:18:46.677  1451 10291 W qdgralloc: getInterlacedFlag: getMetaData returned 3, defaulting to interlaced_flag = 0
02-13 01:18:46.708 10162 10269 D PipelineWatcher: onInputBufferReleased: frameIndex not found (73405); ignored
02-13 01:18:46.714  1451 10291 W qdgralloc: getInterlacedFlag: getMetaData returned 3, defaulting to interlaced_flag = 0
02-13 01:18:46.715  1451 10291 W qdgralloc: getInterlacedFlag: getMetaData returned 3, defaulting to interlaced_flag = 0
02-13 01:18:46.744 10162 10269 D PipelineWatcher: onInputBufferReleased: frameIndex not found (73406); ignored
02-13 01:18:46.748  1451 10291 W qdgralloc: getInterlacedFlag: getMetaData returned 3, defaulting to interlaced_flag = 0
02-13 01:18:46.749  1451 10291 W qdgralloc: getInterlacedFlag: getMetaData returned 3, defaulting to interlaced_flag = 0
02-13 01:18:46.750  1336  8837 I sensors-hal: handle_sns_client_event:49, ambient_light_event: ts=706686850455626, event=0.000000
02-13 01:18:46.771 10162 10269 D PipelineWatcher: onInputBufferReleased: frameIndex not found (73407); ignored
02-13 01:18:46.775  1451 10291 W qdgralloc: getInterlacedFlag: getMetaData returned 3, defaulting to interlaced_flag = 0
02-13 01:18:46.776  1451 10291 W qdgralloc: getInterlacedFlag: getMetaData returned 3, defaulting to interlaced_flag = 0
02-13 01:18:46.791 10162 10269 D PipelineWatcher: onInputBufferReleased: frameIndex not found (73408); ignored
02-13 01:18:46.796  1451 10291 W qdgralloc: getInterlacedFlag: getMetaData returned 3, defaulting to interlaced_flag = 0
02-13 01:18:46.797  1451 10291 W qdgralloc: getInterlacedFlag: getMetaData returned 3, defaulting to interlaced_flag = 0
02-13 01:18:46.828 10162 10269 D PipelineWatcher: onInputBufferReleased: frameIndex not found (73409); ignored
02-13 01:18:46.832  1451 10291 W qdgralloc: getInterlacedFlag: getMetaData returned 3, defaulting to interlaced_flag = 0
02-13 01:18:46.833  1451 10291 W qdgralloc: getInterlacedFlag: getMetaData returned 3, defaulting to interlaced_flag = 0
02-13 01:18:46.846  2407 21843 D SemWifiUsabilityStatsMonitor: onWifiUsabilityStats - seqNum 182380, isSameBssidAndFreq true
02-13 01:18:46.850  1336  8837 I sensors-hal: handle_sns_client_event:49, ambient_light_event: ts=706686950442136, event=0.000000
02-13 01:18:46.863 10162 10269 D PipelineWatcher: onInputBufferReleased: frameIndex not found (73410); ignored
02-13 01:18:46.868  1451 10291 W qdgralloc: getInterlacedFlag: getMetaData returned 3, defaulting to interlaced_flag = 0
02-13 01:18:46.869  1451 10291 W qdgralloc: getInterlacedFlag: getMetaData returned 3, defaulting to interlaced_flag = 0
02-13 01:18:46.883 10162 10269 D PipelineWatcher: onInputBufferReleased: frameIndex not found (73411); ignored
02-13 01:18:46.888  1451 10291 W qdgralloc: getInterlacedFlag: getMetaData returned 3, defaulting to interlaced_flag = 0
02-13 01:18:46.888  1451 10291 W qdgralloc: getInterlacedFlag: getMetaData returned 3, defaulting to interlaced_flag = 0
02-13 01:18:46.909  1451 10291 W qdgralloc: getInterlacedFlag: getMetaData returned 3, defaulting to interlaced_flag = 0
02-13 01:18:46.910  1451 10291 W qdgralloc: getInterlacedFlag: getMetaData returned 3, defaulting to interlaced_flag = 0
02-13 01:18:46.942 10162 10269 D PipelineWatcher: onInputBufferReleased: frameIndex not found (73413); ignored
02-13 01:18:46.948  1451 10291 W qdgralloc: getInterlacedFlag: getMetaData returned 3, defaulting to interlaced_flag = 0
02-13 01:18:46.949  1451 10291 W qdgralloc: getInterlacedFlag: getMetaData returned 3, defaulting to interlaced_flag = 0
02-13 01:18:46.950  1336  8837 I sensors-hal: handle_sns_client_event:49, ambient_light_event: ts=706687050429480, event=0.000000
02-13 01:18:46.979 10162 10269 D PipelineWatcher: onInputBufferReleased: frameIndex not found (73414); ignored
02-13 01:18:46.984  1451 10291 W qdgralloc: getInterlacedFlag: getMetaData returned 3, defaulting to interlaced_flag = 0
02-13 01:18:46.985  1451 10291 W qdgralloc: getInterlacedFlag: getMetaData returned 3, defaulting to interlaced_flag = 0
02-13 01:18:47.013 10162 10269 D PipelineWatcher: onInputBufferReleased: frameIndex not found (73415); ignored
02-13 01:18:47.019  1451 10291 W qdgralloc: getInterlacedFlag: getMetaData returned 3, defaulting to interlaced_flag = 0
02-13 01:18:47.020  1451 10291 W qdgralloc: getInterlacedFlag: getMetaData returned 3, defaulting to interlaced_flag = 0
02-13 01:18:47.038  1451 10291 W qdgralloc: getInterlacedFlag: getMetaData returned 3, defaulting to interlaced_flag = 0
02-13 01:18:47.038  1451 10291 W qdgralloc: getInterlacedFlag: getMetaData returned 3, defaulting to interlaced_flag = 0
02-13 01:18:47.050  1336  8837 I sensors-hal: handle_sns_client_event:49, ambient_light_event: ts=706687150445417, event=0.000000
02-13 01:18:47.055  1451 10291 W qdgralloc: getInterlacedFlag: getMetaData returned 3, defaulting to interlaced_flag = 0
02-13 01:18:47.056  1451 10291 W qdgralloc: getInterlacedFlag: getMetaData returned 3, defaulting to interlaced_flag = 0
02-13 01:18:47.091 10162 10269 D PipelineWatcher: onInputBufferReleased: frameIndex not found (73418); ignored
02-13 01:18:47.097  1451 10291 W qdgralloc: getInterlacedFlag: getMetaData returned 3, defaulting to interlaced_flag = 0
02-13 01:18:47.098  1451 10291 W qdgralloc: getInterlacedFlag: getMetaData returned 3, defaulting to interlaced_flag = 0
02-13 01:18:47.127 10162 10269 D PipelineWatcher: onInputBufferReleased: frameIndex not found (73419); ignored
02-13 01:18:47.131  1451 10291 W qdgralloc: getInterlacedFlag: getMetaData returned 3, defaulting to interlaced_flag = 0
02-13 01:18:47.132  1451 10291 W qdgralloc: getInterlacedFlag: getMetaData returned 3, defaulting to interlaced_flag = 0
02-13 01:18:47.146  1809  1809 I CNSS    : /sys/wifi/dump_in_progress file read permission doesn't exist
02-13 01:18:47.146  1809  1809 I CNSS    : /sys/wifi/max_chipset_log_size doesn't exist
02-13 01:18:47.150  1336  8837 I sensors-hal: handle_sns_client_event:49, ambient_light_event: ts=706687250431407, event=0.000000
02-13 01:18:47.163 10162 10269 D PipelineWatcher: onInputBufferReleased: frameIndex not found (73420); ignored
02-13 01:18:47.169  1451 10291 W qdgralloc: getInterlacedFlag: getMetaData returned 3, defaulting to interlaced_flag = 0
02-13 01:18:47.170  1451 10291 W qdgralloc: getInterlacedFlag: getMetaData returned 3, defaulting to interlaced_flag = 0
02-13 01:18:47.173  1323  3855 I vendor.qti.bluetooth@1.0-ibs_handler: ProcessIbsCmd: Received IBS_WAKE_IND: 0xFD
02-13 01:18:47.173  1323  3855 D vendor.qti.bluetooth@1.0-ibs_handler: SerialClockVote: vote for UART CLK ON
02-13 01:18:47.173  1323  3855 D vendor.qti.bluetooth@1.0-wake_lock: Acquire wakelock is acquired 
02-13 01:18:47.173  1323  3855 I vendor.qti.bluetooth@1.0-ibs_handler: ProcessIbsCmd: Writing IBS_WAKE_ACK
02-13 01:18:47.178  3350  3876 I ScanController: onScanResult to scannerId: 6- eventType=0x1b, addressType=1, address=XX:XX:XX:XX:1C:4B, primaryPhy=1, secondaryPhy=0, advertisingSid=0xff, txPower=127, rssi=-77, periodicAdvInt=0x0
02-13 01:18:47.185  1451 10291 W qdgralloc: getInterlacedFlag: getMetaData returned 3, defaulting to interlaced_flag = 0
02-13 01:18:47.186  1451 10291 W qdgralloc: getInterlacedFlag: getMetaData returned 3, defaulting to interlaced_flag = 0
02-13 01:18:47.199 10162 10269 D PipelineWatcher: onInputBufferReleased: frameIndex not found (73422); ignored
02-13 01:18:47.203  1451 10291 W qdgralloc: getInterlacedFlag: getMetaData returned 3, defaulting to interlaced_flag = 0
02-13 01:18:47.203  1451 10291 W qdgralloc: getInterlacedFlag: getMetaData returned 3, defaulting to interlaced_flag = 0
02-13 01:18:47.222 10162 10269 D PipelineWatcher: onInputBufferReleased: frameIndex not found (73423); ignored
02-13 01:18:47.226  1451 10291 W qdgralloc: getInterlacedFlag: getMetaData returned 3, defaulting to interlaced_flag = 0
02-13 01:18:47.227  1451 10291 W qdgralloc: getInterlacedFlag: getMetaData returned 3, defaulting to interlaced_flag = 0
02-13 01:18:47.250  1336  8837 I sensors-hal: handle_sns_client_event:49, ambient_light_event: ts=706687350447917, event=0.000000
02-13 01:18:47.258 10162 10269 D PipelineWatcher: onInputBufferReleased: frameIndex not found (73424); ignored
02-13 01:18:47.263  1451 10291 W qdgralloc: getInterlacedFlag: getMetaData returned 3, defaulting to interlaced_flag = 0
02-13 01:18:47.265  1451 10291 W qdgralloc: getInterlacedFlag: getMetaData returned 3, defaulting to interlaced_flag = 0
02-13 01:18:47.294 10162 10269 D PipelineWatcher: onInputBufferReleased: frameIndex not found (73425); ignored
02-13 01:18:47.298  1451 10291 W qdgralloc: getInterlacedFlag: getMetaData returned 3, defaulting to interlaced_flag = 0
02-13 01:18:47.299  1451 10291 W qdgralloc: getInterlacedFlag: getMetaData returned 3, defaulting to interlaced_flag = 0
02-13 01:18:47.332 10162 10269 D PipelineWatcher: onInputBufferReleased: frameIndex not found (73426); ignored
02-13 01:18:47.338  1451 10291 W qdgralloc: getInterlacedFlag: getMetaData returned 3, defaulting to interlaced_flag = 0
02-13 01:18:47.339  1451 10291 W qdgralloc: getInterlacedFlag: getMetaData returned 3, defaulting to interlaced_flag = 0
02-13 01:18:47.350  1336  8837 I sensors-hal: handle_sns_client_event:49, ambient_light_event: ts=706687450434428, event=0.000000
02-13 01:18:47.370 10162 10269 D PipelineWatcher: onInputBufferReleased: frameIndex not found (73427); ignored
02-13 01:18:47.374  1451 10291 W qdgralloc: getInterlacedFlag: getMetaData returned 3, defaulting to interlaced_flag = 0
02-13 01:18:47.375  1451 10291 W qdgralloc: getInterlacedFlag: getMetaData returned 3, defaulting to interlaced_flag = 0
02-13 01:18:47.377  1323  3855 I vendor.qti.bluetooth@1.0-ibs_handler: ProcessIbsCmd: Received IBS_SLEEP_IND: 0xFE
02-13 01:18:47.377  1323  3855 D vendor.qti.bluetooth@1.0-ibs_handler: SerialClockVote: vote for UART CLK OFF
02-13 01:18:47.387 10162 10269 D PipelineWatcher: onInputBufferReleased: frameIndex not found (73428); ignored
02-13 01:18:47.392  1451 10291 W qdgralloc: getInterlacedFlag: getMetaData returned 3, defaulting to interlaced_flag = 0
02-13 01:18:47.393  1451 10291 W qdgralloc: getInterlacedFlag: getMetaData returned 3, defaulting to interlaced_flag = 0
02-13 01:18:47.407 10162 10269 D PipelineWatcher: onInputBufferReleased: frameIndex not found (73429); ignored
02-13 01:18:47.411  1451 10291 W qdgralloc: getInterlacedFlag: getMetaData returned 3, defaulting to interlaced_flag = 0
02-13 01:18:47.411  1451 10291 W qdgralloc: getInterlacedFlag: getMetaData returned 3, defaulting to interlaced_flag = 0
02-13 01:18:47.450  1451 10291 W qdgralloc: getInterlacedFlag: getMetaData returned 3, defaulting to interlaced_flag = 0
02-13 01:18:47.450  1336  8837 I sensors-hal: handle_sns_client_event:49, ambient_light_event: ts=706687550451980, event=0.000000
02-13 01:18:47.451  1451 10291 W qdgralloc: getInterlacedFlag: getMetaData returned 3, defaulting to interlaced_flag = 0
02-13 01:18:47.479 10162 10269 D PipelineWatcher: onInputBufferReleased: frameIndex not found (73431); ignored
02-13 01:18:47.479  1451 10291 D BufferPoolAccessor2.0: bufferpool2 0xb4000075f0397028 : 6(9600000 size) total buffers - 2(3200000 size) used buffers - 72036/73441 (recycle/alloc) - 0/0 (fetch/transfer)
02-13 01:18:47.483  1451 10291 W qdgralloc: getInterlacedFlag: getMetaData returned 3, defaulting to interlaced_flag = 0
02-13 01:18:47.484  1451 10291 W qdgralloc: getInterlacedFlag: getMetaData returned 3, defaulting to interlaced_flag = 0
02-13 01:18:47.501 10162 10269 D PipelineWatcher: onInputBufferReleased: frameIndex not found (73432); ignored
02-13 01:18:47.506  1451 10291 W qdgralloc: getInterlacedFlag: getMetaData returned 3, defaulting to interlaced_flag = 0
02-13 01:18:47.507  1451 10291 W qdgralloc: getInterlacedFlag: getMetaData returned 3, defaulting to interlaced_flag = 0
02-13 01:18:47.522 10162 10269 D PipelineWatcher: onInputBufferReleased: frameIndex not found (73433); ignored
02-13 01:18:47.526  1451 10291 W qdgralloc: getInterlacedFlag: getMetaData returned 3, defaulting to interlaced_flag = 0
02-13 01:18:47.526  1451 10291 W qdgralloc: getInterlacedFlag: getMetaData returned 3, defaulting to interlaced_flag = 0
02-13 01:18:47.527  1323  3698 D vendor.qti.bluetooth@1.0-wake_lock: Release wakelock is released 
02-13 01:18:47.541 10162 10269 D PipelineWatcher: onInputBufferReleased: frameIndex not found (73434); ignored
02-13 01:18:47.544  1451 10291 W qdgralloc: getInterlacedFlag: getMetaData returned 3, defaulting to interlaced_flag = 0
02-13 01:18:47.545  1451 10291 W qdgralloc: getInterlacedFlag: getMetaData returned 3, defaulting to interlaced_flag = 0
02-13 01:18:47.550  1336  8837 I sensors-hal: handle_sns_client_event:49, ambient_light_event: ts=706687650438230, event=0.000000
02-13 01:18:47.577 10162 10269 D PipelineWatcher: onInputBufferReleased: frameIndex not found (73435); ignored
02-13 01:18:47.583  1451 10291 W qdgralloc: getInterlacedFlag: getMetaData returned 3, defaulting to interlaced_flag = 0
02-13 01:18:47.584  1451 10291 W qdgralloc: getInterlacedFlag: getMetaData returned 3, defaulting to interlaced_flag = 0
02-13 01:18:47.597 10162 10269 D PipelineWatcher: onInputBufferReleased: frameIndex not found (73436); ignored
02-13 01:18:47.603  1451 10291 W qdgralloc: getInterlacedFlag: getMetaData returned 3, defaulting to interlaced_flag = 0
02-13 01:18:47.604  1451 10291 W qdgralloc: getInterlacedFlag: getMetaData returned 3, defaulting to interlaced_flag = 0
02-13 01:18:47.621 10162 10269 D PipelineWatcher: onInputBufferReleased: frameIndex not found (73438); ignored
02-13 01:18:47.625  1451 10291 W qdgralloc: getInterlacedFlag: getMetaData returned 3, defaulting to interlaced_flag = 0
02-13 01:18:47.626  1451 10291 W qdgralloc: getInterlacedFlag: getMetaData returned 3, defaulting to interlaced_flag = 0
02-13 01:18:47.650  1336  8837 I sensors-hal: handle_sns_client_event:49, ambient_light_event: ts=706687750454219, event=0.000000
02-13 01:18:47.663  1451 10291 W qdgralloc: getInterlacedFlag: getMetaData returned 3, defaulting to interlaced_flag = 0
02-13 01:18:47.663  1451 10291 W qdgralloc: getInterlacedFlag: getMetaData returned 3, defaulting to interlaced_flag = 0
02-13 01:18:47.695 10162 10269 D PipelineWatcher: onInputBufferReleased: frameIndex not found (73439); ignored
02-13 01:18:47.699  1451 10291 W qdgralloc: getInterlacedFlag: getMetaData returned 3, defaulting to interlaced_flag = 0
02-13 01:18:47.700  1451 10291 W qdgralloc: getInterlacedFlag: getMetaData returned 3, defaulting to interlaced_flag = 0
02-13 01:18:47.730 10162 10269 D PipelineWatcher: onInputBufferReleased: frameIndex not found (73440); ignored
02-13 01:18:47.735  1451 10291 W qdgralloc: getInterlacedFlag: getMetaData returned 3, defaulting to interlaced_flag = 0
02-13 01:18:47.736  1451 10291 W qdgralloc: getInterlacedFlag: getMetaData returned 3, defaulting to interlaced_flag = 0
02-13 01:18:47.754  1336  8837 I sensors-hal: handle_sns_client_event:49, ambient_light_event: ts=706687850440469, event=0.000000
02-13 01:18:47.759  1451 10291 W qdgralloc: getInterlacedFlag: getMetaData returned 3, defaulting to interlaced_flag = 0
02-13 01:18:47.760  1451 10291 W qdgralloc: getInterlacedFlag: getMetaData returned 3, defaulting to interlaced_flag = 0
02-13 01:18:47.790 10162 10269 D PipelineWatcher: onInputBufferReleased: frameIndex not found (73442); ignored
02-13 01:18:47.794  1451 10291 W qdgralloc: getInterlacedFlag: getMetaData returned 3, defaulting to interlaced_flag = 0
02-13 01:18:47.795  1451 10291 W qdgralloc: getInterlacedFlag: getMetaData returned 3, defaulting to interlaced_flag = 0
02-13 01:18:47.828 10162 10269 D PipelineWatcher: onInputBufferReleased: frameIndex not found (73443); ignored
02-13 01:18:47.834  1451 10291 W qdgralloc: getInterlacedFlag: getMetaData returned 3, defaulting to interlaced_flag = 0
02-13 01:18:47.835  1451 10291 W qdgralloc: getInterlacedFlag: getMetaData returned 3, defaulting to interlaced_flag = 0
02-13 01:18:47.850  1336  8837 I sensors-hal: handle_sns_client_event:49, ambient_light_event: ts=706687950457240, event=0.000000
02-13 01:18:47.864 10162 10269 D PipelineWatcher: onInputBufferReleased: frameIndex not found (73444); ignored
02-13 01:18:47.869  1451 10291 W qdgralloc: getInterlacedFlag: getMetaData returned 3, defaulting to interlaced_flag = 0
02-13 01:18:47.870  1451 10291 W qdgralloc: getInterlacedFlag: getMetaData returned 3, defaulting to interlaced_flag = 0
02-13 01:18:47.895  1451 10291 W qdgralloc: getInterlacedFlag: getMetaData returned 3, defaulting to interlaced_flag = 0
02-13 01:18:47.896  1451 10291 W qdgralloc: getInterlacedFlag: getMetaData returned 3, defaulting to interlaced_flag = 0
02-13 01:18:47.924 10162 10269 D PipelineWatcher: onInputBufferReleased: frameIndex not found (73445); ignored
02-13 01:18:47.930  1451 10291 W qdgralloc: getInterlacedFlag: getMetaData returned 3, defaulting to interlaced_flag = 0
02-13 01:18:47.931  1451 10291 W qdgralloc: getInterlacedFlag: getMetaData returned 3, defaulting to interlaced_flag = 0
02-13 01:18:47.950  1336  8837 I sensors-hal: handle_sns_client_event:49, ambient_light_event: ts=706688050443230, event=0.000000
02-13 01:18:47.960 10162 10269 D PipelineWatcher: onInputBufferReleased: frameIndex not found (73447); ignored
02-13 01:18:47.964  1451 10291 W qdgralloc: getInterlacedFlag: getMetaData returned 3, defaulting to interlaced_flag = 0
02-13 01:18:47.964  1451 10291 W qdgralloc: getInterlacedFlag: getMetaData returned 3, defaulting to interlaced_flag = 0
02-13 01:18:47.987 10162 10269 D PipelineWatcher: onInputBufferReleased: frameIndex not found (73448); ignored
02-13 01:18:47.991  1451 10291 W qdgralloc: getInterlacedFlag: getMetaData returned 3, defaulting to interlaced_flag = 0
02-13 01:18:47.992  1451 10291 W qdgralloc: getInterlacedFlag: getMetaData returned 3, defaulting to interlaced_flag = 0
02-13 01:18:48.025 10162 10269 D PipelineWatcher: onInputBufferReleased: frameIndex not found (73449); ignored
02-13 01:18:48.030  1451 10291 W qdgralloc: getInterlacedFlag: getMetaData returned 3, defaulting to interlaced_flag = 0
02-13 01:18:48.031  1451 10291 W qdgralloc: getInterlacedFlag: getMetaData returned 3, defaulting to interlaced_flag = 0
02-13 01:18:48.050  1336  8837 I sensors-hal: handle_sns_client_event:49, ambient_light_event: ts=706688150430574, event=0.000000
02-13 01:18:48.068  1451 10291 W qdgralloc: getInterlacedFlag: getMetaData returned 3, defaulting to interlaced_flag = 0
02-13 01:18:48.069  1451 10291 W qdgralloc: getInterlacedFlag: getMetaData returned 3, defaulting to interlaced_flag = 0
02-13 01:18:48.082 10162 10269 D PipelineWatcher: onInputBufferReleased: frameIndex not found (73451); ignored
02-13 01:18:48.086  1451 10291 W qdgralloc: getInterlacedFlag: getMetaData returned 3, defaulting to interlaced_flag = 0
02-13 01:18:48.086  1451 10291 W qdgralloc: getInterlacedFlag: getMetaData returned 3, defaulting to interlaced_flag = 0
02-13 01:18:48.099 10162 10269 D PipelineWatcher: onInputBufferReleased: frameIndex not found (73453); ignored
02-13 01:18:48.101  1451 10291 W qdgralloc: getInterlacedFlag: getMetaData returned 3, defaulting to interlaced_flag = 0
02-13 01:18:48.102  1451 10291 W qdgralloc: getInterlacedFlag: getMetaData returned 3, defaulting to interlaced_flag = 0
02-13 01:18:48.118 10162 10269 D PipelineWatcher: onInputBufferReleased: frameIndex not found (73454); ignored
02-13 01:18:48.121  1451 10291 W qdgralloc: getInterlacedFlag: getMetaData returned 3, defaulting to interlaced_flag = 0
02-13 01:18:48.122  1451 10291 W qdgralloc: getInterlacedFlag: getMetaData returned 3, defaulting to interlaced_flag = 0
02-13 01:18:48.138 10162 10269 D PipelineWatcher: onInputBufferReleased: frameIndex not found (73455); ignored
02-13 01:18:48.144  1451 10291 W qdgralloc: getInterlacedFlag: getMetaData returned 3, defaulting to interlaced_flag = 0
02-13 01:18:48.145  1451 10291 W qdgralloc: getInterlacedFlag: getMetaData returned 3, defaulting to interlaced_flag = 0
02-13 01:18:48.151  1336  8837 I sensors-hal: handle_sns_client_event:49, ambient_light_event: ts=706688250445990, event=0.000000
02-13 01:18:48.174 10162 10269 D PipelineWatcher: onInputBufferReleased: frameIndex not found (73456); ignored
02-13 01:18:48.178  1451 10291 W qdgralloc: getInterlacedFlag: getMetaData returned 3, defaulting to interlaced_flag = 0
02-13 01:18:48.179  1451 10291 W qdgralloc: getInterlacedFlag: getMetaData returned 3, defaulting to interlaced_flag = 0
02-13 01:18:48.213  1451 10291 W qdgralloc: getInterlacedFlag: getMetaData returned 3, defaulting to interlaced_flag = 0
