--------- beginning of main
02-13 01:20:02.454 10162 10269 D PipelineWatcher: onInputBufferReleased: frameIndex not found (76289); ignored
02-13 01:20:02.454  2407  3611 I AppWidgetServiceImpl: startListening callbacks : com.android.internal.appwidget.IAppWidgetHost$Stub$Proxy@5fb31c3 intervalEnsure:706762556 intervalHostLock:706762558 LhostId:HostId{user:0, app:10117, hostId:1024, pkg:com.sec.android.app.launcher}
02-13 01:20:02.457 23245 24799 I HoneySpace.HoneyAppWidgetHost: success hidden_semStartListening - result: true, host: 98655d5, hostId: 1024
02-13 01:20:02.459 28496 28496 D nativeloader: Load libframework-connectivity-tiramisu-jni.so using APEX ns com_android_tethering for caller /apex/com.android.tethering/javalib/framework-connectivity-t.jar: ok
02-13 01:20:02.463 28496 28496 D ActivityThread: setConscryptValidator
02-13 01:20:02.463 28496 28496 D ActivityThread: setConscryptValidator - put
02-13 01:20:02.463 23245 23245 I SearchHoneyPot: onViewCreated: onResume
02-13 01:20:02.474  2407  2539 D AnalyticsContainerHandler: handleMessage : { when=0 what=1 target=com.android.server.knox.KnoxAnalyticsContainer$AnalyticsHandler }
02-13 01:20:02.476  2407  2539 D AnalyticsContainerHandler: handleMessage : { when=0 what=2 target=com.android.server.knox.KnoxAnalyticsContainer$AnalyticsHandler }
02-13 01:20:02.480  2407  3611 I WindowManager: Relayout Window{d511e7 u0 com.sec.android.app.launcher/com.sec.android.app.launcher.activities.LauncherActivity}: viewVisibility=0 req=1200x1920 ty=1 d0
--------- beginning of system
02-13 01:20:02.487  2407  3611 D WindowManager: makeSurface duration=4 name=com.sec.android.app.launcher/com.sec.android.app.launcher.activities.LauncherActivity$_23245
02-13 01:20:02.489  2407  3611 D BLASTSyncEngine: SyncGroup 2782:  Unfinished container: ActivityRecord{260441 u0 com.sec.android.app.launcher/.activities.LauncherActivity t660} mSyncState=2
02-13 01:20:02.491  2407  3611 D WindowManager: Changing focus from null to Window{d511e7 u0 com.sec.android.app.launcher/com.sec.android.app.launcher.activities.LauncherActivity} displayId=0 Callers=com.android.server.wm.WindowManagerService.relayoutWindow:1350 com.android.server.wm.Session.relayout:27 android.view.IWindowSession$Stub.onTransact:829 com.android.server.wm.Session.onTransact:1 
02-13 01:20:02.492  2407  3611 I WindowManager: Cancelling animation restarting=true, leash=Surface(name=Surface(name=9e26c82 NavigationBar0)/@0x41e9a6 - animation-leash of insets_animation)/@0xef10690
02-13 01:20:02.492  2407  3611 I WindowManager: Reparenting to original parent: Surface(name=WindowToken{259cbcd type=2019 android.os.BinderProxy@469aaf7})/@0xda53fe7, destroy=false, surface=Surface(name=9e26c82 NavigationBar0)/@0x41e9a6
02-13 01:20:02.492  2407  3611 I WindowManager: Reparenting to leash, surface=Surface(name=9e26c82 NavigationBar0)/@0x41e9a6, leashParent=Surface(name=WindowToken{259cbcd type=2019 android.os.BinderProxy@469aaf7})/@0xda53fe7
02-13 01:20:02.492  2407  3611 D WindowManager: makeSurface duration=0 leash=Surface(name=Surface(name=9e26c82 NavigationBar0)/@0x41e9a6 - animation-leash of insets_animation)/@0xe55271f
02-13 01:20:02.493 23245 24120 I HoneySpace.SPayHandler: updateSpayHandler, show = true, defaultPage = false
02-13 01:20:02.494 28496 28496 D nativeloader: Configuring clns-9 for other apk /system_ext/framework/com.android.extensions.appfunctions.jar. target_sdk_version=36, uses_libraries=ALL, library_path=/data/app/~~rRd9PQ-54TZJKoknIQ1SWQ==/com.google.android.googlequicksearchbox-g8RsyDWni9nLK5v_KaXBuA==/lib/arm64:/data/app/~~rRd9PQ-54TZJKoknIQ1SWQ==/com.google.android.googlequicksearchbox-g8RsyDWni9nLK5v_KaXBuA==/base.apk!/lib/arm64-v8a:/data/app/~~rRd9PQ-54TZJKoknIQ1SWQ==/com.google.android.googlequicksearchbox-g8RsyDWni9nLK5v_KaXBuA==/split_config.hdpi.apk!/lib/arm64-v8a:/data/app/~~rRd9PQ-54TZJKoknIQ1SWQ==/com.google.android.googlequicksearchbox-g8RsyDWni9nLK5v_KaXBuA==/split_lens_ondevice_engine_play_ml_module.apk!/lib/arm64-v8a:/data/app/~~rRd9PQ-54TZJKoknIQ1SWQ==/com.google.android.googlequicksearchbox-g8RsyDWni9nLK5v_KaXBuA==/split_tclib_native_feature_module.apk!/lib/arm64-v8a, permitted_path=/data:/mnt/expand:/data/user/0/com.google.android.googlequicksearchbox
02-13 01:20:02.494 28496 28496 D nativeloader: Extending system_exposed_libraries: libface_landmark.arcsoft.so:libaudiomirroring_jni.audiomirroring.samsung.so:libBeauty_v4.camera.samsung.so:libexifa.camera.samsung.so:libjpega.camera.samsung.so:libOpenCv.camera.samsung.so:libC2paDps.camera.samsung.so:libImageScreener.camera.samsung.so:libFace_Landmark_API.camera.samsung.so:libHpr_RecGAE_cvFeature_v1.0.camera.samsung.so:libHprFace_GAE_api.camera.samsung.so:libHprFace_GAE_jni.camera.samsung.so:libQREngine.camera.samsung.so:libInteractiveSegmentation.camera.samsung.so:libsmart_cropping.camera.samsung.so:libStride.camera.samsung.so:libStrideTensorflowLite.camera.samsung.so:libFacePreProcessing_jni.camera.samsung.so:libhumantracking_util.camera.samsung.so:libsecimaging.camera.samsung.so:libsurfaceutil.camera.samsung.so:libsce_v1.crypto.samsung.so:lib_vnd_client.dk.samsung.so:lib_native_client.dk.samsung.so:lib_nativeJni.dk.samsung.so:lib.engmodejni.samsung.so:libSFEffect.fonteffect.samsung.so:libknox_remotedesktopclient.knox.samsung.so:libheifcapture_jni.media
02-13 01:20:02.495  2407  3611 D InsetsSourceProvider: updateControlForTarget: control=InsetsSourceControl: {716d0001 mType=navigationBars initiallyVisible mSurfacePosition=Point(0, 1848) mInsetsHint=Insets{left=0, top=0, right=0, bottom=72}}, target=Window{d511e7 u0 com.sec.android.app.launcher/com.sec.android.app.launcher.activities.LauncherActivity}, from=com.android.server.wm.InsetsStateController.onControlTargetChanged:83 com.android.server.wm.InsetsPolicy.updateBarControlTarget:225 com.android.server.wm.DisplayPolicy.updateSystemBarAttributes:262 com.android.server.wm.WindowManagerService.updateFocusedWindowLocked:372 com.android.server.wm.WindowManagerService.relayoutWindow:1350 
02-13 01:20:02.495  2407  3611 I WindowManager: Cancelling animation restarting=true, leash=Surface(name=Surface(name=2290eaa StatusBar)/@0x331217b - animation-leash of insets_animation)/@0x9ca678e
02-13 01:20:02.495  2407  3611 I WindowManager: Reparenting to original parent: Surface(name=WindowToken{579c57f type=2000 android.os.BinderProxy@5f0ecd9})/@0x440eb98, destroy=false, surface=Surface(name=2290eaa StatusBar)/@0x331217b
02-13 01:20:02.495 28496 28496 D ApplicationLoaders: Returning zygote-cached class loader: /system_ext/framework/androidx.window.extensions.jar
02-13 01:20:02.495 28496 28496 D ApplicationLoaders: Returning zygote-cached class loader: /system_ext/framework/androidx.window.sidecar.jar
02-13 01:20:02.495  2407  3611 I WindowManager: Reparenting to leash, surface=Surface(name=2290eaa StatusBar)/@0x331217b, leashParent=Surface(name=WindowToken{579c57f type=2000 android.os.BinderProxy@5f0ecd9})/@0x440eb98
02-13 01:20:02.496  2407  3611 D WindowManager: makeSurface duration=1 leash=Surface(name=Surface(name=2290eaa StatusBar)/@0x331217b - animation-leash of insets_animation)/@0xdefc835
02-13 01:20:02.496  2407  3611 D InsetsSourceProvider: updateControlForTarget: control=InsetsSourceControl: {bc0000 mType=statusBars initiallyVisible mSurfacePosition=Point(0, 0) mInsetsHint=Insets{left=0, top=45, right=0, bottom=0}}, target=Window{d511e7 u0 com.sec.android.app.launcher/com.sec.android.app.launcher.activities.LauncherActivity}, from=com.android.server.wm.InsetsStateController.onControlTargetChanged:83 com.android.server.wm.InsetsPolicy.updateBarControlTarget:212 com.android.server.wm.DisplayPolicy.updateSystemBarAttributes:262 com.android.server.wm.WindowManagerService.updateFocusedWindowLocked:372 com.android.server.wm.WindowManagerService.relayoutWindow:1350 
02-13 01:20:02.496  2407  3611 D WindowManager: updateSystemBarAttributes: displayId=0, focusedCanBeNavColorWin=false, win=Window{d511e7 u0 com.sec.android.app.launcher/com.sec.android.app.launcher.activities.LauncherActivity}, navColorWin=null, caller=com.android.server.wm.WindowManagerService.updateFocusedWindowLocked:372 com.android.server.wm.WindowManagerService.relayoutWindow:1350 com.android.server.wm.Session.relayout:27 
02-13 01:20:02.497  2407  3611 D WindowManager: updateSystemBarAttributes, bhv=2, apr=0, statusBarAprRegions=[AppearanceRegion{ bounds=[0,0][1200,1920]}], requestedVisibilities=-9
02-13 01:20:02.497  2407  3611 V SystemKeyManager: updateFocusedWindow() is called, com.sec.android.app.launcher/com.sec.android.app.launcher.activities.LauncherActivity
02-13 01:20:02.499  2407  3611 I WindowManager: Relayout hash=d511e7, pid=23245, syncId=-1: mAttrs={(0,0)(fillxfill) sim={adjust=nothing forwardNavigation} layoutInDisplayCutoutMode=always ty=BASE_APPLICATION fmt=TRANSPARENT wanim=0x1030306
02-13 01:20:02.499  2407  3611 I WindowManager:   fl=81910100
02-13 01:20:02.499  2407  3611 I WindowManager:   pfl=10008840
02-13 01:20:02.499  2407  3611 I WindowManager:   bhv=2
02-13 01:20:02.499  2407  3611 I WindowManager:   fitSides=0
02-13 01:20:02.499  2407  3611 I WindowManager:   frameRateBoostOnTouch=true
02-13 01:20:02.499  2407  3611 I WindowManager:   dvrrWindowFrameRateHint=true naviIconColor=0}
02-13 01:20:02.502  2407  2474 V WindowManager: Collecting in transition 2782: WallpaperWindowToken{d816be6 showWhenLocked=false}_<system>, caller=com.android.server.wm.TransitionController.collect:7 com.android.server.wm.WallpaperWindowToken.setVisibility:55 com.android.server.wm.WallpaperController.adjustWallpaperWindows:859 com.android.server.wm.RootWindowContainer.applySurfaceChangesTransaction$1:141 com.android.server.wm.RootWindowContainer.performSurfacePlacementNoTrace:59 
02-13 01:20:02.503  2407  2474 V WindowManager: Setting visibility of Window{62dd987 u0 com.android.systemui.wallpapers.ImageWallpaper}: true, caller=com.android.server.wm.WindowContainer.sendAppVisibilityToClients:19 com.android.server.wm.WindowToken.setClientVisible:48 com.android.server.wm.WallpaperWindowToken.setVisible$1:3 com.android.server.wm.WallpaperWindowToken.commitVisibility:48 com.android.server.wm.WallpaperWindowToken.setVisibility:101 
02-13 01:20:02.503  1513  1513 I SurfaceFlinger: [LayerHierarchy{RequestedLayerState{2290eaa StatusBar#82 parentId=22567} 1 children}] reparent to LayerHierarchy{RequestedLayerState{Surface(name=2290eaa StatusBar)/@0x331217b - animation-leash of insets_animation#22567 parentId=81} 1 children}
02-13 01:20:02.503  1513  1513 I SurfaceFlinger: [LayerHierarchy{RequestedLayerState{9e26c82 NavigationBar0#11735 parentId=22566} 1 children}] reparent to LayerHierarchy{RequestedLayerState{Surface(name=9e26c82 NavigationBar0)/@0x41e9a6 - animation-leash of insets_animation#22566 parentId=11734} 1 children}
02-13 01:20:02.504  1513  1513 I SurfaceFlinger: [LayerHierarchy{RequestedLayerState{Surface(name=2290eaa StatusBar)/@0x331217b - animation-leash of insets_animation#22562} no children}] reparent to OffscreenRoot
02-13 01:20:02.504  1513  1513 I SurfaceFlinger: [LayerHierarchy{RequestedLayerState{Surface(name=2290eaa StatusBar)/@0x331217b - animation-leash of insets_animation#22562} no children}] RelativeParent to null
02-13 01:20:02.504  1513  1513 I SurfaceFlinger: [LayerHierarchy{RequestedLayerState{Surface(name=9e26c82 NavigationBar0)/@0x41e9a6 - animation-leash of insets_animation#22561} no children}] reparent to OffscreenRoot
02-13 01:20:02.504  1513  1513 I SurfaceFlinger: [LayerHierarchy{RequestedLayerState{Surface(name=9e26c82 NavigationBar0)/@0x41e9a6 - animation-leash of insets_animation#22561} no children}] RelativeParent to null
02-13 01:20:02.504  1513  1513 I SurfaceFlinger: [com.sec.android.app.launcher/com.sec.android.app.launcher.activities.LauncherActivity$_23245#22565] attach to parent LayerHierarchy{RequestedLayerState{d511e7 com.sec.android.app.launcher/com.sec.android.app.launcher.activities.LauncherActivity#15844 parentId=121} 1 children}
02-13 01:20:02.504  1513  1513 I SurfaceFlinger: [Surface(name=9e26c82 NavigationBar0)/@0x41e9a6 - animation-leash of insets_animation#22566] attach to parent LayerHierarchy{RequestedLayerState{WindowToken{259cbcd type=2019 android.os.BinderProxy@469aaf7}#11734 parentId=34} 1 children}
02-13 01:20:02.504  1513  1513 I SurfaceFlinger: [Surface(name=2290eaa StatusBar)/@0x331217b - animation-leash of insets_animation#22567] attach to parent LayerHierarchy{RequestedLayerState{WindowToken{579c57f type=2000 android.os.BinderProxy@5f0ecd9}#81 parentId=17} 1 children}
02-13 01:20:02.504  2407  2474 D BLASTSyncEngine: SyncGroup 2782:  Unfinished container: ActivityRecord{260441 u0 com.sec.android.app.launcher/.activities.LauncherActivity t660} mSyncState=2
02-13 01:20:02.505  2407  2474 D BLASTSyncEngine: SyncGroup 2782:  Unfinished container: ActivityRecord{260441 u0 com.sec.android.app.launcher/.activities.LauncherActivity t660} mSyncState=2
02-13 01:20:02.506  2964 20381 I WallpaperService: dispatchAppVisibility: system, visible=true , mLidState = -1
02-13 01:20:02.509 23245 25532 I HoneySpace.SystemUiRepository: systemUiFlags: awake
02-13 01:20:02.512 23245 24120 I HoneySpace.TaskbarVisibilityController@223644221@HomeOnly: updateVisibility(100) VisibilityRule(priority=LauncherActivity, action=Hide, isActive=true) :: state 1 -> 0
02-13 01:20:02.512  2964  3252 I WallpaperService: updateSurface system forceRelayout=false forceReport=false redrawNeeded=false myWidth=-1 myHeight=-1 fixedSize=false x = 0 y = 0 mWidth=-1 mHeight=-1
02-13 01:20:02.512 23245 23245 I BLASTBufferQueue_Java: new BLASTBufferQueue, mName= VRI[LauncherActivity]@7125c9d mNativeObject= 0xb40000706205b000 caller= android.view.ViewRootImpl.updateBlastSurfaceIfNeeded:3585 android.view.ViewRootImpl.relayoutWindow:11685 android.view.ViewRootImpl.performTraversals:4804 android.view.ViewRootImpl.doTraversal:3924 android.view.ViewRootImpl$TraversalRunnable.run:12903 android.view.Choreographer$CallbackRecord.run:1901 android.view.Choreographer$CallbackRecord.run:1910 android.view.Choreographer.doCallbacks:1367 android.view.Choreographer.doFrame:1292 android.view.Choreographer$FrameDisplayEventReceiver.run:1870 
02-13 01:20:02.513  2964  3252 I WallpaperService: reportVisibility: visibility changed. visible=true
02-13 01:20:02.513 23245 23245 I BLASTBufferQueue_Java: update, w= 1200 h= 1920 mName = VRI[LauncherActivity]@7125c9d mNativeObject= 0xb40000706205b000 sc.mNativeObject= 0xb4000072a56fbe00 format= -2 caller= android.view.ViewRootImpl.updateBlastSurfaceIfNeeded:3590 android.view.ViewRootImpl.relayoutWindow:11685 android.view.ViewRootImpl.performTraversals:4804 android.view.ViewRootImpl.doTraversal:3924 android.view.ViewRootImpl$TraversalRunnable.run:12903 android.view.Choreographer$CallbackRecord.run:1901 
02-13 01:20:02.514  1513  1628 I SurfaceFlinger: id=22561 Removed Surface(name=9e26c82 NavigationBar0)/@0x41e9a6 - animation-leash of insets_animation#22561 (208)
02-13 01:20:02.514 23245 23245 I VRI[LauncherActivity]@7125c9d: Relayout returned: old=(0,0,1200,1920) new=(0,0,1200,1920) relayoutAsync=false req=(1200,1920)0 dur=24 res=0x3 s={true 0xb4000071d98eb500} ch=true seqId=0
02-13 01:20:02.514  1513  1628 I SurfaceFlinger: id=22562 Removed Surface(name=2290eaa StatusBar)/@0x331217b - animation-leash of insets_animation#22562 (208)
02-13 01:20:02.514  2964  3252 I ImageWallpaper_5[Image]:  onVisibilityChanged: visible=true , displayId=0
02-13 01:20:02.516 23245 23245 I VRI[LauncherActivity]@7125c9d: Creating new active sync group VRI[LauncherActivity]@7125c9d#75
02-13 01:20:02.520  1513  1513 I SurfaceFlinger: destroyed Surface(name=2290eaa StatusBar)/@0x331217b - animation-leash of insets_animation#22562 form LifecycleManager
02-13 01:20:02.520  1513  1513 I SurfaceFlinger: destroyed Surface(name=9e26c82 NavigationBar0)/@0x41e9a6 - animation-leash of insets_animation#22561 form LifecycleManager
02-13 01:20:02.520  1513  1513 I SurfaceFlinger: id=22562 onLayerDestroyed from LayerHierarchyBuilder(RequestedLayerState{Surface(name=2290eaa StatusBar)/@0x331217b - animation-leash of insets_animation#22562 !handle})
02-13 01:20:02.520  1513  1513 I SurfaceFlinger: id=22561 onLayerDestroyed from LayerHierarchyBuilder(RequestedLayerState{Surface(name=9e26c82 NavigationBar0)/@0x41e9a6 - animation-leash of insets_animation#22561 !handle})
02-13 01:20:02.521  2407  2755 V MdnieScenarioControlService: mAclOffEnabled : false
02-13 01:20:02.522  2407  2595 D InputDispatcher: Once focus requested (0): d511e7 com.sec.android.app.launcher/com.sec.android.app.launcher.activities.LauncherActivity
02-13 01:20:02.523  1513  1513 I Layer   : id=22562 Destroyed Surface(name=2290eaa StatusBar)/@0x331217b - animation-leash of insets_animation#22562
02-13 01:20:02.523  2407  2861 D WifiConnectivityMonitor.NetworkStatsAnalyzer: Backhaul result - RSSI:-41, CE:6, PE:6, TI:11, PTI:11, TW:1, PTW:1, Tx:3, Rx:77, TxS:0, RxS:0, RESULT:true, IC:0, ICT:5, WC:0, WCT:5, R:0, RC:3, IE:0, EC:0
02-13 01:20:02.523  1513  1513 I Layer   : id=22561 Destroyed Surface(name=9e26c82 NavigationBar0)/@0x41e9a6 - animation-leash of insets_animation#22561
02-13 01:20:02.524  2407  3611 W ParceledListSlice: Element #38 is 19328 bytes.
02-13 01:20:02.524  2407  3611 W ParceledListSlice: Overly large reply size: 82420
02-13 01:20:02.531  2407  2595 D InputDispatcher: Focus request (0): d511e7 com.sec.android.app.launcher/com.sec.android.app.launcher.activities.LauncherActivity but waiting because NOT_VISIBLE
02-13 01:20:02.543  1451 10291 W qdgralloc: getInterlacedFlag: getMetaData returned 3, defaulting to interlaced_flag = 0
02-13 01:20:02.544  1451 10291 W qdgralloc: getInterlacedFlag: getMetaData returned 3, defaulting to interlaced_flag = 0
02-13 01:20:02.546  1513  1513 D DisplayModeController: setDesiredMode 4630946835308409729 {mode={fps=90.00 Hz, modePtr={id=0, vsyncRate=90.00 Hz, peakRefreshRate=90.00 Hz}}, emitEvent=true, force=false}
02-13 01:20:02.550  1336  8837 I sensors-hal: handle_sns_client_event:49, ambient_light_event: ts=706762650440372, event=0.000000
02-13 01:20:02.550  2407  2473 D LocalDisplayAdapter: updateActiveModeLocked for d=4630946835308409729, mActiveModeId=1, mActiveSfDisplayMode=DisplayMode{id=0, width=1200, height=1920, xDpi=207.346, yDpi=206.644, peakRefreshRate=90.0, vsyncRate=90.0, appVsyncOffsetNanos=4555556, presentationDeadlineNanos=16111111, supportedHdrTypes=[], group=0}
02-13 01:20:02.550  1451 10291 W qdgralloc: getInterlacedFlag: getMetaData returned 3, defaulting to interlaced_flag = 0
02-13 01:20:02.551  1451 10291 W qdgralloc: getInterlacedFlag: getMetaData returned 3, defaulting to interlaced_flag = 0
02-13 01:20:02.554  2407  3150 D SyntheticPasswordManager.SDP: Inside fromBytes() - result.pinLength : 6
02-13 01:20:02.554  2407  3150 D SyntheticPasswordManager.SDP: 2. result.secureMode : 0
02-13 01:20:02.556  2407  2473 I DisplayDeviceRepository: Display device changed render timings: "Built-in Screen", renderFrameRate=90.0, presentationDeadlineNanos=16111111, appVsyncOffsetNanos=4555556, frameRateOverrides=[]
02-13 01:20:02.560  1451 10291 W qdgralloc: getInterlacedFlag: getMetaData returned 3, defaulting to interlaced_flag = 0
02-13 01:20:02.560  1451 10291 W qdgralloc: getInterlacedFlag: getMetaData returned 3, defaulting to interlaced_flag = 0
02-13 01:20:02.562  2407  2471 D WindowManager: DeferredDisplayUpdater: partially applying DisplayInfo(1200 x 1920) immediately
02-13 01:20:02.562  2407  2407 D SGM:GameManager: onDisplayChanged. displyId: 0, state: 2
02-13 01:20:02.562  2407  2686 D SGM:FgCheckThread: onLooperPrepared(), msg: MSG_LCD_ON
02-13 01:20:02.567 23245 24762 I HoneySpace.PredictionDataSourceImpl: TYPE_SUGGESTED_APPS updated: 9
02-13 01:20:02.567 10162 10269 D PipelineWatcher: onInputBufferReleased: frameIndex not found (76290); ignored
02-13 01:20:02.568  1451 10346 D BufferPoolAccessor2.0: bufferpool2 0xb4000075f03dca28 : 14(34406400 size) total buffers - 5(12288000 size) used buffers - 75425/76295 (recycle/alloc) - 3451/76290 (fetch/transfer)
02-13 01:20:02.576  1478  1478 D AudioFlinger: setParameters: filtered dev setParameters keyvalue screen_state=on
02-13 01:20:02.578  1451 10291 W qdgralloc: getInterlacedFlag: getMetaData returned 3, defaulting to interlaced_flag = 0
02-13 01:20:02.579  1451 10291 W qdgralloc: getInterlacedFlag: getMetaData returned 3, defaulting to interlaced_flag = 0
02-13 01:20:02.584 10162 10269 D PipelineWatcher: onInputBufferReleased: frameIndex not found (76291); ignored
02-13 01:20:02.596  1322 15197 D AHAL: AudioDevice: SetParameters: 1455: enter: screen_state=on
02-13 01:20:02.598 10162 10269 D PipelineWatcher: onInputBufferReleased: frameIndex not found (76292); ignored
02-13 01:20:02.598  1322 15197 D AHAL: AudioVoice: VoiceSetParameters: 112: Enter params: screen_state=on
02-13 01:20:02.598  1322 15197 D AHAL: AudioVoice: VoiceSetParameters: 420: Exit ret: 0
02-13 01:20:02.599  1322 15197 D AHAL: hfp: hfp_set_parameters: 510: enter
02-13 01:20:02.600  1322 15197 D AHAL: FM: fm_set_parameters: 314: Enter
02-13 01:20:02.600  1322 15197 D AHAL: FM: fm_set_parameters: 423: exit
02-13 01:20:02.600  1322 15197 I AHAL: AudioExtn: lux_audio_mmi_setparameter: 581: audio mmi test status -2
02-13 01:20:02.600  1322 15197 D AHAL: AudioDevice: SetParameters: 1513:  - screen = on
02-13 01:20:02.603  1322 15197 I PAL: ResourceManager: setParameter: 8879: Screen State:1
02-13 01:20:02.604  1322 15197 D AHAL: AudioDevice: SetParameters: 2063: exit: screen_state=on
02-13 01:20:02.615 10162 10269 D PipelineWatcher: onInputBufferReleased: frameIndex not found (76293); ignored
02-13 01:20:02.620 23245 24357 I VRI[LauncherActivity]@7125c9d: mWNT: t=0xb40000719b762a00 mBlastBufferQueue=0xb40000706205b000 fn= 1 HdrRenderState mRenderHdrSdrRatio=1.0 caller= android.view.ViewRootImpl$12.onFrameDraw:15441 android.view.ThreadedRenderer$1.onFrameDraw:718 <bottom of call stack> 
02-13 01:20:02.620 23245 24357 I VRI[LauncherActivity]@7125c9d: Setting up sync and frameCommitCallback
02-13 01:20:02.630 23245 24358 I VRI[LauncherActivity]@7125c9d: Received frameCommittedCallback lastAttemptedDrawFrameNum=1 didProduceBuffer=true
02-13 01:20:02.638 23245 23449 I HoneySpace.TopTaskSource: onTaskMovedToFront : taskId = 660, displayId = 0
02-13 01:20:02.640 23245 23449 I HoneySpace.TopTaskSource: onTaskFocusChanged(): taskId = 660
02-13 01:20:02.643 23245 23451 I HoneySpace.TopTaskUseCase: topTasks 660 ComponentInfo{com.sec.android.app.launcher/com.sec.android.app.launcher.Launcher}[displayId=0]
02-13 01:20:02.644 23245 23245 I HoneySpace.HistoryTaskView@203412075@HomeOnly: loading ? true
02-13 01:20:02.645 23245 23245 I HoneySpace.TaskbarVisibilityController@223644221@HomeOnly: onTaskbarIconVisibleChangeRequest occlude:false cn:null, isResume:true, isGestureTransition : false, isDock : false
02-13 01:20:02.646 23245 23245 I HoneySpace.EdgePanel.CocktailHostRepositoryImpl: onNoteResume
02-13 01:20:02.648 23245 23245 I HoneySpace.EdgePanel.EdgePanelContainerViewModel: cocktailHostRepository.edgePanelOperation NoteResumeComponent(componentName=ComponentInfo{com.sec.android.app.launcher/com.sec.android.app.launcher.Launcher})
02-13 01:20:02.650  1336  8837 I sensors-hal: handle_sns_client_event:49, ambient_light_event: ts=706762750457143, event=0.000000
02-13 01:20:02.650 23245 24120 I HoneySpace.TaskbarVisibilityController@223644221@HomeOnly: updateRules() isDock:false occlude:false needToHide:false hideFlag:false forceMinusOnePage:false launcher:true recent:false minus:false homePackage:false AppPicker:false
02-13 01:20:02.652 23245 23245 I HoneySpace.EdgePanel.ActivityUtils: HomePackage : com.sec.android.app.launcher, resumePackageName : com.sec.android.app.launcher, className : com.sec.android.app.launcher.Launcher
02-13 01:20:02.663  1451 10291 W qdgralloc: getInterlacedFlag: getMetaData returned 3, defaulting to interlaced_flag = 0
02-13 01:20:02.663  1451 10291 W qdgralloc: getInterlacedFlag: getMetaData returned 3, defaulting to interlaced_flag = 0
02-13 01:20:02.664  2407  2407 D AODManagerService: requestReCalToTSP IsSingleTouchMode = falserequestedReCalToTSP = false / previousDisplayState = ON
02-13 01:20:02.666  2407  4173 D LiftUpHandler: [LTW] Stopped already.
02-13 01:20:02.666  2407  2767 D AS.DesktopModeHelper: onDisplayChanged: #Id=0
02-13 01:20:02.667  2407  2407 W Looper  : Slow dispatch took 101ms main app=system_server main=true group=FOREGROUND h=android.os.Handler c=android.hardware.display.DisplayManagerGlobal$DisplayListenerDelegate$$ExternalSyntheticLambda0@713396 m=0
02-13 01:20:02.668  2407  2471 D BLASTSyncEngine: SyncGroup 2782:  Unfinished container: ActivityRecord{260441 u0 com.sec.android.app.launcher/.activities.LauncherActivity t660} mSyncState=2
02-13 01:20:02.669  2407  2712 D MotionRecognitionService: Inject screen on / off : 1
02-13 01:20:02.670  2407  3150 D WindowManager: finishDrawingWindow: Window{d511e7 u0 com.sec.android.app.launcher/com.sec.android.app.launcher.activities.LauncherActivity} mDrawState=DRAW_PENDING seqId=0
02-13 01:20:02.671  2407  2471 W Looper  : Slow dispatch took 108ms android.ui app=system_server main=false group=TOP_APP h=android.os.Handler c=android.hardware.display.DisplayManagerGlobal$DisplayListenerDelegate$$ExternalSyntheticLambda0@c3e7b04 m=0
02-13 01:20:02.672 22258 22258 I HBD     : DeX h DeX mode state change in non-main thread 
02-13 01:20:02.672 22258 22258 I HBD     : DeX h DeX mode state change: 3 
02-13 01:20:02.675  2964  2964 D DisplayLifecycle: updateDisplay id = 0
02-13 01:20:02.675 23245 11723 I HoneySpace.RefreshRateSource: singleFrameMs 11
02-13 01:20:02.676 23245 23443 I HoneySpace.TaskbarEventTracker: invokeEvent() called with: event = SystemUiStateChanged(stateFlags=268435456)
02-13 01:20:02.676  2964  3092 D StackScroller: onDisplayChanged for predraw skip to 2
02-13 01:20:02.677  2407  2474 V WindowManager: SyncGroup 2782: Finished!
02-13 01:20:02.678  2407  2595 D WifiDisplayAdapter: isFitToActiveDisplayLocked : false
02-13 01:20:02.678 23245 23245 I InsetsSourceConsumer: applyRequestedVisibilityToControl: visible=true, type=navigationBars, host=com.sec.android.app.launcher/com.sec.android.app.launcher.activities.LauncherActivity
02-13 01:20:02.678  2407  2712 D SensorService: Motion injection
02-13 01:20:02.679 23245 23245 I InsetsSourceConsumer: applyRequestedVisibilityToControl: visible=true, type=statusBars, host=com.sec.android.app.launcher/com.sec.android.app.launcher.activities.LauncherActivity
02-13 01:20:02.681  2407  2474 V WindowManager: performShowLocked: mDrawState=HAS_DRAWN in Window{d511e7 u0 com.sec.android.app.launcher/com.sec.android.app.launcher.activities.LauncherActivity}
02-13 01:20:02.684 21708 21708 I wpa_supplicant: Heartbeat 69629
02-13 01:20:02.687 10162 10269 D PipelineWatcher: onInputBufferReleased: frameIndex not found (76294); ignored
02-13 01:20:02.692 23245 11723 I HoneySpace.Memory-Monitor: current state = 2, didTrim = false
02-13 01:20:02.696  1451 10291 W qdgralloc: getInterlacedFlag: getMetaData returned 3, defaulting to interlaced_flag = 0
02-13 01:20:02.697  1451 10291 W qdgralloc: getInterlacedFlag: getMetaData returned 3, defaulting to interlaced_flag = 0
02-13 01:20:02.697  2407  2474 D ChangeTransitionController: onTransactionReady: TransitionRecord{2338929 id=2782 type=CLOSE flags=0x0 c=[
02-13 01:20:02.697  2407  2474 D ChangeTransitionController:    ChangeInfo{faa4370 container=ActivityRecord{260441 u0 com.sec.android.app.launcher/.activities.LauncherActivity t660} flags=0x0}
02-13 01:20:02.697  2407  2474 D ChangeTransitionController:    ChangeInfo{4ab06e9 container=ActivityRecord{10844686 u0 com.tororide.driver/.MainActivity t1216 f} isExiting} flags=0x0}
02-13 01:20:02.697  2407  2474 D ChangeTransitionController:    ChangeInfo{a231f6e container=Display{#0 state=ON size=1200x1920 ROTATION_0} flags=0x0}
02-13 01:20:02.697  2407  2474 D ChangeTransitionController:    ChangeInfo{19c160f container=DefaultTaskDisplayArea_d0@161807186 flags=0x0}
02-13 01:20:02.697  2407  2474 D ChangeTransitionController:    ChangeInfo{cc8269c container=Task{a332977 #1 type=home} flags=0x0}
02-13 01:20:02.697  2407  2474 D ChangeTransitionController:    ChangeInfo{5a428a5 container=Task{c03923c #1216 type=standard I=com.tororide.driver/.MainActivity} flags=0x0}
02-13 01:20:02.697  2407  2474 D ChangeTransitionController:    ChangeInfo{fe5c47a container=WallpaperWindowToken{d816be6 showWhenLocked=false}_<system> flags=0x0}
02-13 01:20:02.697  2407  2474 D ChangeTransitionController:    ChangeInfo{70e042b container=RemoteWallpaperAnim:1:1@244084148 flags=0x0}
02-13 01:20:02.697  2407  2474 D ChangeTransitionController:    ChangeInfo{a7f1088 container=Task{feb0afb #660 type=home I=com.sec.android.app.launcher/.activities.LauncherActivity} flags=0x0}
02-13 01:20:02.697  2407  2474 D ChangeTransitionController: ]
02-13 01:20:02.697  2407  2474 D ChangeTransitionController: }
02-13 01:20:02.698  2407  2474 V WindowManager: Start calculating TransitionInfo based on participants: {ActivityRecord{260441 u0 com.sec.android.app.launcher/.activities.LauncherActivity t660}, ActivityRecord{10844686 u0 com.tororide.driver/.MainActivity t1216 f} isExiting}, Task{a332977 #1 type=home}, Task{c03923c #1216 type=standard I=com.tororide.driver/.MainActivity}, WallpaperWindowToken{d816be6 showWhenLocked=false}_<system>, Task{feb0afb #660 type=home I=com.sec.android.app.launcher/.activities.LauncherActivity}}
02-13 01:20:02.699  2407  2474 V WindowManager:   Final targets: [ChangeInfo{cc8269c container=Task{a332977 #1 type=home} flags=0x30}, ChangeInfo{5a428a5 container=Task{c03923c #1216 type=standard I=com.tororide.driver/.MainActivity} flags=0x0}, ChangeInfo{fe5c47a container=WallpaperWindowToken{d816be6 showWhenLocked=false}_<system> flags=0x0}]
02-13 01:20:02.702  1455  1455 E sehhealth-service: sehtBinder.get() is null
02-13 01:20:02.704  2407  2474 I SurfaceControlRegistry: show, t=StartTransaction_SyncId<2782> sc=ActivityRecord{260441 u0 com.sec.android.app.launcher/.activities.LauncherActivity t660}, caller=android.view.SurfaceControl$Transaction.show:3557 com.android.server.wm.Transition.onTransactionReady:2048 com.android.server.wm.BLASTSyncEngine$SyncGroup.finishNow:240 com.android.server.wm.BLASTSyncEngine.onSurfacePlacement:263 com.android.server.wm.RootWindowContainer.performSurfacePlacementNoTrace:1083 com.android.server.wm.WindowSurfacePlacer.performSurfacePlacement:166 
02-13 01:20:02.705  2407  2474 I SurfaceControlRegistry: show, t=StartTransaction_SyncId<2782> sc=Task=660, caller=android.view.SurfaceControl$Transaction.show:3557 com.android.server.wm.Transition.onTransactionReady:2081 com.android.server.wm.BLASTSyncEngine$SyncGroup.finishNow:240 com.android.server.wm.BLASTSyncEngine.onSurfacePlacement:263 com.android.server.wm.RootWindowContainer.performSurfacePlacementNoTrace:1083 com.android.server.wm.WindowSurfacePlacer.performSurfacePlacement:166 
02-13 01:20:02.706  1344 28493 I HYPER-HAL: [RequestManager.cpp]releaseLocked(): Released ID : 2963422
02-13 01:20:02.706  2407  2474 V WindowManager: Calling onTransitionReady: {id=2782 t=CLOSE f=0x0 trk=0 r=[0@Point(0, 0)] c=[
02-13 01:20:02.706  2407  2474 V WindowManager:         {WCT{RemoteToken{a50a4da Task{a332977 #1 type=home}}} m=TO_FRONT f=SHOW_WALLPAPER|MOVE_TO_TOP|EDGE_EXTENSION_RESTRICTION leash=Surface(name=Task=1)/@0xe7837fc sb=Rect(0, 0 - 1200, 1920) eb=Rect(0, 0 - 1200, 1920) epz=Point(1200, 1920) d=0 taskParent=-1 inset=Rect(0, 45 - 0, 72)},
02-13 01:20:02.706  2407  2474 V WindowManager:         {WCT{RemoteToken{961dd15 Task{c03923c #1216 type=standard I=com.tororide.driver/.MainActivity}}} m=CLOSE f=NONE leash=Surface(name=Task=1216)/@0x6af38ff sb=Rect(0, 0 - 1200, 1920) eb=Rect(0, 0 - 1200, 1920) epz=Point(1200, 1920) d=0 taskParent=-1 inset=Rect(0, 0 - 0, 0) dim=true},
02-13 01:20:02.706  2407  2474 V WindowManager:         {m=TO_FRONT f=IS_WALLPAPER p=WCT{RemoteToken{185e8f2 RemoteWallpaperAnim:1:1@244084148}} leash=Surface(name=WallpaperWindowToken{d816be6 showWhenLocked=false})/@0x6feb9ce sb=Rect(0, 0 - 1200, 1920) eb=Rect(0, 0 - 1200, 1920) epz=Point(1200, 1920) d=0 inset=Rect(0, 0 - 0, 0)}
02-13 01:20:02.706  2407  2474 V WindowManager:     ]}
02-13 01:20:02.708 23245 24763 I HoneySpace.PredictionDataSourceImpl: TYPE_RECOMMENDED_WIDGETS updated: 17
02-13 01:20:02.712  2407  2474 D PowerManagerService: [api] setPowerBoost(L) boost:0, durationMs:0, caller (uid: 1000 pid: 2407) <- m() in com.android.server.display.DisplayManagerService$BinderService$$ExternalSyntheticOutline0:1
02-13 01:20:02.713  2964  3428 V WindowManagerShell: onTransitionReady(transaction=10337986443964)
02-13 01:20:02.714 28496 28496 W chbox:googleapp: Failed to find entry 'classes.dex': Entry not found
02-13 01:20:02.714  2964  3030 V WindowManagerShell: onTransitionReady (#2782) android.os.BinderProxy@28a6d19: {id=2782 t=CLOSE f=0x0 trk=0 r=[0@Point(0, 0)] c=[
02-13 01:20:02.714  2964  3030 V WindowManagerShell:         {m=TO_FRONT f=SHOW_WALLPAPER|MOVE_TO_TOP|EDGE_EXTENSION_RESTRICTION leash=Surface(name=Task=1)/@0xb93a651 sb=Rect(0, 0 - 1200, 1920) eb=Rect(0, 0 - 1200, 1920) epz=Point(1200, 1920) d=0 taskParent=-1 inset=Rect(0, 45 - 0, 72)},
02-13 01:20:02.714  2964  3030 V WindowManagerShell:         {m=CLOSE f=NONE leash=Surface(name=Task=1216)/@0xe30aeb6 sb=Rect(0, 0 - 1200, 1920) eb=Rect(0, 0 - 1200, 1920) epz=Point(1200, 1920) d=0 taskParent=-1 inset=Rect(0, 0 - 0, 0) dim=true},
02-13 01:20:02.714  2964  3030 V WindowManagerShell:         {m=TO_FRONT f=IS_WALLPAPER p=WCT{android.window.IWindowContainerToken$Stub$Proxy@e9b568d} leash=Surface(name=WallpaperWindowToken{d816be6 showWhenLocked=false})/@0x6ba07b7 sb=Rect(0, 0 - 1200, 1920) eb=Rect(0, 0 - 1200, 1920) epz=Point(1200, 1920) d=0 inset=Rect(0, 0 - 0, 0)}
02-13 01:20:02.714  2964  3030 V WindowManagerShell:     ]}
02-13 01:20:02.715  2407  2474 D RestrictionPolicy: isScreenCaptureEnabled : ret=true userId=0
02-13 01:20:02.716  2964  3030 V ShellDesktopMode: DesktopModeLogger: taskInfo map after processing changes 0
02-13 01:20:02.717  2964  3030 D ShellDesktopMode: DesktopTaskChangeListener: onTaskMovingToFront for taskId=1, displayId=0
02-13 01:20:02.717  2407  2474 D ScreenCapture: [Capture_TEST] : setIsScreenShotBySystem false
02-13 01:20:02.718  2964  3030 D ShellDesktopMode: DesktopTaskChangeListener: onTaskClosing for taskId=1216, displayId=0
02-13 01:20:02.720 10162 10269 D PipelineWatcher: onInputBufferReleased: frameIndex not found (76295); ignored
02-13 01:20:02.721 28496 28496 W chbox:googleapp: Failed to find entry 'classes.dex': Entry not found
02-13 01:20:02.726 28496 28496 W chbox:googleapp: Failed to find entry 'classes.dex': Entry not found
02-13 01:20:02.729 28496 28496 D nativeloader: Configuring clns-10 for other apk /data/app/~~rRd9PQ-54TZJKoknIQ1SWQ==/com.google.android.googlequicksearchbox-g8RsyDWni9nLK5v_KaXBuA==/base.apk:/data/app/~~rRd9PQ-54TZJKoknIQ1SWQ==/com.google.android.googlequicksearchbox-g8RsyDWni9nLK5v_KaXBuA==/split_config.hdpi.apk:/data/app/~~rRd9PQ-54TZJKoknIQ1SWQ==/com.google.android.googlequicksearchbox-g8RsyDWni9nLK5v_KaXBuA==/split_lens_ondevice_engine_play_ml_module.apk:/data/app/~~rRd9PQ-54TZJKoknIQ1SWQ==/com.google.android.googlequicksearchbox-g8RsyDWni9nLK5v_KaXBuA==/split_tclib_native_feature_module.apk. target_sdk_version=36, uses_libraries=, library_path=/data/app/~~rRd9PQ-54TZJKoknIQ1SWQ==/com.google.android.googlequicksearchbox-g8RsyDWni9nLK5v_KaXBuA==/lib/arm64:/data/app/~~rRd9PQ-54TZJKoknIQ1SWQ==/com.google.android.googlequicksearchbox-g8RsyDWni9nLK5v_KaXBuA==/base.apk!/lib/arm64-v8a:/data/app/~~rRd9PQ-54TZJKoknIQ1SWQ==/com.google.android.googlequicksearchbox-g8RsyDWni9nLK5v_KaXBuA==/split_config.hdpi.apk!/lib/arm64-v8a:/data/app/~~rRd9PQ-54TZJKoknIQ1SWQ=
02-13 01:20:02.736  2964  3030 I SurfaceControlRegistry: show, t=StartTransaction_SyncId<2782> sc=Decor container of Task=1216, caller=android.view.SurfaceControl$Transaction.show:3557 com.android.wm.shell.windowdecor.WindowDecoration.relayout:133 com.android.wm.shell.windowdecor.DesktopModeWindowDecoration.relayout:168 com.android.wm.shell.windowdecor.DesktopModeWindowDecorViewModel.onTaskClosing:91 com.android.wm.shell.freeform.FreeformTaskTransitionObserver.onTransitionReady:544 com.android.wm.shell.transition.Transitions.dispatchReady:280 
02-13 01:20:02.738  2964  3030 I SurfaceControlRegistry: show, t=StartTransaction_SyncId<2782> sc=SurfaceControlViewHostAdapter surface, caller=android.view.SurfaceControl$Transaction.show:3557 com.android.wm.shell.windowdecor.DesktopModeWindowDecoration.updateCaptionContainerSurface:51 com.android.wm.shell.windowdecor.WindowDecoration.relayout:134 com.android.wm.shell.windowdecor.DesktopModeWindowDecoration.relayout:168 com.android.wm.shell.windowdecor.DesktopModeWindowDecorViewModel.onTaskClosing:91 com.android.wm.shell.freeform.FreeformTaskTransitionObserver.onTransitionReady:544 
02-13 01:20:02.744  2964  3030 I SurfaceControlRegistry: show, t=StartTransaction_SyncId<2782> sc=WallpaperWindowToken{d816be6 showWhenLocked=false}, caller=android.view.SurfaceControl$Transaction.show:3557 com.android.wm.shell.transition.Transitions.dispatchReady:907 com.android.wm.shell.transition.Transitions.onTransitionReady:251 com.android.wm.shell.transition.Transitions$TransitionPlayerImpl$$ExternalSyntheticLambda0.run:13 android.os.Handler.handleCallback:995 android.os.Handler.dispatchMessage:103 
02-13 01:20:02.744  2964  3030 I SurfaceControlRegistry: hide, t=FinishTransaction_SyncId<2782> sc=Task=1216, caller=android.view.SurfaceControl$Transaction.hide:3583 com.android.wm.shell.transition.Transitions.dispatchReady:1263 com.android.wm.shell.transition.Transitions.onTransitionReady:251 com.android.wm.shell.transition.Transitions$TransitionPlayerImpl$$ExternalSyntheticLambda0.run:13 android.os.Handler.handleCallback:995 android.os.Handler.dispatchMessage:103 
02-13 01:20:02.745  2964  3030 I SurfaceControlRegistry: show, t=StartTransaction_SyncId<2782> sc=Task=1, caller=android.view.SurfaceControl$Transaction.show:3557 com.android.wm.shell.transition.Transitions.dispatchReady:1279 com.android.wm.shell.transition.Transitions.onTransitionReady:251 com.android.wm.shell.transition.Transitions$TransitionPlayerImpl$$ExternalSyntheticLambda0.run:13 android.os.Handler.handleCallback:995 android.os.Handler.dispatchMessage:103 
02-13 01:20:02.745  2964  3030 I SurfaceControlRegistry: show, t=FinishTransaction_SyncId<2782> sc=Task=1, caller=android.view.SurfaceControl$Transaction.show:3557 com.android.wm.shell.transition.Transitions.dispatchReady:1330 com.android.wm.shell.transition.Transitions.onTransitionReady:251 com.android.wm.shell.transition.Transitions$TransitionPlayerImpl$$ExternalSyntheticLambda0.run:13 android.os.Handler.handleCallback:995 android.os.Handler.dispatchMessage:103 
02-13 01:20:02.745  2964  3030 V WindowManagerShell: Playing animation for (#2782) android.os.BinderProxy@28a6d19@0
02-13 01:20:02.746  2964  3030 I SurfaceControlRegistry: show, t=StartTransaction_SyncId<2782> sc=Transition Root: Task=1, caller=android.view.SurfaceControl$Transaction.show:3557 com.android.wm.shell.transition.Transitions.playTransition:79 com.android.wm.shell.transition.Transitions.processReadyQueue:239 com.android.wm.shell.transition.Transitions.dispatchReady:1352 com.android.wm.shell.transition.Transitions.onTransitionReady:251 com.android.wm.shell.transition.Transitions$TransitionPlayerImpl$$ExternalSyntheticLambda0.run:13 
02-13 01:20:02.750  1336  8837 I sensors-hal: handle_sns_client_event:49, ambient_light_event: ts=706762850443393, event=0.000000
02-13 01:20:02.751 23245 24120 I HoneySpace.TaskbarVisibilityController@223644221@HomeOnly: updateVisibility(100) VisibilityRule(priority=LauncherActivity, action=Hide, isActive=true) :: state 0 -> 0
02-13 01:20:02.753  2964  3030 V ShellRecents: RecentsTransitionHandler.startAnimation: no controller found
02-13 01:20:02.754  2964  3030 V ShellDesktopMode: DesktopMixedTransitionHandler: No pending desktop transition
02-13 01:20:02.757  2964  3030 V WindowManagerShell: Transition doesn't have explicit remote, search filters for match for {id=2782 t=CLOSE f=0x0 trk=0 r=[0@Point(0, 0)] c=[{m=TO_FRONT f=SHOW_WALLPAPER|MOVE_TO_TOP|EDGE_EXTENSION_RESTRICTION leash=Surface(name=Task=1)/@0xb93a651 sb=Rect(0, 0 - 1200, 1920) eb=Rect(0, 0 - 1200, 1920) epz=Point(1200, 1920) d=0 taskParent=-1 inset=Rect(0, 45 - 0, 72)},{m=CLOSE f=NONE leash=Surface(name=Task=1216)/@0xe30aeb6 sb=Rect(0, 0 - 1200, 1920) eb=Rect(0, 0 - 1200, 1920) epz=Point(1200, 1920) d=0 taskParent=-1 inset=Rect(0, 0 - 0, 0) dim=true},{m=TO_FRONT f=IS_WALLPAPER p=WCT{android.window.IWindowContainerToken$Stub$Proxy@e9b568d} leash=Surface(name=WallpaperWindowToken{d816be6 showWhenLocked=false})/@0x6ba07b7 sb=Rect(0, 0 - 1200, 1920) eb=Rect(0, 0 - 1200, 1920) epz=Point(1200, 1920) d=0 inset=Rect(0, 0 - 0, 0)}]}
02-13 01:20:02.758  2964  3030 V WindowManagerShell:  Checking filter Pair{{types=[] flags=0x0] notFlags=0x100 checks=[{atype=home independent=true modes=[OPEN,TO_FRONT] flags=NONE mustBeTask=false order=TOP topActivity=ComponentInfo{com.sec.android.app.launcher/com.sec.android.app.launcher.Launcher} launchCookie=null windowingMode=undefined},{atype=recents independent=true modes=[CLOSE,TO_BACK] flags=NONE mustBeTask=false order=ANY topActivity=null launchCookie=null windowingMode=undefined}]} RemoteTransition { remoteTransition = android.window.IRemoteTransition$Stub$Proxy@e5c6656, appThread = android.app.IApplicationThread$Stub$Proxy@109f6d7, debugName = QuickstepLaunchHomeFromRecentsflags =NONE }}
02-13 01:20:02.759  2964  3030 V WindowManagerShell:  Checking filter Pair{{types=[] flags=0x0] notFlags=0x100 checks=[{atype=home independent=true modes=[OPEN,TO_FRONT] flags=NONE mustBeTask=false order=TOP topActivity=ComponentInfo{com.sec.android.app.launcher/com.sec.android.app.launcher.Launcher} launchCookie=null windowingMode=undefined},{atype=standard independent=true modes=[CLOSE,TO_BACK] flags=NONE mustBeTask=false order=ANY topActivity=null launchCookie=null windowingMode=undefined}]} RemoteTransition { remoteTransition = android.window.IRemoteTransition$Stub$Proxy@3071ff7, appThread = android.app.IApplicationThread$Stub$Proxy@5d00e64, debugName = QuickstepLaunchHomeflags =NONE }}
02-13 01:20:02.759  2964  3030 D RemoteTransitionHandler: Found filterPair{{types=[] flags=0x0] notFlags=0x100 checks=[{atype=home independent=true modes=[OPEN,TO_FRONT] flags=NONE mustBeTask=false order=TOP topActivity=ComponentInfo{com.sec.android.app.launcher/com.sec.android.app.launcher.Launcher} launchCookie=null windowingMode=undefined},{atype=standard independent=true modes=[CLOSE,TO_BACK] flags=NONE mustBeTask=false order=ANY topActivity=null launchCookie=null windowingMode=undefined}]} RemoteTransition { remoteTransition = android.window.IRemoteTransition$Stub$Proxy@3071ff7, appThread = android.app.IApplicationThread$Stub$Proxy@5d00e64, debugName = QuickstepLaunchHomeflags =NONE }}
02-13 01:20:02.759  2964  3030 V WindowManagerShell:  Delegate animation for (#2782) to RemoteTransition { remoteTransition = android.window.IRemoteTransition$Stub$Proxy@3071ff7, appThread = android.app.IApplicationThread$Stub$Proxy@5d00e64, debugName = QuickstepLaunchHomeflags =NONE }
02-13 01:20:02.763  2964  3030 V WindowManagerShell:  Excluded change from remote targets at (#2782), change={m=TO_FRONT f=IS_WALLPAPER p=WCT{android.window.IWindowContainerToken$Stub$Proxy@e9b568d} leash=Surface(name=WallpaperWindowToken{d816be6 showWhenLocked=false})/@0x6ba07b7 sb=Rect(0, 0 - 1200, 1920) eb=Rect(0, 0 - 1200, 1920) epz=Point(1200, 1920) d=0 inset=Rect(0, 0 - 0, 0)}
02-13 01:20:02.778 23245 23268 I SurfaceControlRegistry: show, t=StartTransaction_SyncId<2782> sc=Task=1, caller=android.view.SurfaceControl$Transaction.show:3557 S.h.a:152 S.h.u:0 S.h.t:0 com.android.systemui.animation.RemoteAnimationTargetCompat.wrap:48 com.android.systemui.animation.RemoteAnimationTargetCompat.wrapApps:10 
02-13 01:20:02.779 23245 23268 I SurfaceControlRegistry: show, t=StartTransaction_SyncId<2782> sc=Task=1216, caller=android.view.SurfaceControl$Transaction.show:3557 S.h.a:152 S.h.u:0 S.h.t:0 com.android.systemui.animation.RemoteAnimationTargetCompat.wrap:48 com.android.systemui.animation.RemoteAnimationTargetCompat.wrapApps:10 
02-13 01:20:02.780 23245 23268 I SurfaceControlRegistry: apply, t=StartTransaction_SyncId<2782>, caller=android.view.SurfaceControl$Transaction.apply:3459 android.view.SurfaceControl$Transaction.apply:3447 android.view.SurfaceControl$Transaction.apply:3397 com.android.systemui.animation.RemoteAnimationRunnerCompat$1.startAnimation:645 android.window.IRemoteTransition$Stub.onTransact:162 android.os.Binder.execTransactInternal:1462 
02-13 01:20:02.781  1513  1513 E SurfaceFlinger: alpha changed 1.000 -> 0.000 - Surface(name=Task=1)/@0xa923b84_transition-leash#22569
02-13 01:20:02.782  1513  1513 I SurfaceFlinger: [LayerHierarchy{RequestedLayerState{Task=1#53 parentId=22569} 2 children}] reparent to LayerHierarchy{RequestedLayerState{Surface(name=Task=1)/@0xa923b84_transition-leash#22569 parentId=22568 z=2} 1 children}
02-13 01:20:02.782  1513  1513 I SurfaceFlinger: [LayerHierarchy{RequestedLayerState{SurfaceControlViewHostAdapter surface#61 parentId=22517 z=-1} 1 children}] reparent to LayerHierarchy{RequestedLayerState{Decor container of Task=1216#22517 parentId=22511 z=30000} 1 children}
02-13 01:20:02.782  1513  1513 I SurfaceFlinger: [LayerHierarchy{RequestedLayerState{Task=1216#22511 parentId=22570} 2 children}] reparent to LayerHierarchy{RequestedLayerState{Surface(name=Task=1216)/@0x32be7a2_transition-leash#22570 parentId=22568 z=5} 1 children}
02-13 01:20:02.782  1513  1513 I SurfaceFlinger: [Transition Root: Task=1#22568] attach to parent LayerHierarchy{RequestedLayerState{DefaultTaskDisplayArea_d0#10 parentId=9} 12 children}
02-13 01:20:02.782  1513  1513 I SurfaceFlinger: [Surface(name=Task=1)/@0xa923b84_transition-leash#22569] attach to parent LayerHierarchy{RequestedLayerState{Transition Root: Task=1#22568 parentId=10} 1 children}
02-13 01:20:02.782  1513  1513 I SurfaceFlinger: [Surface(name=Task=1216)/@0x32be7a2_transition-leash#22570] attach to parent LayerHierarchy{RequestedLayerState{Transition Root: Task=1#22568 parentId=10} 2 children}
02-13 01:20:02.782 23245 23268 I HoneySpace.ShellAnimationRunner: [onAnimationStart] appTarget(0) : taskId-1, mode-0
02-13 01:20:02.783 23245 23268 I HoneySpace.ShellAnimationRunner: cookie: -2147483648
02-13 01:20:02.783 23245 23268 I HoneySpace.ShellAnimationRunner: [onAnimationStart] appTarget(1) : taskId-1216, mode-1
02-13 01:20:02.784 23245 23245 I HoneySpace.ShellAnimationRunner: this , com.honeyspace.transition.ShellAnimationRunner@27f3e1c
02-13 01:20:02.786 23245 23245 I HoneySpace.ShellAnimationRunner: finishExistingAnimation, null
02-13 01:20:02.787 23245 23245 I HoneySpace.AppCloseAnimationDelegate: onAnimationStart
02-13 01:20:02.797  1451 10291 W qdgralloc: getInterlacedFlag: getMetaData returned 3, defaulting to interlaced_flag = 0
02-13 01:20:02.797  1451 10291 W qdgralloc: getInterlacedFlag: getMetaData returned 3, defaulting to interlaced_flag = 0
02-13 01:20:02.818  1451 10291 W qdgralloc: getInterlacedFlag: getMetaData returned 3, defaulting to interlaced_flag = 0
02-13 01:20:02.819 23245 25521 I ApplicationPackageManager: package : com.sec.android.app.clockpackage, useAppIconResources : false
02-13 01:20:02.819  1451 10291 W qdgralloc: getInterlacedFlag: getMetaData returned 3, defaulting to interlaced_flag = 0
02-13 01:20:02.820 23245 23245 I HoneySpace.AppCloseAnimationDelegate: findTargetView() called with: targets = com.honeyspace.transition.remote.RemoteAnimationTargets@7fdf02, centerMostInfo = null
02-13 01:20:02.824 23245 23245 I HoneySpace.AppCloseAnimationDelegate: findTargetValue [cookie-4948, pkgName-com.tororide.driver]
02-13 01:20:02.824 23245 25521 I LiveIconUtil: getLiveIcon was called in ClockPackage
02-13 01:20:02.828 23245 25521 I LiveIconUtil: getLiveIcon res = com.sec.android.app.clockpackage
02-13 01:20:02.828 10162 10269 D PipelineWatcher: onInputBufferReleased: frameIndex not found (76296); ignored
02-13 01:20:02.841  2407  3082 D MARsPolicyManager: clearTTSPkgInfo
02-13 01:20:02.846 10162 10269 D PipelineWatcher: onInputBufferReleased: frameIndex not found (76297); ignored
02-13 01:20:02.847 23245 11723 I HoneySpace.HistoryRepositoryImpl84851220@HomeOnly: loadHistoryItems() displayId:0, deskId:-1, rawTasks:3
02-13 01:20:02.848 23245 23245 I HoneySpace.WorkspaceFastRecyclerViewAdapter: findCloseTarget : 4948, ComponentInfo{com.tororide.driver/com.tororide.driver.MainActivity}
02-13 01:20:02.850  1336  8837 I sensors-hal: handle_sns_client_event:49, ambient_light_event: ts=706762950429903, event=0.000000
02-13 01:20:02.854 23245 23245 I HoneySpace.AppCloseAnimationDelegate: findTargetView found:Value(view=com.honeyspace.ui.common.iconview.IconViewImpl{4908095 VFED..CL. ........ 332,352-498,528 #7f0a02ec app:id/icon} - TORO Driver, visibility:0, alpha:1.0, badge:0, icon:96x96, iconAlpha:255, iconState:NONE, iconSize:86, forceHideBadge:false, isTransparent:false, x=2, y=2, component=ComponentInfo{com.tororide.driver/com.tororide.driver.MainActivity}, isTargetShortcut=false), com.honeyspace.ui.common.iconview.IconViewImpl{4908095 VFED..CL. ........ 332,352-498,528 #7f0a02ec app:id/icon} - TORO Driver, visibility:0, alpha:1.0, badge:0, icon:96x96, iconAlpha:255, iconState:NONE, iconSize:86, forceHideBadge:false, isTransparent:false, x=2, y=2
02-13 01:20:02.855  1478  1478 V APM_AudioPolicyManager: setAppState(portId:259, state:2)
