02-13 01:20:03.182  1513  1513 I SurfaceFlinger: [LayerHierarchy{RequestedLayerState{ImeContainer#15 parentId=121 relativeParentId=15844 z=1} 1 children}] reparent to LayerHierarchy{RequestedLayerState{ActivityRecord{260441 u0 com.sec.android.app.launcher/.activities.LauncherActivity t660}#121 parentId=120} 3 children}
02-13 01:20:03.182  1513  1513 I SurfaceFlinger: [LayerHierarchy{RequestedLayerState{ImeContainer#15 parentId=121 relativeParentId=15844 z=1} 1 children}] RelativeParent to LayerHierarchy{RequestedLayerState{d511e7 com.sec.android.app.launcher/com.sec.android.app.launcher.activities.LauncherActivity#15844 parentId=121} 2 children}
02-13 01:20:03.182  1513  1513 I SurfaceFlinger: [LayerHierarchy{RequestedLayerState{bd1c6da InputMethod#20126 parentId=22572} no children}] reparent to LayerHierarchy{RequestedLayerState{Surface(name=bd1c6da InputMethod)/@0x8cfd801 - animation-leash of insets_animation#22572 parentId=20125} 1 children}
02-13 01:20:03.182  1513  1513 I SurfaceFlinger: [LayerHierarchy{RequestedLayerState{Surface(name=bd1c6da InputMethod)/@0x8cfd801 - animation-leash of insets_animation#22564} no children}] reparent to OffscreenRoot
02-13 01:20:03.182 23245 23245 E SurfaceComposerClient: SurfaceComposerClient::Transaction::setAlpha: invalid alpha -0.020584, clamping
02-13 01:20:03.182  1513  1513 I SurfaceFlinger: [LayerHierarchy{RequestedLayerState{Surface(name=bd1c6da InputMethod)/@0x8cfd801 - animation-leash of insets_animation#22564} no children}] RelativeParent to null
02-13 01:20:03.182 23245 23245 I HoneySpace.FloatingAnimator: [Player:A(2.861)] container x: 474.0, y: 525.0, scale : 0.071666665
02-13 01:20:03.182 23245 23245 I HoneySpace.FloatingAnimator: [Player:A(2.861)] value animator:[165551755] end
02-13 01:20:03.183 23245 23245 I HoneySpace.FloatingAnimator: reset containerView, com.honeyspace.transition.anim.floating.ContainerView{800772c V.E...... ......ID 0,0-1200,1222}
02-13 01:20:03.183  1451 10291 W qdgralloc: getInterlacedFlag: getMetaData returned 3, defaulting to interlaced_flag = 0
02-13 01:20:03.184  1451 10291 W qdgralloc: getInterlacedFlag: getMetaData returned 3, defaulting to interlaced_flag = 0
02-13 01:20:03.184 23245 23245 I HoneySpace.FloatingAnimator: remove positionListener - com.honeyspace.transition.anim.floating.c@490e94e
02-13 01:20:03.186 23245 23245 I HoneySpace.FloatingAnimator: [Player:A(2.861)] reset
02-13 01:20:03.186 23245 23245 I HoneySpace.IconView: setIconVisible : visible-true, currentForceHideBadge-true
02-13 01:20:03.187  1513  1798 I SurfaceFlinger: id=22564 Removed Surface(name=bd1c6da InputMethod)/@0x8cfd801 - animation-leash of insets_animation#22564 (211)
02-13 01:20:03.187 23245 23245 I HoneySpace.IconView: updateInvisibleState true APP_CLOSING current:2 new:0
02-13 01:20:03.187 23245 23245 I HoneySpace.FloatingAnimator: playerCount : 0
02-13 01:20:03.187 23245 23245 I HoneySpace.FloatingFinishHelper: finishInProgress: true
02-13 01:20:03.189 10162 10269 D PipelineWatcher: onInputBufferReleased: frameIndex not found (76310); ignored
02-13 01:20:03.190 22258 22258 I HBD     : a [UpdatePolicy] [post] a: 0 cl: 65537 kit: [0/0] vt: 0 ir: 1 
02-13 01:20:03.194 23245 23245 I HoneySpace.AppCloseAnimationDelegate: animatorSet end
02-13 01:20:03.196 23245 23245 I HoneySpace.DeJankUtils: postAfterTraversal is called com.honeyspace.common.performance.JankWrapper$addCujInstrumentation$1$4$1@c477900, immediate : true detail : app transition end
02-13 01:20:03.197 23245 23245 I HoneySpace.AnimationResult: finish, false
02-13 01:20:03.198  1513  1513 I SurfaceFlinger: destroyed Surface(name=bd1c6da InputMethod)/@0x8cfd801 - animation-leash of insets_animation#22564 form LifecycleManager
02-13 01:20:03.198  1451 10291 W qdgralloc: getInterlacedFlag: getMetaData returned 3, defaulting to interlaced_flag = 0
02-13 01:20:03.198  1513  1513 I SurfaceFlinger: id=22564 onLayerDestroyed from LayerHierarchyBuilder(RequestedLayerState{Surface(name=bd1c6da InputMethod)/@0x8cfd801 - animation-leash of insets_animation#22564 !handle})
02-13 01:20:03.199  1451 10291 W qdgralloc: getInterlacedFlag: getMetaData returned 3, defaulting to interlaced_flag = 0
02-13 01:20:03.201 23245 23245 I HoneySpace.FloatingFinishHelper: isAppShow reset, immediate
02-13 01:20:03.202 23245 23245 I HoneySpace.WorkspaceViewModel: StartContentAnimation, type: AppClose, inProgress: false
02-13 01:20:03.202 23245 23245 I HoneySpace.HomescreenPot: playContentAnimator end, skip alpha: false, paramType = AppClose, state = com.honeyspace.sdk.HomeScreen$Normal@5e37a51 -> com.honeyspace.sdk.HomeScreen$Normal@5e37a51
02-13 01:20:03.203  1513  1513 I Layer   : id=22564 Destroyed Surface(name=bd1c6da InputMethod)/@0x8cfd801 - animation-leash of insets_animation#22564
02-13 01:20:03.204 10162 10269 D PipelineWatcher: onInputBufferReleased: frameIndex not found (76311); ignored
02-13 01:20:03.206 23245 23245 I StickerOperator: restoreOverlapStickers, 0, 95358524
02-13 01:20:03.207 23245 23245 I HoneySpace.HoneyScreenManagerImpl: transitionAnimator is ended, onCancel: false
02-13 01:20:03.207 23245 23245 I HoneySpace.ContentsAnimator: ContentsAnimator end [139213697]
02-13 01:20:03.209 23245 24120 I HoneySpace.SPayHandler: updateSpayHandler, show = true, defaultPage = false
02-13 01:20:03.212 10162 10269 D PipelineWatcher: onInputBufferReleased: frameIndex not found (76312); ignored
02-13 01:20:03.214 23245 24357 I VRI[LauncherActivity]@7125c9d: mWNT: t=0xb400007061e53f80 mBlastBufferQueue=0xb40000706205b000 fn= 16 HdrRenderState mRenderHdrSdrRatio=1.0 caller= com.android.systemui.shared.launcher.ViewRootImplCompat.mergeWithNextTransaction:4 com.honeyspace.transition.utils.SurfaceTransactionApplier.scheduleApply$lambda$1:16 com.honeyspace.transition.utils.SurfaceTransactionApplier.b:0 
02-13 01:20:03.214 23245 28560 I HoneySpace.AnimationResult: asyncFinishRunnable run
02-13 01:20:03.215 23245 23245 I HoneySpace.DeJankUtils: traversals callback's received
02-13 01:20:03.215 23245 23245 I HoneySpace.DeJankUtils: doActionRunnable is called com.honeyspace.common.performance.JankWrapper$addCujInstrumentation$1$4$1@c477900, immediate = true, detail : app transition end
02-13 01:20:03.217  1451 10291 W qdgralloc: getInterlacedFlag: getMetaData returned 3, defaulting to interlaced_flag = 0
02-13 01:20:03.218  1451 10291 W qdgralloc: getInterlacedFlag: getMetaData returned 3, defaulting to interlaced_flag = 0
02-13 01:20:03.221 22258 22258 I HBD     : a [NRIC] resetNoResponseState 
02-13 01:20:03.221 22258 22258 I HBD     : f needOff = true , isForceOff = false, isNullInputClass : true 
02-13 01:20:03.221 22258 22258 I HBD     : f update cached prediction status : false 
02-13 01:20:03.222 22258 22258 I HBD     : b [AiWriter] setContact : com.sec.android.app.launcher
02-13 01:20:03.224 23245 23245 I HoneySpace.AppTransitionAnimationAwait: proceed 1
02-13 01:20:03.224 23245 23245 I HoneySpace.FloatingFinishHelper: finishInProgress: false
02-13 01:20:03.225 22258 22258 I HBD     : a [AiWriter] setContact : com.sec.android.app.launcher
02-13 01:20:03.227 10162 10269 D PipelineWatcher: onInputBufferReleased: frameIndex not found (76313); ignored
02-13 01:20:03.231 23245 23245 I HoneySpace.AnimationResult: completeCallback run
02-13 01:20:03.231 23245 23245 I HoneySpace.RunnableList: executeAllAndClear() called, size: 1
02-13 01:20:03.235 23245 23245 I HoneySpace.WallpaperAnimator: destroyWallpaperSurface Surface(name=Surface(name=RemoteWallpaperAnim:1:1)/@0xbee441e - animation-leash of remote_wallpaper)/@0x5d39fdc
02-13 01:20:03.236 23245 23245 I HoneySpace.WallpaperAnimator: wallpaper animation end [87021127]
02-13 01:20:03.238  2407  7195 I WindowManager: Cancelling animation restarting=false, leash=Surface(name=Surface(name=RemoteWallpaperAnim:1:1)/@0xbee441e - animation-leash of remote_wallpaper)/@0xdcc401e
02-13 01:20:03.238  2407  7195 I WindowManager: Reparenting to original parent: Surface(name=OneHanded:0:14)/@0xa6854ff, destroy=false, surface=Surface(name=RemoteWallpaperAnim:1:1)/@0xbee441e
02-13 01:20:03.239 22258 22258 I HBD     : F EBD si S 0 
02-13 01:20:03.239 22258 22258 I HBD     : m updateContactDBLanguage : 65537 
02-13 01:20:03.243 22258 22258 I HBD     : g isCoverDisplay : false, cached selected json info : SelectedLanguageInfo(languageVersion=4.2, currentLanguageOrder=0, selectedLanguageList=[SelectedLanguage(id=65537, isUsed=true, engName=English, inputType=qwerty, activeOptionList=[auto_replace, auto_spacing, writing_assistant, prediction], bilingualId=-1)]) 
02-13 01:20:03.243 22258 22258 I HBD     : g updateSelectedLanguageCache is succeeded. English 
02-13 01:20:03.244  1513  1798 I SurfaceFlinger: id=22570 Removed Surface(name=Task=1216)/@0x32be7a2_transition-leash#22570 (210)
02-13 01:20:03.244  1513  1798 I SurfaceFlinger: id=22569 Removed Surface(name=Task=1)/@0xa923b84_transition-leash#22569 (210)
02-13 01:20:03.245  2964  3030 D DesktopModeWindowDecorViewModel: destroyWindowDecoration: DesktopModeWindowDecoration{51151c2, p=Point(0, 0), d=0, tid=1216, w=fullscreen, focused=false, vh=false}, decors=[1020, 1194, 1195]
02-13 01:20:03.245  2407  7195 D WindowManager: mRunner#onAnimationCancelled, leash=Surface(name=Surface(name=RemoteWallpaperAnim:1:1)/@0xbee441e - animation-leash of remote_wallpaper)/@0xdcc401e, caller=com.android.server.wm.SurfaceAnimator.cancelAnimation:14 com.android.server.wm.SurfaceAnimator.cancelAnimation:1 com.android.server.wm.WindowContainer.cancelAnimation:3 com.android.server.wm.WindowManagerService.finishRemoteWallpaperAnimation:81 android.view.IWindowManager$Stub.onTransact:4336 
02-13 01:20:03.245 10162 10269 D PipelineWatcher: onInputBufferReleased: frameIndex not found (76314); ignored
02-13 01:20:03.246 23245 23268 I HoneySpace.WallpaperAnimator: onAnimationCancelled
02-13 01:20:03.246  2964  3030 V WindowManagerShell: Transition animation finished (aborted=false), notifying core (#2782) android.os.BinderProxy@28a6d19@0
02-13 01:20:03.247  2407  7195 D WindowManager: finishRemoteWallpaperAnimation, success=true
02-13 01:20:03.247  1451 10291 W qdgralloc: getInterlacedFlag: getMetaData returned 3, defaulting to interlaced_flag = 0
02-13 01:20:03.248  1451 10291 W qdgralloc: getInterlacedFlag: getMetaData returned 3, defaulting to interlaced_flag = 0
02-13 01:20:03.248  1513  1513 I SurfaceFlinger: [LayerHierarchy{RequestedLayerState{Decor container of Task=1216#22517 z=30000} 1 children}] reparent to OffscreenRoot
02-13 01:20:03.248  1513  1513 I SurfaceFlinger: [LayerHierarchy{RequestedLayerState{Decor container of Task=1216#22517 z=30000} 1 children}] RelativeParent to null
02-13 01:20:03.248  2964  3030 I SurfaceControlRegistry: apply, t=FinishTransaction_SyncId<2782>, caller=android.view.SurfaceControl$Transaction.apply:3459 android.view.SurfaceControl$Transaction.apply:3447 android.view.SurfaceControl$Transaction.apply:3397 com.android.wm.shell.transition.Transitions.onFinish:315 com.android.wm.shell.transition.Transitions$$ExternalSyntheticLambda7.onTransitionFinished:12 com.android.wm.shell.transition.RemoteTransitionHandler$1$$ExternalSyntheticLambda0.run:78 
02-13 01:20:03.250  1336  8837 I sensors-hal: handle_sns_client_event:49, ambient_light_event: ts=706763350436205, event=0.000000
02-13 01:20:03.252  1513  1513 I SurfaceFlinger: id=22517 Removed Decor container of Task=1216#22517 (210)
02-13 01:20:03.255  2407  7195 V WindowManager: Finish Transition: TransitionRecord{2338929 id=2782 type=CLOSE flags=0x0 c=[
02-13 01:20:03.255  2407  7195 V WindowManager:    ChangeInfo{faa4370 container=ActivityRecord{260441 u0 com.sec.android.app.launcher/.activities.LauncherActivity t660} flags=0x0}
02-13 01:20:03.255  2407  7195 V WindowManager:    ChangeInfo{4ab06e9 container=ActivityRecord{10844686 u0 com.tororide.driver/.MainActivity t1216 f} isExiting} flags=0x0}
02-13 01:20:03.255  2407  7195 V WindowManager:    ChangeInfo{a231f6e container=Display{#0 state=ON size=1200x1920 ROTATION_0} flags=0x0}
02-13 01:20:03.255  2407  7195 V WindowManager:    ChangeInfo{19c160f container=DefaultTaskDisplayArea_d0@161807186 flags=0x0}
02-13 01:20:03.255  2407  7195 V WindowManager:    ChangeInfo{cc8269c container=Task{a332977 #1 type=home} flags=0x30}
02-13 01:20:03.255  2407  7195 V WindowManager:    ChangeInfo{5a428a5 container=Task{c03923c #1216 type=standard I=com.tororide.driver/.MainActivity} flags=0x0}
02-13 01:20:03.255  2407  7195 V WindowManager:    ChangeInfo{fe5c47a container=WallpaperWindowToken{d816be6 showWhenLocked=false}_<system> flags=0x0}
02-13 01:20:03.255  2407  7195 V WindowManager:    ChangeInfo{70e042b container=RemoteWallpaperAnim:1:1@244084148 flags=0x0}
02-13 01:20:03.255  2407  7195 V WindowManager:    ChangeInfo{a7f1088 container=Task{feb0afb #660 type=home I=com.sec.android.app.launcher/.activities.LauncherActivity} flags=0x30}
02-13 01:20:03.255  2407  7195 V WindowManager: ]
02-13 01:20:03.255  2407  7195 V WindowManager: }, caller=com.android.server.wm.WindowOrganizerController.finishTransitionInner:31 com.android.server.wm.WindowOrganizerController.finishAllTransitions:60 android.window.IWindowOrganizerController$Stub.onTransact:283 
02-13 01:20:03.255  2407  2470 V WindowManager: Finish Transition (#2782): created at 02-13 01:20:02.169 collect-started=5.842ms request-sent=7.453ms started=69.804ms ready=69.696ms sent=536.857ms commit=80.664ms finished=1085.523ms
02-13 01:20:03.256  2407  7195 V WindowManager: Setting visibility of Window{3b78ade u0 com.tororide.driver/com.tororide.driver.MainActivity EXITING}: false, caller=com.android.server.wm.WindowContainer.sendAppVisibilityToClients:19 com.android.server.wm.WindowToken.setClientVisible:48 com.android.server.wm.ActivityRecord.commitVisibility:186 com.android.server.wm.TransitionController.finishTransition:846 com.android.server.wm.WindowOrganizerController.finishTransitionInner:31 
02-13 01:20:03.257  2407  7195 E IPCThreadState: Binder transaction failure. id: 388753551, BR_*: 29189, error: -22 (Invalid argument)
02-13 01:20:03.257  2407  7195 W ActivityManager: pid 2407 system sent binder code 7 with flags 1 to frozen apps and got error -32
02-13 01:20:03.257  2407  7195 D ActivityManager: Too many transaction errors, throttling freezer binder callback.
02-13 01:20:03.258  2407  7195 W WindowManager: Exception thrown during dispatchAppVisibility Window{3b78ade u0 com.tororide.driver/com.tororide.driver.MainActivity EXITING}
02-13 01:20:03.258  2407  7195 W WindowManager: android.os.DeadObjectException
02-13 01:20:03.258  2407  7195 W WindowManager: 	at android.os.BinderProxy.transactNative(Native Method)
02-13 01:20:03.258  2407  7195 W WindowManager: 	at android.os.BinderProxy.transact(BinderProxy.java:661)
02-13 01:20:03.258  2407  7195 W WindowManager: 	at android.view.IWindow$Stub$Proxy.dispatchAppVisibility(IWindow.java:659)
02-13 01:20:03.258  2407  7195 W WindowManager: 	at com.android.server.wm.WindowState.sendAppVisibilityToClients(qb/105473714 599fce78b3695db4cc672309f9cd7d5f39a3849fc351a5f322ff67c71f86eb71:63)
02-13 01:20:03.258  2407  7195 W WindowManager: 	at com.android.server.wm.WindowContainer.sendAppVisibilityToClients(qb/105473714 599fce78b3695db4cc672309f9cd7d5f39a3849fc351a5f322ff67c71f86eb71:19)
02-13 01:20:03.258  2407  7195 W WindowManager: 	at com.android.server.wm.WindowToken.setClientVisible(qb/105473714 599fce78b3695db4cc672309f9cd7d5f39a3849fc351a5f322ff67c71f86eb71:48)
02-13 01:20:03.258  2407  7195 W WindowManager: 	at com.android.server.wm.ActivityRecord.commitVisibility(qb/105473714 599fce78b3695db4cc672309f9cd7d5f39a3849fc351a5f322ff67c71f86eb71:186)
02-13 01:20:03.258  2407  7195 W WindowManager: 	at com.android.server.wm.TransitionController.finishTransition(qb/105473714 599fce78b3695db4cc672309f9cd7d5f39a3849fc351a5f322ff67c71f86eb71:846)
02-13 01:20:03.258  2407  7195 W WindowManager: 	at com.android.server.wm.WindowOrganizerController.finishTransitionInner(qb/105473714 599fce78b3695db4cc672309f9cd7d5f39a3849fc351a5f322ff67c71f86eb71:31)
02-13 01:20:03.258  2407  7195 W WindowManager: 	at com.android.server.wm.WindowOrganizerController.finishAllTransitions(qb/105473714 599fce78b3695db4cc672309f9cd7d5f39a3849fc351a5f322ff67c71f86eb71:60)
02-13 01:20:03.258  2407  7195 W WindowManager: 	at android.window.IWindowOrganizerController$Stub.onTransact(IWindowOrganizerController.java:283)
02-13 01:20:03.258  2407  7195 W WindowManager: 	at com.android.server.wm.WindowOrganizerController.onTransact(qb/105473714 599fce78b3695db4cc672309f9cd7d5f39a3849fc351a5f322ff67c71f86eb71:1)
02-13 01:20:03.258  2407  7195 W WindowManager: 	at android.os.Binder.execTransactInternal(Binder.java:1462)
02-13 01:20:03.258  2407  7195 W WindowManager: 	at android.os.Binder.execTransact(Binder.java:1401)
02-13 01:20:03.259  2407  7195 W Process : Unable to open /proc/27610/status
02-13 01:20:03.259  2407  7195 W Process : Unable to open /proc/27610/status
02-13 01:20:03.260  2407  7195 D PersonaActivityHelper: token.toString()  Token{8b49571 ActivityRecord{260441 u0 com.sec.android.app.launcher/.activities.LauncherActivity t660}}
02-13 01:20:03.260  2407  7195 D PersonaActivityHelper: mLastResumedSFActivity getPackageName  com.google.android.permissioncontroller
02-13 01:20:03.260  2407  7195 D PersonaActivityHelper: mLastResumedSFActivity getShortClassName  com.android.permissioncontroller.permission.ui.ManagePermissionsActivity
02-13 01:20:03.262  2407  7195 D PersonaActivityHelper: token.toString()  Token{a7bbbc5 ActivityRecord{10844686 u0 com.tororide.driver/.MainActivity t1216 f} isExiting}}
02-13 01:20:03.262  2407  7195 D PersonaActivityHelper: mLastResumedSFActivity getPackageName  com.google.android.permissioncontroller
02-13 01:20:03.263  2407  7195 D PersonaActivityHelper: mLastResumedSFActivity getShortClassName  com.android.permissioncontroller.permission.ui.ManagePermissionsActivity
02-13 01:20:03.263 23245 23245 I HoneySpace.Launcher: onEnterAnimationComplete
02-13 01:20:03.264  2407  7195 V WindowManager: Remove Window{3b78ade u0 com.tororide.driver/com.tororide.driver.MainActivity EXITING}: mSurfaceControl=Surface(name=com.tororide.driver/com.tororide.driver.MainActivity$_27610)/@0x27214ae mAnimatingExit=true mRemoveOnExit=true mHasSurface=true surfaceShowing=true animating=false app-animation=false callers=com.android.server.wm.WindowToken.removeAllWindowsIfPossible:45 com.android.server.wm.WindowToken.removeIfPossible:16 com.android.server.wm.WindowToken.handleCompleteDeferredRemoval:5 com.android.server.wm.WindowContainer.handleCompleteDeferredRemoval:21 com.android.server.wm.TaskFragment.handleCompleteDeferredRemoval:17 com.android.server.wm.WindowContainer.handleCompleteDeferredRemoval:21 
02-13 01:20:03.265  1513  1513 I SurfaceFlinger: destroyed Decor container of Task=1216#22517 form LifecycleManager
02-13 01:20:03.265  1513  1513 I SurfaceFlinger: [LayerHierarchy{RequestedLayerState{Task=1#53 parentId=10} 2 children}] reparent to LayerHierarchy{RequestedLayerState{DefaultTaskDisplayArea_d0#10 parentId=9} 13 children}
02-13 01:20:03.265  1513  1513 I SurfaceFlinger: [LayerHierarchy{RequestedLayerState{WallpaperWindowToken{d816be6 showWhenLocked=false}#90 parentId=8 z=1} 1 children}] reparent to LayerHierarchy{RequestedLayerState{Leaf:1:1#8 parentId=7} 2 children}
02-13 01:20:03.265  1513  1513 I SurfaceFlinger: [LayerHierarchy{RequestedLayerState{Task=1216#22511 parentId=10 z=10} 1 children}] reparent to LayerHierarchy{RequestedLayerState{DefaultTaskDisplayArea_d0#10 parentId=9} 14 children}
02-13 01:20:03.265  1513  1513 I SurfaceFlinger: [LayerHierarchy{RequestedLayerState{Transition Root: Task=1#22568} 2 children}] reparent to OffscreenRoot
02-13 01:20:03.265  1513  1513 I SurfaceFlinger: [LayerHierarchy{RequestedLayerState{Transition Root: Task=1#22568} 2 children}] RelativeParent to null
02-13 01:20:03.265  1513  1513 I SurfaceFlinger: id=22517 onLayerDestroyed from LayerHierarchyBuilder(RequestedLayerState{Decor container of Task=1216#22517 !handle z=30000})
02-13 01:20:03.268  1451 10291 W qdgralloc: getInterlacedFlag: getMetaData returned 3, defaulting to interlaced_flag = 0
02-13 01:20:03.268  2407  7195 V WindowManager: Remove Window{3b78ade u0 com.tororide.driver/com.tororide.driver.MainActivity EXITING}: mSurfaceControl=Surface(name=com.tororide.driver/com.tororide.driver.MainActivity$_27610)/@0x27214ae mAnimatingExit=true mRemoveOnExit=true mHasSurface=true surfaceShowing=true animating=false app-animation=false callers=com.android.server.wm.WindowToken.removeAllWindowsIfPossible:45 com.android.server.wm.WindowToken.removeIfPossible:16 com.android.server.wm.ActivityRecord.onRemovedFromDisplay:407 com.android.server.wm.ActivityRecord.removeImmediately:46 com.android.server.wm.WindowToken.removeIfPossible:19 com.android.server.wm.WindowToken.handleCompleteDeferredRemoval:5 
02-13 01:20:03.268  1451 10291 W qdgralloc: getInterlacedFlag: getMetaData returned 3, defaulting to interlaced_flag = 0
02-13 01:20:03.268  1513  1513 I Layer   : id=22517 Destroyed Decor container of Task=1216#22517
02-13 01:20:03.269  1513  1513 I SurfaceFlinger: id=22568 Removed Transition Root: Task=1#22568 (209)
02-13 01:20:03.269  2964  2964 D SystemUIService: SYSUI_RAM_OPTIMIZATION onTrimMemory=20
02-13 01:20:03.270  2964  2964 D CentralSurfaces: SYSUI_RAM_OPTIMIZATION onTrimMemory=20
02-13 01:20:03.272  2964  3135 D HWUI    : CacheManager::trimMemory(20)
02-13 01:20:03.273  1513  1798 I SurfaceFlinger: id=22516 Removed e683510 ActivityRecordInputSink com.tororide.driver/.MainActivity#22516 (209)
02-13 01:20:03.274  2407  7195 D RestrictionPolicy: isScreenCaptureEnabled : ret=true userId=0
02-13 01:20:03.274 10162 10269 D PipelineWatcher: onInputBufferReleased: frameIndex not found (76315); ignored
02-13 01:20:03.275 22258 22258 I HBD     : h writeToFile path : /data/user/0/com.samsung.android.honeyboard/files/selected.json 
02-13 01:20:03.275 22258 22258 I HBD     : h writeToFile json : {"version":"4.2","currentLanguageOrder":0,"selected":[{"activeOptionList":["auto_replace","auto_spacing","writing_assistant","prediction"],"bilingualId":-1,"engName":"English","id":65537,"inputType":"qwerty","isUsed":true}]} 
02-13 01:20:03.278 22258 22258 I HBD     : h writeToFile complete 
02-13 01:20:03.280 22258 22258 I HBD     : g isCoverDisplay : false, cached selected json info : SelectedLanguageInfo(languageVersion=4.2, currentLanguageOrder=0, selectedLanguageList=[SelectedLanguage(id=65537, isUsed=true, engName=English, inputType=qwerty, activeOptionList=[auto_replace, auto_spacing, writing_assistant, prediction], bilingualId=-1)]) 
02-13 01:20:03.280 22258 22258 I HBD     : o updateActionOptionFromPreference isCover = false 
02-13 01:20:03.280 22258 22258 I HBD     : o before lang.activeOptionList =  [auto_replace, auto_spacing, writing_assistant, prediction] 
02-13 01:20:03.281 22258 28521 I HBD     : h Write selected lang for DE  
02-13 01:20:03.281  1513  1513 I SurfaceFlinger: destroyed Transition Root: Task=1#22568 form LifecycleManager
02-13 01:20:03.282  1513  1513 I SurfaceFlinger: destroyed Surface(name=Task=1216)/@0x32be7a2_transition-leash#22570 form LifecycleManager
02-13 01:20:03.282  1513  1513 I SurfaceFlinger: destroyed Surface(name=Task=1)/@0xa923b84_transition-leash#22569 form LifecycleManager
02-13 01:20:03.282  1513  1513 I SurfaceFlinger: id=22568 onLayerDestroyed from LayerHierarchyBuilder(RequestedLayerState{Transition Root: Task=1#22568 !handle})
02-13 01:20:03.282  1513  1513 I SurfaceFlinger: id=22570 onLayerDestroyed from LayerHierarchyBuilder(RequestedLayerState{Surface(name=Task=1216)/@0x32be7a2_transition-leash#22570 !handle z=5})
02-13 01:20:03.282  1513  1513 I SurfaceFlinger: id=22569 onLayerDestroyed from LayerHierarchyBuilder(RequestedLayerState{Surface(name=Task=1)/@0xa923b84_transition-leash#22569 !handle z=2})
02-13 01:20:03.282 22258 28521 I HBD     : h writeToFile path : /data/user_de/0/com.samsung.android.honeyboard/files/selected.json 
02-13 01:20:03.283 22258 28521 I HBD     : h writeToFile json : {"version":"4.2","currentLanguageOrder":0,"selected":[{"activeOptionList":["auto_replace","auto_spacing","writing_assistant","prediction"],"bilingualId":-1,"engName":"English","id":65537,"inputType":"qwerty","isUsed":true}]} 
02-13 01:20:03.283  1451 10291 W qdgralloc: getInterlacedFlag: getMetaData returned 3, defaulting to interlaced_flag = 0
02-13 01:20:03.283  1451 10291 W qdgralloc: getInterlacedFlag: getMetaData returned 3, defaulting to interlaced_flag = 0
02-13 01:20:03.285  1513  1513 I Layer   : id=22568 Destroyed Transition Root: Task=1#22568
02-13 01:20:03.285  1513  1513 I Layer   : id=22570 Destroyed Surface(name=Task=1216)/@0x32be7a2_transition-leash#22570
02-13 01:20:03.285  1513  1513 I Layer   : id=22569 Destroyed Surface(name=Task=1)/@0xa923b84_transition-leash#22569
02-13 01:20:03.287 22258 22258 I HBD     : o after lang.activeOptionList = [auto_replace, auto_spacing, writing_assistant, prediction] 
02-13 01:20:03.288 22258 28521 I HBD     : h writeToFile complete 
02-13 01:20:03.289  1323  3855 I vendor.qti.bluetooth@1.0-ibs_handler: ProcessIbsCmd: Received IBS_WAKE_IND: 0xFD
02-13 01:20:03.289  1323  3855 D vendor.qti.bluetooth@1.0-ibs_handler: SerialClockVote: vote for UART CLK ON
02-13 01:20:03.289 22258 22258 I HBD     : h writeToFile path : /data/user/0/com.samsung.android.honeyboard/files/selected.json 
02-13 01:20:03.289 22258 22258 I HBD     : h writeToFile json : {"version":"4.2","currentLanguageOrder":0,"selected":[{"activeOptionList":["auto_replace","auto_spacing","writing_assistant","prediction"],"bilingualId":-1,"engName":"English","id":65537,"inputType":"qwerty","isUsed":true}]} 
02-13 01:20:03.289  1323  3855 D vendor.qti.bluetooth@1.0-wake_lock: Acquire wakelock is acquired 
02-13 01:20:03.289  1323  3855 I vendor.qti.bluetooth@1.0-ibs_handler: ProcessIbsCmd: Writing IBS_WAKE_ACK
02-13 01:20:03.292  2407  7195 D ChangeTransitionController: onTransitionFinished: TransitionRecord{2338929 id=2782 type=CLOSE flags=0x0 c=[
02-13 01:20:03.292  2407  7195 D ChangeTransitionController:    ChangeInfo{faa4370 container=ActivityRecord{260441 u0 com.sec.android.app.launcher/.activities.LauncherActivity t660} flags=0x0}
02-13 01:20:03.292  2407  7195 D ChangeTransitionController:    ChangeInfo{4ab06e9 container=ActivityRecord{10844686 u0 com.tororide.driver/.MainActivity t-1 f}} flags=0x0}
02-13 01:20:03.292  2407  7195 D ChangeTransitionController:    ChangeInfo{a231f6e container=Display{#0 state=ON size=1200x1920 ROTATION_0} flags=0x0}
02-13 01:20:03.292  2407  7195 D ChangeTransitionController:    ChangeInfo{19c160f container=DefaultTaskDisplayArea_d0@161807186 flags=0x0}
02-13 01:20:03.292  2407  7195 D ChangeTransitionController:    ChangeInfo{cc8269c container=Task{a332977 #1 type=home} flags=0x30}
02-13 01:20:03.292  2407  7195 D ChangeTransitionController:    ChangeInfo{5a428a5 container=Task{c03923c #1216 type=standard I=com.tororide.driver/.MainActivity} flags=0x0}
02-13 01:20:03.292  2407  7195 D ChangeTransitionController:    ChangeInfo{fe5c47a container=WallpaperWindowToken{d816be6 showWhenLocked=false}_<system> flags=0x0}
02-13 01:20:03.292  2407  7195 D ChangeTransitionController:    ChangeInfo{70e042b container=RemoteWallpaperAnim:1:1@244084148 flags=0x0}
02-13 01:20:03.292  2407  7195 D ChangeTransitionController:    ChangeInfo{a7f1088 container=Task{feb0afb #660 type=home I=com.sec.android.app.launcher/.activities.LauncherActivity} flags=0x30}
02-13 01:20:03.292  2407  7195 D ChangeTransitionController: ]
02-13 01:20:03.292  2407  7195 D ChangeTransitionController: }
02-13 01:20:03.292 22258 22258 I HBD     : h writeToFile complete 
02-13 01:20:03.292 22258 22258 I HBD     : m normal : updateLanguage : English 
02-13 01:20:03.293 10162 10269 D PipelineWatcher: onInputBufferReleased: frameIndex not found (76316); ignored
02-13 01:20:03.293 22258 28522 I HBD     : h Write selected lang for DE  
02-13 01:20:03.293 22258 28522 I HBD     : h writeToFile path : /data/user_de/0/com.samsung.android.honeyboard/files/selected.json 
02-13 01:20:03.293 22258 22258 I HBD     : g isCoverDisplay : false, cached selected json info : SelectedLanguageInfo(languageVersion=4.2, currentLanguageOrder=0, selectedLanguageList=[SelectedLanguage(id=65537, isUsed=true, engName=English, inputType=qwerty, activeOptionList=[auto_replace, auto_spacing, writing_assistant, prediction], bilingualId=-1)]) 
02-13 01:20:03.293 22258 28522 I HBD     : h writeToFile json : {"version":"4.2","currentLanguageOrder":0,"selected":[{"activeOptionList":["auto_replace","auto_spacing","writing_assistant","prediction"],"bilingualId":-1,"engName":"English","id":65537,"inputType":"qwerty","isUsed":true}]} 
02-13 01:20:03.295  2964  3030 V WindowManagerShell: Track 0 became idle
02-13 01:20:03.295  2964  3030 V WindowManagerShell: All active transition animations finished
02-13 01:20:03.295 22258 22258 I HBD     : g isCoverDisplay : false, cached selected json info : SelectedLanguageInfo(languageVersion=4.2, currentLanguageOrder=0, selectedLanguageList=[SelectedLanguage(id=65537, isUsed=true, engName=English, inputType=qwerty, activeOptionList=[auto_replace, auto_spacing, writing_assistant, prediction], bilingualId=-1)]) 
02-13 01:20:03.295 22258 22258 I HBD     : o updateActionOptionFromPreference isCover = false 
02-13 01:20:03.295 22258 22258 I HBD     : o before lang.activeOptionList =  [auto_replace, auto_spacing, writing_assistant, prediction] 
02-13 01:20:03.296 22258 22258 I HBD     : o after lang.activeOptionList = [auto_replace, auto_spacing, writing_assistant, prediction] 
02-13 01:20:03.297 22258 22258 I HBD     : h writeToFile path : /data/user/0/com.samsung.android.honeyboard/files/selected.json 
02-13 01:20:03.297 22258 22258 I HBD     : h writeToFile json : {"version":"4.2","currentLanguageOrder":0,"selected":[{"activeOptionList":["auto_replace","auto_spacing","writing_assistant","prediction"],"bilingualId":-1,"engName":"English","id":65537,"inputType":"qwerty","isUsed":true}]} 
02-13 01:20:03.298 22258 22258 I HBD     : h writeToFile complete 
02-13 01:20:03.298  1513  1513 I SurfaceFlinger: [Task=1216#22573] attach to parent Root
02-13 01:20:03.298 22258 28522 I HBD     : h writeToFile complete 
02-13 01:20:03.299  1451 10291 W qdgralloc: getInterlacedFlag: getMetaData returned 3, defaulting to interlaced_flag = 0
02-13 01:20:03.300  1451 10291 W qdgralloc: getInterlacedFlag: getMetaData returned 3, defaulting to interlaced_flag = 0
02-13 01:20:03.303 22258 22258 I HBD     : m normal : updateLanguage : English 
02-13 01:20:03.304 22258 28523 I HBD     : h Write selected lang for DE  
02-13 01:20:03.304 22258 28523 I HBD     : h writeToFile path : /data/user_de/0/com.samsung.android.honeyboard/files/selected.json 
02-13 01:20:03.305 22258 28523 I HBD     : h writeToFile json : {"version":"4.2","currentLanguageOrder":0,"selected":[{"activeOptionList":["auto_replace","auto_spacing","writing_assistant","prediction"],"bilingualId":-1,"engName":"English","id":65537,"inputType":"qwerty","isUsed":true}]} 
02-13 01:20:03.305 22258 22258 I HBD     : g isCoverDisplay : false, cached selected json info : SelectedLanguageInfo(languageVersion=4.2, currentLanguageOrder=0, selectedLanguageList=[SelectedLanguage(id=65537, isUsed=true, engName=English, inputType=qwerty, activeOptionList=[auto_replace, auto_spacing, writing_assistant, prediction], bilingualId=-1)]) 
02-13 01:20:03.306 23245 23245 I HoneySpace.TaskStackChangeRepositoryImpl: onTaskRemoved : 1216
02-13 01:20:03.306  2964  3030 V ShellDesktopMode: Task Vanished: #1216 closed=true
02-13 01:20:03.306 22258 22258 I HBD     : g isCoverDisplay : false, cached selected json info : SelectedLanguageInfo(languageVersion=4.2, currentLanguageOrder=0, selectedLanguageList=[SelectedLanguage(id=65537, isUsed=true, engName=English, inputType=qwerty, activeOptionList=[auto_replace, auto_spacing, writing_assistant, prediction], bilingualId=-1)]) 
02-13 01:20:03.306 22258 22258 I HBD     : g updateSelectedLanguageCache is succeeded. English 
02-13 01:20:03.308 22258 22258 I HBD     : h writeToFile path : /data/user/0/com.samsung.android.honeyboard/files/selected.json 
02-13 01:20:03.308 22258 22258 I HBD     : h writeToFile json : {"version":"4.2","currentLanguageOrder":0,"selected":[{"activeOptionList":["auto_replace","auto_spacing","writing_assistant","prediction"],"bilingualId":-1,"engName":"English","id":65537,"inputType":"qwerty","isUsed":true}]} 
02-13 01:20:03.308 23245 23245 I HoneySpace.TaskStackChangeRepositoryImpl: onTaskRemoved : 1216
02-13 01:20:03.308 23245 23449 I HoneySpace.TopTaskSource: onTaskRemoved: 1216
02-13 01:20:03.310 22258 22258 I HBD     : h writeToFile complete 
02-13 01:20:03.311 22258 28524 I HBD     : h Write selected lang for DE  
02-13 01:20:03.311 22258 28524 I HBD     : h writeToFile path : /data/user_de/0/com.samsung.android.honeyboard/files/selected.json 
02-13 01:20:03.311 23245 23245 I HoneySpace.TaskListViewModel[8921373]: taskRemoveId, 1216
02-13 01:20:03.312 22258 28524 I HBD     : h writeToFile json : {"version":"4.2","currentLanguageOrder":0,"selected":[{"activeOptionList":["auto_replace","auto_spacing","writing_assistant","prediction"],"bilingualId":-1,"engName":"English","id":65537,"inputType":"qwerty","isUsed":true}]} 
02-13 01:20:03.315 23245 23245 W HoneySpace.TaskListViewModel[8921373]: task is already removed: 1216
02-13 01:20:03.315 22258 22258 I HBD     : g isCoverDisplay : false, cached selected json info : SelectedLanguageInfo(languageVersion=4.2, currentLanguageOrder=0, selectedLanguageList=[SelectedLanguage(id=65537, isUsed=true, engName=English, inputType=qwerty, activeOptionList=[auto_replace, auto_spacing, writing_assistant, prediction], bilingualId=-1)]) 
02-13 01:20:03.315 22258 22258 I HBD     : g updateSelectedLanguageCache is succeeded. English 
02-13 01:20:03.315 22258 22258 I HBD     : h writeToFile path : /data/user/0/com.samsung.android.honeyboard/files/selected.json 
02-13 01:20:03.316 22258 22258 I HBD     : h writeToFile json : {"version":"4.2","currentLanguageOrder":0,"selected":[{"activeOptionList":["auto_replace","auto_spacing","writing_assistant","prediction"],"bilingualId":-1,"engName":"English","id":65537,"inputType":"qwerty","isUsed":true}]} 
02-13 01:20:03.316  1513  1513 E SurfaceFlinger: Out of order buffers detected for RequestedLayerState{View root of ReusableWindowDecorViewHost#0#63 parentId=62} producedId=1501 frameNumber=635 -> producedId=1501 frameNumber=88
02-13 01:20:03.316 23245 23245 I HoneySpace.TaskListViewModel[8921373]: taskRemoveId, 1216
02-13 01:20:03.316  1513  1513 I SurfaceFlinger: [LayerHierarchy{RequestedLayerState{RemoteWallpaperAnim:1:1#7 parentId=4 z=1} 1 children}] reparent to LayerHierarchy{RequestedLayerState{OneHanded:0:14#4 parentId=3} 4 children}
02-13 01:20:03.316 23245 23245 W HoneySpace.TaskListViewModel[8921373]: task is already removed: 1216
02-13 01:20:03.316  1513  1513 I SurfaceFlinger: [LayerHierarchy{RequestedLayerState{com.tororide.driver/com.tororide.driver.MainActivity$_27610#22560} no children}] reparent to OffscreenRoot
02-13 01:20:03.316  1513  1513 I SurfaceFlinger: [LayerHierarchy{RequestedLayerState{com.tororide.driver/com.tororide.driver.MainActivity$_27610#22560} no children}] RelativeParent to null
02-13 01:20:03.316  1513  1513 I SurfaceFlinger: [LayerHierarchy{RequestedLayerState{Surface(name=RemoteWallpaperAnim:1:1)/@0xbee441e - animation-leash of remote_wallpaper#22571} no children}] reparent to OffscreenRoot
02-13 01:20:03.316  1513  1513 I SurfaceFlinger: [LayerHierarchy{RequestedLayerState{Surface(name=RemoteWallpaperAnim:1:1)/@0xbee441e - animation-leash of remote_wallpaper#22571} no children}] RelativeParent to null
02-13 01:20:03.316  1513  1513 I SurfaceFlinger: [LayerHierarchy{RequestedLayerState{3b78ade com.tororide.driver/com.tororide.driver.MainActivity#22559} no children}] reparent to OffscreenRoot
02-13 01:20:03.316  1513  1513 I SurfaceFlinger: [LayerHierarchy{RequestedLayerState{3b78ade com.tororide.driver/com.tororide.driver.MainActivity#22559} no children}] RelativeParent to null
02-13 01:20:03.316  1513  1513 I SurfaceFlinger: [LayerHierarchy{RequestedLayerState{Task=1216#22511 z=10} 1 children}] reparent to OffscreenRoot
02-13 01:20:03.316  1513  1513 I SurfaceFlinger: [LayerHierarchy{RequestedLayerState{Task=1216#22511 z=10} 1 children}] RelativeParent to null
02-13 01:20:03.316  1513  1513 I SurfaceFlinger: [LayerHierarchy{RequestedLayerState{ActivityRecord{10844686 u0 com.tororide.driver/.MainActivity t1216}#22512} 1 children}] reparent to OffscreenRoot
02-13 01:20:03.316  1513  1513 I SurfaceFlinger: [LayerHierarchy{RequestedLayerState{ActivityRecord{10844686 u0 com.tororide.driver/.MainActivity t1216}#22512} 1 children}] RelativeParent to null
02-13 01:20:03.316  1513  1513 I SurfaceFlinger: [LayerHierarchy{RequestedLayerState{Task=1216#22573 z=10} no children}] reparent to OffscreenRoot
02-13 01:20:03.316  1513  1513 I SurfaceFlinger: [LayerHierarchy{RequestedLayerState{Task=1216#22573 z=10} no children}] RelativeParent to null
02-13 01:20:03.318 22258 22258 I HBD     : h writeToFile complete 
02-13 01:20:03.319  1451 10291 W qdgralloc: getInterlacedFlag: getMetaData returned 3, defaulting to interlaced_flag = 0
02-13 01:20:03.319 22258 22258 I HBD     : a [UpdatePolicy] [post] a: 31 cl: 65537 kit: [0/0] vt: 0 ir: 1 
02-13 01:20:03.319  1451 10291 W qdgralloc: getInterlacedFlag: getMetaData returned 3, defaulting to interlaced_flag = 0
02-13 01:20:03.320  1513  1513 I SurfaceFlinger: id=22573 Removed Task=1216#22573 (207)
02-13 01:20:03.320  1513  1513 I SurfaceFlinger: id=22559 Removed 3b78ade com.tororide.driver/com.tororide.driver.MainActivity#22559 (207)
02-13 01:20:03.320  1513  1513 I SurfaceFlinger: id=22560 Removed com.tororide.driver/com.tororide.driver.MainActivity$_27610#22560 (207)
02-13 01:20:03.320  1513  1513 I SurfaceFlinger: id=22571 Removed Surface(name=RemoteWallpaperAnim:1:1)/@0xbee441e - animation-leash of remote_wallpaper#22571 (207)
02-13 01:20:03.321 23245 25521 I HoneySpace.RecentTasks: onRunningTaskVanished
02-13 01:20:03.321 22258 28525 I HBD     : h Write selected lang for DE  
02-13 01:20:03.321 22258 28525 I HBD     : h writeToFile path : /data/user_de/0/com.samsung.android.honeyboard/files/selected.json 
02-13 01:20:03.322 23245 23449 I HoneySpace.TopTaskSource: onTaskRemoved: 1216
02-13 01:20:03.322 23245 24733 I HoneySpace.RecentTasks: onRecentTasksChanged l:88007922
02-13 01:20:03.323  2407  3082 D KNOX_MDM_SettingsProvider: isChangeAllowed() : name = enabled_input_methods
02-13 01:20:03.323  2407  3082 D KNOX_MDM_SettingsProvider: edmUri: content://com.sec.knox.provider/RestrictionPolicy3
02-13 01:20:03.323  2407  3082 D KNOX_MDM_SettingsProvider: projectionArgs: isSettingsChangesAllowed
02-13 01:20:03.323  2407  3082 D KNOX_MDM_SettingsProvider: selectionArgs: false
02-13 01:20:03.323  2407  3082 D KNOX_MDM_SettingsProvider: selectionArgs: 10165
02-13 01:20:03.323  2407  3082 D SecContentProvider: query(), uri = 17 selection = isSettingsChangesAllowed
02-13 01:20:03.324 22258 28525 I HBD     : h writeToFile json : {"version":"4.2","currentLanguageOrder":0,"selected":[{"activeOptionList":["auto_replace","auto_spacing","writing_assistant","prediction"],"bilingualId":-1,"engName":"English","id":65537,"inputType":"qwerty","isUsed":true}]} 
02-13 01:20:03.324  2407  3082 D SecContentProvider: called from android.uid.honeyboard:10165
02-13 01:20:03.324  2407  7195 D KNOX_MDM_SettingsProvider: isChangeAllowed() : name = enabled_input_methods
02-13 01:20:03.324  2407  7195 D KNOX_MDM_SettingsProvider: edmUri: content://com.sec.knox.provider/RestrictionPolicy3
02-13 01:20:03.324  2407  7195 D KNOX_MDM_SettingsProvider: projectionArgs: isSettingsChangesAllowed
02-13 01:20:03.324  2407  3082 D RestrictionPolicy: isSettingsChangesAllowedAsUser, userId 0 : true
02-13 01:20:03.324  2407  7195 D KNOX_MDM_SettingsProvider: selectionArgs: false
02-13 01:20:03.324  2407  7195 D KNOX_MDM_SettingsProvider: selectionArgs: 10165
02-13 01:20:03.324  2407  3082 D KNOX_MDM_SettingsProvider: ret = 1
02-13 01:20:03.324  2407  7195 D SecContentProvider: query(), uri = 17 selection = isSettingsChangesAllowed
02-13 01:20:03.325  2407  7195 D SecContentProvider: called from android.uid.honeyboard:10165
02-13 01:20:03.325  2407  7195 D RestrictionPolicy: isSettingsChangesAllowedAsUser, userId 0 : true
02-13 01:20:03.325  2407  7195 D KNOX_MDM_SettingsProvider: ret = 1
02-13 01:20:03.325 22258 28523 I HBD     : h writeToFile complete 
02-13 01:20:03.328 10162 10269 D PipelineWatcher: onInputBufferReleased: frameIndex not found (76318); ignored
02-13 01:20:03.331  2407  3082 D KNOX_MDM_SettingsProvider: isChangeAllowed() : name = default_input_method
02-13 01:20:03.331  2407  3082 D KNOX_MDM_SettingsProvider: edmUri: content://com.sec.knox.provider/RestrictionPolicy3
02-13 01:20:03.331  2407  3082 D KNOX_MDM_SettingsProvider: projectionArgs: isSettingsChangesAllowed
02-13 01:20:03.331  2407  3082 D KNOX_MDM_SettingsProvider: selectionArgs: false
02-13 01:20:03.331  2407  3082 D KNOX_MDM_SettingsProvider: selectionArgs: 10165
02-13 01:20:03.331  2407  3082 D SecContentProvider: query(), uri = 17 selection = isSettingsChangesAllowed
02-13 01:20:03.331  2407  3082 D SecContentProvider: called from android.uid.honeyboard:10165
02-13 01:20:03.331  2407  3082 D RestrictionPolicy: isSettingsChangesAllowedAsUser, userId 0 : true
02-13 01:20:03.332  2407  3082 D KNOX_MDM_SettingsProvider: ret = 1
02-13 01:20:03.333  1513  1513 I SurfaceFlinger: destroyed com.tororide.driver/com.tororide.driver.MainActivity$_27610#22560 form LifecycleManager
02-13 01:20:03.333  1513  1513 I SurfaceFlinger: destroyed Task=1216#22573 form LifecycleManager
02-13 01:20:03.333  1513  1513 I SurfaceFlinger: destroyed Surface(name=RemoteWallpaperAnim:1:1)/@0xbee441e - animation-leash of remote_wallpaper#22571 form LifecycleManager
02-13 01:20:03.333  1513  1513 I SurfaceFlinger: destroyed 3b78ade com.tororide.driver/com.tororide.driver.MainActivity#22559 form LifecycleManager
02-13 01:20:03.333  1513  1513 I SurfaceFlinger: id=22560 onLayerDestroyed from LayerHierarchyBuilder(RequestedLayerState{com.tororide.driver/com.tororide.driver.MainActivity$_27610#22560 !handle})
02-13 01:20:03.333  1513  1513 I SurfaceFlinger: id=22573 onLayerDestroyed from LayerHierarchyBuilder(RequestedLayerState{Task=1216#22573 !handle z=10})
02-13 01:20:03.333  1513  1513 I SurfaceFlinger: id=22571 onLayerDestroyed from LayerHierarchyBuilder(RequestedLayerState{Surface(name=RemoteWallpaperAnim:1:1)/@0xbee441e - animation-leash of remote_wallpaper#22571 !handle})
02-13 01:20:03.333  1513  1513 I SurfaceFlinger: id=22559 onLayerDestroyed from LayerHierarchyBuilder(RequestedLayerState{3b78ade com.tororide.driver/com.tororide.driver.MainActivity#22559 !handle})
02-13 01:20:03.334  2407  2429 I system_server: Background young concurrent mark compact GC freed 20MB AllocSpace bytes, 161(3220KB) LOS objects, 16% free, 109MB/130MB, paused 100.630ms,19.770ms total 828.457ms
02-13 01:20:03.334  1451 10291 W qdgralloc: getInterlacedFlag: getMetaData returned 3, defaulting to interlaced_flag = 0
02-13 01:20:03.335  1451 10291 W qdgralloc: getInterlacedFlag: getMetaData returned 3, defaulting to interlaced_flag = 0
02-13 01:20:03.337  1513  1513 E BpTransactionCompletedListener: Failed to transact (-32)
02-13 01:20:03.337  1513  1513 I Layer   : id=22560 Destroyed com.tororide.driver/com.tororide.driver.MainActivity$_27610#22560
02-13 01:20:03.338  1513  1513 I Layer   : id=22573 Destroyed Task=1216#22573
02-13 01:20:03.338  1513  1513 I Layer   : id=22571 Destroyed Surface(name=RemoteWallpaperAnim:1:1)/@0xbee441e - animation-leash of remote_wallpaper#22571
02-13 01:20:03.338  1513  1513 I Layer   : id=22559 Destroyed 3b78ade com.tororide.driver/com.tororide.driver.MainActivity#22559
02-13 01:20:03.339  2407  7195 D KNOX_MDM_SettingsProvider: isChangeAllowed() : name = default_input_method
02-13 01:20:03.339  2407  7195 D KNOX_MDM_SettingsProvider: edmUri: content://com.sec.knox.provider/RestrictionPolicy3
02-13 01:20:03.339  2407  7195 D KNOX_MDM_SettingsProvider: projectionArgs: isSettingsChangesAllowed
02-13 01:20:03.339  2407  7195 D KNOX_MDM_SettingsProvider: selectionArgs: false
02-13 01:20:03.339  2407  7195 D KNOX_MDM_SettingsProvider: selectionArgs: 10165
02-13 01:20:03.339  2407  7195 D SecContentProvider: query(), uri = 17 selection = isSettingsChangesAllowed
02-13 01:20:03.339  2407  7195 D SecContentProvider: called from android.uid.honeyboard:10165
02-13 01:20:03.339  2407  7195 D RestrictionPolicy: isSettingsChangesAllowedAsUser, userId 0 : true
02-13 01:20:03.339  2407  7195 D KNOX_MDM_SettingsProvider: ret = 1
02-13 01:20:03.340 22258 22583 I HBD     : p updated Sub Types. English 
02-13 01:20:03.341 22258 18225 I HBD     : p updated Sub Types. English 
02-13 01:20:03.342 23245 26694 I HoneySpace.HistoryViewModel@57639613@HomeOnly: loadItemJob canceled
02-13 01:20:03.343 23245 26694 I HoneySpace.HistoryViewModel@57639613@HomeOnly: loadItems(HOTSEATBAR) called - delay=200, reason=Update
02-13 01:20:03.345 13139 27339 I dyyr    : (REDACTED) appOpsListener %s %s
02-13 01:20:03.345 23245 23245 I HoneySpace.HistoryTaskView@203412075@HomeOnly: loading ? true
02-13 01:20:03.347 10162 10269 D PipelineWatcher: onInputBufferReleased: frameIndex not found (76319); ignored
02-13 01:20:03.349 22258 28525 I HBD     : h writeToFile complete 
02-13 01:20:03.350 22258 28526 I HBD     : a InputMethodSubtype is set as local:en_US 
02-13 01:20:03.350  1336  8837 I sensors-hal: handle_sns_client_event:49, ambient_light_event: ts=706763450452716, event=0.000000
02-13 01:20:03.350 22258 28524 E AtomicFile: Failed to rename /data/user_de/0/com.samsung.android.honeyboard/files/selected.json.new to /data/user_de/0/com.samsung.android.honeyboard/files/selected.json
02-13 01:20:03.350 22258 28524 I HBD     : h writeToFile complete 
02-13 01:20:03.351  3350  3876 I ScanController: onScanResult to scannerId: 6- eventType=0x1b, addressType=1, address=XX:XX:XX:XX:70:85, primaryPhy=1, secondaryPhy=0, advertisingSid=0xff, txPower=127, rssi=-78, periodicAdvInt=0x0
02-13 01:20:03.352 22258 22258 I HBD     : HoneyBoardService [PF_OP][onStartInput]  200 ms 
02-13 01:20:03.353 22258 22258 I InputMethodService: scheduleImeSurfaceRemoval: removeImeSurface is posted.
02-13 01:20:03.355  1451 10291 W qdgralloc: getInterlacedFlag: getMetaData returned 3, defaulting to interlaced_flag = 0
02-13 01:20:03.356  1451 10291 W qdgralloc: getInterlacedFlag: getMetaData returned 3, defaulting to interlaced_flag = 0
02-13 01:20:03.362  2407  2407 I InputMethodManagerService: subtype state: oldSubtype = android.view.inputmethod.InputMethodSubtype@10001 newSubtype = android.view.inputmethod.InputMethodSubtype@10001 force = false, intent received : false
02-13 01:20:03.363 10162 10269 D PipelineWatcher: onInputBufferReleased: frameIndex not found (76320); ignored
02-13 01:20:03.364 22258 28527 I HBD     : a InputMethodSubtype is set as local:en_US 
02-13 01:20:03.365 13139 27339 I dyyr    : (REDACTED) Ignoring irrelevant audio permission changes for package %s
02-13 01:20:03.365  2407  2407 I InputMethodManagerService: subtype state: oldSubtype = android.view.inputmethod.InputMethodSubtype@10001 newSubtype = android.view.inputmethod.InputMethodSubtype@10001 force = false, intent received : false
02-13 01:20:03.380 10162 10269 D PipelineWatcher: onInputBufferReleased: frameIndex not found (76321); ignored
02-13 01:20:03.381  1323  3855 I vendor.qti.bluetooth@1.0-ibs_handler: ProcessIbsCmd: Received IBS_SLEEP_IND: 0xFE
02-13 01:20:03.381  1323  3855 D vendor.qti.bluetooth@1.0-ibs_handler: SerialClockVote: vote for UART CLK OFF
02-13 01:20:03.406  1323  3855 I vendor.qti.bluetooth@1.0-ibs_handler: ProcessIbsCmd: Received IBS_WAKE_IND: 0xFD
02-13 01:20:03.406  1323  3855 D vendor.qti.bluetooth@1.0-ibs_handler: SerialClockVote: vote for UART CLK ON
02-13 01:20:03.406  1323  3855 I vendor.qti.bluetooth@1.0-ibs_handler: ProcessIbsCmd: Writing IBS_WAKE_ACK
02-13 01:20:03.450  1336  8837 I sensors-hal: handle_sns_client_event:49, ambient_light_event: ts=706763550439226, event=0.000000
02-13 01:20:03.453 22258 18225 I HBD     : j [SKE_SPECIFIC] specific model[com.sec.android.app.launcher] loaded, 85512396 ns
02-13 01:20:03.455  1451 10291 W qdgralloc: getInterlacedFlag: getMetaData returned 3, defaulting to interlaced_flag = 0
02-13 01:20:03.455  1451 10291 W qdgralloc: getInterlacedFlag: getMetaData returned 3, defaulting to interlaced_flag = 0
02-13 01:20:03.473  1323  3855 I vendor.qti.bluetooth@1.0-ibs_handler: ProcessIbsCmd: Received IBS_SLEEP_IND: 0xFE
02-13 01:20:03.473  1323  3855 D vendor.qti.bluetooth@1.0-ibs_handler: SerialClockVote: vote for UART CLK OFF
02-13 01:20:03.483 10162 10269 D PipelineWatcher: onInputBufferReleased: frameIndex not found (76322); ignored
02-13 01:20:03.528 28496 28496 I ecmq    : SslGuard completed installation.
02-13 01:20:03.532 28496 28536 D nativeloader: Load /data/app/~~rRd9PQ-54TZJKoknIQ1SWQ==/com.google.android.googlequicksearchbox-g8RsyDWni9nLK5v_KaXBuA==/base.apk!/lib/arm64-v8a/libnative_crash_handler_jni.so using class loader ns clns-10 (caller=/data/app/~~rRd9PQ-54TZJKoknIQ1SWQ==/com.google.android.googlequicksearchbox-g8RsyDWni9nLK5v_KaXBuA==/base.apk!classes2.dex): ok
02-13 01:20:03.546  2407  2811 D BackgroundInstallControlService: Package event received: 0
02-13 01:20:03.546 23245 26694 I HoneySpace.HistoryRepositoryImpl84851220@HomeOnly: loadHistoryItems() displayId:0, deskId:-1, rawTasks:3
02-13 01:20:03.547 23245 26694 I HoneySpace.GroupTask: userId:0, isDeviceLocked:false
02-13 01:20:03.550  1336  8837 I sensors-hal: handle_sns_client_event:49, ambient_light_event: ts=706763650455736, event=0.000000
