02-13 01:19:10.988 19766  7734 E AuthPII : 	at aeao.i(:com.google.android.gms@260235035@26.02.35 (260400-862924022):8)
02-13 01:19:10.988 19766  7734 E AuthPII : 	at aeao.f(:com.google.android.gms@260235035@26.02.35 (260400-862924022):21)
02-13 01:19:10.988 19766  7734 E AuthPII : 	at aepp.d(:com.google.android.gms@260235035@26.02.35 (260400-862924022):51)
02-13 01:19:10.988 19766  7734 E AuthPII : 	at bclz.b(:com.google.android.gms@260235035@26.02.35 (260400-862924022):72)
02-13 01:19:10.988 19766  7734 E AuthPII : 	at com.google.android.gms.clearcut.uploader.QosUploaderChimeraService.g(:com.google.android.gms@260235035@26.02.35 (260400-862924022):1563)
02-13 01:19:10.988 19766  7734 E AuthPII : 	at com.google.android.gms.clearcut.uploader.QosUploaderChimeraService.a(:com.google.android.gms@260235035@26.02.35 (260400-862924022):42)
02-13 01:19:10.988 19766  7734 E AuthPII : 	at crxa.call(:com.google.android.gms@260235035@26.02.35 (260400-862924022):30)
02-13 01:19:10.988 19766  7734 E AuthPII : 	at java.util.concurrent.FutureTask.run(FutureTask.java:317)
02-13 01:19:10.988 19766  7734 E AuthPII : 	at beqw.c(:com.google.android.gms@260235035@26.02.35 (260400-862924022):50)
02-13 01:19:10.988 19766  7734 E AuthPII : 	at beqw.run(:com.google.android.gms@260235035@26.02.35 (260400-862924022):73)
02-13 01:19:10.988 19766  7734 E AuthPII : 	at java.util.concurrent.ThreadPoolExecutor.runWorker(ThreadPoolExecutor.java:1156)
02-13 01:19:10.988 19766  7734 E AuthPII : 	at java.util.concurrent.ThreadPoolExecutor$Worker.run(ThreadPoolExecutor.java:651)
02-13 01:19:10.988 19766  7734 E AuthPII : 	at bewn.run(:com.google.android.gms@260235035@26.02.35 (260400-862924022):8)
02-13 01:19:10.988 19766  7734 E AuthPII : 	at java.lang.Thread.run(Thread.java:1119)
02-13 01:19:10.990 19766  7734 W Auth    : [AccountStateDownloader] Unable to look up account state from server: couldn't fetch accessToken [CONTEXT service_id=343 ]
02-13 01:19:10.990 19766  7734 W Auth    : [GaiaIdSync] Empty email or accountId. [CONTEXT service_id=153 ]
02-13 01:19:11.000 19766 28300 E AuthPII : [RequestTokenManager] getToken() -> BAD_AUTHENTICATION. App: com.google.android.gms, Service: oauth2:https://www.googleapis.com/auth/cclog
02-13 01:19:11.000 19766 28300 E AuthPII : bdkm: Long live credential not available.
02-13 01:19:11.000 19766 28300 E AuthPII : 	at aexp.a(:com.google.android.gms@260235035@26.02.35 (260400-862924022):1351)
02-13 01:19:11.000 19766 28300 E AuthPII : 	at aexw.b(:com.google.android.gms@260235035@26.02.35 (260400-862924022):26)
02-13 01:19:11.000 19766 28300 E AuthPII : 	at aexu.a(:com.google.android.gms@260235035@26.02.35 (260400-862924022):744)
02-13 01:19:11.000 19766 28300 E AuthPII : 	at aext.b(:com.google.android.gms@260235035@26.02.35 (260400-862924022):142)
02-13 01:19:11.000 19766 28300 E AuthPII : 	at aemk.a(:com.google.android.gms@260235035@26.02.35 (260400-862924022):328)
02-13 01:19:11.000 19766 28300 E AuthPII : 	at aehq.f(:com.google.android.gms@260235035@26.02.35 (260400-862924022):24)
02-13 01:19:11.000 19766 28300 E AuthPII : 	at cqhc.fB(:com.google.android.gms@260235035@26.02.35 (260400-862924022):1)
02-13 01:19:11.000 19766 28300 E AuthPII : 	at cqhg.run(:com.google.android.gms@260235035@26.02.35 (260400-862924022):118)
02-13 01:19:11.000 19766 28300 E AuthPII : 	at gnkz.run(:com.google.android.gms@260235035@26.02.35 (260400-862924022):19)
02-13 01:19:11.000 19766 28300 E AuthPII : 	at beqw.c(:com.google.android.gms@260235035@26.02.35 (260400-862924022):50)
02-13 01:19:11.000 19766 28300 E AuthPII : 	at beqw.run(:com.google.android.gms@260235035@26.02.35 (260400-862924022):73)
02-13 01:19:11.000 19766 28300 E AuthPII : 	at java.util.concurrent.ThreadPoolExecutor.runWorker(ThreadPoolExecutor.java:1156)
02-13 01:19:11.000 19766 28300 E AuthPII : 	at java.util.concurrent.ThreadPoolExecutor$Worker.run(ThreadPoolExecutor.java:651)
02-13 01:19:11.000 19766 28300 E AuthPII : 	at bewn.run(:com.google.android.gms@260235035@26.02.35 (260400-862924022):8)
02-13 01:19:11.000 19766 28300 E AuthPII : 	at java.lang.Thread.run(Thread.java:1119)
02-13 01:19:11.001 19766 28300 E AuthPII : Message is Long live credential not available.
02-13 01:19:11.001 19766 28300 E AuthPII : bdkm: Long live credential not available.
02-13 01:19:11.001 19766 28300 E AuthPII : 	at aexp.a(:com.google.android.gms@260235035@26.02.35 (260400-862924022):1351)
02-13 01:19:11.001 19766 28300 E AuthPII : 	at aexw.b(:com.google.android.gms@260235035@26.02.35 (260400-862924022):26)
02-13 01:19:11.001 19766 28300 E AuthPII : 	at aexu.a(:com.google.android.gms@260235035@26.02.35 (260400-862924022):744)
02-13 01:19:11.001 19766 28300 E AuthPII : 	at aext.b(:com.google.android.gms@260235035@26.02.35 (260400-862924022):142)
02-13 01:19:11.001 19766 28300 E AuthPII : 	at aemk.a(:com.google.android.gms@260235035@26.02.35 (260400-862924022):328)
02-13 01:19:11.001 19766 28300 E AuthPII : 	at aehq.f(:com.google.android.gms@260235035@26.02.35 (260400-862924022):24)
02-13 01:19:11.001 19766 28300 E AuthPII : 	at cqhc.fB(:com.google.android.gms@260235035@26.02.35 (260400-862924022):1)
02-13 01:19:11.001 19766 28300 E AuthPII : 	at cqhg.run(:com.google.android.gms@260235035@26.02.35 (260400-862924022):118)
02-13 01:19:11.001 19766 28300 E AuthPII : 	at gnkz.run(:com.google.android.gms@260235035@26.02.35 (260400-862924022):19)
02-13 01:19:11.001 19766 28300 E AuthPII : 	at beqw.c(:com.google.android.gms@260235035@26.02.35 (260400-862924022):50)
02-13 01:19:11.001 19766 28300 E AuthPII : 	at beqw.run(:com.google.android.gms@260235035@26.02.35 (260400-862924022):73)
02-13 01:19:11.001 19766 28300 E AuthPII : 	at java.util.concurrent.ThreadPoolExecutor.runWorker(ThreadPoolExecutor.java:1156)
02-13 01:19:11.001 19766 28300 E AuthPII : 	at java.util.concurrent.ThreadPoolExecutor$Worker.run(ThreadPoolExecutor.java:651)
02-13 01:19:11.001 19766 28300 E AuthPII : 	at bewn.run(:com.google.android.gms@260235035@26.02.35 (260400-862924022):8)
02-13 01:19:11.001 19766 28300 E AuthPII : 	at java.lang.Thread.run(Thread.java:1119)
02-13 01:19:11.001 10162 10269 D PipelineWatcher: onInputBufferReleased: frameIndex not found (74293); ignored
02-13 01:19:11.005  1451 10291 W qdgralloc: getInterlacedFlag: getMetaData returned 3, defaulting to interlaced_flag = 0
02-13 01:19:11.005  1451 10291 W qdgralloc: getInterlacedFlag: getMetaData returned 3, defaulting to interlaced_flag = 0
02-13 01:19:11.017 19766 28300 I Auth    : (REDACTED) [GetToken] GetToken failed for app=%s with userRecoverable status: %s 
02-13 01:19:11.018 19766 28300 W Auth    : [GetTokenOperation] exception while trying to fetch auth tokens for app=com.google.android.gms [CONTEXT service_id=343 ]
02-13 01:19:11.018 19766 28300 W Auth    : aexo: GetToken failed with status code and recovery intent: BadAuthentication
02-13 01:19:11.018 19766 28300 W Auth    : 	at aext.b(:com.google.android.gms@260235035@26.02.35 (260400-862924022):339)
02-13 01:19:11.018 19766 28300 W Auth    : 	at aemk.a(:com.google.android.gms@260235035@26.02.35 (260400-862924022):328)
02-13 01:19:11.018 19766 28300 W Auth    : 	at aehq.f(:com.google.android.gms@260235035@26.02.35 (260400-862924022):24)
02-13 01:19:11.018 19766 28300 W Auth    : 	at cqhc.fB(:com.google.android.gms@260235035@26.02.35 (260400-862924022):1)
02-13 01:19:11.018 19766 28300 W Auth    : 	at cqhg.run(:com.google.android.gms@260235035@26.02.35 (260400-862924022):118)
02-13 01:19:11.018 19766 28300 W Auth    : 	at gnkz.run(:com.google.android.gms@260235035@26.02.35 (260400-862924022):19)
02-13 01:19:11.018 19766 28300 W Auth    : 	at beqw.c(:com.google.android.gms@260235035@26.02.35 (260400-862924022):50)
02-13 01:19:11.018 19766 28300 W Auth    : 	at beqw.run(:com.google.android.gms@260235035@26.02.35 (260400-862924022):73)
02-13 01:19:11.018 19766 28300 W Auth    : 	at java.util.concurrent.ThreadPoolExecutor.runWorker(ThreadPoolExecutor.java:1156)
02-13 01:19:11.018 19766 28300 W Auth    : 	at java.util.concurrent.ThreadPoolExecutor$Worker.run(ThreadPoolExecutor.java:651)
02-13 01:19:11.018 19766 28300 W Auth    : 	at bewn.run(:com.google.android.gms@260235035@26.02.35 (260400-862924022):8)
02-13 01:19:11.018 19766 28300 W Auth    : 	at java.lang.Thread.run(Thread.java:1119)
02-13 01:19:11.019 19766  7734 I CCTUploader: Failed to get auth token due to class com.google.android.gms.auth.UserRecoverableAuthException
02-13 01:19:11.022 10162 10269 D PipelineWatcher: onInputBufferReleased: frameIndex not found (74294); ignored
02-13 01:19:11.025  1451 10291 W qdgralloc: getInterlacedFlag: getMetaData returned 3, defaulting to interlaced_flag = 0
02-13 01:19:11.026  1451 10291 W qdgralloc: getInterlacedFlag: getMetaData returned 3, defaulting to interlaced_flag = 0
02-13 01:19:11.039 19766  7734 E AuthPII : [RequestTokenManager] getToken() -> BAD_AUTHENTICATION. App: com.google.android.gms, Service: oauth2:https://www.googleapis.com/auth/plus.me
02-13 01:19:11.039 19766  7734 E AuthPII : bdkm: Long live credential not available.
02-13 01:19:11.039 19766  7734 E AuthPII : 	at aexp.a(:com.google.android.gms@260235035@26.02.35 (260400-862924022):1351)
02-13 01:19:11.039 19766  7734 E AuthPII : 	at aexw.b(:com.google.android.gms@260235035@26.02.35 (260400-862924022):26)
02-13 01:19:11.039 19766  7734 E AuthPII : 	at aexu.a(:com.google.android.gms@260235035@26.02.35 (260400-862924022):744)
02-13 01:19:11.039 19766  7734 E AuthPII : 	at aehz.a(:com.google.android.gms@260235035@26.02.35 (260400-862924022):82)
02-13 01:19:11.039 19766  7734 E AuthPII : 	at yhs.d(:com.google.android.gms@260235035@26.02.35 (260400-862924022):313)
02-13 01:19:11.039 19766  7734 E AuthPII : 	at aeai.a(:com.google.android.gms@260235035@26.02.35 (260400-862924022):33)
02-13 01:19:11.039 19766  7734 E AuthPII : 	at aeao.m(:com.google.android.gms@260235035@26.02.35 (260400-862924022):34)
02-13 01:19:11.039 19766  7734 E AuthPII : 	at aeao.o(:com.google.android.gms@260235035@26.02.35 (260400-862924022):64)
02-13 01:19:11.039 19766  7734 E AuthPII : 	at aeao.h(:com.google.android.gms@260235035@26.02.35 (260400-862924022):4)
02-13 01:19:11.039 19766  7734 E AuthPII : 	at aeao.i(:com.google.android.gms@260235035@26.02.35 (260400-862924022):8)
02-13 01:19:11.039 19766  7734 E AuthPII : 	at aeao.f(:com.google.android.gms@260235035@26.02.35 (260400-862924022):21)
02-13 01:19:11.039 19766  7734 E AuthPII : 	at aepp.d(:com.google.android.gms@260235035@26.02.35 (260400-862924022):51)
02-13 01:19:11.039 19766  7734 E AuthPII : 	at bclz.b(:com.google.android.gms@260235035@26.02.35 (260400-862924022):72)
02-13 01:19:11.039 19766  7734 E AuthPII : 	at com.google.android.gms.clearcut.uploader.QosUploaderChimeraService.g(:com.google.android.gms@260235035@26.02.35 (260400-862924022):1563)
02-13 01:19:11.039 19766  7734 E AuthPII : 	at com.google.android.gms.clearcut.uploader.QosUploaderChimeraService.a(:com.google.android.gms@260235035@26.02.35 (260400-862924022):42)
02-13 01:19:11.039 19766  7734 E AuthPII : 	at crxa.call(:com.google.android.gms@260235035@26.02.35 (260400-862924022):30)
02-13 01:19:11.039 19766  7734 E AuthPII : 	at java.util.concurrent.FutureTask.run(FutureTask.java:317)
02-13 01:19:11.039 19766  7734 E AuthPII : 	at beqw.c(:com.google.android.gms@260235035@26.02.35 (260400-862924022):50)
02-13 01:19:11.039 19766  7734 E AuthPII : 	at beqw.run(:com.google.android.gms@260235035@26.02.35 (260400-862924022):73)
02-13 01:19:11.039 19766  7734 E AuthPII : 	at java.util.concurrent.ThreadPoolExecutor.runWorker(ThreadPoolExecutor.java:1156)
02-13 01:19:11.039 19766  7734 E AuthPII : 	at java.util.concurrent.ThreadPoolExecutor$Worker.run(ThreadPoolExecutor.java:651)
02-13 01:19:11.039 19766  7734 E AuthPII : 	at bewn.run(:com.google.android.gms@260235035@26.02.35 (260400-862924022):8)
02-13 01:19:11.039 19766  7734 E AuthPII : 	at java.lang.Thread.run(Thread.java:1119)
02-13 01:19:11.040 19766  7734 E AuthPII : Message is Long live credential not available.
02-13 01:19:11.040 19766  7734 E AuthPII : bdkm: Long live credential not available.
02-13 01:19:11.040 19766  7734 E AuthPII : 	at aexp.a(:com.google.android.gms@260235035@26.02.35 (260400-862924022):1351)
02-13 01:19:11.040 19766  7734 E AuthPII : 	at aexw.b(:com.google.android.gms@260235035@26.02.35 (260400-862924022):26)
02-13 01:19:11.040 19766  7734 E AuthPII : 	at aexu.a(:com.google.android.gms@260235035@26.02.35 (260400-862924022):744)
02-13 01:19:11.040 19766  7734 E AuthPII : 	at aehz.a(:com.google.android.gms@260235035@26.02.35 (260400-862924022):82)
02-13 01:19:11.040 19766  7734 E AuthPII : 	at yhs.d(:com.google.android.gms@260235035@26.02.35 (260400-862924022):313)
02-13 01:19:11.040 19766  7734 E AuthPII : 	at aeai.a(:com.google.android.gms@260235035@26.02.35 (260400-862924022):33)
02-13 01:19:11.040 19766  7734 E AuthPII : 	at aeao.m(:com.google.android.gms@260235035@26.02.35 (260400-862924022):34)
02-13 01:19:11.040 19766  7734 E AuthPII : 	at aeao.o(:com.google.android.gms@260235035@26.02.35 (260400-862924022):64)
02-13 01:19:11.040 19766  7734 E AuthPII : 	at aeao.h(:com.google.android.gms@260235035@26.02.35 (260400-862924022):4)
02-13 01:19:11.040 19766  7734 E AuthPII : 	at aeao.i(:com.google.android.gms@260235035@26.02.35 (260400-862924022):8)
02-13 01:19:11.040 19766  7734 E AuthPII : 	at aeao.f(:com.google.android.gms@260235035@26.02.35 (260400-862924022):21)
02-13 01:19:11.040 19766  7734 E AuthPII : 	at aepp.d(:com.google.android.gms@260235035@26.02.35 (260400-862924022):51)
02-13 01:19:11.040 19766  7734 E AuthPII : 	at bclz.b(:com.google.android.gms@260235035@26.02.35 (260400-862924022):72)
02-13 01:19:11.040 19766  7734 E AuthPII : 	at com.google.android.gms.clearcut.uploader.QosUploaderChimeraService.g(:com.google.android.gms@260235035@26.02.35 (260400-862924022):1563)
02-13 01:19:11.040 19766  7734 E AuthPII : 	at com.google.android.gms.clearcut.uploader.QosUploaderChimeraService.a(:com.google.android.gms@260235035@26.02.35 (260400-862924022):42)
02-13 01:19:11.040 19766  7734 E AuthPII : 	at crxa.call(:com.google.android.gms@260235035@26.02.35 (260400-862924022):30)
02-13 01:19:11.040 19766  7734 E AuthPII : 	at java.util.concurrent.FutureTask.run(FutureTask.java:317)
02-13 01:19:11.040 19766  7734 E AuthPII : 	at beqw.c(:com.google.android.gms@260235035@26.02.35 (260400-862924022):50)
02-13 01:19:11.040 19766  7734 E AuthPII : 	at beqw.run(:com.google.android.gms@260235035@26.02.35 (260400-862924022):73)
02-13 01:19:11.040 19766  7734 E AuthPII : 	at java.util.concurrent.ThreadPoolExecutor.runWorker(ThreadPoolExecutor.java:1156)
02-13 01:19:11.040 19766  7734 E AuthPII : 	at java.util.concurrent.ThreadPoolExecutor$Worker.run(ThreadPoolExecutor.java:651)
02-13 01:19:11.040 19766  7734 E AuthPII : 	at bewn.run(:com.google.android.gms@260235035@26.02.35 (260400-862924022):8)
02-13 01:19:11.040 19766  7734 E AuthPII : 	at java.lang.Thread.run(Thread.java:1119)
02-13 01:19:11.040 19766  7734 I Auth    : (REDACTED) [AccountIdManager] Token response failed with status=%s
--------- beginning of system
02-13 01:19:11.040  1005 28174 I keystore2: system/security/keystore2/watchdog/src/lib.rs:377 - Watchdog thread idle -> terminating. Have a great day.
02-13 01:19:11.045 19766  7734 E AuthPII : [RequestTokenManager] getToken() -> BAD_AUTHENTICATION. App: com.google.android.gms, Service: oauth2:https://www.googleapis.com/auth/userinfo.email https://www.googleapis.com/auth/account.capabilities https://www.googleapis.com/auth/account.service_flags
02-13 01:19:11.045 19766  7734 E AuthPII : bdkm: Long live credential not available.
02-13 01:19:11.045 19766  7734 E AuthPII : 	at aexp.a(:com.google.android.gms@260235035@26.02.35 (260400-862924022):1351)
02-13 01:19:11.045 19766  7734 E AuthPII : 	at aexw.b(:com.google.android.gms@260235035@26.02.35 (260400-862924022):26)
02-13 01:19:11.045 19766  7734 E AuthPII : 	at aexu.a(:com.google.android.gms@260235035@26.02.35 (260400-862924022):744)
02-13 01:19:11.045 19766  7734 E AuthPII : 	at aeif.a(:com.google.android.gms@260235035@26.02.35 (260400-862924022):38)
02-13 01:19:11.045 19766  7734 E AuthPII : 	at aeif.h(:com.google.android.gms@260235035@26.02.35 (260400-862924022):108)
02-13 01:19:11.045 19766  7734 E AuthPII : 	at aeif.b(:com.google.android.gms@260235035@26.02.35 (260400-862924022):817)
02-13 01:19:11.045 19766  7734 E AuthPII : 	at aeif.c(:com.google.android.gms@260235035@26.02.35 (260400-862924022):5)
02-13 01:19:11.045 19766  7734 E AuthPII : 	at yhs.d(:com.google.android.gms@260235035@26.02.35 (260400-862924022):385)
02-13 01:19:11.045 19766  7734 E AuthPII : 	at aeai.a(:com.google.android.gms@260235035@26.02.35 (260400-862924022):33)
02-13 01:19:11.045 19766  7734 E AuthPII : 	at aeao.m(:com.google.android.gms@260235035@26.02.35 (260400-862924022):34)
02-13 01:19:11.045 19766  7734 E AuthPII : 	at aeao.o(:com.google.android.gms@260235035@26.02.35 (260400-862924022):64)
02-13 01:19:11.045 19766  7734 E AuthPII : 	at aeao.h(:com.google.android.gms@260235035@26.02.35 (260400-862924022):4)
02-13 01:19:11.045 19766  7734 E AuthPII : 	at aeao.i(:com.google.android.gms@260235035@26.02.35 (260400-862924022):8)
02-13 01:19:11.045 19766  7734 E AuthPII : 	at aeao.f(:com.google.android.gms@260235035@26.02.35 (260400-862924022):21)
02-13 01:19:11.045 19766  7734 E AuthPII : 	at aepp.d(:com.google.android.gms@260235035@26.02.35 (260400-862924022):51)
02-13 01:19:11.045 19766  7734 E AuthPII : 	at bclz.b(:com.google.android.gms@260235035@26.02.35 (260400-862924022):72)
02-13 01:19:11.045 19766  7734 E AuthPII : 	at com.google.android.gms.clearcut.uploader.QosUploaderChimeraService.g(:com.google.android.gms@260235035@26.02.35 (260400-862924022):1563)
02-13 01:19:11.045 19766  7734 E AuthPII : 	at com.google.android.gms.clearcut.uploader.QosUploaderChimeraService.a(:com.google.android.gms@260235035@26.02.35 (260400-862924022):42)
02-13 01:19:11.045 19766  7734 E AuthPII : 	at crxa.call(:com.google.android.gms@260235035@26.02.35 (260400-862924022):30)
02-13 01:19:11.045 19766  7734 E AuthPII : 	at java.util.concurrent.FutureTask.run(FutureTask.java:317)
02-13 01:19:11.045 19766  7734 E AuthPII : 	at beqw.c(:com.google.android.gms@260235035@26.02.35 (260400-862924022):50)
02-13 01:19:11.045 19766  7734 E AuthPII : 	at beqw.run(:com.google.android.gms@260235035@26.02.35 (260400-862924022):73)
02-13 01:19:11.045 19766  7734 E AuthPII : 	at java.util.concurrent.ThreadPoolExecutor.runWorker(ThreadPoolExecutor.java:1156)
02-13 01:19:11.045 19766  7734 E AuthPII : 	at java.util.concurrent.ThreadPoolExecutor$Worker.run(ThreadPoolExecutor.java:651)
02-13 01:19:11.045 19766  7734 E AuthPII : 	at bewn.run(:com.google.android.gms@260235035@26.02.35 (260400-862924022):8)
02-13 01:19:11.045 19766  7734 E AuthPII : 	at java.lang.Thread.run(Thread.java:1119)
02-13 01:19:11.046 19766  7734 E AuthPII : Message is Long live credential not available.
02-13 01:19:11.046 19766  7734 E AuthPII : bdkm: Long live credential not available.
02-13 01:19:11.046 19766  7734 E AuthPII : 	at aexp.a(:com.google.android.gms@260235035@26.02.35 (260400-862924022):1351)
02-13 01:19:11.046 19766  7734 E AuthPII : 	at aexw.b(:com.google.android.gms@260235035@26.02.35 (260400-862924022):26)
02-13 01:19:11.046 19766  7734 E AuthPII : 	at aexu.a(:com.google.android.gms@260235035@26.02.35 (260400-862924022):744)
02-13 01:19:11.046 19766  7734 E AuthPII : 	at aeif.a(:com.google.android.gms@260235035@26.02.35 (260400-862924022):38)
02-13 01:19:11.046 19766  7734 E AuthPII : 	at aeif.h(:com.google.android.gms@260235035@26.02.35 (260400-862924022):108)
02-13 01:19:11.046 19766  7734 E AuthPII : 	at aeif.b(:com.google.android.gms@260235035@26.02.35 (260400-862924022):817)
02-13 01:19:11.046 19766  7734 E AuthPII : 	at aeif.c(:com.google.android.gms@260235035@26.02.35 (260400-862924022):5)
02-13 01:19:11.046 19766  7734 E AuthPII : 	at yhs.d(:com.google.android.gms@260235035@26.02.35 (260400-862924022):385)
02-13 01:19:11.046 19766  7734 E AuthPII : 	at aeai.a(:com.google.android.gms@260235035@26.02.35 (260400-862924022):33)
02-13 01:19:11.046 19766  7734 E AuthPII : 	at aeao.m(:com.google.android.gms@260235035@26.02.35 (260400-862924022):34)
02-13 01:19:11.046 19766  7734 E AuthPII : 	at aeao.o(:com.google.android.gms@260235035@26.02.35 (260400-862924022):64)
02-13 01:19:11.046 19766  7734 E AuthPII : 	at aeao.h(:com.google.android.gms@260235035@26.02.35 (260400-862924022):4)
02-13 01:19:11.046 19766  7734 E AuthPII : 	at aeao.i(:com.google.android.gms@260235035@26.02.35 (260400-862924022):8)
02-13 01:19:11.046 19766  7734 E AuthPII : 	at aeao.f(:com.google.android.gms@260235035@26.02.35 (260400-862924022):21)
02-13 01:19:11.046 19766  7734 E AuthPII : 	at aepp.d(:com.google.android.gms@260235035@26.02.35 (260400-862924022):51)
02-13 01:19:11.046 19766  7734 E AuthPII : 	at bclz.b(:com.google.android.gms@260235035@26.02.35 (260400-862924022):72)
02-13 01:19:11.046 19766  7734 E AuthPII : 	at com.google.android.gms.clearcut.uploader.QosUploaderChimeraService.g(:com.google.android.gms@260235035@26.02.35 (260400-862924022):1563)
02-13 01:19:11.046 19766  7734 E AuthPII : 	at com.google.android.gms.clearcut.uploader.QosUploaderChimeraService.a(:com.google.android.gms@260235035@26.02.35 (260400-862924022):42)
02-13 01:19:11.046 19766  7734 E AuthPII : 	at crxa.call(:com.google.android.gms@260235035@26.02.35 (260400-862924022):30)
02-13 01:19:11.046 19766  7734 E AuthPII : 	at java.util.concurrent.FutureTask.run(FutureTask.java:317)
02-13 01:19:11.046 19766  7734 E AuthPII : 	at beqw.c(:com.google.android.gms@260235035@26.02.35 (260400-862924022):50)
02-13 01:19:11.046 19766  7734 E AuthPII : 	at beqw.run(:com.google.android.gms@260235035@26.02.35 (260400-862924022):73)
02-13 01:19:11.046 19766  7734 E AuthPII : 	at java.util.concurrent.ThreadPoolExecutor.runWorker(ThreadPoolExecutor.java:1156)
02-13 01:19:11.046 19766  7734 E AuthPII : 	at java.util.concurrent.ThreadPoolExecutor$Worker.run(ThreadPoolExecutor.java:651)
02-13 01:19:11.046 19766  7734 E AuthPII : 	at bewn.run(:com.google.android.gms@260235035@26.02.35 (260400-862924022):8)
02-13 01:19:11.046 19766  7734 E AuthPII : 	at java.lang.Thread.run(Thread.java:1119)
02-13 01:19:11.047 19766  7734 W Auth    : [AccountStateDownloader] Unable to look up account state from server: couldn't fetch accessToken [CONTEXT service_id=343 ]
02-13 01:19:11.048 19766  7734 W Auth    : [GaiaIdSync] Empty email or accountId. [CONTEXT service_id=153 ]
02-13 01:19:11.050  1336  8837 I sensors-hal: handle_sns_client_event:49, ambient_light_event: ts=706711150441229, event=0.000000
02-13 01:19:11.061 19766 28300 E AuthPII : [RequestTokenManager] getToken() -> BAD_AUTHENTICATION. App: com.google.android.gms, Service: oauth2:https://www.googleapis.com/auth/cclog
02-13 01:19:11.061 19766 28300 E AuthPII : bdkm: Long live credential not available.
02-13 01:19:11.061 19766 28300 E AuthPII : 	at aexp.a(:com.google.android.gms@260235035@26.02.35 (260400-862924022):1351)
02-13 01:19:11.061 19766 28300 E AuthPII : 	at aexw.b(:com.google.android.gms@260235035@26.02.35 (260400-862924022):26)
02-13 01:19:11.061 19766 28300 E AuthPII : 	at aexu.a(:com.google.android.gms@260235035@26.02.35 (260400-862924022):744)
02-13 01:19:11.061 19766 28300 E AuthPII : 	at aext.b(:com.google.android.gms@260235035@26.02.35 (260400-862924022):142)
02-13 01:19:11.061 19766 28300 E AuthPII : 	at aemk.a(:com.google.android.gms@260235035@26.02.35 (260400-862924022):328)
02-13 01:19:11.061 19766 28300 E AuthPII : 	at aehq.f(:com.google.android.gms@260235035@26.02.35 (260400-862924022):24)
02-13 01:19:11.061 19766 28300 E AuthPII : 	at cqhc.fB(:com.google.android.gms@260235035@26.02.35 (260400-862924022):1)
02-13 01:19:11.061 19766 28300 E AuthPII : 	at cqhg.run(:com.google.android.gms@260235035@26.02.35 (260400-862924022):118)
02-13 01:19:11.061 19766 28300 E AuthPII : 	at gnkz.run(:com.google.android.gms@260235035@26.02.35 (260400-862924022):19)
02-13 01:19:11.061 19766 28300 E AuthPII : 	at beqw.c(:com.google.android.gms@260235035@26.02.35 (260400-862924022):50)
02-13 01:19:11.061 19766 28300 E AuthPII : 	at beqw.run(:com.google.android.gms@260235035@26.02.35 (260400-862924022):73)
02-13 01:19:11.061 19766 28300 E AuthPII : 	at java.util.concurrent.ThreadPoolExecutor.runWorker(ThreadPoolExecutor.java:1156)
02-13 01:19:11.061 19766 28300 E AuthPII : 	at java.util.concurrent.ThreadPoolExecutor$Worker.run(ThreadPoolExecutor.java:651)
02-13 01:19:11.061 19766 28300 E AuthPII : 	at bewn.run(:com.google.android.gms@260235035@26.02.35 (260400-862924022):8)
02-13 01:19:11.061 19766 28300 E AuthPII : 	at java.lang.Thread.run(Thread.java:1119)
02-13 01:19:11.061 19766 28300 E AuthPII : Message is Long live credential not available.
02-13 01:19:11.061 19766 28300 E AuthPII : bdkm: Long live credential not available.
02-13 01:19:11.061 19766 28300 E AuthPII : 	at aexp.a(:com.google.android.gms@260235035@26.02.35 (260400-862924022):1351)
02-13 01:19:11.061 19766 28300 E AuthPII : 	at aexw.b(:com.google.android.gms@260235035@26.02.35 (260400-862924022):26)
02-13 01:19:11.061 19766 28300 E AuthPII : 	at aexu.a(:com.google.android.gms@260235035@26.02.35 (260400-862924022):744)
02-13 01:19:11.061 19766 28300 E AuthPII : 	at aext.b(:com.google.android.gms@260235035@26.02.35 (260400-862924022):142)
02-13 01:19:11.061 19766 28300 E AuthPII : 	at aemk.a(:com.google.android.gms@260235035@26.02.35 (260400-862924022):328)
02-13 01:19:11.061 19766 28300 E AuthPII : 	at aehq.f(:com.google.android.gms@260235035@26.02.35 (260400-862924022):24)
02-13 01:19:11.061 19766 28300 E AuthPII : 	at cqhc.fB(:com.google.android.gms@260235035@26.02.35 (260400-862924022):1)
02-13 01:19:11.061 19766 28300 E AuthPII : 	at cqhg.run(:com.google.android.gms@260235035@26.02.35 (260400-862924022):118)
02-13 01:19:11.061 19766 28300 E AuthPII : 	at gnkz.run(:com.google.android.gms@260235035@26.02.35 (260400-862924022):19)
02-13 01:19:11.061 19766 28300 E AuthPII : 	at beqw.c(:com.google.android.gms@260235035@26.02.35 (260400-862924022):50)
02-13 01:19:11.061 19766 28300 E AuthPII : 	at beqw.run(:com.google.android.gms@260235035@26.02.35 (260400-862924022):73)
02-13 01:19:11.061 19766 28300 E AuthPII : 	at java.util.concurrent.ThreadPoolExecutor.runWorker(ThreadPoolExecutor.java:1156)
02-13 01:19:11.061 19766 28300 E AuthPII : 	at java.util.concurrent.ThreadPoolExecutor$Worker.run(ThreadPoolExecutor.java:651)
02-13 01:19:11.061 19766 28300 E AuthPII : 	at bewn.run(:com.google.android.gms@260235035@26.02.35 (260400-862924022):8)
02-13 01:19:11.061 19766 28300 E AuthPII : 	at java.lang.Thread.run(Thread.java:1119)
02-13 01:19:11.062  1451 10291 W qdgralloc: getInterlacedFlag: getMetaData returned 3, defaulting to interlaced_flag = 0
02-13 01:19:11.063  1451 10291 W qdgralloc: getInterlacedFlag: getMetaData returned 3, defaulting to interlaced_flag = 0
02-13 01:19:11.071  2407  2741 D ConnectivityService: notifyType CALLBACK_CAP_CHANGED for [106 WIFI]
02-13 01:19:11.072  2407 21843 D SemWifiUsabilityStatsMonitor: onWifiUsabilityStats - seqNum 182388, isSameBssidAndFreq true
02-13 01:19:11.072  2407  2785 W JobScheduler.JobStatus: Exempted app com.metropcs.metrozone considered buggy
02-13 01:19:11.073  2407  2785 W JobScheduler.JobStatus: Exempted app com.metropcs.metrozone considered buggy
02-13 01:19:11.073  2407  2785 W JobScheduler.JobStatus: Exempted app com.metropcs.metrozone considered buggy
02-13 01:19:11.073  2407  2785 W JobScheduler.JobStatus: Exempted app com.metropcs.metrozone considered buggy
02-13 01:19:11.073  2407  2785 W JobScheduler.JobStatus: Exempted app com.metropcs.metrozone considered buggy
02-13 01:19:11.073  2407  2785 D SemWifiApNsd:Client: lpInterface:wlan0
02-13 01:19:11.074  2407  2785 I WifiConnectivityMonitor.NCC: sNetworkCallback(oCC) FULL : 106(valid: true/captive: false)
02-13 01:19:11.074 28098 28098 W JobService: onNetworkChanged() not implemented in androidx.work.impl.background.systemjob.SystemJobService. Must override in a subclass.
02-13 01:19:11.074  2407  2785 I WifiConnectivityMonitor.NCC: [ Transports: WIFI Capabilities: NOT_METERED&INTERNET&NOT_RESTRICTED&TRUSTED&NOT_VPN&VALIDATED&NOT_ROAMING&FOREGROUND&NOT_CONGESTED&NOT_SUSPENDED&NOT_VCN_MANAGED&NOT_BANDWIDTH_CONSTRAINED LinkUpBandwidth>=925Kbps LinkDnBandwidth>=48974Kbps TransportInfo: <SSID: <unknown ssid>, BSSID: 02:00:00:**:**:00, MAC: 02:00:00:**:**:00, IP: /192.***.*.241, Security type: 2, Supplicant state: COMPLETED, Wi-Fi standard: 11ac, RSSI: -41, Link speed: 325Mbps, Tx Link speed: 325Mbps, Max Supported Tx Link speed: 433Mbps, Rx Link speed: 260Mbps, Max Supported Rx Link speed: 433Mbps, Frequency: 5785MHz, Net ID: -1, Metered hint: false, score: 60, isUsable: true, CarrierMerged: false, SubscriptionId: -1, IsPrimary: 1, Trusted: true, Restricted: false, Ephemeral: false, OEM paid: false, OEM private: false, OSU AP: false, FQDN: <none>, Provider friendly name: <none>, Requesting package name: <none><none>MLO Information: , Is TID-To-Link negotiation supported by the AP: false, AP MLD Address: <none>, AP MLO Link Id: <none>, AP MLO Affiliated links: <none>, Vendor Data: <none>> SignalStrength: -41 AdminUids: [1000] SSID: "SETUP-F19B" UnderlyingNetworks: Null]
02-13 01:19:11.075  2407  2857 D WifiConnectivityMonitor: HANDLE_ON_CAPABILITIES_CHANGED
02-13 01:19:11.075  2407  2857 I WifiConnectivityMonitor: determineMode : MODE_AGG_BY_SWITCH_TO_MOBILE_DATA_OPTION
02-13 01:19:11.075  2407  2857 D OpenNetworkQos[4.00]: updateBssidNoInternet: mBssidNoInternet = false
02-13 01:19:11.075  2407  2857 D OpenNetworkQos[4.00]: getOpenNetworkQosNoInternetStatus: false[Private DNS is active. Result is ignored.]
02-13 01:19:11.075  2407  2857 D OpenNetworkQos[4.00]: getOpenNetworkQosScores: 26 26 0 [Private DNS is active. Result is ignored.]
02-13 01:19:11.076  2407  2857 D WifiConnectivityMonitor: VALIDATED_DETECTED
02-13 01:19:11.076  2964  3198 I WifiPickerTracker: NetworkCallback : onCapabilitiesChanged
02-13 01:19:11.076  2964  3198 D WifiPickerTracker: updateWifiEntries capabilities
02-13 01:19:11.084 19766 28300 I Auth    : (REDACTED) [GetToken] GetToken failed for app=%s with userRecoverable status: %s 
02-13 01:19:11.085 19766 28300 W Auth    : [GetTokenOperation] exception while trying to fetch auth tokens for app=com.google.android.gms [CONTEXT service_id=343 ]
02-13 01:19:11.085 19766 28300 W Auth    : aexo: GetToken failed with status code and recovery intent: BadAuthentication
02-13 01:19:11.085 19766 28300 W Auth    : 	at aext.b(:com.google.android.gms@260235035@26.02.35 (260400-862924022):339)
02-13 01:19:11.085 19766 28300 W Auth    : 	at aemk.a(:com.google.android.gms@260235035@26.02.35 (260400-862924022):328)
02-13 01:19:11.085 19766 28300 W Auth    : 	at aehq.f(:com.google.android.gms@260235035@26.02.35 (260400-862924022):24)
02-13 01:19:11.085 19766 28300 W Auth    : 	at cqhc.fB(:com.google.android.gms@260235035@26.02.35 (260400-862924022):1)
02-13 01:19:11.085 19766 28300 W Auth    : 	at cqhg.run(:com.google.android.gms@260235035@26.02.35 (260400-862924022):118)
02-13 01:19:11.085 19766 28300 W Auth    : 	at gnkz.run(:com.google.android.gms@260235035@26.02.35 (260400-862924022):19)
02-13 01:19:11.085 19766 28300 W Auth    : 	at beqw.c(:com.google.android.gms@260235035@26.02.35 (260400-862924022):50)
02-13 01:19:11.085 19766 28300 W Auth    : 	at beqw.run(:com.google.android.gms@260235035@26.02.35 (260400-862924022):73)
02-13 01:19:11.085 19766 28300 W Auth    : 	at java.util.concurrent.ThreadPoolExecutor.runWorker(ThreadPoolExecutor.java:1156)
02-13 01:19:11.085 19766 28300 W Auth    : 	at java.util.concurrent.ThreadPoolExecutor$Worker.run(ThreadPoolExecutor.java:651)
02-13 01:19:11.085 19766 28300 W Auth    : 	at bewn.run(:com.google.android.gms@260235035@26.02.35 (260400-862924022):8)
02-13 01:19:11.085 19766 28300 W Auth    : 	at java.lang.Thread.run(Thread.java:1119)
02-13 01:19:11.087  2964  3198 D WifiPickerTracker: update AutoHotspot Entries() : bleAccessPoints -> 0
02-13 01:19:11.087 19766  7734 I CCTUploader: Failed to get auth token due to class com.google.android.gms.auth.UserRecoverableAuthException
02-13 01:19:11.087  2964  3198 D WifiPickerTracker: handleNetworkCapabilitiesChanged
02-13 01:19:11.088  2964  3198 I WifiPickerTracker: DefaultNetworkCallback : onCapabilitiesChanged
02-13 01:19:11.092 22258 22587 I HBD     : g onCapabilitiesChanged network : 106 current network state : wifi 
02-13 01:19:11.093 19766 19766 I MagicTether: (REDACTED) [ActiveNetworkTracker] setActiveNetwork: %s
02-13 01:19:11.093 19766 19766 I MagicTether: (REDACTED) [TetherService] onActiveNetworkChanged: network=%s isLost=%s
02-13 01:19:11.094 10162 10269 D PipelineWatcher: onInputBufferReleased: frameIndex not found (74296); ignored
02-13 01:19:11.095  4713 20686 I NullBinder: NullBinder for android.net.action.RECOMMEND_NETWORKS triggering remote TransactionTooLargeException due to Service without Chimera impl, calling uid: 1000, calling pid: 0
02-13 01:19:11.095  4713 20686 W .gms.persistent: Large reply transaction of 1056768 bytes, interface descriptor , code 1
02-13 01:19:11.096  1451 10291 W qdgralloc: getInterlacedFlag: getMetaData returned 3, defaulting to interlaced_flag = 0
02-13 01:19:11.097 19766 30727 I MagicTether: [WifiConnectionHandler] Ignoring getWifiConfigurationByNetworkId when checking connected state [CONTEXT service_id=276 ]
02-13 01:19:11.097  1451 10291 W qdgralloc: getInterlacedFlag: getMetaData returned 3, defaulting to interlaced_flag = 0
02-13 01:19:11.097 19766 30727 I MagicTether: [WifiConnectionHandler] No networkId set, can't be connected. [CONTEXT service_id=276 ]
02-13 01:19:11.099 19766 30727 I MagicTether: (REDACTED) [TetherService] TRANSPORT_CELLULAR [%s], TRANSPORT_ETHERNET [%s], TRANSPORT_WIFI [%s]
02-13 01:19:11.100  4713  4713 I MagicTether: (REDACTED) [ActiveNetworkTracker] setActiveNetwork: %s
02-13 01:19:11.100  4713  4713 I MagicTether: (REDACTED) [TetherService] onActiveNetworkChanged: network=%s isLost=%s
02-13 01:19:11.100 19766 30727 I MagicTether: (REDACTED) [TetherService] setRoles hasActiveNetworkConnection=%s canActiveNetworkBeTethered=%s isConnectedToInstantTether=%s isWifiEnabled=%s isHosting=%s
02-13 01:19:11.102 28098 28160 D WM-NetworkStateTracker: Network capabilities changed: [ Transports: WIFI Capabilities: NOT_METERED&INTERNET&NOT_RESTRICTED&TRUSTED&NOT_VPN&VALIDATED&NOT_ROAMING&FOREGROUND&NOT_CONGESTED&NOT_SUSPENDED&NOT_VCN_MANAGED&NOT_BANDWIDTH_CONSTRAINED LinkUpBandwidth>=925Kbps LinkDnBandwidth>=48974Kbps TransportInfo: <SSID: <unknown ssid>, BSSID: 02:00:00:00:00:00, MAC: 02:00:00:00:00:00, IP: /192.168.0.241, Security type: 2, Supplicant state: COMPLETED, Wi-Fi standard: 11ac, RSSI: -41, Link speed: 325Mbps, Tx Link speed: 325Mbps, Max Supported Tx Link speed: 433Mbps, Rx Link speed: 260Mbps, Max Supported Rx Link speed: 433Mbps, Frequency: 5785MHz, Net ID: -1, Metered hint: false, score: 60, isUsable: true, CarrierMerged: false, SubscriptionId: -1, IsPrimary: -1, Trusted: true, Restricted: false, Ephemeral: false, OEM paid: false, OEM private: false, OSU AP: false, FQDN: <none>, Provider friendly name: <none>, Requesting package name: <none><none>MLO Information: , Is TID-To-Link negotiation supported by the AP: false, AP MLD Address: <none>, AP MLO Link Id: <none>, AP MLO Affiliated links: <none>, Vendor Data: <none>> SignalStrength: -41 UnderlyingNetworks: Null]
02-13 01:19:11.103  4713 28094 I MagicTether: [WifiConnectionHandler] Ignoring getWifiConfigurationByNetworkId when checking connected state [CONTEXT service_id=276 ]
02-13 01:19:11.103  4713 28094 I MagicTether: [WifiConnectionHandler] No networkId set, can't be connected. [CONTEXT service_id=276 ]
02-13 01:19:11.104  4713 28094 I MagicTether: (REDACTED) [TetherService] TRANSPORT_CELLULAR [%s], TRANSPORT_ETHERNET [%s], TRANSPORT_WIFI [%s]
02-13 01:19:11.105  4713 28094 I MagicTether: (REDACTED) [TetherService] setRoles hasActiveNetworkConnection=%s canActiveNetworkBeTethered=%s isConnectedToInstantTether=%s isWifiEnabled=%s isHosting=%s
02-13 01:19:11.109 19766  7734 E AuthPII : [RequestTokenManager] getToken() -> BAD_AUTHENTICATION. App: com.google.android.gms, Service: oauth2:https://www.googleapis.com/auth/plus.me
02-13 01:19:11.109 19766  7734 E AuthPII : bdkm: Long live credential not available.
02-13 01:19:11.109 19766  7734 E AuthPII : 	at aexp.a(:com.google.android.gms@260235035@26.02.35 (260400-862924022):1351)
02-13 01:19:11.109 19766  7734 E AuthPII : 	at aexw.b(:com.google.android.gms@260235035@26.02.35 (260400-862924022):26)
02-13 01:19:11.109 19766  7734 E AuthPII : 	at aexu.a(:com.google.android.gms@260235035@26.02.35 (260400-862924022):744)
02-13 01:19:11.109 19766  7734 E AuthPII : 	at aehz.a(:com.google.android.gms@260235035@26.02.35 (260400-862924022):82)
02-13 01:19:11.109 19766  7734 E AuthPII : 	at yhs.d(:com.google.android.gms@260235035@26.02.35 (260400-862924022):313)
02-13 01:19:11.109 19766  7734 E AuthPII : 	at aeai.a(:com.google.android.gms@260235035@26.02.35 (260400-862924022):33)
02-13 01:19:11.109 19766  7734 E AuthPII : 	at aeao.m(:com.google.android.gms@260235035@26.02.35 (260400-862924022):34)
02-13 01:19:11.109 19766  7734 E AuthPII : 	at aeao.o(:com.google.android.gms@260235035@26.02.35 (260400-862924022):64)
02-13 01:19:11.109 19766  7734 E AuthPII : 	at aeao.h(:com.google.android.gms@260235035@26.02.35 (260400-862924022):4)
02-13 01:19:11.109 19766  7734 E AuthPII : 	at aeao.i(:com.google.android.gms@260235035@26.02.35 (260400-862924022):8)
02-13 01:19:11.109 19766  7734 E AuthPII : 	at aeao.f(:com.google.android.gms@260235035@26.02.35 (260400-862924022):21)
02-13 01:19:11.109 19766  7734 E AuthPII : 	at aepp.d(:com.google.android.gms@260235035@26.02.35 (260400-862924022):51)
02-13 01:19:11.109 19766  7734 E AuthPII : 	at bclz.b(:com.google.android.gms@260235035@26.02.35 (260400-862924022):72)
02-13 01:19:11.109 19766  7734 E AuthPII : 	at com.google.android.gms.clearcut.uploader.QosUploaderChimeraService.g(:com.google.android.gms@260235035@26.02.35 (260400-862924022):1563)
02-13 01:19:11.109 19766  7734 E AuthPII : 	at com.google.android.gms.clearcut.uploader.QosUploaderChimeraService.a(:com.google.android.gms@260235035@26.02.35 (260400-862924022):42)
02-13 01:19:11.109 19766  7734 E AuthPII : 	at crxa.call(:com.google.android.gms@260235035@26.02.35 (260400-862924022):30)
02-13 01:19:11.109 19766  7734 E AuthPII : 	at java.util.concurrent.FutureTask.run(FutureTask.java:317)
02-13 01:19:11.109 19766  7734 E AuthPII : 	at beqw.c(:com.google.android.gms@260235035@26.02.35 (260400-862924022):50)
02-13 01:19:11.109 19766  7734 E AuthPII : 	at beqw.run(:com.google.android.gms@260235035@26.02.35 (260400-862924022):73)
02-13 01:19:11.109 19766  7734 E AuthPII : 	at java.util.concurrent.ThreadPoolExecutor.runWorker(ThreadPoolExecutor.java:1156)
02-13 01:19:11.109 19766  7734 E AuthPII : 	at java.util.concurrent.ThreadPoolExecutor$Worker.run(ThreadPoolExecutor.java:651)
02-13 01:19:11.109 19766  7734 E AuthPII : 	at bewn.run(:com.google.android.gms@260235035@26.02.35 (260400-862924022):8)
02-13 01:19:11.109 19766  7734 E AuthPII : 	at java.lang.Thread.run(Thread.java:1119)
02-13 01:19:11.110 19766  7734 E AuthPII : Message is Long live credential not available.
02-13 01:19:11.110 19766  7734 E AuthPII : bdkm: Long live credential not available.
02-13 01:19:11.110 19766  7734 E AuthPII : 	at aexp.a(:com.google.android.gms@260235035@26.02.35 (260400-862924022):1351)
02-13 01:19:11.110 19766  7734 E AuthPII : 	at aexw.b(:com.google.android.gms@260235035@26.02.35 (260400-862924022):26)
02-13 01:19:11.110 19766  7734 E AuthPII : 	at aexu.a(:com.google.android.gms@260235035@26.02.35 (260400-862924022):744)
02-13 01:19:11.110 19766  7734 E AuthPII : 	at aehz.a(:com.google.android.gms@260235035@26.02.35 (260400-862924022):82)
02-13 01:19:11.110 19766  7734 E AuthPII : 	at yhs.d(:com.google.android.gms@260235035@26.02.35 (260400-862924022):313)
02-13 01:19:11.110 19766  7734 E AuthPII : 	at aeai.a(:com.google.android.gms@260235035@26.02.35 (260400-862924022):33)
02-13 01:19:11.110 19766  7734 E AuthPII : 	at aeao.m(:com.google.android.gms@260235035@26.02.35 (260400-862924022):34)
02-13 01:19:11.110 19766  7734 E AuthPII : 	at aeao.o(:com.google.android.gms@260235035@26.02.35 (260400-862924022):64)
02-13 01:19:11.110 19766  7734 E AuthPII : 	at aeao.h(:com.google.android.gms@260235035@26.02.35 (260400-862924022):4)
02-13 01:19:11.110 19766  7734 E AuthPII : 	at aeao.i(:com.google.android.gms@260235035@26.02.35 (260400-862924022):8)
02-13 01:19:11.110 19766  7734 E AuthPII : 	at aeao.f(:com.google.android.gms@260235035@26.02.35 (260400-862924022):21)
02-13 01:19:11.110 19766  7734 E AuthPII : 	at aepp.d(:com.google.android.gms@260235035@26.02.35 (260400-862924022):51)
02-13 01:19:11.110 19766  7734 E AuthPII : 	at bclz.b(:com.google.android.gms@260235035@26.02.35 (260400-862924022):72)
02-13 01:19:11.110 19766  7734 E AuthPII : 	at com.google.android.gms.clearcut.uploader.QosUploaderChimeraService.g(:com.google.android.gms@260235035@26.02.35 (260400-862924022):1563)
02-13 01:19:11.110 19766  7734 E AuthPII : 	at com.google.android.gms.clearcut.uploader.QosUploaderChimeraService.a(:com.google.android.gms@260235035@26.02.35 (260400-862924022):42)
02-13 01:19:11.110 19766  7734 E AuthPII : 	at crxa.call(:com.google.android.gms@260235035@26.02.35 (260400-862924022):30)
02-13 01:19:11.110 19766  7734 E AuthPII : 	at java.util.concurrent.FutureTask.run(FutureTask.java:317)
02-13 01:19:11.110 19766  7734 E AuthPII : 	at beqw.c(:com.google.android.gms@260235035@26.02.35 (260400-862924022):50)
02-13 01:19:11.110 19766  7734 E AuthPII : 	at beqw.run(:com.google.android.gms@260235035@26.02.35 (260400-862924022):73)
02-13 01:19:11.110 19766  7734 E AuthPII : 	at java.util.concurrent.ThreadPoolExecutor.runWorker(ThreadPoolExecutor.java:1156)
02-13 01:19:11.110 19766  7734 E AuthPII : 	at java.util.concurrent.ThreadPoolExecutor$Worker.run(ThreadPoolExecutor.java:651)
02-13 01:19:11.110 19766  7734 E AuthPII : 	at bewn.run(:com.google.android.gms@260235035@26.02.35 (260400-862924022):8)
02-13 01:19:11.110 19766  7734 E AuthPII : 	at java.lang.Thread.run(Thread.java:1119)
02-13 01:19:11.111 19766  7734 I Auth    : (REDACTED) [AccountIdManager] Token response failed with status=%s
02-13 01:19:11.111  4713  4713 I MagicTether: [TetherService] Stopping Nearby client role [CONTEXT service_id=276 ]
02-13 01:19:11.111  4713  4713 I MagicTether: [ClientTetherRole] Client role already stopped [CONTEXT service_id=276 ]
02-13 01:19:11.114  4713  4713 I MagicTether: (REDACTED) [TidepoolFeatureStatusManager] isInstantHotspotEnabled=%s
02-13 01:19:11.115 10162 10269 D PipelineWatcher: onInputBufferReleased: frameIndex not found (74297); ignored
02-13 01:19:11.115  4713  4713 I MagicTether: [HostTetherRole] Nearby host role already started [CONTEXT service_id=276 ]
02-13 01:19:11.116 19766 30727 I DebugExecutorService: execute() called with Runnable: aagh@d266f93
02-13 01:19:11.117 19766  7734 E AuthPII : [RequestTokenManager] getToken() -> BAD_AUTHENTICATION. App: com.google.android.gms, Service: oauth2:https://www.googleapis.com/auth/userinfo.email https://www.googleapis.com/auth/account.capabilities https://www.googleapis.com/auth/account.service_flags
02-13 01:19:11.117 19766  7734 E AuthPII : bdkm: Long live credential not available.
02-13 01:19:11.117 19766  7734 E AuthPII : 	at aexp.a(:com.google.android.gms@260235035@26.02.35 (260400-862924022):1351)
02-13 01:19:11.117 19766  7734 E AuthPII : 	at aexw.b(:com.google.android.gms@260235035@26.02.35 (260400-862924022):26)
02-13 01:19:11.117 19766  7734 E AuthPII : 	at aexu.a(:com.google.android.gms@260235035@26.02.35 (260400-862924022):744)
02-13 01:19:11.117 19766  7734 E AuthPII : 	at aeif.a(:com.google.android.gms@260235035@26.02.35 (260400-862924022):38)
02-13 01:19:11.117 19766  7734 E AuthPII : 	at aeif.h(:com.google.android.gms@260235035@26.02.35 (260400-862924022):108)
02-13 01:19:11.117 19766  7734 E AuthPII : 	at aeif.b(:com.google.android.gms@260235035@26.02.35 (260400-862924022):817)
02-13 01:19:11.117 19766  7734 E AuthPII : 	at aeif.c(:com.google.android.gms@260235035@26.02.35 (260400-862924022):5)
02-13 01:19:11.117 19766  7734 E AuthPII : 	at yhs.d(:com.google.android.gms@260235035@26.02.35 (260400-862924022):385)
02-13 01:19:11.117 19766  7734 E AuthPII : 	at aeai.a(:com.google.android.gms@260235035@26.02.35 (260400-862924022):33)
02-13 01:19:11.117 19766  7734 E AuthPII : 	at aeao.m(:com.google.android.gms@260235035@26.02.35 (260400-862924022):34)
02-13 01:19:11.117 19766  7734 E AuthPII : 	at aeao.o(:com.google.android.gms@260235035@26.02.35 (260400-862924022):64)
02-13 01:19:11.117 19766  7734 E AuthPII : 	at aeao.h(:com.google.android.gms@260235035@26.02.35 (260400-862924022):4)
02-13 01:19:11.117 19766  7734 E AuthPII : 	at aeao.i(:com.google.android.gms@260235035@26.02.35 (260400-862924022):8)
02-13 01:19:11.117 19766  7734 E AuthPII : 	at aeao.f(:com.google.android.gms@260235035@26.02.35 (260400-862924022):21)
02-13 01:19:11.117 19766  7734 E AuthPII : 	at aepp.d(:com.google.android.gms@260235035@26.02.35 (260400-862924022):51)
02-13 01:19:11.117 19766  7734 E AuthPII : 	at bclz.b(:com.google.android.gms@260235035@26.02.35 (260400-862924022):72)
02-13 01:19:11.117 19766  7734 E AuthPII : 	at com.google.android.gms.clearcut.uploader.QosUploaderChimeraService.g(:com.google.android.gms@260235035@26.02.35 (260400-862924022):1563)
02-13 01:19:11.117 19766  7734 E AuthPII : 	at com.google.android.gms.clearcut.uploader.QosUploaderChimeraService.a(:com.google.android.gms@260235035@26.02.35 (260400-862924022):42)
02-13 01:19:11.117 19766  7734 E AuthPII : 	at crxa.call(:com.google.android.gms@260235035@26.02.35 (260400-862924022):30)
02-13 01:19:11.117 19766  7734 E AuthPII : 	at java.util.concurrent.FutureTask.run(FutureTask.java:317)
02-13 01:19:11.117 19766  7734 E AuthPII : 	at beqw.c(:com.google.android.gms@260235035@26.02.35 (260400-862924022):50)
02-13 01:19:11.117 19766  7734 E AuthPII : 	at beqw.run(:com.google.android.gms@260235035@26.02.35 (260400-862924022):73)
02-13 01:19:11.117 19766  7734 E AuthPII : 	at java.util.concurrent.ThreadPoolExecutor.runWorker(ThreadPoolExecutor.java:1156)
02-13 01:19:11.117 19766  7734 E AuthPII : 	at java.util.concurrent.ThreadPoolExecutor$Worker.run(ThreadPoolExecutor.java:651)
02-13 01:19:11.117 19766  7734 E AuthPII : 	at bewn.run(:com.google.android.gms@260235035@26.02.35 (260400-862924022):8)
02-13 01:19:11.117 19766  7734 E AuthPII : 	at java.lang.Thread.run(Thread.java:1119)
02-13 01:19:11.117 19766  7734 E AuthPII : Message is Long live credential not available.
02-13 01:19:11.117 19766  7734 E AuthPII : bdkm: Long live credential not available.
02-13 01:19:11.117 19766  7734 E AuthPII : 	at aexp.a(:com.google.android.gms@260235035@26.02.35 (260400-862924022):1351)
02-13 01:19:11.117 19766  7734 E AuthPII : 	at aexw.b(:com.google.android.gms@260235035@26.02.35 (260400-862924022):26)
02-13 01:19:11.117 19766  7734 E AuthPII : 	at aexu.a(:com.google.android.gms@260235035@26.02.35 (260400-862924022):744)
02-13 01:19:11.117 19766  7734 E AuthPII : 	at aeif.a(:com.google.android.gms@260235035@26.02.35 (260400-862924022):38)
02-13 01:19:11.117 19766  7734 E AuthPII : 	at aeif.h(:com.google.android.gms@260235035@26.02.35 (260400-862924022):108)
02-13 01:19:11.117 19766  7734 E AuthPII : 	at aeif.b(:com.google.android.gms@260235035@26.02.35 (260400-862924022):817)
02-13 01:19:11.117 19766  7734 E AuthPII : 	at aeif.c(:com.google.android.gms@260235035@26.02.35 (260400-862924022):5)
02-13 01:19:11.117 19766  7734 E AuthPII : 	at yhs.d(:com.google.android.gms@260235035@26.02.35 (260400-862924022):385)
02-13 01:19:11.117 19766  7734 E AuthPII : 	at aeai.a(:com.google.android.gms@260235035@26.02.35 (260400-862924022):33)
02-13 01:19:11.117 19766  7734 E AuthPII : 	at aeao.m(:com.google.android.gms@260235035@26.02.35 (260400-862924022):34)
02-13 01:19:11.117 19766  7734 E AuthPII : 	at aeao.o(:com.google.android.gms@260235035@26.02.35 (260400-862924022):64)
02-13 01:19:11.117 19766  7734 E AuthPII : 	at aeao.h(:com.google.android.gms@260235035@26.02.35 (260400-862924022):4)
02-13 01:19:11.117 19766  7734 E AuthPII : 	at aeao.i(:com.google.android.gms@260235035@26.02.35 (260400-862924022):8)
02-13 01:19:11.117 19766  7734 E AuthPII : 	at aeao.f(:com.google.android.gms@260235035@26.02.35 (260400-862924022):21)
02-13 01:19:11.117 19766  7734 E AuthPII : 	at aepp.d(:com.google.android.gms@260235035@26.02.35 (260400-862924022):51)
02-13 01:19:11.117 19766  7734 E AuthPII : 	at bclz.b(:com.google.android.gms@260235035@26.02.35 (260400-862924022):72)
02-13 01:19:11.117 19766  7734 E AuthPII : 	at com.google.android.gms.clearcut.uploader.QosUploaderChimeraService.g(:com.google.android.gms@260235035@26.02.35 (260400-862924022):1563)
02-13 01:19:11.117 19766  7734 E AuthPII : 	at com.google.android.gms.clearcut.uploader.QosUploaderChimeraService.a(:com.google.android.gms@260235035@26.02.35 (260400-862924022):42)
02-13 01:19:11.117 19766  7734 E AuthPII : 	at crxa.call(:com.google.android.gms@260235035@26.02.35 (260400-862924022):30)
02-13 01:19:11.117 19766  7734 E AuthPII : 	at java.util.concurrent.FutureTask.run(FutureTask.java:317)
02-13 01:19:11.117 19766  7734 E AuthPII : 	at beqw.c(:com.google.android.gms@260235035@26.02.35 (260400-862924022):50)
02-13 01:19:11.117 19766  7734 E AuthPII : 	at beqw.run(:com.google.android.gms@260235035@26.02.35 (260400-862924022):73)
02-13 01:19:11.117 19766  7734 E AuthPII : 	at java.util.concurrent.ThreadPoolExecutor.runWorker(ThreadPoolExecutor.java:1156)
02-13 01:19:11.117 19766  7734 E AuthPII : 	at java.util.concurrent.ThreadPoolExecutor$Worker.run(ThreadPoolExecutor.java:651)
02-13 01:19:11.117 19766  7734 E AuthPII : 	at bewn.run(:com.google.android.gms@260235035@26.02.35 (260400-862924022):8)
