02-13 01:18:54.292 10162 10269 D PipelineWatcher: onInputBufferReleased: frameIndex not found (73690); ignored
02-13 01:18:54.297  1451 10291 W qdgralloc: getInterlacedFlag: getMetaData returned 3, defaulting to interlaced_flag = 0
02-13 01:18:54.298  1451 10291 W qdgralloc: getInterlacedFlag: getMetaData returned 3, defaulting to interlaced_flag = 0
02-13 01:18:54.327 10162 10269 D PipelineWatcher: onInputBufferReleased: frameIndex not found (73691); ignored
02-13 01:18:54.331  1451 10291 W qdgralloc: getInterlacedFlag: getMetaData returned 3, defaulting to interlaced_flag = 0
02-13 01:18:54.332  1451 10291 W qdgralloc: getInterlacedFlag: getMetaData returned 3, defaulting to interlaced_flag = 0
02-13 01:18:54.346 10162 10269 D PipelineWatcher: onInputBufferReleased: frameIndex not found (73692); ignored
02-13 01:18:54.351  1336  8837 I sensors-hal: handle_sns_client_event:49, ambient_light_event: ts=706694450448594, event=0.000000
02-13 01:18:54.351  1451 10291 W qdgralloc: getInterlacedFlag: getMetaData returned 3, defaulting to interlaced_flag = 0
02-13 01:18:54.352  1451 10291 W qdgralloc: getInterlacedFlag: getMetaData returned 3, defaulting to interlaced_flag = 0
02-13 01:18:54.375  1451 10291 W qdgralloc: getInterlacedFlag: getMetaData returned 3, defaulting to interlaced_flag = 0
02-13 01:18:54.376  1451 10291 W qdgralloc: getInterlacedFlag: getMetaData returned 3, defaulting to interlaced_flag = 0
02-13 01:18:54.391   984   984 D io_stats: !@ Read_top(KB): .gms.persistent(4713) 56
02-13 01:18:54.391   984   984 D io_stats: !@ Write_top(KB): kworker/u16:6(16859) 432
02-13 01:18:54.398  1451 10291 W qdgralloc: getInterlacedFlag: getMetaData returned 3, defaulting to interlaced_flag = 0
02-13 01:18:54.399  1451 10291 W qdgralloc: getInterlacedFlag: getMetaData returned 3, defaulting to interlaced_flag = 0
02-13 01:18:54.408  1323  3855 I vendor.qti.bluetooth@1.0-ibs_handler: ProcessIbsCmd: Received IBS_WAKE_IND: 0xFD
02-13 01:18:54.409  1323  3855 D vendor.qti.bluetooth@1.0-ibs_handler: SerialClockVote: vote for UART CLK ON
02-13 01:18:54.409  1323  3855 D vendor.qti.bluetooth@1.0-wake_lock: Acquire wakelock is acquired 
02-13 01:18:54.409  1323  3855 I vendor.qti.bluetooth@1.0-ibs_handler: ProcessIbsCmd: Writing IBS_WAKE_ACK
02-13 01:18:54.428 10162 10269 D PipelineWatcher: onInputBufferReleased: frameIndex not found (73695); ignored
02-13 01:18:54.434  1451 10291 W qdgralloc: getInterlacedFlag: getMetaData returned 3, defaulting to interlaced_flag = 0
02-13 01:18:54.435  1451 10291 W qdgralloc: getInterlacedFlag: getMetaData returned 3, defaulting to interlaced_flag = 0
02-13 01:18:54.450  1336  8837 I sensors-hal: handle_sns_client_event:49, ambient_light_event: ts=706694550434584, event=0.000000
02-13 01:18:54.461  1451 10291 W qdgralloc: getInterlacedFlag: getMetaData returned 3, defaulting to interlaced_flag = 0
02-13 01:18:54.461  1451 10291 W qdgralloc: getInterlacedFlag: getMetaData returned 3, defaulting to interlaced_flag = 0
02-13 01:18:54.475 10162 10269 D PipelineWatcher: onInputBufferReleased: frameIndex not found (73697); ignored
02-13 01:18:54.479  1451 10291 W qdgralloc: getInterlacedFlag: getMetaData returned 3, defaulting to interlaced_flag = 0
02-13 01:18:54.480  1451 10291 W qdgralloc: getInterlacedFlag: getMetaData returned 3, defaulting to interlaced_flag = 0
02-13 01:18:54.493 10162 10269 D PipelineWatcher: onInputBufferReleased: frameIndex not found (73698); ignored
02-13 01:18:54.496  1451 10291 W qdgralloc: getInterlacedFlag: getMetaData returned 3, defaulting to interlaced_flag = 0
02-13 01:18:54.497  1451 10291 W qdgralloc: getInterlacedFlag: getMetaData returned 3, defaulting to interlaced_flag = 0
02-13 01:18:54.512 10162 10269 D PipelineWatcher: onInputBufferReleased: frameIndex not found (73699); ignored
02-13 01:18:54.518  1451 10291 W qdgralloc: getInterlacedFlag: getMetaData returned 3, defaulting to interlaced_flag = 0
02-13 01:18:54.519  3350  3876 I ScanController: onScanResult to scannerId: 6- eventType=0x1b, addressType=1, address=XX:XX:XX:XX:A6:18, primaryPhy=1, secondaryPhy=0, advertisingSid=0xff, txPower=127, rssi=-87, periodicAdvInt=0x0
02-13 01:18:54.519  1451 10291 W qdgralloc: getInterlacedFlag: getMetaData returned 3, defaulting to interlaced_flag = 0
02-13 01:18:54.534 10162 10269 D PipelineWatcher: onInputBufferReleased: frameIndex not found (73700); ignored
02-13 01:18:54.536  1451 10291 W qdgralloc: getInterlacedFlag: getMetaData returned 3, defaulting to interlaced_flag = 0
02-13 01:18:54.537  1451 10291 W qdgralloc: getInterlacedFlag: getMetaData returned 3, defaulting to interlaced_flag = 0
02-13 01:18:54.550  1336  8837 I sensors-hal: handle_sns_client_event:49, ambient_light_event: ts=706694650451355, event=0.000000
02-13 01:18:54.551 10162 10269 D PipelineWatcher: onInputBufferReleased: frameIndex not found (73701); ignored
02-13 01:18:54.555  1451 10291 W qdgralloc: getInterlacedFlag: getMetaData returned 3, defaulting to interlaced_flag = 0
02-13 01:18:54.555  1451 10291 W qdgralloc: getInterlacedFlag: getMetaData returned 3, defaulting to interlaced_flag = 0
02-13 01:18:54.571 10162 10269 D PipelineWatcher: onInputBufferReleased: frameIndex not found (73702); ignored
02-13 01:18:54.574  1451 10291 W qdgralloc: getInterlacedFlag: getMetaData returned 3, defaulting to interlaced_flag = 0
02-13 01:18:54.575  1451 10291 W qdgralloc: getInterlacedFlag: getMetaData returned 3, defaulting to interlaced_flag = 0
02-13 01:18:54.590 10162 10269 D PipelineWatcher: onInputBufferReleased: frameIndex not found (73703); ignored
02-13 01:18:54.594  1451 10291 W qdgralloc: getInterlacedFlag: getMetaData returned 3, defaulting to interlaced_flag = 0
02-13 01:18:54.594  1451 10291 W qdgralloc: getInterlacedFlag: getMetaData returned 3, defaulting to interlaced_flag = 0
02-13 01:18:54.606  1323  3855 I vendor.qti.bluetooth@1.0-ibs_handler: ProcessIbsCmd: Received IBS_SLEEP_IND: 0xFE
02-13 01:18:54.607  1323  3855 D vendor.qti.bluetooth@1.0-ibs_handler: SerialClockVote: vote for UART CLK OFF
02-13 01:18:54.627 10162 10269 D PipelineWatcher: onInputBufferReleased: frameIndex not found (73704); ignored
02-13 01:18:54.631  1451 10291 W qdgralloc: getInterlacedFlag: getMetaData returned 3, defaulting to interlaced_flag = 0
02-13 01:18:54.632  1451 10291 W qdgralloc: getInterlacedFlag: getMetaData returned 3, defaulting to interlaced_flag = 0
02-13 01:18:54.650  1336  8837 I sensors-hal: handle_sns_client_event:49, ambient_light_event: ts=706694750437865, event=0.000000
02-13 01:18:54.668  1451 10291 W qdgralloc: getInterlacedFlag: getMetaData returned 3, defaulting to interlaced_flag = 0
02-13 01:18:54.669  1451 10291 W qdgralloc: getInterlacedFlag: getMetaData returned 3, defaulting to interlaced_flag = 0
02-13 01:18:54.682 10162 10269 D PipelineWatcher: onInputBufferReleased: frameIndex not found (73707); ignored
02-13 01:18:54.686  1451 10291 W qdgralloc: getInterlacedFlag: getMetaData returned 3, defaulting to interlaced_flag = 0
02-13 01:18:54.686  1451 10291 W qdgralloc: getInterlacedFlag: getMetaData returned 3, defaulting to interlaced_flag = 0
02-13 01:18:54.702 10162 10269 D PipelineWatcher: onInputBufferReleased: frameIndex not found (73708); ignored
02-13 01:18:54.705  1451 10291 W qdgralloc: getInterlacedFlag: getMetaData returned 3, defaulting to interlaced_flag = 0
02-13 01:18:54.706  1451 10291 W qdgralloc: getInterlacedFlag: getMetaData returned 3, defaulting to interlaced_flag = 0
02-13 01:18:54.721 10162 10269 D PipelineWatcher: onInputBufferReleased: frameIndex not found (73709); ignored
02-13 01:18:54.724  1451 10291 W qdgralloc: getInterlacedFlag: getMetaData returned 3, defaulting to interlaced_flag = 0
02-13 01:18:54.725  1451 10291 W qdgralloc: getInterlacedFlag: getMetaData returned 3, defaulting to interlaced_flag = 0
02-13 01:18:54.743  1451 10291 W qdgralloc: getInterlacedFlag: getMetaData returned 3, defaulting to interlaced_flag = 0
02-13 01:18:54.744  1451 10291 W qdgralloc: getInterlacedFlag: getMetaData returned 3, defaulting to interlaced_flag = 0
02-13 01:18:54.750  1336  8837 I sensors-hal: handle_sns_client_event:49, ambient_light_event: ts=706694850454636, event=0.000000
02-13 01:18:54.757  1323  3698 D vendor.qti.bluetooth@1.0-wake_lock: Release wakelock is released 
02-13 01:18:54.775 10162 10269 D PipelineWatcher: onInputBufferReleased: frameIndex not found (73711); ignored
02-13 01:18:54.781  1451 10291 W qdgralloc: getInterlacedFlag: getMetaData returned 3, defaulting to interlaced_flag = 0
02-13 01:18:54.782  1451 10291 W qdgralloc: getInterlacedFlag: getMetaData returned 3, defaulting to interlaced_flag = 0
02-13 01:18:54.796 10162 10269 D PipelineWatcher: onInputBufferReleased: frameIndex not found (73712); ignored
02-13 01:18:54.801  1451 10291 W qdgralloc: getInterlacedFlag: getMetaData returned 3, defaulting to interlaced_flag = 0
02-13 01:18:54.802  1451 10291 W qdgralloc: getInterlacedFlag: getMetaData returned 3, defaulting to interlaced_flag = 0
02-13 01:18:54.815 10162 10269 D PipelineWatcher: onInputBufferReleased: frameIndex not found (73713); ignored
02-13 01:18:54.820  1451 10291 W qdgralloc: getInterlacedFlag: getMetaData returned 3, defaulting to interlaced_flag = 0
02-13 01:18:54.821  1451 10291 W qdgralloc: getInterlacedFlag: getMetaData returned 3, defaulting to interlaced_flag = 0
02-13 01:18:54.838  1451 10291 W qdgralloc: getInterlacedFlag: getMetaData returned 3, defaulting to interlaced_flag = 0
02-13 01:18:54.839  1451 10291 W qdgralloc: getInterlacedFlag: getMetaData returned 3, defaulting to interlaced_flag = 0
02-13 01:18:54.850  1336  8837 I sensors-hal: handle_sns_client_event:49, ambient_light_event: ts=706694950441667, event=0.000000
02-13 01:18:54.860  1451 10291 W qdgralloc: getInterlacedFlag: getMetaData returned 3, defaulting to interlaced_flag = 0
02-13 01:18:54.861  1451 10291 W qdgralloc: getInterlacedFlag: getMetaData returned 3, defaulting to interlaced_flag = 0
02-13 01:18:54.892 10162 10269 D PipelineWatcher: onInputBufferReleased: frameIndex not found (73715); ignored
02-13 01:18:54.897  1451 10291 W qdgralloc: getInterlacedFlag: getMetaData returned 3, defaulting to interlaced_flag = 0
02-13 01:18:54.898  1451 10291 W qdgralloc: getInterlacedFlag: getMetaData returned 3, defaulting to interlaced_flag = 0
02-13 01:18:54.906  1868 10272 D BufferPoolAccessor2.0: bufferpool2 0xb400006f62c01e28 : 5(13500 size) total buffers - 1(3000 size) used buffers - 967582/967587 (recycle/alloc) - 14/967585 (fetch/transfer)
02-13 01:18:54.928 10162 10269 D PipelineWatcher: onInputBufferReleased: frameIndex not found (73716); ignored
02-13 01:18:54.933  1451 10291 W qdgralloc: getInterlacedFlag: getMetaData returned 3, defaulting to interlaced_flag = 0
02-13 01:18:54.934  1451 10291 W qdgralloc: getInterlacedFlag: getMetaData returned 3, defaulting to interlaced_flag = 0
02-13 01:18:54.946 10162 10269 D PipelineWatcher: onInputBufferReleased: frameIndex not found (73717); ignored
02-13 01:18:54.950  1336  8837 I sensors-hal: handle_sns_client_event:49, ambient_light_event: ts=706695050458751, event=0.000000
02-13 01:18:54.951  1451 10291 W qdgralloc: getInterlacedFlag: getMetaData returned 3, defaulting to interlaced_flag = 0
02-13 01:18:54.952  1451 10291 W qdgralloc: getInterlacedFlag: getMetaData returned 3, defaulting to interlaced_flag = 0
02-13 01:18:54.967 10162 10269 D PipelineWatcher: onInputBufferReleased: frameIndex not found (73718); ignored
02-13 01:18:54.971  1451 10291 W qdgralloc: getInterlacedFlag: getMetaData returned 3, defaulting to interlaced_flag = 0
02-13 01:18:54.972  1451 10291 W qdgralloc: getInterlacedFlag: getMetaData returned 3, defaulting to interlaced_flag = 0
02-13 01:18:54.989 10162 10269 D PipelineWatcher: onInputBufferReleased: frameIndex not found (73719); ignored
02-13 01:18:54.995  1451 10291 W qdgralloc: getInterlacedFlag: getMetaData returned 3, defaulting to interlaced_flag = 0
02-13 01:18:54.996  1451 10291 W qdgralloc: getInterlacedFlag: getMetaData returned 3, defaulting to interlaced_flag = 0
02-13 01:18:55.026 10162 10269 D PipelineWatcher: onInputBufferReleased: frameIndex not found (73720); ignored
02-13 01:18:55.030  1451 10291 W qdgralloc: getInterlacedFlag: getMetaData returned 3, defaulting to interlaced_flag = 0
02-13 01:18:55.031  1451 10291 W qdgralloc: getInterlacedFlag: getMetaData returned 3, defaulting to interlaced_flag = 0
02-13 01:18:55.050  1336  8837 I sensors-hal: handle_sns_client_event:49, ambient_light_event: ts=706695150443907, event=0.000000
02-13 01:18:55.062 10162 10269 D PipelineWatcher: onInputBufferReleased: frameIndex not found (73721); ignored
02-13 01:18:55.068  1451 10291 W qdgralloc: getInterlacedFlag: getMetaData returned 3, defaulting to interlaced_flag = 0
02-13 01:18:55.069  1451 10291 W qdgralloc: getInterlacedFlag: getMetaData returned 3, defaulting to interlaced_flag = 0
02-13 01:18:55.084 10162 10269 D PipelineWatcher: onInputBufferReleased: frameIndex not found (73722); ignored
02-13 01:18:55.087  1451 10291 W qdgralloc: getInterlacedFlag: getMetaData returned 3, defaulting to interlaced_flag = 0
02-13 01:18:55.087  1451 10291 W qdgralloc: getInterlacedFlag: getMetaData returned 3, defaulting to interlaced_flag = 0
02-13 01:18:55.102 10162 10269 D PipelineWatcher: onInputBufferReleased: frameIndex not found (73723); ignored
02-13 01:18:55.108  1451 10291 W qdgralloc: getInterlacedFlag: getMetaData returned 3, defaulting to interlaced_flag = 0
02-13 01:18:55.108  1451 10291 W qdgralloc: getInterlacedFlag: getMetaData returned 3, defaulting to interlaced_flag = 0
02-13 01:18:55.117  1455  1455 E sehhealth-service: sehtBinder.get() is null
02-13 01:18:55.123 10162 10269 D PipelineWatcher: onInputBufferReleased: frameIndex not found (73724); ignored
02-13 01:18:55.127  1451 10291 W qdgralloc: getInterlacedFlag: getMetaData returned 3, defaulting to interlaced_flag = 0
02-13 01:18:55.127  1451 10291 W qdgralloc: getInterlacedFlag: getMetaData returned 3, defaulting to interlaced_flag = 0
02-13 01:18:55.139  3159 21719 W AlarmManager: Unrecognized alarm listener com.android.networkstack.android.net.ip.IpClientLinkObserver$Dhcp6PdPreferredPrefixAlarmListener@dcb4e71
02-13 01:18:55.140  3159 21719 D ApfFilter: (wlan0): Ignoring RA RA fe80::deeb:69ff:fe6d:f19e -> ff02::1 180s 2600:8800:2918:cb00::/64 300s/300s RIO 180s ::/0  which matches RA fe80::deeb:69ff:fe6d:f19e -> ff02::1 180s 2600:8800:2918:cb00::/64 300s/300s RIO 180s ::/0 
02-13 01:18:55.145  1451 10291 W qdgralloc: getInterlacedFlag: getMetaData returned 3, defaulting to interlaced_flag = 0
02-13 01:18:55.145  1451 10291 W qdgralloc: getInterlacedFlag: getMetaData returned 3, defaulting to interlaced_flag = 0
02-13 01:18:55.150  1336  8837 I sensors-hal: handle_sns_client_event:49, ambient_light_event: ts=706695250429636, event=0.000000
02-13 01:18:55.160 10162 10269 D PipelineWatcher: onInputBufferReleased: frameIndex not found (73726); ignored
02-13 01:18:55.164  1451 10291 W qdgralloc: getInterlacedFlag: getMetaData returned 3, defaulting to interlaced_flag = 0
02-13 01:18:55.164  1451 10291 W qdgralloc: getInterlacedFlag: getMetaData returned 3, defaulting to interlaced_flag = 0
02-13 01:18:55.195  1451 10291 I QC2Comp : [avcE_270] Stats: Pending(9) i/p-done(0) Works: Q: 73736/Done 73727|Work-Rate: Q(39.4/s Avg=3.8/s) Done(39.164/s Avg=3.810/s)| Stream: 67.87fps 11.3Mbps
02-13 01:18:55.195  1451 10291 I QC2Comp : [avcE_270] Mem-usage:  [In-2D: 18 bufs 140.625 MB] [2D-Conv-436: 65 bufs 152.344 MB] [1D-435: 65 bufs 152.344 MB] [1D-437: 12 bufs 0.188 MB] | Total: 445.500 MB
02-13 01:18:55.196 10162 10269 D PipelineWatcher: onInputBufferReleased: frameIndex not found (73727); ignored
02-13 01:18:55.201  1451 10291 W qdgralloc: getInterlacedFlag: getMetaData returned 3, defaulting to interlaced_flag = 0
02-13 01:18:55.202  1451 10291 W qdgralloc: getInterlacedFlag: getMetaData returned 3, defaulting to interlaced_flag = 0
02-13 01:18:55.220  1451 10291 W qdgralloc: getInterlacedFlag: getMetaData returned 3, defaulting to interlaced_flag = 0
02-13 01:18:55.221  1451 10291 W qdgralloc: getInterlacedFlag: getMetaData returned 3, defaulting to interlaced_flag = 0
02-13 01:18:55.240 10162 10269 D PipelineWatcher: onInputBufferReleased: frameIndex not found (73729); ignored
02-13 01:18:55.246  1451 10291 W qdgralloc: getInterlacedFlag: getMetaData returned 3, defaulting to interlaced_flag = 0
02-13 01:18:55.247  1451 10291 W qdgralloc: getInterlacedFlag: getMetaData returned 3, defaulting to interlaced_flag = 0
02-13 01:18:55.250  1336  8837 I sensors-hal: handle_sns_client_event:49, ambient_light_event: ts=706695350447449, event=0.000000
02-13 01:18:55.277 10162 10269 D PipelineWatcher: onInputBufferReleased: frameIndex not found (73730); ignored
02-13 01:18:55.282  1451 10291 W qdgralloc: getInterlacedFlag: getMetaData returned 3, defaulting to interlaced_flag = 0
02-13 01:18:55.283  1451 10291 W qdgralloc: getInterlacedFlag: getMetaData returned 3, defaulting to interlaced_flag = 0
02-13 01:18:55.311 10162 10269 D PipelineWatcher: onInputBufferReleased: frameIndex not found (73731); ignored
02-13 01:18:55.316  1451 10291 W qdgralloc: getInterlacedFlag: getMetaData returned 3, defaulting to interlaced_flag = 0
02-13 01:18:55.317  1451 10291 W qdgralloc: getInterlacedFlag: getMetaData returned 3, defaulting to interlaced_flag = 0
02-13 01:18:55.338  1451 10291 W qdgralloc: getInterlacedFlag: getMetaData returned 3, defaulting to interlaced_flag = 0
02-13 01:18:55.339  1451 10291 W qdgralloc: getInterlacedFlag: getMetaData returned 3, defaulting to interlaced_flag = 0
02-13 01:18:55.350  1336  8837 I sensors-hal: handle_sns_client_event:49, ambient_light_event: ts=706695450433699, event=0.000000
02-13 01:18:55.354 10162 10269 D PipelineWatcher: onInputBufferReleased: frameIndex not found (73734); ignored
02-13 01:18:55.357  1451 10291 W qdgralloc: getInterlacedFlag: getMetaData returned 3, defaulting to interlaced_flag = 0
02-13 01:18:55.358  1451 10291 W qdgralloc: getInterlacedFlag: getMetaData returned 3, defaulting to interlaced_flag = 0
02-13 01:18:55.391 10162 10269 D PipelineWatcher: onInputBufferReleased: frameIndex not found (73735); ignored
02-13 01:18:55.394  1451 10291 W qdgralloc: getInterlacedFlag: getMetaData returned 3, defaulting to interlaced_flag = 0
02-13 01:18:55.395  1451 10291 W qdgralloc: getInterlacedFlag: getMetaData returned 3, defaulting to interlaced_flag = 0
02-13 01:18:55.431  1451 10291 W qdgralloc: getInterlacedFlag: getMetaData returned 3, defaulting to interlaced_flag = 0
02-13 01:18:55.432  1451 10291 W qdgralloc: getInterlacedFlag: getMetaData returned 3, defaulting to interlaced_flag = 0
02-13 01:18:55.447 10162 10269 D PipelineWatcher: onInputBufferReleased: frameIndex not found (73736); ignored
02-13 01:18:55.451  1336  8837 I sensors-hal: handle_sns_client_event:49, ambient_light_event: ts=706695550449688, event=0.000000
02-13 01:18:55.453  1451 10291 W qdgralloc: getInterlacedFlag: getMetaData returned 3, defaulting to interlaced_flag = 0
02-13 01:18:55.454  1451 10291 W qdgralloc: getInterlacedFlag: getMetaData returned 3, defaulting to interlaced_flag = 0
02-13 01:18:55.467 10162 10269 D PipelineWatcher: onInputBufferReleased: frameIndex not found (73737); ignored
02-13 01:18:55.471  1451 10291 W qdgralloc: getInterlacedFlag: getMetaData returned 3, defaulting to interlaced_flag = 0
02-13 01:18:55.472  1451 10291 W qdgralloc: getInterlacedFlag: getMetaData returned 3, defaulting to interlaced_flag = 0
02-13 01:18:55.492  1451 10291 W qdgralloc: getInterlacedFlag: getMetaData returned 3, defaulting to interlaced_flag = 0
02-13 01:18:55.492  1451 10291 W qdgralloc: getInterlacedFlag: getMetaData returned 3, defaulting to interlaced_flag = 0
02-13 01:18:55.501 10162 10263 D BufferPoolAccessor2.0: bufferpool2 0xb400007780129428 : 5(19200 size) total buffers - 4(15360 size) used buffers - 967614/967619 (recycle/alloc) - 2101/1935229 (fetch/transfer)
02-13 01:18:55.525 10162 10269 D PipelineWatcher: onInputBufferReleased: frameIndex not found (73739); ignored
02-13 01:18:55.532  1451 10291 W qdgralloc: getInterlacedFlag: getMetaData returned 3, defaulting to interlaced_flag = 0
02-13 01:18:55.533  1451 10291 W qdgralloc: getInterlacedFlag: getMetaData returned 3, defaulting to interlaced_flag = 0
02-13 01:18:55.550  1336  8837 I sensors-hal: handle_sns_client_event:49, ambient_light_event: ts=706695650436199, event=0.000000
02-13 01:18:55.564  1451 10291 W qdgralloc: getInterlacedFlag: getMetaData returned 3, defaulting to interlaced_flag = 0
02-13 01:18:55.566  1451 10291 W qdgralloc: getInterlacedFlag: getMetaData returned 3, defaulting to interlaced_flag = 0
02-13 01:18:55.587 10162 10269 D PipelineWatcher: onInputBufferReleased: frameIndex not found (73740); ignored
02-13 01:18:55.593  1451 10291 W qdgralloc: getInterlacedFlag: getMetaData returned 3, defaulting to interlaced_flag = 0
02-13 01:18:55.594  1451 10291 W qdgralloc: getInterlacedFlag: getMetaData returned 3, defaulting to interlaced_flag = 0
02-13 01:18:55.608 10162 10269 D PipelineWatcher: onInputBufferReleased: frameIndex not found (73741); ignored
02-13 01:18:55.613  1451 10291 W qdgralloc: getInterlacedFlag: getMetaData returned 3, defaulting to interlaced_flag = 0
02-13 01:18:55.614  1451 10291 W qdgralloc: getInterlacedFlag: getMetaData returned 3, defaulting to interlaced_flag = 0
02-13 01:18:55.636 10162 10269 D PipelineWatcher: onInputBufferReleased: frameIndex not found (73742); ignored
02-13 01:18:55.640  1451 10291 W qdgralloc: getInterlacedFlag: getMetaData returned 3, defaulting to interlaced_flag = 0
02-13 01:18:55.641  1451 10291 W qdgralloc: getInterlacedFlag: getMetaData returned 3, defaulting to interlaced_flag = 0
02-13 01:18:55.650  1336  8837 I sensors-hal: handle_sns_client_event:49, ambient_light_event: ts=706695750452969, event=0.000000
02-13 01:18:55.672 10162 10269 D PipelineWatcher: onInputBufferReleased: frameIndex not found (73744); ignored
02-13 01:18:55.677  1451 10291 W qdgralloc: getInterlacedFlag: getMetaData returned 3, defaulting to interlaced_flag = 0
02-13 01:18:55.678  1451 10291 W qdgralloc: getInterlacedFlag: getMetaData returned 3, defaulting to interlaced_flag = 0
02-13 01:18:55.692 10162 10269 D PipelineWatcher: onInputBufferReleased: frameIndex not found (73745); ignored
02-13 01:18:55.697  1451 10291 W qdgralloc: getInterlacedFlag: getMetaData returned 3, defaulting to interlaced_flag = 0
02-13 01:18:55.698  1451 10291 W qdgralloc: getInterlacedFlag: getMetaData returned 3, defaulting to interlaced_flag = 0
02-13 01:18:55.728 10162 10269 D PipelineWatcher: onInputBufferReleased: frameIndex not found (73746); ignored
02-13 01:18:55.732  1451 10291 W qdgralloc: getInterlacedFlag: getMetaData returned 3, defaulting to interlaced_flag = 0
02-13 01:18:55.734  1451 10291 W qdgralloc: getInterlacedFlag: getMetaData returned 3, defaulting to interlaced_flag = 0
02-13 01:18:55.750  1336  8837 I sensors-hal: handle_sns_client_event:49, ambient_light_event: ts=706695850438699, event=0.000000
02-13 01:18:55.763 10162 10269 D PipelineWatcher: onInputBufferReleased: frameIndex not found (73747); ignored
02-13 01:18:55.768  1451 10291 W qdgralloc: getInterlacedFlag: getMetaData returned 3, defaulting to interlaced_flag = 0
02-13 01:18:55.769  1451 10291 W qdgralloc: getInterlacedFlag: getMetaData returned 3, defaulting to interlaced_flag = 0
02-13 01:18:55.783 10162 10269 D PipelineWatcher: onInputBufferReleased: frameIndex not found (73749); ignored
02-13 01:18:55.788  1451 10291 W qdgralloc: getInterlacedFlag: getMetaData returned 3, defaulting to interlaced_flag = 0
02-13 01:18:55.790  1451 10291 W qdgralloc: getInterlacedFlag: getMetaData returned 3, defaulting to interlaced_flag = 0
02-13 01:18:55.810  1451 10291 W qdgralloc: getInterlacedFlag: getMetaData returned 3, defaulting to interlaced_flag = 0
02-13 01:18:55.811  1451 10291 W qdgralloc: getInterlacedFlag: getMetaData returned 3, defaulting to interlaced_flag = 0
02-13 01:18:55.812 10162 10269 D PipelineWatcher: onInputBufferReleased: frameIndex not found (73750); ignored
02-13 01:18:55.841 10162 10269 D PipelineWatcher: onInputBufferReleased: frameIndex not found (73751); ignored
02-13 01:18:55.846  1451 10291 W qdgralloc: getInterlacedFlag: getMetaData returned 3, defaulting to interlaced_flag = 0
02-13 01:18:55.847  1451 10291 W qdgralloc: getInterlacedFlag: getMetaData returned 3, defaulting to interlaced_flag = 0
02-13 01:18:55.850  1336  8837 I sensors-hal: handle_sns_client_event:49, ambient_light_event: ts=706695950456772, event=0.000000
02-13 01:18:55.878  1455  1455 E sehhealth-service: sehtBinder.get() is null
02-13 01:18:55.883  1451 10291 W qdgralloc: getInterlacedFlag: getMetaData returned 3, defaulting to interlaced_flag = 0
02-13 01:18:55.883  1455  1455 E sehhealth-service: sehtBinder.get() is null
02-13 01:18:55.884  1451 10291 W qdgralloc: getInterlacedFlag: getMetaData returned 3, defaulting to interlaced_flag = 0
02-13 01:18:55.887  1455  1455 E sehhealth-service: sehtBinder.get() is null
02-13 01:18:55.890  1455  1455 E sehhealth-service: sehtBinder.get() is null
02-13 01:18:55.897 10162 10269 D PipelineWatcher: onInputBufferReleased: frameIndex not found (73752); ignored
02-13 01:18:55.900  1451 10291 W qdgralloc: getInterlacedFlag: getMetaData returned 3, defaulting to interlaced_flag = 0
02-13 01:18:55.900  1451 10291 W qdgralloc: getInterlacedFlag: getMetaData returned 3, defaulting to interlaced_flag = 0
02-13 01:18:55.903  2407 21843 D SemWifiUsabilityStatsMonitor: onWifiUsabilityStats - seqNum 182383, isSameBssidAndFreq true
02-13 01:18:55.915 10162 10269 D PipelineWatcher: onInputBufferReleased: frameIndex not found (73753); ignored
02-13 01:18:55.919  1451 10291 W qdgralloc: getInterlacedFlag: getMetaData returned 3, defaulting to interlaced_flag = 0
02-13 01:18:55.919  1451 10291 W qdgralloc: getInterlacedFlag: getMetaData returned 3, defaulting to interlaced_flag = 0
02-13 01:18:55.935 10162 10269 D PipelineWatcher: onInputBufferReleased: frameIndex not found (73754); ignored
02-13 01:18:55.938  1451 10291 W qdgralloc: getInterlacedFlag: getMetaData returned 3, defaulting to interlaced_flag = 0
02-13 01:18:55.939  1451 10291 W qdgralloc: getInterlacedFlag: getMetaData returned 3, defaulting to interlaced_flag = 0
02-13 01:18:55.950  1336  8837 I sensors-hal: handle_sns_client_event:49, ambient_light_event: ts=706696050442240, event=0.000000
02-13 01:18:55.971 10162 10269 D PipelineWatcher: onInputBufferReleased: frameIndex not found (73755); ignored
02-13 01:18:55.976  1451 10291 W qdgralloc: getInterlacedFlag: getMetaData returned 3, defaulting to interlaced_flag = 0
02-13 01:18:55.977  1451 10291 W qdgralloc: getInterlacedFlag: getMetaData returned 3, defaulting to interlaced_flag = 0
02-13 01:18:56.014  1451 10291 W qdgralloc: getInterlacedFlag: getMetaData returned 3, defaulting to interlaced_flag = 0
02-13 01:18:56.016  1451 10291 W qdgralloc: getInterlacedFlag: getMetaData returned 3, defaulting to interlaced_flag = 0
02-13 01:18:56.045 10162 10269 D PipelineWatcher: onInputBufferReleased: frameIndex not found (73756); ignored
02-13 01:18:56.050  1336  8837 I sensors-hal: handle_sns_client_event:49, ambient_light_event: ts=706696150428490, event=0.000000
02-13 01:18:56.050  1451 10291 W qdgralloc: getInterlacedFlag: getMetaData returned 3, defaulting to interlaced_flag = 0
02-13 01:18:56.051  1451 10291 W qdgralloc: getInterlacedFlag: getMetaData returned 3, defaulting to interlaced_flag = 0
02-13 01:18:56.066 10162 10269 D PipelineWatcher: onInputBufferReleased: frameIndex not found (73757); ignored
02-13 01:18:56.068  1451 10291 W qdgralloc: getInterlacedFlag: getMetaData returned 3, defaulting to interlaced_flag = 0
02-13 01:18:56.069  1451 10291 W qdgralloc: getInterlacedFlag: getMetaData returned 3, defaulting to interlaced_flag = 0
02-13 01:18:56.083 10162 10269 D PipelineWatcher: onInputBufferReleased: frameIndex not found (73759); ignored
02-13 01:18:56.086  1451 10291 W qdgralloc: getInterlacedFlag: getMetaData returned 3, defaulting to interlaced_flag = 0
02-13 01:18:56.087  1451 10291 W qdgralloc: getInterlacedFlag: getMetaData returned 3, defaulting to interlaced_flag = 0
02-13 01:18:56.101  1451 10291 D BufferPoolAccessor2.0: bufferpool2 0xb4000075f03dca28 : 14(34406400 size) total buffers - 12(29491200 size) used buffers - 72901/73771 (recycle/alloc) - 3407/73760 (fetch/transfer)
02-13 01:18:56.102 10162 10269 D PipelineWatcher: onInputBufferReleased: frameIndex not found (73760); ignored
02-13 01:18:56.105  1451 10291 W qdgralloc: getInterlacedFlag: getMetaData returned 3, defaulting to interlaced_flag = 0
02-13 01:18:56.106  1451 10291 W qdgralloc: getInterlacedFlag: getMetaData returned 3, defaulting to interlaced_flag = 0
02-13 01:18:56.124 10162 10269 D PipelineWatcher: onInputBufferReleased: frameIndex not found (73761); ignored
02-13 01:18:56.127  1451 10291 W qdgralloc: getInterlacedFlag: getMetaData returned 3, defaulting to interlaced_flag = 0
02-13 01:18:56.128  1451 10291 W qdgralloc: getInterlacedFlag: getMetaData returned 3, defaulting to interlaced_flag = 0
02-13 01:18:56.150  1336  8837 I sensors-hal: handle_sns_client_event:49, ambient_light_event: ts=706696250445001, event=0.000000
02-13 01:18:56.165  1451 10291 W qdgralloc: getInterlacedFlag: getMetaData returned 3, defaulting to interlaced_flag = 0
02-13 01:18:56.166  1451 10291 W qdgralloc: getInterlacedFlag: getMetaData returned 3, defaulting to interlaced_flag = 0
02-13 01:18:56.193 10162 10269 D PipelineWatcher: onInputBufferReleased: frameIndex not found (73764); ignored
02-13 01:18:56.197  1451 10291 W qdgralloc: getInterlacedFlag: getMetaData returned 3, defaulting to interlaced_flag = 0
02-13 01:18:56.198  1451 10291 W qdgralloc: getInterlacedFlag: getMetaData returned 3, defaulting to interlaced_flag = 0
02-13 01:18:56.217  1451 10291 W qdgralloc: getInterlacedFlag: getMetaData returned 3, defaulting to interlaced_flag = 0
02-13 01:18:56.218  1451 10291 W qdgralloc: getInterlacedFlag: getMetaData returned 3, defaulting to interlaced_flag = 0
02-13 01:18:56.231 10162 10269 D PipelineWatcher: onInputBufferReleased: frameIndex not found (73766); ignored
02-13 01:18:56.234  1451 10291 W qdgralloc: getInterlacedFlag: getMetaData returned 3, defaulting to interlaced_flag = 0
02-13 01:18:56.235  1451 10291 W qdgralloc: getInterlacedFlag: getMetaData returned 3, defaulting to interlaced_flag = 0
02-13 01:18:56.250  1336  8837 I sensors-hal: handle_sns_client_event:49, ambient_light_event: ts=706696350431511, event=0.000000
02-13 01:18:56.257  1451 10291 W qdgralloc: getInterlacedFlag: getMetaData returned 3, defaulting to interlaced_flag = 0
02-13 01:18:56.258  1451 10291 W qdgralloc: getInterlacedFlag: getMetaData returned 3, defaulting to interlaced_flag = 0
02-13 01:18:56.271 10162 10269 D PipelineWatcher: onInputBufferReleased: frameIndex not found (73768); ignored
02-13 01:18:56.276  1451 10291 W qdgralloc: getInterlacedFlag: getMetaData returned 3, defaulting to interlaced_flag = 0
02-13 01:18:56.277  1451 10291 W qdgralloc: getInterlacedFlag: getMetaData returned 3, defaulting to interlaced_flag = 0
02-13 01:18:56.307 10162 10269 D PipelineWatcher: onInputBufferReleased: frameIndex not found (73769); ignored
02-13 01:18:56.311  1451 10291 W qdgralloc: getInterlacedFlag: getMetaData returned 3, defaulting to interlaced_flag = 0
02-13 01:18:56.311  1451 10291 W qdgralloc: getInterlacedFlag: getMetaData returned 3, defaulting to interlaced_flag = 0
02-13 01:18:56.343 10162 10269 D PipelineWatcher: onInputBufferReleased: frameIndex not found (73770); ignored
02-13 01:18:56.348  1451 10291 W qdgralloc: getInterlacedFlag: getMetaData returned 3, defaulting to interlaced_flag = 0
02-13 01:18:56.349  1451 10291 W qdgralloc: getInterlacedFlag: getMetaData returned 3, defaulting to interlaced_flag = 0
02-13 01:18:56.350  1336  8837 I sensors-hal: handle_sns_client_event:49, ambient_light_event: ts=706696450448282, event=0.000000
02-13 01:18:56.358  1323  3855 I vendor.qti.bluetooth@1.0-ibs_handler: ProcessIbsCmd: Received IBS_WAKE_IND: 0xFD
02-13 01:18:56.358  1323  3855 D vendor.qti.bluetooth@1.0-ibs_handler: SerialClockVote: vote for UART CLK ON
02-13 01:18:56.358  1323  3855 D vendor.qti.bluetooth@1.0-wake_lock: Acquire wakelock is acquired 
02-13 01:18:56.358  1323  3855 I vendor.qti.bluetooth@1.0-ibs_handler: ProcessIbsCmd: Writing IBS_WAKE_ACK
02-13 01:18:56.363 10162 10269 D PipelineWatcher: onInputBufferReleased: frameIndex not found (73771); ignored
02-13 01:18:56.367  1451 10291 W qdgralloc: getInterlacedFlag: getMetaData returned 3, defaulting to interlaced_flag = 0
02-13 01:18:56.367  1451 10291 W qdgralloc: getInterlacedFlag: getMetaData returned 3, defaulting to interlaced_flag = 0
02-13 01:18:56.392   984   984 D io_stats: !@   8,0 r 148599496 2440851308 w 8338251 308249220 d 1228116 393908564 f 587213 1843571 iot 29055488 0 th 0 0 0 pt 0 inp 0 0 691930.879
02-13 01:18:56.393  1451 10291 W qdgralloc: getInterlacedFlag: getMetaData returned 3, defaulting to interlaced_flag = 0
02-13 01:18:56.394  1451 10291 W qdgralloc: getInterlacedFlag: getMetaData returned 3, defaulting to interlaced_flag = 0
02-13 01:18:56.399  1323  3855 I vendor.qti.bluetooth@1.0-ibs_handler: ProcessIbsCmd: Received IBS_SLEEP_IND: 0xFE
02-13 01:18:56.399  1323  3855 D vendor.qti.bluetooth@1.0-ibs_handler: SerialClockVote: vote for UART CLK OFF
02-13 01:18:56.400  1323  3855 I vendor.qti.bluetooth@1.0-ibs_handler: ProcessIbsCmd: Received IBS_WAKE_IND: 0xFD
02-13 01:18:56.400  1323  3855 D vendor.qti.bluetooth@1.0-ibs_handler: SerialClockVote: vote for UART CLK ON
02-13 01:18:56.400  1323  3855 I vendor.qti.bluetooth@1.0-ibs_handler: ProcessIbsCmd: Writing IBS_WAKE_ACK
02-13 01:18:56.408 10162 10269 D PipelineWatcher: onInputBufferReleased: frameIndex not found (73772); ignored
02-13 01:18:56.413  1451 10291 W qdgralloc: getInterlacedFlag: getMetaData returned 3, defaulting to interlaced_flag = 0
02-13 01:18:56.414  1451 10291 W qdgralloc: getInterlacedFlag: getMetaData returned 3, defaulting to interlaced_flag = 0
02-13 01:18:56.441  1323  3855 I vendor.qti.bluetooth@1.0-ibs_handler: ProcessIbsCmd: Received IBS_SLEEP_IND: 0xFE
02-13 01:18:56.442  1323  3855 D vendor.qti.bluetooth@1.0-ibs_handler: SerialClockVote: vote for UART CLK OFF
02-13 01:18:56.444 10162 10269 D PipelineWatcher: onInputBufferReleased: frameIndex not found (73774); ignored
02-13 01:18:56.450  1336  8837 I sensors-hal: handle_sns_client_event:49, ambient_light_event: ts=706696550434532, event=0.000000
02-13 01:18:56.450  1451 10291 W qdgralloc: getInterlacedFlag: getMetaData returned 3, defaulting to interlaced_flag = 0
02-13 01:18:56.451  1451 10291 W qdgralloc: getInterlacedFlag: getMetaData returned 3, defaulting to interlaced_flag = 0
02-13 01:18:56.464  1323  3855 I vendor.qti.bluetooth@1.0-ibs_handler: ProcessIbsCmd: Received IBS_WAKE_IND: 0xFD
02-13 01:18:56.464  1323  3855 D vendor.qti.bluetooth@1.0-ibs_handler: SerialClockVote: vote for UART CLK ON
02-13 01:18:56.464  1323  3855 I vendor.qti.bluetooth@1.0-ibs_handler: ProcessIbsCmd: Writing IBS_WAKE_ACK
02-13 01:18:56.479 10162 10269 D PipelineWatcher: onInputBufferReleased: frameIndex not found (73775); ignored
02-13 01:18:56.483  1451 10291 W qdgralloc: getInterlacedFlag: getMetaData returned 3, defaulting to interlaced_flag = 0
02-13 01:18:56.484  1451 10291 W qdgralloc: getInterlacedFlag: getMetaData returned 3, defaulting to interlaced_flag = 0
02-13 01:18:56.503  1451 10291 W qdgralloc: getInterlacedFlag: getMetaData returned 3, defaulting to interlaced_flag = 0
02-13 01:18:56.504  1451 10291 W qdgralloc: getInterlacedFlag: getMetaData returned 3, defaulting to interlaced_flag = 0
02-13 01:18:56.514  3350  3876 I ScanController: onScanResult to scannerId: 6- eventType=0x1b, addressType=1, address=XX:XX:XX:XX:40:95, primaryPhy=1, secondaryPhy=0, advertisingSid=0xff, txPower=127, rssi=-88, periodicAdvInt=0x0
02-13 01:18:56.516  4713 28014 I NearbyPresence: [NP_DEBUG] Using Java decoder [CONTEXT service_id=317 ]
02-13 01:18:56.539  3350  3876 I ScanController: onScanResult to scannerId: 6- eventType=0x1b, addressType=1, address=XX:XX:XX:XX:A6:18, primaryPhy=1, secondaryPhy=0, advertisingSid=0xff, txPower=127, rssi=-78, periodicAdvInt=0x0
02-13 01:18:56.539  1451 10291 W qdgralloc: getInterlacedFlag: getMetaData returned 3, defaulting to interlaced_flag = 0
02-13 01:18:56.540  1451 10291 W qdgralloc: getInterlacedFlag: getMetaData returned 3, defaulting to interlaced_flag = 0
02-13 01:18:56.551  1336  8837 I sensors-hal: handle_sns_client_event:49, ambient_light_event: ts=706696650452344, event=0.000000
02-13 01:18:56.555 10162 10269 D PipelineWatcher: onInputBufferReleased: frameIndex not found (73777); ignored
02-13 01:18:56.558 10162 10269 D PipelineWatcher: onInputBufferReleased: frameIndex not found (73778); ignored
02-13 01:18:56.560  1451 10291 W qdgralloc: getInterlacedFlag: getMetaData returned 3, defaulting to interlaced_flag = 0
02-13 01:18:56.561  1451 10291 W qdgralloc: getInterlacedFlag: getMetaData returned 3, defaulting to interlaced_flag = 0
02-13 01:18:56.576  1323  3855 I vendor.qti.bluetooth@1.0-ibs_handler: ProcessIbsCmd: Received IBS_SLEEP_IND: 0xFE
02-13 01:18:56.576  1323  3855 D vendor.qti.bluetooth@1.0-ibs_handler: SerialClockVote: vote for UART CLK OFF
02-13 01:18:56.596  1451 10291 W qdgralloc: getInterlacedFlag: getMetaData returned 3, defaulting to interlaced_flag = 0
02-13 01:18:56.597  1451 10291 W qdgralloc: getInterlacedFlag: getMetaData returned 3, defaulting to interlaced_flag = 0
02-13 01:18:56.629 10162 10269 D PipelineWatcher: onInputBufferReleased: frameIndex not found (73779); ignored
02-13 01:18:56.635  1451 10291 W qdgralloc: getInterlacedFlag: getMetaData returned 3, defaulting to interlaced_flag = 0
02-13 01:18:56.636  1451 10291 W qdgralloc: getInterlacedFlag: getMetaData returned 3, defaulting to interlaced_flag = 0
02-13 01:18:56.650  1336  8837 I sensors-hal: handle_sns_client_event:49, ambient_light_event: ts=706696750437032, event=0.000000
02-13 01:18:56.666 10162 10269 D PipelineWatcher: onInputBufferReleased: frameIndex not found (73780); ignored
02-13 01:18:56.671  1451 10291 W qdgralloc: getInterlacedFlag: getMetaData returned 3, defaulting to interlaced_flag = 0
02-13 01:18:56.672  1451 10291 W qdgralloc: getInterlacedFlag: getMetaData returned 3, defaulting to interlaced_flag = 0
02-13 01:18:56.686 10162 10269 D PipelineWatcher: onInputBufferReleased: frameIndex not found (73781); ignored
02-13 01:18:56.689  1451 10291 W qdgralloc: getInterlacedFlag: getMetaData returned 3, defaulting to interlaced_flag = 0
02-13 01:18:56.690  1451 10291 W qdgralloc: getInterlacedFlag: getMetaData returned 3, defaulting to interlaced_flag = 0
02-13 01:18:56.707 10162 10269 D PipelineWatcher: onInputBufferReleased: frameIndex not found (73782); ignored
02-13 01:18:56.713  1451 10291 W qdgralloc: getInterlacedFlag: getMetaData returned 3, defaulting to interlaced_flag = 0
02-13 01:18:56.714  1451 10291 W qdgralloc: getInterlacedFlag: getMetaData returned 3, defaulting to interlaced_flag = 0
02-13 01:18:56.726  1323  3698 D vendor.qti.bluetooth@1.0-wake_lock: Release wakelock is released 
02-13 01:18:56.748  1451 10291 W qdgralloc: getInterlacedFlag: getMetaData returned 3, defaulting to interlaced_flag = 0
02-13 01:18:56.749  1451 10291 W qdgralloc: getInterlacedFlag: getMetaData returned 3, defaulting to interlaced_flag = 0
02-13 01:18:56.750  1336  8837 I sensors-hal: handle_sns_client_event:49, ambient_light_event: ts=706696850454063, event=0.000000
02-13 01:18:56.778 10162 10269 D PipelineWatcher: onInputBufferReleased: frameIndex not found (73783); ignored
02-13 01:18:56.784  1451 10291 W qdgralloc: getInterlacedFlag: getMetaData returned 3, defaulting to interlaced_flag = 0
02-13 01:18:56.785  1451 10291 W qdgralloc: getInterlacedFlag: getMetaData returned 3, defaulting to interlaced_flag = 0
02-13 01:18:56.807 10162 10269 D PipelineWatcher: onInputBufferReleased: frameIndex not found (73785); ignored
02-13 01:18:56.811  1451 10291 W qdgralloc: getInterlacedFlag: getMetaData returned 3, defaulting to interlaced_flag = 0
02-13 01:18:56.812  1451 10291 W qdgralloc: getInterlacedFlag: getMetaData returned 3, defaulting to interlaced_flag = 0
02-13 01:18:56.829  1451 10291 W qdgralloc: getInterlacedFlag: getMetaData returned 3, defaulting to interlaced_flag = 0
02-13 01:18:56.830  1451 10291 W qdgralloc: getInterlacedFlag: getMetaData returned 3, defaulting to interlaced_flag = 0
02-13 01:18:56.850  1336  8837 I sensors-hal: handle_sns_client_event:49, ambient_light_event: ts=706696950441355, event=0.000000
02-13 01:18:56.852 10162 10269 D PipelineWatcher: onInputBufferReleased: frameIndex not found (73787); ignored
02-13 01:18:56.856  1451 10291 W qdgralloc: getInterlacedFlag: getMetaData returned 3, defaulting to interlaced_flag = 0
02-13 01:18:56.857  1451 10291 W qdgralloc: getInterlacedFlag: getMetaData returned 3, defaulting to interlaced_flag = 0
02-13 01:18:56.888 10162 10269 D PipelineWatcher: onInputBufferReleased: frameIndex not found (73788); ignored
02-13 01:18:56.894  1451 10291 W qdgralloc: getInterlacedFlag: getMetaData returned 3, defaulting to interlaced_flag = 0
02-13 01:18:56.896  1451 10291 W qdgralloc: getInterlacedFlag: getMetaData returned 3, defaulting to interlaced_flag = 0
02-13 01:18:56.926 10162 10269 D PipelineWatcher: onInputBufferReleased: frameIndex not found (73790); ignored
02-13 01:18:56.931  1451 10291 W qdgralloc: getInterlacedFlag: getMetaData returned 3, defaulting to interlaced_flag = 0
02-13 01:18:56.932  1451 10291 W qdgralloc: getInterlacedFlag: getMetaData returned 3, defaulting to interlaced_flag = 0
02-13 01:18:56.950  1336  8837 I sensors-hal: handle_sns_client_event:49, ambient_light_event: ts=706697050457605, event=0.000000
02-13 01:18:56.961 10162 10269 D PipelineWatcher: onInputBufferReleased: frameIndex not found (73791); ignored
02-13 01:18:56.965  1451 10291 W qdgralloc: getInterlacedFlag: getMetaData returned 3, defaulting to interlaced_flag = 0
02-13 01:18:56.966  1451 10291 W qdgralloc: getInterlacedFlag: getMetaData returned 3, defaulting to interlaced_flag = 0
02-13 01:18:56.981 10162 10269 D PipelineWatcher: onInputBufferReleased: frameIndex not found (73792); ignored
02-13 01:18:56.984  1451 10291 W qdgralloc: getInterlacedFlag: getMetaData returned 3, defaulting to interlaced_flag = 0
02-13 01:18:56.985  1451 10291 W qdgralloc: getInterlacedFlag: getMetaData returned 3, defaulting to interlaced_flag = 0
02-13 01:18:57.005  1451 10291 W qdgralloc: getInterlacedFlag: getMetaData returned 3, defaulting to interlaced_flag = 0
02-13 01:18:57.006  1451 10291 W qdgralloc: getInterlacedFlag: getMetaData returned 3, defaulting to interlaced_flag = 0
02-13 01:18:57.020 10162 10269 D PipelineWatcher: onInputBufferReleased: frameIndex not found (73793); ignored
02-13 01:18:57.027  1451 10291 W qdgralloc: getInterlacedFlag: getMetaData returned 3, defaulting to interlaced_flag = 0
02-13 01:18:57.028  1451 10291 W qdgralloc: getInterlacedFlag: getMetaData returned 3, defaulting to interlaced_flag = 0
02-13 01:18:57.050  1336  8837 I sensors-hal: handle_sns_client_event:49, ambient_light_event: ts=706697150443594, event=0.000000
02-13 01:18:57.056 10162 10269 D PipelineWatcher: onInputBufferReleased: frameIndex not found (73795); ignored
02-13 01:18:57.060  1451 10291 W qdgralloc: getInterlacedFlag: getMetaData returned 3, defaulting to interlaced_flag = 0
02-13 01:18:57.061  1451 10291 W qdgralloc: getInterlacedFlag: getMetaData returned 3, defaulting to interlaced_flag = 0
02-13 01:18:57.096  1451 10291 W qdgralloc: getInterlacedFlag: getMetaData returned 3, defaulting to interlaced_flag = 0
02-13 01:18:57.097  1451 10291 W qdgralloc: getInterlacedFlag: getMetaData returned 3, defaulting to interlaced_flag = 0
02-13 01:18:57.111 10162 10269 D PipelineWatcher: onInputBufferReleased: frameIndex not found (73796); ignored
02-13 01:18:57.114  1451 10291 W qdgralloc: getInterlacedFlag: getMetaData returned 3, defaulting to interlaced_flag = 0
02-13 01:18:57.115  1451 10291 W qdgralloc: getInterlacedFlag: getMetaData returned 3, defaulting to interlaced_flag = 0
