02-13 01:19:11.430 19766  7734 E AuthPII : 	at bewn.run(:com.google.android.gms@260235035@26.02.35 (260400-862924022):8)
02-13 01:19:11.430 19766  7734 E AuthPII : 	at java.lang.Thread.run(Thread.java:1119)
02-13 01:19:11.431 19766  7734 I Auth    : (REDACTED) [AccountIdManager] Token response failed with status=%s
02-13 01:19:11.431  1451 10291 W qdgralloc: getInterlacedFlag: getMetaData returned 3, defaulting to interlaced_flag = 0
02-13 01:19:11.432  1451 10291 W qdgralloc: getInterlacedFlag: getMetaData returned 3, defaulting to interlaced_flag = 0
02-13 01:19:11.436 19766  7734 E AuthPII : [RequestTokenManager] getToken() -> BAD_AUTHENTICATION. App: com.google.android.gms, Service: oauth2:https://www.googleapis.com/auth/userinfo.email https://www.googleapis.com/auth/account.capabilities https://www.googleapis.com/auth/account.service_flags
02-13 01:19:11.436 19766  7734 E AuthPII : bdkm: Long live credential not available.
02-13 01:19:11.436 19766  7734 E AuthPII : 	at aexp.a(:com.google.android.gms@260235035@26.02.35 (260400-862924022):1351)
02-13 01:19:11.436 19766  7734 E AuthPII : 	at aexw.b(:com.google.android.gms@260235035@26.02.35 (260400-862924022):26)
02-13 01:19:11.436 19766  7734 E AuthPII : 	at aexu.a(:com.google.android.gms@260235035@26.02.35 (260400-862924022):744)
02-13 01:19:11.436 19766  7734 E AuthPII : 	at aeif.a(:com.google.android.gms@260235035@26.02.35 (260400-862924022):38)
02-13 01:19:11.436 19766  7734 E AuthPII : 	at aeif.h(:com.google.android.gms@260235035@26.02.35 (260400-862924022):108)
02-13 01:19:11.436 19766  7734 E AuthPII : 	at aeif.b(:com.google.android.gms@260235035@26.02.35 (260400-862924022):817)
02-13 01:19:11.436 19766  7734 E AuthPII : 	at aeif.c(:com.google.android.gms@260235035@26.02.35 (260400-862924022):5)
02-13 01:19:11.436 19766  7734 E AuthPII : 	at yhs.d(:com.google.android.gms@260235035@26.02.35 (260400-862924022):385)
02-13 01:19:11.436 19766  7734 E AuthPII : 	at aeai.a(:com.google.android.gms@260235035@26.02.35 (260400-862924022):33)
02-13 01:19:11.436 19766  7734 E AuthPII : 	at aeao.m(:com.google.android.gms@260235035@26.02.35 (260400-862924022):34)
02-13 01:19:11.436 19766  7734 E AuthPII : 	at aeao.o(:com.google.android.gms@260235035@26.02.35 (260400-862924022):64)
02-13 01:19:11.436 19766  7734 E AuthPII : 	at aeao.h(:com.google.android.gms@260235035@26.02.35 (260400-862924022):4)
02-13 01:19:11.436 19766  7734 E AuthPII : 	at aeao.i(:com.google.android.gms@260235035@26.02.35 (260400-862924022):8)
02-13 01:19:11.436 19766  7734 E AuthPII : 	at aeao.f(:com.google.android.gms@260235035@26.02.35 (260400-862924022):21)
02-13 01:19:11.436 19766  7734 E AuthPII : 	at aepp.d(:com.google.android.gms@260235035@26.02.35 (260400-862924022):51)
02-13 01:19:11.436 19766  7734 E AuthPII : 	at bclz.b(:com.google.android.gms@260235035@26.02.35 (260400-862924022):72)
02-13 01:19:11.436 19766  7734 E AuthPII : 	at com.google.android.gms.clearcut.uploader.QosUploaderChimeraService.g(:com.google.android.gms@260235035@26.02.35 (260400-862924022):1563)
02-13 01:19:11.436 19766  7734 E AuthPII : 	at com.google.android.gms.clearcut.uploader.QosUploaderChimeraService.a(:com.google.android.gms@260235035@26.02.35 (260400-862924022):42)
02-13 01:19:11.436 19766  7734 E AuthPII : 	at crxa.call(:com.google.android.gms@260235035@26.02.35 (260400-862924022):30)
02-13 01:19:11.436 19766  7734 E AuthPII : 	at java.util.concurrent.FutureTask.run(FutureTask.java:317)
02-13 01:19:11.436 19766  7734 E AuthPII : 	at beqw.c(:com.google.android.gms@260235035@26.02.35 (260400-862924022):50)
02-13 01:19:11.436 19766  7734 E AuthPII : 	at beqw.run(:com.google.android.gms@260235035@26.02.35 (260400-862924022):73)
02-13 01:19:11.436 19766  7734 E AuthPII : 	at java.util.concurrent.ThreadPoolExecutor.runWorker(ThreadPoolExecutor.java:1156)
02-13 01:19:11.436 19766  7734 E AuthPII : 	at java.util.concurrent.ThreadPoolExecutor$Worker.run(ThreadPoolExecutor.java:651)
02-13 01:19:11.436 19766  7734 E AuthPII : 	at bewn.run(:com.google.android.gms@260235035@26.02.35 (260400-862924022):8)
02-13 01:19:11.436 19766  7734 E AuthPII : 	at java.lang.Thread.run(Thread.java:1119)
02-13 01:19:11.436 19766  7734 E AuthPII : Message is Long live credential not available.
02-13 01:19:11.436 19766  7734 E AuthPII : bdkm: Long live credential not available.
02-13 01:19:11.436 19766  7734 E AuthPII : 	at aexp.a(:com.google.android.gms@260235035@26.02.35 (260400-862924022):1351)
02-13 01:19:11.436 19766  7734 E AuthPII : 	at aexw.b(:com.google.android.gms@260235035@26.02.35 (260400-862924022):26)
02-13 01:19:11.436 19766  7734 E AuthPII : 	at aexu.a(:com.google.android.gms@260235035@26.02.35 (260400-862924022):744)
02-13 01:19:11.436 19766  7734 E AuthPII : 	at aeif.a(:com.google.android.gms@260235035@26.02.35 (260400-862924022):38)
02-13 01:19:11.436 19766  7734 E AuthPII : 	at aeif.h(:com.google.android.gms@260235035@26.02.35 (260400-862924022):108)
02-13 01:19:11.436 19766  7734 E AuthPII : 	at aeif.b(:com.google.android.gms@260235035@26.02.35 (260400-862924022):817)
02-13 01:19:11.436 19766  7734 E AuthPII : 	at aeif.c(:com.google.android.gms@260235035@26.02.35 (260400-862924022):5)
02-13 01:19:11.436 19766  7734 E AuthPII : 	at yhs.d(:com.google.android.gms@260235035@26.02.35 (260400-862924022):385)
02-13 01:19:11.436 19766  7734 E AuthPII : 	at aeai.a(:com.google.android.gms@260235035@26.02.35 (260400-862924022):33)
02-13 01:19:11.436 19766  7734 E AuthPII : 	at aeao.m(:com.google.android.gms@260235035@26.02.35 (260400-862924022):34)
02-13 01:19:11.436 19766  7734 E AuthPII : 	at aeao.o(:com.google.android.gms@260235035@26.02.35 (260400-862924022):64)
02-13 01:19:11.436 19766  7734 E AuthPII : 	at aeao.h(:com.google.android.gms@260235035@26.02.35 (260400-862924022):4)
02-13 01:19:11.436 19766  7734 E AuthPII : 	at aeao.i(:com.google.android.gms@260235035@26.02.35 (260400-862924022):8)
02-13 01:19:11.436 19766  7734 E AuthPII : 	at aeao.f(:com.google.android.gms@260235035@26.02.35 (260400-862924022):21)
02-13 01:19:11.436 19766  7734 E AuthPII : 	at aepp.d(:com.google.android.gms@260235035@26.02.35 (260400-862924022):51)
02-13 01:19:11.436 19766  7734 E AuthPII : 	at bclz.b(:com.google.android.gms@260235035@26.02.35 (260400-862924022):72)
02-13 01:19:11.436 19766  7734 E AuthPII : 	at com.google.android.gms.clearcut.uploader.QosUploaderChimeraService.g(:com.google.android.gms@260235035@26.02.35 (260400-862924022):1563)
02-13 01:19:11.436 19766  7734 E AuthPII : 	at com.google.android.gms.clearcut.uploader.QosUploaderChimeraService.a(:com.google.android.gms@260235035@26.02.35 (260400-862924022):42)
02-13 01:19:11.436 19766  7734 E AuthPII : 	at crxa.call(:com.google.android.gms@260235035@26.02.35 (260400-862924022):30)
02-13 01:19:11.436 19766  7734 E AuthPII : 	at java.util.concurrent.FutureTask.run(FutureTask.java:317)
02-13 01:19:11.436 19766  7734 E AuthPII : 	at beqw.c(:com.google.android.gms@260235035@26.02.35 (260400-862924022):50)
02-13 01:19:11.436 19766  7734 E AuthPII : 	at beqw.run(:com.google.android.gms@260235035@26.02.35 (260400-862924022):73)
02-13 01:19:11.436 19766  7734 E AuthPII : 	at java.util.concurrent.ThreadPoolExecutor.runWorker(ThreadPoolExecutor.java:1156)
02-13 01:19:11.436 19766  7734 E AuthPII : 	at java.util.concurrent.ThreadPoolExecutor$Worker.run(ThreadPoolExecutor.java:651)
02-13 01:19:11.436 19766  7734 E AuthPII : 	at bewn.run(:com.google.android.gms@260235035@26.02.35 (260400-862924022):8)
02-13 01:19:11.436 19766  7734 E AuthPII : 	at java.lang.Thread.run(Thread.java:1119)
02-13 01:19:11.438 19766  7734 W Auth    : [AccountStateDownloader] Unable to look up account state from server: couldn't fetch accessToken [CONTEXT service_id=343 ]
02-13 01:19:11.438 19766  7734 W Auth    : [GaiaIdSync] Empty email or accountId. [CONTEXT service_id=153 ]
02-13 01:19:11.447 19766 26243 E AuthPII : [RequestTokenManager] getToken() -> BAD_AUTHENTICATION. App: com.google.android.gms, Service: oauth2:https://www.googleapis.com/auth/cclog
02-13 01:19:11.447 19766 26243 E AuthPII : bdkm: Long live credential not available.
02-13 01:19:11.447 19766 26243 E AuthPII : 	at aexp.a(:com.google.android.gms@260235035@26.02.35 (260400-862924022):1351)
02-13 01:19:11.447 19766 26243 E AuthPII : 	at aexw.b(:com.google.android.gms@260235035@26.02.35 (260400-862924022):26)
02-13 01:19:11.447 19766 26243 E AuthPII : 	at aexu.a(:com.google.android.gms@260235035@26.02.35 (260400-862924022):744)
02-13 01:19:11.447 19766 26243 E AuthPII : 	at aext.b(:com.google.android.gms@260235035@26.02.35 (260400-862924022):142)
02-13 01:19:11.447 19766 26243 E AuthPII : 	at aemk.a(:com.google.android.gms@260235035@26.02.35 (260400-862924022):328)
02-13 01:19:11.447 19766 26243 E AuthPII : 	at aehq.f(:com.google.android.gms@260235035@26.02.35 (260400-862924022):24)
02-13 01:19:11.447 19766 26243 E AuthPII : 	at cqhc.fB(:com.google.android.gms@260235035@26.02.35 (260400-862924022):1)
02-13 01:19:11.447 19766 26243 E AuthPII : 	at cqhg.run(:com.google.android.gms@260235035@26.02.35 (260400-862924022):118)
02-13 01:19:11.447 19766 26243 E AuthPII : 	at gnkz.run(:com.google.android.gms@260235035@26.02.35 (260400-862924022):19)
02-13 01:19:11.447 19766 26243 E AuthPII : 	at beqw.c(:com.google.android.gms@260235035@26.02.35 (260400-862924022):50)
02-13 01:19:11.447 19766 26243 E AuthPII : 	at beqw.run(:com.google.android.gms@260235035@26.02.35 (260400-862924022):73)
02-13 01:19:11.447 19766 26243 E AuthPII : 	at java.util.concurrent.ThreadPoolExecutor.runWorker(ThreadPoolExecutor.java:1156)
02-13 01:19:11.447 19766 26243 E AuthPII : 	at java.util.concurrent.ThreadPoolExecutor$Worker.run(ThreadPoolExecutor.java:651)
02-13 01:19:11.447 19766 26243 E AuthPII : 	at bewn.run(:com.google.android.gms@260235035@26.02.35 (260400-862924022):8)
02-13 01:19:11.447 19766 26243 E AuthPII : 	at java.lang.Thread.run(Thread.java:1119)
02-13 01:19:11.448 19766 26243 E AuthPII : Message is Long live credential not available.
02-13 01:19:11.448 19766 26243 E AuthPII : bdkm: Long live credential not available.
02-13 01:19:11.448 19766 26243 E AuthPII : 	at aexp.a(:com.google.android.gms@260235035@26.02.35 (260400-862924022):1351)
02-13 01:19:11.448 19766 26243 E AuthPII : 	at aexw.b(:com.google.android.gms@260235035@26.02.35 (260400-862924022):26)
02-13 01:19:11.448 19766 26243 E AuthPII : 	at aexu.a(:com.google.android.gms@260235035@26.02.35 (260400-862924022):744)
02-13 01:19:11.448 19766 26243 E AuthPII : 	at aext.b(:com.google.android.gms@260235035@26.02.35 (260400-862924022):142)
02-13 01:19:11.448 19766 26243 E AuthPII : 	at aemk.a(:com.google.android.gms@260235035@26.02.35 (260400-862924022):328)
02-13 01:19:11.448 19766 26243 E AuthPII : 	at aehq.f(:com.google.android.gms@260235035@26.02.35 (260400-862924022):24)
02-13 01:19:11.448 19766 26243 E AuthPII : 	at cqhc.fB(:com.google.android.gms@260235035@26.02.35 (260400-862924022):1)
02-13 01:19:11.448 19766 26243 E AuthPII : 	at cqhg.run(:com.google.android.gms@260235035@26.02.35 (260400-862924022):118)
02-13 01:19:11.448 19766 26243 E AuthPII : 	at gnkz.run(:com.google.android.gms@260235035@26.02.35 (260400-862924022):19)
02-13 01:19:11.448 19766 26243 E AuthPII : 	at beqw.c(:com.google.android.gms@260235035@26.02.35 (260400-862924022):50)
02-13 01:19:11.448 19766 26243 E AuthPII : 	at beqw.run(:com.google.android.gms@260235035@26.02.35 (260400-862924022):73)
02-13 01:19:11.448 19766 26243 E AuthPII : 	at java.util.concurrent.ThreadPoolExecutor.runWorker(ThreadPoolExecutor.java:1156)
02-13 01:19:11.448 19766 26243 E AuthPII : 	at java.util.concurrent.ThreadPoolExecutor$Worker.run(ThreadPoolExecutor.java:651)
02-13 01:19:11.448 19766 26243 E AuthPII : 	at bewn.run(:com.google.android.gms@260235035@26.02.35 (260400-862924022):8)
02-13 01:19:11.448 19766 26243 E AuthPII : 	at java.lang.Thread.run(Thread.java:1119)
02-13 01:19:11.449 10162 10269 D PipelineWatcher: onInputBufferReleased: frameIndex not found (74311); ignored
02-13 01:19:11.450  1336  8837 I sensors-hal: handle_sns_client_event:49, ambient_light_event: ts=706711550447271, event=0.000000
02-13 01:19:11.450 10162 10269 D PipelineWatcher: onInputBufferReleased: frameIndex not found (74312); ignored
02-13 01:19:11.451  1451 10291 W qdgralloc: getInterlacedFlag: getMetaData returned 3, defaulting to interlaced_flag = 0
02-13 01:19:11.452  1451 10291 W qdgralloc: getInterlacedFlag: getMetaData returned 3, defaulting to interlaced_flag = 0
02-13 01:19:11.461 19766 26243 I Auth    : (REDACTED) [GetToken] GetToken failed for app=%s with userRecoverable status: %s 
02-13 01:19:11.462 19766 26243 W Auth    : [GetTokenOperation] exception while trying to fetch auth tokens for app=com.google.android.gms [CONTEXT service_id=343 ]
02-13 01:19:11.462 19766 26243 W Auth    : aexo: GetToken failed with status code and recovery intent: BadAuthentication
02-13 01:19:11.462 19766 26243 W Auth    : 	at aext.b(:com.google.android.gms@260235035@26.02.35 (260400-862924022):339)
02-13 01:19:11.462 19766 26243 W Auth    : 	at aemk.a(:com.google.android.gms@260235035@26.02.35 (260400-862924022):328)
02-13 01:19:11.462 19766 26243 W Auth    : 	at aehq.f(:com.google.android.gms@260235035@26.02.35 (260400-862924022):24)
02-13 01:19:11.462 19766 26243 W Auth    : 	at cqhc.fB(:com.google.android.gms@260235035@26.02.35 (260400-862924022):1)
02-13 01:19:11.462 19766 26243 W Auth    : 	at cqhg.run(:com.google.android.gms@260235035@26.02.35 (260400-862924022):118)
02-13 01:19:11.462 19766 26243 W Auth    : 	at gnkz.run(:com.google.android.gms@260235035@26.02.35 (260400-862924022):19)
02-13 01:19:11.462 19766 26243 W Auth    : 	at beqw.c(:com.google.android.gms@260235035@26.02.35 (260400-862924022):50)
02-13 01:19:11.462 19766 26243 W Auth    : 	at beqw.run(:com.google.android.gms@260235035@26.02.35 (260400-862924022):73)
02-13 01:19:11.462 19766 26243 W Auth    : 	at java.util.concurrent.ThreadPoolExecutor.runWorker(ThreadPoolExecutor.java:1156)
02-13 01:19:11.462 19766 26243 W Auth    : 	at java.util.concurrent.ThreadPoolExecutor$Worker.run(ThreadPoolExecutor.java:651)
02-13 01:19:11.462 19766 26243 W Auth    : 	at bewn.run(:com.google.android.gms@260235035@26.02.35 (260400-862924022):8)
02-13 01:19:11.462 19766 26243 W Auth    : 	at java.lang.Thread.run(Thread.java:1119)
02-13 01:19:11.462 19766  7734 I CCTUploader: Failed to get auth token due to class com.google.android.gms.auth.UserRecoverableAuthException
02-13 01:19:11.464  1323  3855 I vendor.qti.bluetooth@1.0-ibs_handler: ProcessIbsCmd: Received IBS_SLEEP_IND: 0xFE
02-13 01:19:11.464  1323  3855 D vendor.qti.bluetooth@1.0-ibs_handler: SerialClockVote: vote for UART CLK OFF
02-13 01:19:11.472  1451 10291 W qdgralloc: getInterlacedFlag: getMetaData returned 3, defaulting to interlaced_flag = 0
02-13 01:19:11.472  1451 10291 W qdgralloc: getInterlacedFlag: getMetaData returned 3, defaulting to interlaced_flag = 0
02-13 01:19:11.483 19766  7734 E AuthPII : [RequestTokenManager] getToken() -> BAD_AUTHENTICATION. App: com.google.android.gms, Service: oauth2:https://www.googleapis.com/auth/plus.me
02-13 01:19:11.483 19766  7734 E AuthPII : bdkm: Long live credential not available.
02-13 01:19:11.483 19766  7734 E AuthPII : 	at aexp.a(:com.google.android.gms@260235035@26.02.35 (260400-862924022):1351)
02-13 01:19:11.483 19766  7734 E AuthPII : 	at aexw.b(:com.google.android.gms@260235035@26.02.35 (260400-862924022):26)
02-13 01:19:11.483 19766  7734 E AuthPII : 	at aexu.a(:com.google.android.gms@260235035@26.02.35 (260400-862924022):744)
02-13 01:19:11.483 19766  7734 E AuthPII : 	at aehz.a(:com.google.android.gms@260235035@26.02.35 (260400-862924022):82)
02-13 01:19:11.483 19766  7734 E AuthPII : 	at yhs.d(:com.google.android.gms@260235035@26.02.35 (260400-862924022):313)
02-13 01:19:11.483 19766  7734 E AuthPII : 	at aeai.a(:com.google.android.gms@260235035@26.02.35 (260400-862924022):33)
02-13 01:19:11.483 19766  7734 E AuthPII : 	at aeao.m(:com.google.android.gms@260235035@26.02.35 (260400-862924022):34)
02-13 01:19:11.483 19766  7734 E AuthPII : 	at aeao.o(:com.google.android.gms@260235035@26.02.35 (260400-862924022):64)
02-13 01:19:11.483 19766  7734 E AuthPII : 	at aeao.h(:com.google.android.gms@260235035@26.02.35 (260400-862924022):4)
02-13 01:19:11.483 19766  7734 E AuthPII : 	at aeao.i(:com.google.android.gms@260235035@26.02.35 (260400-862924022):8)
02-13 01:19:11.483 19766  7734 E AuthPII : 	at aeao.f(:com.google.android.gms@260235035@26.02.35 (260400-862924022):21)
02-13 01:19:11.483 19766  7734 E AuthPII : 	at aepp.d(:com.google.android.gms@260235035@26.02.35 (260400-862924022):51)
02-13 01:19:11.483 19766  7734 E AuthPII : 	at bclz.b(:com.google.android.gms@260235035@26.02.35 (260400-862924022):72)
02-13 01:19:11.483 19766  7734 E AuthPII : 	at com.google.android.gms.clearcut.uploader.QosUploaderChimeraService.g(:com.google.android.gms@260235035@26.02.35 (260400-862924022):1563)
02-13 01:19:11.483 19766  7734 E AuthPII : 	at com.google.android.gms.clearcut.uploader.QosUploaderChimeraService.a(:com.google.android.gms@260235035@26.02.35 (260400-862924022):42)
02-13 01:19:11.483 19766  7734 E AuthPII : 	at crxa.call(:com.google.android.gms@260235035@26.02.35 (260400-862924022):30)
02-13 01:19:11.483 19766  7734 E AuthPII : 	at java.util.concurrent.FutureTask.run(FutureTask.java:317)
02-13 01:19:11.483 19766  7734 E AuthPII : 	at beqw.c(:com.google.android.gms@260235035@26.02.35 (260400-862924022):50)
02-13 01:19:11.483 19766  7734 E AuthPII : 	at beqw.run(:com.google.android.gms@260235035@26.02.35 (260400-862924022):73)
02-13 01:19:11.483 19766  7734 E AuthPII : 	at java.util.concurrent.ThreadPoolExecutor.runWorker(ThreadPoolExecutor.java:1156)
02-13 01:19:11.483 19766  7734 E AuthPII : 	at java.util.concurrent.ThreadPoolExecutor$Worker.run(ThreadPoolExecutor.java:651)
02-13 01:19:11.483 19766  7734 E AuthPII : 	at bewn.run(:com.google.android.gms@260235035@26.02.35 (260400-862924022):8)
02-13 01:19:11.483 19766  7734 E AuthPII : 	at java.lang.Thread.run(Thread.java:1119)
02-13 01:19:11.483 19766  7734 E AuthPII : Message is Long live credential not available.
02-13 01:19:11.483 19766  7734 E AuthPII : bdkm: Long live credential not available.
02-13 01:19:11.483 19766  7734 E AuthPII : 	at aexp.a(:com.google.android.gms@260235035@26.02.35 (260400-862924022):1351)
02-13 01:19:11.483 19766  7734 E AuthPII : 	at aexw.b(:com.google.android.gms@260235035@26.02.35 (260400-862924022):26)
02-13 01:19:11.483 19766  7734 E AuthPII : 	at aexu.a(:com.google.android.gms@260235035@26.02.35 (260400-862924022):744)
02-13 01:19:11.483 19766  7734 E AuthPII : 	at aehz.a(:com.google.android.gms@260235035@26.02.35 (260400-862924022):82)
02-13 01:19:11.483 19766  7734 E AuthPII : 	at yhs.d(:com.google.android.gms@260235035@26.02.35 (260400-862924022):313)
02-13 01:19:11.483 19766  7734 E AuthPII : 	at aeai.a(:com.google.android.gms@260235035@26.02.35 (260400-862924022):33)
02-13 01:19:11.483 19766  7734 E AuthPII : 	at aeao.m(:com.google.android.gms@260235035@26.02.35 (260400-862924022):34)
02-13 01:19:11.483 19766  7734 E AuthPII : 	at aeao.o(:com.google.android.gms@260235035@26.02.35 (260400-862924022):64)
02-13 01:19:11.483 19766  7734 E AuthPII : 	at aeao.h(:com.google.android.gms@260235035@26.02.35 (260400-862924022):4)
02-13 01:19:11.483 19766  7734 E AuthPII : 	at aeao.i(:com.google.android.gms@260235035@26.02.35 (260400-862924022):8)
02-13 01:19:11.483 19766  7734 E AuthPII : 	at aeao.f(:com.google.android.gms@260235035@26.02.35 (260400-862924022):21)
02-13 01:19:11.483 19766  7734 E AuthPII : 	at aepp.d(:com.google.android.gms@260235035@26.02.35 (260400-862924022):51)
02-13 01:19:11.483 19766  7734 E AuthPII : 	at bclz.b(:com.google.android.gms@260235035@26.02.35 (260400-862924022):72)
02-13 01:19:11.483 19766  7734 E AuthPII : 	at com.google.android.gms.clearcut.uploader.QosUploaderChimeraService.g(:com.google.android.gms@260235035@26.02.35 (260400-862924022):1563)
02-13 01:19:11.483 19766  7734 E AuthPII : 	at com.google.android.gms.clearcut.uploader.QosUploaderChimeraService.a(:com.google.android.gms@260235035@26.02.35 (260400-862924022):42)
02-13 01:19:11.483 19766  7734 E AuthPII : 	at crxa.call(:com.google.android.gms@260235035@26.02.35 (260400-862924022):30)
02-13 01:19:11.483 19766  7734 E AuthPII : 	at java.util.concurrent.FutureTask.run(FutureTask.java:317)
02-13 01:19:11.483 19766  7734 E AuthPII : 	at beqw.c(:com.google.android.gms@260235035@26.02.35 (260400-862924022):50)
02-13 01:19:11.483 19766  7734 E AuthPII : 	at beqw.run(:com.google.android.gms@260235035@26.02.35 (260400-862924022):73)
02-13 01:19:11.483 19766  7734 E AuthPII : 	at java.util.concurrent.ThreadPoolExecutor.runWorker(ThreadPoolExecutor.java:1156)
02-13 01:19:11.483 19766  7734 E AuthPII : 	at java.util.concurrent.ThreadPoolExecutor$Worker.run(ThreadPoolExecutor.java:651)
02-13 01:19:11.483 19766  7734 E AuthPII : 	at bewn.run(:com.google.android.gms@260235035@26.02.35 (260400-862924022):8)
02-13 01:19:11.483 19766  7734 E AuthPII : 	at java.lang.Thread.run(Thread.java:1119)
02-13 01:19:11.484 19766  7734 I Auth    : (REDACTED) [AccountIdManager] Token response failed with status=%s
02-13 01:19:11.489 19766  7734 E AuthPII : [RequestTokenManager] getToken() -> BAD_AUTHENTICATION. App: com.google.android.gms, Service: oauth2:https://www.googleapis.com/auth/userinfo.email https://www.googleapis.com/auth/account.capabilities https://www.googleapis.com/auth/account.service_flags
02-13 01:19:11.489 19766  7734 E AuthPII : bdkm: Long live credential not available.
02-13 01:19:11.489 19766  7734 E AuthPII : 	at aexp.a(:com.google.android.gms@260235035@26.02.35 (260400-862924022):1351)
02-13 01:19:11.489 19766  7734 E AuthPII : 	at aexw.b(:com.google.android.gms@260235035@26.02.35 (260400-862924022):26)
02-13 01:19:11.489 19766  7734 E AuthPII : 	at aexu.a(:com.google.android.gms@260235035@26.02.35 (260400-862924022):744)
02-13 01:19:11.489 19766  7734 E AuthPII : 	at aeif.a(:com.google.android.gms@260235035@26.02.35 (260400-862924022):38)
02-13 01:19:11.489 19766  7734 E AuthPII : 	at aeif.h(:com.google.android.gms@260235035@26.02.35 (260400-862924022):108)
02-13 01:19:11.489 19766  7734 E AuthPII : 	at aeif.b(:com.google.android.gms@260235035@26.02.35 (260400-862924022):817)
02-13 01:19:11.489 19766  7734 E AuthPII : 	at aeif.c(:com.google.android.gms@260235035@26.02.35 (260400-862924022):5)
02-13 01:19:11.489 19766  7734 E AuthPII : 	at yhs.d(:com.google.android.gms@260235035@26.02.35 (260400-862924022):385)
02-13 01:19:11.489 19766  7734 E AuthPII : 	at aeai.a(:com.google.android.gms@260235035@26.02.35 (260400-862924022):33)
02-13 01:19:11.489 19766  7734 E AuthPII : 	at aeao.m(:com.google.android.gms@260235035@26.02.35 (260400-862924022):34)
02-13 01:19:11.489 19766  7734 E AuthPII : 	at aeao.o(:com.google.android.gms@260235035@26.02.35 (260400-862924022):64)
02-13 01:19:11.489 19766  7734 E AuthPII : 	at aeao.h(:com.google.android.gms@260235035@26.02.35 (260400-862924022):4)
02-13 01:19:11.489 19766  7734 E AuthPII : 	at aeao.i(:com.google.android.gms@260235035@26.02.35 (260400-862924022):8)
02-13 01:19:11.489 19766  7734 E AuthPII : 	at aeao.f(:com.google.android.gms@260235035@26.02.35 (260400-862924022):21)
02-13 01:19:11.489 19766  7734 E AuthPII : 	at aepp.d(:com.google.android.gms@260235035@26.02.35 (260400-862924022):51)
02-13 01:19:11.489 19766  7734 E AuthPII : 	at bclz.b(:com.google.android.gms@260235035@26.02.35 (260400-862924022):72)
02-13 01:19:11.489 19766  7734 E AuthPII : 	at com.google.android.gms.clearcut.uploader.QosUploaderChimeraService.g(:com.google.android.gms@260235035@26.02.35 (260400-862924022):1563)
02-13 01:19:11.489 19766  7734 E AuthPII : 	at com.google.android.gms.clearcut.uploader.QosUploaderChimeraService.a(:com.google.android.gms@260235035@26.02.35 (260400-862924022):42)
02-13 01:19:11.489 19766  7734 E AuthPII : 	at crxa.call(:com.google.android.gms@260235035@26.02.35 (260400-862924022):30)
02-13 01:19:11.489 19766  7734 E AuthPII : 	at java.util.concurrent.FutureTask.run(FutureTask.java:317)
02-13 01:19:11.489 19766  7734 E AuthPII : 	at beqw.c(:com.google.android.gms@260235035@26.02.35 (260400-862924022):50)
02-13 01:19:11.489 19766  7734 E AuthPII : 	at beqw.run(:com.google.android.gms@260235035@26.02.35 (260400-862924022):73)
02-13 01:19:11.489 19766  7734 E AuthPII : 	at java.util.concurrent.ThreadPoolExecutor.runWorker(ThreadPoolExecutor.java:1156)
02-13 01:19:11.489 19766  7734 E AuthPII : 	at java.util.concurrent.ThreadPoolExecutor$Worker.run(ThreadPoolExecutor.java:651)
02-13 01:19:11.489 19766  7734 E AuthPII : 	at bewn.run(:com.google.android.gms@260235035@26.02.35 (260400-862924022):8)
02-13 01:19:11.489 19766  7734 E AuthPII : 	at java.lang.Thread.run(Thread.java:1119)
02-13 01:19:11.489  1451 10291 W qdgralloc: getInterlacedFlag: getMetaData returned 3, defaulting to interlaced_flag = 0
02-13 01:19:11.489 19766  7734 E AuthPII : Message is Long live credential not available.
02-13 01:19:11.489 19766  7734 E AuthPII : bdkm: Long live credential not available.
02-13 01:19:11.489 19766  7734 E AuthPII : 	at aexp.a(:com.google.android.gms@260235035@26.02.35 (260400-862924022):1351)
02-13 01:19:11.489 19766  7734 E AuthPII : 	at aexw.b(:com.google.android.gms@260235035@26.02.35 (260400-862924022):26)
02-13 01:19:11.489 19766  7734 E AuthPII : 	at aexu.a(:com.google.android.gms@260235035@26.02.35 (260400-862924022):744)
02-13 01:19:11.489 19766  7734 E AuthPII : 	at aeif.a(:com.google.android.gms@260235035@26.02.35 (260400-862924022):38)
02-13 01:19:11.489 19766  7734 E AuthPII : 	at aeif.h(:com.google.android.gms@260235035@26.02.35 (260400-862924022):108)
02-13 01:19:11.489 19766  7734 E AuthPII : 	at aeif.b(:com.google.android.gms@260235035@26.02.35 (260400-862924022):817)
02-13 01:19:11.489 19766  7734 E AuthPII : 	at aeif.c(:com.google.android.gms@260235035@26.02.35 (260400-862924022):5)
02-13 01:19:11.489 19766  7734 E AuthPII : 	at yhs.d(:com.google.android.gms@260235035@26.02.35 (260400-862924022):385)
02-13 01:19:11.489 19766  7734 E AuthPII : 	at aeai.a(:com.google.android.gms@260235035@26.02.35 (260400-862924022):33)
02-13 01:19:11.489 19766  7734 E AuthPII : 	at aeao.m(:com.google.android.gms@260235035@26.02.35 (260400-862924022):34)
02-13 01:19:11.489 19766  7734 E AuthPII : 	at aeao.o(:com.google.android.gms@260235035@26.02.35 (260400-862924022):64)
02-13 01:19:11.489 19766  7734 E AuthPII : 	at aeao.h(:com.google.android.gms@260235035@26.02.35 (260400-862924022):4)
02-13 01:19:11.489 19766  7734 E AuthPII : 	at aeao.i(:com.google.android.gms@260235035@26.02.35 (260400-862924022):8)
02-13 01:19:11.489 19766  7734 E AuthPII : 	at aeao.f(:com.google.android.gms@260235035@26.02.35 (260400-862924022):21)
02-13 01:19:11.489 19766  7734 E AuthPII : 	at aepp.d(:com.google.android.gms@260235035@26.02.35 (260400-862924022):51)
02-13 01:19:11.489 19766  7734 E AuthPII : 	at bclz.b(:com.google.android.gms@260235035@26.02.35 (260400-862924022):72)
02-13 01:19:11.489 19766  7734 E AuthPII : 	at com.google.android.gms.clearcut.uploader.QosUploaderChimeraService.g(:com.google.android.gms@260235035@26.02.35 (260400-862924022):1563)
02-13 01:19:11.489 19766  7734 E AuthPII : 	at com.google.android.gms.clearcut.uploader.QosUploaderChimeraService.a(:com.google.android.gms@260235035@26.02.35 (260400-862924022):42)
02-13 01:19:11.489 19766  7734 E AuthPII : 	at crxa.call(:com.google.android.gms@260235035@26.02.35 (260400-862924022):30)
02-13 01:19:11.489 19766  7734 E AuthPII : 	at java.util.concurrent.FutureTask.run(FutureTask.java:317)
02-13 01:19:11.489 19766  7734 E AuthPII : 	at beqw.c(:com.google.android.gms@260235035@26.02.35 (260400-862924022):50)
02-13 01:19:11.489 19766  7734 E AuthPII : 	at beqw.run(:com.google.android.gms@260235035@26.02.35 (260400-862924022):73)
02-13 01:19:11.489 19766  7734 E AuthPII : 	at java.util.concurrent.ThreadPoolExecutor.runWorker(ThreadPoolExecutor.java:1156)
02-13 01:19:11.489 19766  7734 E AuthPII : 	at java.util.concurrent.ThreadPoolExecutor$Worker.run(ThreadPoolExecutor.java:651)
02-13 01:19:11.489 19766  7734 E AuthPII : 	at bewn.run(:com.google.android.gms@260235035@26.02.35 (260400-862924022):8)
02-13 01:19:11.489 19766  7734 E AuthPII : 	at java.lang.Thread.run(Thread.java:1119)
02-13 01:19:11.490  1451 10291 W qdgralloc: getInterlacedFlag: getMetaData returned 3, defaulting to interlaced_flag = 0
02-13 01:19:11.491 19766  7734 W Auth    : [AccountStateDownloader] Unable to look up account state from server: couldn't fetch accessToken [CONTEXT service_id=343 ]
02-13 01:19:11.492 19766  7734 W Auth    : [GaiaIdSync] Empty email or accountId. [CONTEXT service_id=153 ]
02-13 01:19:11.495  1323  3855 I vendor.qti.bluetooth@1.0-ibs_handler: ProcessIbsCmd: Received IBS_WAKE_IND: 0xFD
02-13 01:19:11.495  1323  3855 D vendor.qti.bluetooth@1.0-ibs_handler: SerialClockVote: vote for UART CLK ON
02-13 01:19:11.495  1323  3855 I vendor.qti.bluetooth@1.0-ibs_handler: ProcessIbsCmd: Writing IBS_WAKE_ACK
02-13 01:19:11.500 19766 26243 E AuthPII : [RequestTokenManager] getToken() -> BAD_AUTHENTICATION. App: com.google.android.gms, Service: oauth2:https://www.googleapis.com/auth/cclog
02-13 01:19:11.500 19766 26243 E AuthPII : bdkm: Long live credential not available.
02-13 01:19:11.500 19766 26243 E AuthPII : 	at aexp.a(:com.google.android.gms@260235035@26.02.35 (260400-862924022):1351)
02-13 01:19:11.500 19766 26243 E AuthPII : 	at aexw.b(:com.google.android.gms@260235035@26.02.35 (260400-862924022):26)
02-13 01:19:11.500 19766 26243 E AuthPII : 	at aexu.a(:com.google.android.gms@260235035@26.02.35 (260400-862924022):744)
02-13 01:19:11.500 19766 26243 E AuthPII : 	at aext.b(:com.google.android.gms@260235035@26.02.35 (260400-862924022):142)
02-13 01:19:11.500 19766 26243 E AuthPII : 	at aemk.a(:com.google.android.gms@260235035@26.02.35 (260400-862924022):328)
02-13 01:19:11.500 19766 26243 E AuthPII : 	at aehq.f(:com.google.android.gms@260235035@26.02.35 (260400-862924022):24)
02-13 01:19:11.500 19766 26243 E AuthPII : 	at cqhc.fB(:com.google.android.gms@260235035@26.02.35 (260400-862924022):1)
02-13 01:19:11.500 19766 26243 E AuthPII : 	at cqhg.run(:com.google.android.gms@260235035@26.02.35 (260400-862924022):118)
02-13 01:19:11.500 19766 26243 E AuthPII : 	at gnkz.run(:com.google.android.gms@260235035@26.02.35 (260400-862924022):19)
02-13 01:19:11.500 19766 26243 E AuthPII : 	at beqw.c(:com.google.android.gms@260235035@26.02.35 (260400-862924022):50)
02-13 01:19:11.500 19766 26243 E AuthPII : 	at beqw.run(:com.google.android.gms@260235035@26.02.35 (260400-862924022):73)
02-13 01:19:11.500 19766 26243 E AuthPII : 	at java.util.concurrent.ThreadPoolExecutor.runWorker(ThreadPoolExecutor.java:1156)
02-13 01:19:11.500 19766 26243 E AuthPII : 	at java.util.concurrent.ThreadPoolExecutor$Worker.run(ThreadPoolExecutor.java:651)
02-13 01:19:11.500 19766 26243 E AuthPII : 	at bewn.run(:com.google.android.gms@260235035@26.02.35 (260400-862924022):8)
02-13 01:19:11.500 19766 26243 E AuthPII : 	at java.lang.Thread.run(Thread.java:1119)
02-13 01:19:11.501 19766 26243 E AuthPII : Message is Long live credential not available.
02-13 01:19:11.501 19766 26243 E AuthPII : bdkm: Long live credential not available.
02-13 01:19:11.501 19766 26243 E AuthPII : 	at aexp.a(:com.google.android.gms@260235035@26.02.35 (260400-862924022):1351)
02-13 01:19:11.501 19766 26243 E AuthPII : 	at aexw.b(:com.google.android.gms@260235035@26.02.35 (260400-862924022):26)
02-13 01:19:11.501 19766 26243 E AuthPII : 	at aexu.a(:com.google.android.gms@260235035@26.02.35 (260400-862924022):744)
02-13 01:19:11.501 19766 26243 E AuthPII : 	at aext.b(:com.google.android.gms@260235035@26.02.35 (260400-862924022):142)
02-13 01:19:11.501 19766 26243 E AuthPII : 	at aemk.a(:com.google.android.gms@260235035@26.02.35 (260400-862924022):328)
02-13 01:19:11.501 19766 26243 E AuthPII : 	at aehq.f(:com.google.android.gms@260235035@26.02.35 (260400-862924022):24)
02-13 01:19:11.501 19766 26243 E AuthPII : 	at cqhc.fB(:com.google.android.gms@260235035@26.02.35 (260400-862924022):1)
02-13 01:19:11.501 19766 26243 E AuthPII : 	at cqhg.run(:com.google.android.gms@260235035@26.02.35 (260400-862924022):118)
02-13 01:19:11.501 19766 26243 E AuthPII : 	at gnkz.run(:com.google.android.gms@260235035@26.02.35 (260400-862924022):19)
02-13 01:19:11.501 19766 26243 E AuthPII : 	at beqw.c(:com.google.android.gms@260235035@26.02.35 (260400-862924022):50)
02-13 01:19:11.501 19766 26243 E AuthPII : 	at beqw.run(:com.google.android.gms@260235035@26.02.35 (260400-862924022):73)
02-13 01:19:11.501 19766 26243 E AuthPII : 	at java.util.concurrent.ThreadPoolExecutor.runWorker(ThreadPoolExecutor.java:1156)
02-13 01:19:11.501 19766 26243 E AuthPII : 	at java.util.concurrent.ThreadPoolExecutor$Worker.run(ThreadPoolExecutor.java:651)
02-13 01:19:11.501 19766 26243 E AuthPII : 	at bewn.run(:com.google.android.gms@260235035@26.02.35 (260400-862924022):8)
02-13 01:19:11.501 19766 26243 E AuthPII : 	at java.lang.Thread.run(Thread.java:1119)
02-13 01:19:11.506 10162 10269 D PipelineWatcher: onInputBufferReleased: frameIndex not found (74313); ignored
02-13 01:19:11.508  3350  3876 I ScanController: onScanResult to scannerId: 6- eventType=0x1b, addressType=1, address=XX:XX:XX:XX:1C:4B, primaryPhy=1, secondaryPhy=0, advertisingSid=0xff, txPower=127, rssi=-88, periodicAdvInt=0x0
02-13 01:19:11.509 10162 10269 D PipelineWatcher: onInputBufferReleased: frameIndex not found (74314); ignored
02-13 01:19:11.510  1451 10291 W qdgralloc: getInterlacedFlag: getMetaData returned 3, defaulting to interlaced_flag = 0
02-13 01:19:11.511  1451 10291 W qdgralloc: getInterlacedFlag: getMetaData returned 3, defaulting to interlaced_flag = 0
02-13 01:19:11.518 19766 26243 I Auth    : (REDACTED) [GetToken] GetToken failed for app=%s with userRecoverable status: %s 
02-13 01:19:11.519 19766 26243 W Auth    : [GetTokenOperation] exception while trying to fetch auth tokens for app=com.google.android.gms [CONTEXT service_id=343 ]
02-13 01:19:11.519 19766 26243 W Auth    : aexo: GetToken failed with status code and recovery intent: BadAuthentication
02-13 01:19:11.519 19766 26243 W Auth    : 	at aext.b(:com.google.android.gms@260235035@26.02.35 (260400-862924022):339)
02-13 01:19:11.519 19766 26243 W Auth    : 	at aemk.a(:com.google.android.gms@260235035@26.02.35 (260400-862924022):328)
02-13 01:19:11.519 19766 26243 W Auth    : 	at aehq.f(:com.google.android.gms@260235035@26.02.35 (260400-862924022):24)
02-13 01:19:11.519 19766 26243 W Auth    : 	at cqhc.fB(:com.google.android.gms@260235035@26.02.35 (260400-862924022):1)
02-13 01:19:11.519 19766 26243 W Auth    : 	at cqhg.run(:com.google.android.gms@260235035@26.02.35 (260400-862924022):118)
02-13 01:19:11.519 19766 26243 W Auth    : 	at gnkz.run(:com.google.android.gms@260235035@26.02.35 (260400-862924022):19)
02-13 01:19:11.519 19766 26243 W Auth    : 	at beqw.c(:com.google.android.gms@260235035@26.02.35 (260400-862924022):50)
02-13 01:19:11.519 19766 26243 W Auth    : 	at beqw.run(:com.google.android.gms@260235035@26.02.35 (260400-862924022):73)
02-13 01:19:11.519 19766 26243 W Auth    : 	at java.util.concurrent.ThreadPoolExecutor.runWorker(ThreadPoolExecutor.java:1156)
02-13 01:19:11.519 19766 26243 W Auth    : 	at java.util.concurrent.ThreadPoolExecutor$Worker.run(ThreadPoolExecutor.java:651)
02-13 01:19:11.519 19766 26243 W Auth    : 	at bewn.run(:com.google.android.gms@260235035@26.02.35 (260400-862924022):8)
02-13 01:19:11.519 19766 26243 W Auth    : 	at java.lang.Thread.run(Thread.java:1119)
02-13 01:19:11.519 19766  7734 I CCTUploader: Failed to get auth token due to class com.google.android.gms.auth.UserRecoverableAuthException
02-13 01:19:11.527  1451 10346 D BufferPoolAccessor2.0: bufferpool2 0xb4000075f03dca28 : 14(34406400 size) total buffers - 13(31948800 size) used buffers - 73457/74327 (recycle/alloc) - 3424/74314 (fetch/transfer)
02-13 01:19:11.542 10162 10269 D PipelineWatcher: onInputBufferReleased: frameIndex not found (74315); ignored
02-13 01:19:11.545  1451 10291 W qdgralloc: getInterlacedFlag: getMetaData returned 3, defaulting to interlaced_flag = 0
02-13 01:19:11.546 19766  7734 E AuthPII : [RequestTokenManager] getToken() -> BAD_AUTHENTICATION. App: com.google.android.gms, Service: oauth2:https://www.googleapis.com/auth/plus.me
02-13 01:19:11.546 19766  7734 E AuthPII : bdkm: Long live credential not available.
02-13 01:19:11.546 19766  7734 E AuthPII : 	at aexp.a(:com.google.android.gms@260235035@26.02.35 (260400-862924022):1351)
02-13 01:19:11.546 19766  7734 E AuthPII : 	at aexw.b(:com.google.android.gms@260235035@26.02.35 (260400-862924022):26)
02-13 01:19:11.546 19766  7734 E AuthPII : 	at aexu.a(:com.google.android.gms@260235035@26.02.35 (260400-862924022):744)
02-13 01:19:11.546 19766  7734 E AuthPII : 	at aehz.a(:com.google.android.gms@260235035@26.02.35 (260400-862924022):82)
02-13 01:19:11.546 19766  7734 E AuthPII : 	at yhs.d(:com.google.android.gms@260235035@26.02.35 (260400-862924022):313)
02-13 01:19:11.546 19766  7734 E AuthPII : 	at aeai.a(:com.google.android.gms@260235035@26.02.35 (260400-862924022):33)
02-13 01:19:11.546 19766  7734 E AuthPII : 	at aeao.m(:com.google.android.gms@260235035@26.02.35 (260400-862924022):34)
02-13 01:19:11.546 19766  7734 E AuthPII : 	at aeao.o(:com.google.android.gms@260235035@26.02.35 (260400-862924022):64)
02-13 01:19:11.546 19766  7734 E AuthPII : 	at aeao.h(:com.google.android.gms@260235035@26.02.35 (260400-862924022):4)
02-13 01:19:11.546 19766  7734 E AuthPII : 	at aeao.i(:com.google.android.gms@260235035@26.02.35 (260400-862924022):8)
02-13 01:19:11.546 19766  7734 E AuthPII : 	at aeao.f(:com.google.android.gms@260235035@26.02.35 (260400-862924022):21)
02-13 01:19:11.546 19766  7734 E AuthPII : 	at aepp.d(:com.google.android.gms@260235035@26.02.35 (260400-862924022):51)
02-13 01:19:11.546 19766  7734 E AuthPII : 	at bclz.b(:com.google.android.gms@260235035@26.02.35 (260400-862924022):72)
02-13 01:19:11.546 19766  7734 E AuthPII : 	at com.google.android.gms.clearcut.uploader.QosUploaderChimeraService.g(:com.google.android.gms@260235035@26.02.35 (260400-862924022):1563)
02-13 01:19:11.546 19766  7734 E AuthPII : 	at com.google.android.gms.clearcut.uploader.QosUploaderChimeraService.a(:com.google.android.gms@260235035@26.02.35 (260400-862924022):42)
02-13 01:19:11.546 19766  7734 E AuthPII : 	at crxa.call(:com.google.android.gms@260235035@26.02.35 (260400-862924022):30)
02-13 01:19:11.546 19766  7734 E AuthPII : 	at java.util.concurrent.FutureTask.run(FutureTask.java:317)
02-13 01:19:11.546 19766  7734 E AuthPII : 	at beqw.c(:com.google.android.gms@260235035@26.02.35 (260400-862924022):50)
02-13 01:19:11.546 19766  7734 E AuthPII : 	at beqw.run(:com.google.android.gms@260235035@26.02.35 (260400-862924022):73)
02-13 01:19:11.546 19766  7734 E AuthPII : 	at java.util.concurrent.ThreadPoolExecutor.runWorker(ThreadPoolExecutor.java:1156)
02-13 01:19:11.546 19766  7734 E AuthPII : 	at java.util.concurrent.ThreadPoolExecutor$Worker.run(ThreadPoolExecutor.java:651)
02-13 01:19:11.546 19766  7734 E AuthPII : 	at bewn.run(:com.google.android.gms@260235035@26.02.35 (260400-862924022):8)
02-13 01:19:11.546 19766  7734 E AuthPII : 	at java.lang.Thread.run(Thread.java:1119)
02-13 01:19:11.546  1451 10291 W qdgralloc: getInterlacedFlag: getMetaData returned 3, defaulting to interlaced_flag = 0
02-13 01:19:11.546  1323  3855 I vendor.qti.bluetooth@1.0-ibs_handler: ProcessIbsCmd: Received IBS_SLEEP_IND: 0xFE
02-13 01:19:11.546  1323  3855 D vendor.qti.bluetooth@1.0-ibs_handler: SerialClockVote: vote for UART CLK OFF
02-13 01:19:11.546 19766  7734 E AuthPII : Message is Long live credential not available.
02-13 01:19:11.546 19766  7734 E AuthPII : bdkm: Long live credential not available.
02-13 01:19:11.546 19766  7734 E AuthPII : 	at aexp.a(:com.google.android.gms@260235035@26.02.35 (260400-862924022):1351)
02-13 01:19:11.546 19766  7734 E AuthPII : 	at aexw.b(:com.google.android.gms@260235035@26.02.35 (260400-862924022):26)
02-13 01:19:11.546 19766  7734 E AuthPII : 	at aexu.a(:com.google.android.gms@260235035@26.02.35 (260400-862924022):744)
02-13 01:19:11.546 19766  7734 E AuthPII : 	at aehz.a(:com.google.android.gms@260235035@26.02.35 (260400-862924022):82)
02-13 01:19:11.546 19766  7734 E AuthPII : 	at yhs.d(:com.google.android.gms@260235035@26.02.35 (260400-862924022):313)
02-13 01:19:11.546 19766  7734 E AuthPII : 	at aeai.a(:com.google.android.gms@260235035@26.02.35 (260400-862924022):33)
02-13 01:19:11.546 19766  7734 E AuthPII : 	at aeao.m(:com.google.android.gms@260235035@26.02.35 (260400-862924022):34)
02-13 01:19:11.546 19766  7734 E AuthPII : 	at aeao.o(:com.google.android.gms@260235035@26.02.35 (260400-862924022):64)
02-13 01:19:11.546 19766  7734 E AuthPII : 	at aeao.h(:com.google.android.gms@260235035@26.02.35 (260400-862924022):4)
02-13 01:19:11.546 19766  7734 E AuthPII : 	at aeao.i(:com.google.android.gms@260235035@26.02.35 (260400-862924022):8)
02-13 01:19:11.546 19766  7734 E AuthPII : 	at aeao.f(:com.google.android.gms@260235035@26.02.35 (260400-862924022):21)
02-13 01:19:11.546 19766  7734 E AuthPII : 	at aepp.d(:com.google.android.gms@260235035@26.02.35 (260400-862924022):51)
02-13 01:19:11.546 19766  7734 E AuthPII : 	at bclz.b(:com.google.android.gms@260235035@26.02.35 (260400-862924022):72)
02-13 01:19:11.546 19766  7734 E AuthPII : 	at com.google.android.gms.clearcut.uploader.QosUploaderChimeraService.g(:com.google.android.gms@260235035@26.02.35 (260400-862924022):1563)
02-13 01:19:11.546 19766  7734 E AuthPII : 	at com.google.android.gms.clearcut.uploader.QosUploaderChimeraService.a(:com.google.android.gms@260235035@26.02.35 (260400-862924022):42)
02-13 01:19:11.546 19766  7734 E AuthPII : 	at crxa.call(:com.google.android.gms@260235035@26.02.35 (260400-862924022):30)
02-13 01:19:11.546 19766  7734 E AuthPII : 	at java.util.concurrent.FutureTask.run(FutureTask.java:317)
02-13 01:19:11.546 19766  7734 E AuthPII : 	at beqw.c(:com.google.android.gms@260235035@26.02.35 (260400-862924022):50)
02-13 01:19:11.546 19766  7734 E AuthPII : 	at beqw.run(:com.google.android.gms@260235035@26.02.35 (260400-862924022):73)
02-13 01:19:11.546 19766  7734 E AuthPII : 	at java.util.concurrent.ThreadPoolExecutor.runWorker(ThreadPoolExecutor.java:1156)
02-13 01:19:11.546 19766  7734 E AuthPII : 	at java.util.concurrent.ThreadPoolExecutor$Worker.run(ThreadPoolExecutor.java:651)
02-13 01:19:11.546 19766  7734 E AuthPII : 	at bewn.run(:com.google.android.gms@260235035@26.02.35 (260400-862924022):8)
02-13 01:19:11.546 19766  7734 E AuthPII : 	at java.lang.Thread.run(Thread.java:1119)
02-13 01:19:11.547 19766  7734 I Auth    : (REDACTED) [AccountIdManager] Token response failed with status=%s
02-13 01:19:11.550  1336  8837 I sensors-hal: handle_sns_client_event:49, ambient_light_event: ts=706711650434041, event=0.000000
02-13 01:19:11.551  1323  3855 I vendor.qti.bluetooth@1.0-ibs_handler: ProcessIbsCmd: Received IBS_WAKE_IND: 0xFD
02-13 01:19:11.551  1323  3855 D vendor.qti.bluetooth@1.0-ibs_handler: SerialClockVote: vote for UART CLK ON
02-13 01:19:11.551  1323  3855 I vendor.qti.bluetooth@1.0-ibs_handler: ProcessIbsCmd: Writing IBS_WAKE_ACK
02-13 01:19:11.552 19766  7734 E AuthPII : [RequestTokenManager] getToken() -> BAD_AUTHENTICATION. App: com.google.android.gms, Service: oauth2:https://www.googleapis.com/auth/userinfo.email https://www.googleapis.com/auth/account.capabilities https://www.googleapis.com/auth/account.service_flags
02-13 01:19:11.552 19766  7734 E AuthPII : bdkm: Long live credential not available.
02-13 01:19:11.552 19766  7734 E AuthPII : 	at aexp.a(:com.google.android.gms@260235035@26.02.35 (260400-862924022):1351)
02-13 01:19:11.552 19766  7734 E AuthPII : 	at aexw.b(:com.google.android.gms@260235035@26.02.35 (260400-862924022):26)
02-13 01:19:11.552 19766  7734 E AuthPII : 	at aexu.a(:com.google.android.gms@260235035@26.02.35 (260400-862924022):744)
02-13 01:19:11.552 19766  7734 E AuthPII : 	at aeif.a(:com.google.android.gms@260235035@26.02.35 (260400-862924022):38)
02-13 01:19:11.552 19766  7734 E AuthPII : 	at aeif.h(:com.google.android.gms@260235035@26.02.35 (260400-862924022):108)
02-13 01:19:11.552 19766  7734 E AuthPII : 	at aeif.b(:com.google.android.gms@260235035@26.02.35 (260400-862924022):817)
02-13 01:19:11.552 19766  7734 E AuthPII : 	at aeif.c(:com.google.android.gms@260235035@26.02.35 (260400-862924022):5)
02-13 01:19:11.552 19766  7734 E AuthPII : 	at yhs.d(:com.google.android.gms@260235035@26.02.35 (260400-862924022):385)
02-13 01:19:11.552 19766  7734 E AuthPII : 	at aeai.a(:com.google.android.gms@260235035@26.02.35 (260400-862924022):33)
02-13 01:19:11.552 19766  7734 E AuthPII : 	at aeao.m(:com.google.android.gms@260235035@26.02.35 (260400-862924022):34)
02-13 01:19:11.552 19766  7734 E AuthPII : 	at aeao.o(:com.google.android.gms@260235035@26.02.35 (260400-862924022):64)
02-13 01:19:11.552 19766  7734 E AuthPII : 	at aeao.h(:com.google.android.gms@260235035@26.02.35 (260400-862924022):4)
02-13 01:19:11.552 19766  7734 E AuthPII : 	at aeao.i(:com.google.android.gms@260235035@26.02.35 (260400-862924022):8)
02-13 01:19:11.552 19766  7734 E AuthPII : 	at aeao.f(:com.google.android.gms@260235035@26.02.35 (260400-862924022):21)
02-13 01:19:11.552 19766  7734 E AuthPII : 	at aepp.d(:com.google.android.gms@260235035@26.02.35 (260400-862924022):51)
02-13 01:19:11.552 19766  7734 E AuthPII : 	at bclz.b(:com.google.android.gms@260235035@26.02.35 (260400-862924022):72)
02-13 01:19:11.552 19766  7734 E AuthPII : 	at com.google.android.gms.clearcut.uploader.QosUploaderChimeraService.g(:com.google.android.gms@260235035@26.02.35 (260400-862924022):1563)
02-13 01:19:11.552 19766  7734 E AuthPII : 	at com.google.android.gms.clearcut.uploader.QosUploaderChimeraService.a(:com.google.android.gms@260235035@26.02.35 (260400-862924022):42)
02-13 01:19:11.552 19766  7734 E AuthPII : 	at crxa.call(:com.google.android.gms@260235035@26.02.35 (260400-862924022):30)
02-13 01:19:11.552 19766  7734 E AuthPII : 	at java.util.concurrent.FutureTask.run(FutureTask.java:317)
02-13 01:19:11.552 19766  7734 E AuthPII : 	at beqw.c(:com.google.android.gms@260235035@26.02.35 (260400-862924022):50)
02-13 01:19:11.552 19766  7734 E AuthPII : 	at beqw.run(:com.google.android.gms@260235035@26.02.35 (260400-862924022):73)
02-13 01:19:11.552 19766  7734 E AuthPII : 	at java.util.concurrent.ThreadPoolExecutor.runWorker(ThreadPoolExecutor.java:1156)
02-13 01:19:11.552 19766  7734 E AuthPII : 	at java.util.concurrent.ThreadPoolExecutor$Worker.run(ThreadPoolExecutor.java:651)
02-13 01:19:11.552 19766  7734 E AuthPII : 	at bewn.run(:com.google.android.gms@260235035@26.02.35 (260400-862924022):8)
02-13 01:19:11.552 19766  7734 E AuthPII : 	at java.lang.Thread.run(Thread.java:1119)
02-13 01:19:11.552 19766  7734 E AuthPII : Message is Long live credential not available.
02-13 01:19:11.552 19766  7734 E AuthPII : bdkm: Long live credential not available.
02-13 01:19:11.552 19766  7734 E AuthPII : 	at aexp.a(:com.google.android.gms@260235035@26.02.35 (260400-862924022):1351)
02-13 01:19:11.552 19766  7734 E AuthPII : 	at aexw.b(:com.google.android.gms@260235035@26.02.35 (260400-862924022):26)
02-13 01:19:11.552 19766  7734 E AuthPII : 	at aexu.a(:com.google.android.gms@260235035@26.02.35 (260400-862924022):744)
02-13 01:19:11.552 19766  7734 E AuthPII : 	at aeif.a(:com.google.android.gms@260235035@26.02.35 (260400-862924022):38)
02-13 01:19:11.552 19766  7734 E AuthPII : 	at aeif.h(:com.google.android.gms@260235035@26.02.35 (260400-862924022):108)
02-13 01:19:11.552 19766  7734 E AuthPII : 	at aeif.b(:com.google.android.gms@260235035@26.02.35 (260400-862924022):817)
02-13 01:19:11.552 19766  7734 E AuthPII : 	at aeif.c(:com.google.android.gms@260235035@26.02.35 (260400-862924022):5)
02-13 01:19:11.552 19766  7734 E AuthPII : 	at yhs.d(:com.google.android.gms@260235035@26.02.35 (260400-862924022):385)
02-13 01:19:11.552 19766  7734 E AuthPII : 	at aeai.a(:com.google.android.gms@260235035@26.02.35 (260400-862924022):33)
02-13 01:19:11.552 19766  7734 E AuthPII : 	at aeao.m(:com.google.android.gms@260235035@26.02.35 (260400-862924022):34)
02-13 01:19:11.552 19766  7734 E AuthPII : 	at aeao.o(:com.google.android.gms@260235035@26.02.35 (260400-862924022):64)
02-13 01:19:11.552 19766  7734 E AuthPII : 	at aeao.h(:com.google.android.gms@260235035@26.02.35 (260400-862924022):4)
02-13 01:19:11.552 19766  7734 E AuthPII : 	at aeao.i(:com.google.android.gms@260235035@26.02.35 (260400-862924022):8)
02-13 01:19:11.552 19766  7734 E AuthPII : 	at aeao.f(:com.google.android.gms@260235035@26.02.35 (260400-862924022):21)
02-13 01:19:11.552 19766  7734 E AuthPII : 	at aepp.d(:com.google.android.gms@260235035@26.02.35 (260400-862924022):51)
02-13 01:19:11.552 19766  7734 E AuthPII : 	at bclz.b(:com.google.android.gms@260235035@26.02.35 (260400-862924022):72)
02-13 01:19:11.552 19766  7734 E AuthPII : 	at com.google.android.gms.clearcut.uploader.QosUploaderChimeraService.g(:com.google.android.gms@260235035@26.02.35 (260400-862924022):1563)
02-13 01:19:11.552 19766  7734 E AuthPII : 	at com.google.android.gms.clearcut.uploader.QosUploaderChimeraService.a(:com.google.android.gms@260235035@26.02.35 (260400-862924022):42)
02-13 01:19:11.552 19766  7734 E AuthPII : 	at crxa.call(:com.google.android.gms@260235035@26.02.35 (260400-862924022):30)
02-13 01:19:11.552 19766  7734 E AuthPII : 	at java.util.concurrent.FutureTask.run(FutureTask.java:317)
02-13 01:19:11.552 19766  7734 E AuthPII : 	at beqw.c(:com.google.android.gms@260235035@26.02.35 (260400-862924022):50)
02-13 01:19:11.552 19766  7734 E AuthPII : 	at beqw.run(:com.google.android.gms@260235035@26.02.35 (260400-862924022):73)
02-13 01:19:11.552 19766  7734 E AuthPII : 	at java.util.concurrent.ThreadPoolExecutor.runWorker(ThreadPoolExecutor.java:1156)
