02-13 01:18:48.214  1451 10291 W qdgralloc: getInterlacedFlag: getMetaData returned 3, defaulting to interlaced_flag = 0
02-13 01:18:48.230 10162 10269 D PipelineWatcher: onInputBufferReleased: frameIndex not found (73457); ignored
02-13 01:18:48.235  1451 10291 W qdgralloc: getInterlacedFlag: getMetaData returned 3, defaulting to interlaced_flag = 0
02-13 01:18:48.236  1451 10291 W qdgralloc: getInterlacedFlag: getMetaData returned 3, defaulting to interlaced_flag = 0
02-13 01:18:48.249 10162 10269 D PipelineWatcher: onInputBufferReleased: frameIndex not found (73458); ignored
02-13 01:18:48.250  1336  8837 I sensors-hal: handle_sns_client_event:49, ambient_light_event: ts=706688350433022, event=0.000000
02-13 01:18:48.252  1451 10291 W qdgralloc: getInterlacedFlag: getMetaData returned 3, defaulting to interlaced_flag = 0
02-13 01:18:48.253  1451 10291 W qdgralloc: getInterlacedFlag: getMetaData returned 3, defaulting to interlaced_flag = 0
02-13 01:18:48.271  1451 10291 W qdgralloc: getInterlacedFlag: getMetaData returned 3, defaulting to interlaced_flag = 0
02-13 01:18:48.272  1451 10291 W qdgralloc: getInterlacedFlag: getMetaData returned 3, defaulting to interlaced_flag = 0
02-13 01:18:48.286 10162 10269 D PipelineWatcher: onInputBufferReleased: frameIndex not found (73459); ignored
02-13 01:18:48.289  1451 10291 W qdgralloc: getInterlacedFlag: getMetaData returned 3, defaulting to interlaced_flag = 0
02-13 01:18:48.290  1451 10291 W qdgralloc: getInterlacedFlag: getMetaData returned 3, defaulting to interlaced_flag = 0
02-13 01:18:48.305 10162 10269 D PipelineWatcher: onInputBufferReleased: frameIndex not found (73461); ignored
02-13 01:18:48.309  1451 10291 W qdgralloc: getInterlacedFlag: getMetaData returned 3, defaulting to interlaced_flag = 0
02-13 01:18:48.310  1451 10291 W qdgralloc: getInterlacedFlag: getMetaData returned 3, defaulting to interlaced_flag = 0
02-13 01:18:48.342 10162 10269 D PipelineWatcher: onInputBufferReleased: frameIndex not found (73462); ignored
02-13 01:18:48.346  1451 10291 W qdgralloc: getInterlacedFlag: getMetaData returned 3, defaulting to interlaced_flag = 0
02-13 01:18:48.347  1451 10291 W qdgralloc: getInterlacedFlag: getMetaData returned 3, defaulting to interlaced_flag = 0
02-13 01:18:48.350  1336  8837 I sensors-hal: handle_sns_client_event:49, ambient_light_event: ts=706688450450365, event=0.000000
02-13 01:18:48.384  1451 10291 W qdgralloc: getInterlacedFlag: getMetaData returned 3, defaulting to interlaced_flag = 0
02-13 01:18:48.385  1451 10291 W qdgralloc: getInterlacedFlag: getMetaData returned 3, defaulting to interlaced_flag = 0
02-13 01:18:48.388   984   984 D io_stats: !@   8,0 r 148599441 2440850704 w 8338248 308248396 d 1228116 393908564 f 587213 1843571 iot 29055444 0 th 0 0 0 pt 0 inp 0 0 691922.875
02-13 01:18:48.397 10162 10269 D PipelineWatcher: onInputBufferReleased: frameIndex not found (73464); ignored
02-13 01:18:48.401  1451 10291 W qdgralloc: getInterlacedFlag: getMetaData returned 3, defaulting to interlaced_flag = 0
02-13 01:18:48.402  1451 10291 W qdgralloc: getInterlacedFlag: getMetaData returned 3, defaulting to interlaced_flag = 0
02-13 01:18:48.419 10162 10269 D PipelineWatcher: onInputBufferReleased: frameIndex not found (73465); ignored
02-13 01:18:48.424  1451 10291 W qdgralloc: getInterlacedFlag: getMetaData returned 3, defaulting to interlaced_flag = 0
02-13 01:18:48.425  1451 10291 W qdgralloc: getInterlacedFlag: getMetaData returned 3, defaulting to interlaced_flag = 0
02-13 01:18:48.439 10162 10269 D PipelineWatcher: onInputBufferReleased: frameIndex not found (73467); ignored
02-13 01:18:48.443  1451 10291 W qdgralloc: getInterlacedFlag: getMetaData returned 3, defaulting to interlaced_flag = 0
02-13 01:18:48.444  1451 10291 W qdgralloc: getInterlacedFlag: getMetaData returned 3, defaulting to interlaced_flag = 0
02-13 01:18:48.450  1336  8837 I sensors-hal: handle_sns_client_event:49, ambient_light_event: ts=706688550436303, event=0.000000
02-13 01:18:48.466 10162 10269 D PipelineWatcher: onInputBufferReleased: frameIndex not found (73468); ignored
02-13 01:18:48.471  1451 10291 W qdgralloc: getInterlacedFlag: getMetaData returned 3, defaulting to interlaced_flag = 0
02-13 01:18:48.472  1451 10291 W qdgralloc: getInterlacedFlag: getMetaData returned 3, defaulting to interlaced_flag = 0
02-13 01:18:48.487 10162 10269 D PipelineWatcher: onInputBufferReleased: frameIndex not found (73469); ignored
02-13 01:18:48.491  1451 10291 W qdgralloc: getInterlacedFlag: getMetaData returned 3, defaulting to interlaced_flag = 0
02-13 01:18:48.491  1451 10291 W qdgralloc: getInterlacedFlag: getMetaData returned 3, defaulting to interlaced_flag = 0
02-13 01:18:48.507 10162 10269 D PipelineWatcher: onInputBufferReleased: frameIndex not found (73470); ignored
02-13 01:18:48.512  1451 10291 W qdgralloc: getInterlacedFlag: getMetaData returned 3, defaulting to interlaced_flag = 0
02-13 01:18:48.513  1451 10291 W qdgralloc: getInterlacedFlag: getMetaData returned 3, defaulting to interlaced_flag = 0
02-13 01:18:48.545  1451 10291 W qdgralloc: getInterlacedFlag: getMetaData returned 3, defaulting to interlaced_flag = 0
02-13 01:18:48.546  1451 10291 W qdgralloc: getInterlacedFlag: getMetaData returned 3, defaulting to interlaced_flag = 0
02-13 01:18:48.550  1336  8837 I sensors-hal: handle_sns_client_event:49, ambient_light_event: ts=706688650452553, event=0.000000
02-13 01:18:48.578 10162 10269 D PipelineWatcher: onInputBufferReleased: frameIndex not found (73471); ignored
02-13 01:18:48.583  1451 10291 W qdgralloc: getInterlacedFlag: getMetaData returned 3, defaulting to interlaced_flag = 0
02-13 01:18:48.584  1451 10291 W qdgralloc: getInterlacedFlag: getMetaData returned 3, defaulting to interlaced_flag = 0
02-13 01:18:48.597 10162 10269 D PipelineWatcher: onInputBufferReleased: frameIndex not found (73472); ignored
02-13 01:18:48.602  1451 10291 W qdgralloc: getInterlacedFlag: getMetaData returned 3, defaulting to interlaced_flag = 0
02-13 01:18:48.603  1451 10291 W qdgralloc: getInterlacedFlag: getMetaData returned 3, defaulting to interlaced_flag = 0
02-13 01:18:48.619 10162 10269 D PipelineWatcher: onInputBufferReleased: frameIndex not found (73473); ignored
02-13 01:18:48.623  1451 10291 W qdgralloc: getInterlacedFlag: getMetaData returned 3, defaulting to interlaced_flag = 0
02-13 01:18:48.624  1451 10291 W qdgralloc: getInterlacedFlag: getMetaData returned 3, defaulting to interlaced_flag = 0
02-13 01:18:48.642  1451 10291 W qdgralloc: getInterlacedFlag: getMetaData returned 3, defaulting to interlaced_flag = 0
02-13 01:18:48.643  1451 10291 W qdgralloc: getInterlacedFlag: getMetaData returned 3, defaulting to interlaced_flag = 0
02-13 01:18:48.650  1336  8837 I sensors-hal: handle_sns_client_event:49, ambient_light_event: ts=706688750438803, event=0.000000
02-13 01:18:48.658 10162 10269 D PipelineWatcher: onInputBufferReleased: frameIndex not found (73475); ignored
02-13 01:18:48.662  1451 10291 W qdgralloc: getInterlacedFlag: getMetaData returned 3, defaulting to interlaced_flag = 0
02-13 01:18:48.663  1451 10291 W qdgralloc: getInterlacedFlag: getMetaData returned 3, defaulting to interlaced_flag = 0
02-13 01:18:48.695 10162 10269 D PipelineWatcher: onInputBufferReleased: frameIndex not found (73477); ignored
02-13 01:18:48.700  1451 10291 W qdgralloc: getInterlacedFlag: getMetaData returned 3, defaulting to interlaced_flag = 0
02-13 01:18:48.701  1451 10291 W qdgralloc: getInterlacedFlag: getMetaData returned 3, defaulting to interlaced_flag = 0
02-13 01:18:48.729 10162 10269 D PipelineWatcher: onInputBufferReleased: frameIndex not found (73478); ignored
02-13 01:18:48.733  1451 10291 W qdgralloc: getInterlacedFlag: getMetaData returned 3, defaulting to interlaced_flag = 0
02-13 01:18:48.734  1451 10291 W qdgralloc: getInterlacedFlag: getMetaData returned 3, defaulting to interlaced_flag = 0
02-13 01:18:48.750  1336  8837 I sensors-hal: handle_sns_client_event:49, ambient_light_event: ts=706688850455574, event=0.000000
02-13 01:18:48.755 10162 10269 D PipelineWatcher: onInputBufferReleased: frameIndex not found (73479); ignored
02-13 01:18:48.759  1451 10291 W qdgralloc: getInterlacedFlag: getMetaData returned 3, defaulting to interlaced_flag = 0
02-13 01:18:48.760  1451 10291 W qdgralloc: getInterlacedFlag: getMetaData returned 3, defaulting to interlaced_flag = 0
02-13 01:18:48.777  1335  1453 I GnssAidl: ===> injectLocation line 268 
02-13 01:18:48.778  1335  1494 I LocSvc_api_v02: ---> locClientSendReq line 2419 QMI_LOC_INJECT_POSITION_REQ_V02
02-13 01:18:48.780  2407  3322 D SLocation: PositionManager - Passive handleLocationChanged [N, A : 100.00, T : 1770970728766, ET : 706688870, h : 25/21]
02-13 01:18:48.780  1335 21151 I LocSvc_ApiV02: <--- globalRespCb line 386 QMI_LOC_INJECT_POSITION_REQ_V02
02-13 01:18:48.780  2407  3322 W SLocation: GeopointGeofenceManger - refresh wifi to receive loc
02-13 01:18:48.780  2407  3322 D SLocation: GeopointGeofenceManger - Location reported : fix method = 4 / 100.0
02-13 01:18:48.782  2407  3322 D SLocation: ReceiverPair - ignore direction of location due to wifi, id = 1, reason = 400
02-13 01:18:48.784  2407  3322 D SLocation: AlarmManagerWrapper - next alarm time : 710288885 (WK)
02-13 01:18:48.785  2964  3092 D AppOpsPrivacyItemMonitor: showLocationSystemApps  AppOpItem(Op code=1, UID=1000, AttributionTag=SLocationService, Package name=android, Paused=false)
02-13 01:18:48.791 10162 10269 D PipelineWatcher: onInputBufferReleased: frameIndex not found (73480); ignored
02-13 01:18:48.791  1323  3855 I vendor.qti.bluetooth@1.0-ibs_handler: ProcessIbsCmd: Received IBS_WAKE_IND: 0xFD
02-13 01:18:48.791  1323  3855 D vendor.qti.bluetooth@1.0-ibs_handler: SerialClockVote: vote for UART CLK ON
02-13 01:18:48.791  1323  3855 D vendor.qti.bluetooth@1.0-wake_lock: Acquire wakelock is acquired 
02-13 01:18:48.791  1323  3855 I vendor.qti.bluetooth@1.0-ibs_handler: ProcessIbsCmd: Writing IBS_WAKE_ACK
02-13 01:18:48.793  2964  2964 W RefactorFlag: New code path expects SceneContainerFlag to be enabled.
02-13 01:18:48.793  2964  2964 W RefactorFlag: New code path expects SceneContainerFlag to be enabled.
02-13 01:18:48.793  2964  2964 W RefactorFlag: New code path expects SceneContainerFlag to be enabled.
02-13 01:18:48.794  1451 10291 W qdgralloc: getInterlacedFlag: getMetaData returned 3, defaulting to interlaced_flag = 0
02-13 01:18:48.794  1451 10291 W qdgralloc: getInterlacedFlag: getMetaData returned 3, defaulting to interlaced_flag = 0
02-13 01:18:48.797  2964  2964 D AiAgentEffect: onPrivacyItemsChanged privacyItems.size = 1
02-13 01:18:48.797  2964  2964 D AiAgentEffect: onPrivacyItemsChanged privacyItems isEmpty or found item is null
02-13 01:18:48.802 23245 23443 I HoneySpace.StatusIconTracker: invokeEvent() called with: event = PrivacyInfo(visible=false)
02-13 01:18:48.812  1451 10291 W qdgralloc: getInterlacedFlag: getMetaData returned 3, defaulting to interlaced_flag = 0
02-13 01:18:48.812  2964  2964 W View    : requestLayout() improperly called by com.android.systemui.qs.SecQSGradationDrawableView{64a2348 V.E...... ......ID 0,0-1200,177 #7f0a0a16 app:id/qs_gradation_view} during layout: running second layout pass
02-13 01:18:48.812  1451 10291 W qdgralloc: getInterlacedFlag: getMetaData returned 3, defaulting to interlaced_flag = 0
02-13 01:18:48.813  2964  2964 W View    : requestLayout() improperly called by android.widget.FrameLayout{60125e1 V.E...... ......ID 0,0-1200,1920 #3} during layout: running second layout pass
02-13 01:18:48.813  2964  2964 W View    : requestLayout() improperly called by android.widget.FrameLayout{50ddf06 V.E...... ......ID 233,45-968,1848 #7f0a0a14 app:id/qs_frame} during layout: running second layout pass
02-13 01:18:48.814  2964  2964 W RefactorFlag: New code path expects SceneContainerFlag to be enabled.
02-13 01:18:48.814  2964  2964 W RefactorFlag: New code path expects SceneContainerFlag to be enabled.
02-13 01:18:48.814  2964  2964 W RefactorFlag: New code path expects SceneContainerFlag to be enabled.
02-13 01:18:48.816  2964  2964 I FaceWidgetViewModel: onNioLayoutUpdated : left 31, right 31, total 45, top 9, bottom 0, containerStartX 227, containerEndX 980, iconSize 23, iconScaleRate 1.0
02-13 01:18:48.817  2964  2964 I FaceWidgetKeyguardNIOController: isNioContainerSizeValid availableWidth 753 currentWidth 70 isAvailableWidth true
02-13 01:18:48.818  2964  2964 D IndicatorBasicGardener: PhoneStatusBarViewController update is done totalHeight=45  hasCameraTopMargin=true  cameraTopMargin=9  hasCameraBottomMargin=false  cameraBottomMargin=0  paddingLeft=31  paddingRight=31  maxWidthLeftContainer=980  maxWidthCenterContainer=379  maxWidthRightContainer=953 cutout=null
02-13 01:18:48.825  2964  2964 D {OngoingChipAdapter}: updateEnableMaxWidth : 820 -:> 795
02-13 01:18:48.829 10162 10269 D PipelineWatcher: onInputBufferReleased: frameIndex not found (73481); ignored
02-13 01:18:48.832  1451 10291 W qdgralloc: getInterlacedFlag: getMetaData returned 3, defaulting to interlaced_flag = 0
02-13 01:18:48.833  1451 10291 W qdgralloc: getInterlacedFlag: getMetaData returned 3, defaulting to interlaced_flag = 0
02-13 01:18:48.850  1336  8837 I sensors-hal: handle_sns_client_event:49, ambient_light_event: ts=706688950441563, event=0.000000
02-13 01:18:48.851  1451 10291 W qdgralloc: getInterlacedFlag: getMetaData returned 3, defaulting to interlaced_flag = 0
02-13 01:18:48.851  1451 10291 W qdgralloc: getInterlacedFlag: getMetaData returned 3, defaulting to interlaced_flag = 0
02-13 01:18:48.870 10162 10269 D PipelineWatcher: onInputBufferReleased: frameIndex not found (73483); ignored
02-13 01:18:48.873  1451 10291 W qdgralloc: getInterlacedFlag: getMetaData returned 3, defaulting to interlaced_flag = 0
02-13 01:18:48.874  1451 10291 W qdgralloc: getInterlacedFlag: getMetaData returned 3, defaulting to interlaced_flag = 0
02-13 01:18:48.886  1323  3855 I vendor.qti.bluetooth@1.0-ibs_handler: ProcessIbsCmd: Received IBS_SLEEP_IND: 0xFE
02-13 01:18:48.886  1323  3855 D vendor.qti.bluetooth@1.0-ibs_handler: SerialClockVote: vote for UART CLK OFF
02-13 01:18:48.887  1323  3855 I vendor.qti.bluetooth@1.0-ibs_handler: ProcessIbsCmd: Received IBS_WAKE_IND: 0xFD
02-13 01:18:48.887  1323  3855 D vendor.qti.bluetooth@1.0-ibs_handler: SerialClockVote: vote for UART CLK ON
02-13 01:18:48.887  1323  3855 I vendor.qti.bluetooth@1.0-ibs_handler: ProcessIbsCmd: Writing IBS_WAKE_ACK
02-13 01:18:48.890 10162 10269 D PipelineWatcher: onInputBufferReleased: frameIndex not found (73484); ignored
02-13 01:18:48.894  1451 10291 W qdgralloc: getInterlacedFlag: getMetaData returned 3, defaulting to interlaced_flag = 0
02-13 01:18:48.895  1451 10291 W qdgralloc: getInterlacedFlag: getMetaData returned 3, defaulting to interlaced_flag = 0
02-13 01:18:48.897  3350  3876 I ScanController: onScanResult to scannerId: 6- eventType=0x1b, addressType=1, address=XX:XX:XX:XX:1C:4B, primaryPhy=1, secondaryPhy=0, advertisingSid=0xff, txPower=127, rssi=-86, periodicAdvInt=0x0
02-13 01:18:48.928 10162 10269 D PipelineWatcher: onInputBufferReleased: frameIndex not found (73485); ignored
02-13 01:18:48.933  1451 10291 W qdgralloc: getInterlacedFlag: getMetaData returned 3, defaulting to interlaced_flag = 0
02-13 01:18:48.934  1451 10291 W qdgralloc: getInterlacedFlag: getMetaData returned 3, defaulting to interlaced_flag = 0
02-13 01:18:48.951  1336  8837 I sensors-hal: handle_sns_client_event:49, ambient_light_event: ts=706689050427813, event=0.000000
02-13 01:18:48.963 10162 10269 D PipelineWatcher: onInputBufferReleased: frameIndex not found (73486); ignored
02-13 01:18:48.968  1451 10291 W qdgralloc: getInterlacedFlag: getMetaData returned 3, defaulting to interlaced_flag = 0
02-13 01:18:48.968  1451 10291 W qdgralloc: getInterlacedFlag: getMetaData returned 3, defaulting to interlaced_flag = 0
02-13 01:18:48.976  1455  1455 E sehhealth-service: sehtBinder.get() is null
02-13 01:18:48.984 10162 10269 D PipelineWatcher: onInputBufferReleased: frameIndex not found (73487); ignored
02-13 01:18:48.987  1451 10291 W qdgralloc: getInterlacedFlag: getMetaData returned 3, defaulting to interlaced_flag = 0
02-13 01:18:48.988  1451 10291 W qdgralloc: getInterlacedFlag: getMetaData returned 3, defaulting to interlaced_flag = 0
02-13 01:18:48.992  1323  3855 I vendor.qti.bluetooth@1.0-ibs_handler: ProcessIbsCmd: Received IBS_SLEEP_IND: 0xFE
02-13 01:18:48.992  1323  3855 D vendor.qti.bluetooth@1.0-ibs_handler: SerialClockVote: vote for UART CLK OFF
02-13 01:18:49.004 10162 10269 D PipelineWatcher: onInputBufferReleased: frameIndex not found (73488); ignored
02-13 01:18:49.006  1451 10291 W qdgralloc: getInterlacedFlag: getMetaData returned 3, defaulting to interlaced_flag = 0
02-13 01:18:49.007  1451 10291 W qdgralloc: getInterlacedFlag: getMetaData returned 3, defaulting to interlaced_flag = 0
02-13 01:18:49.040 10162 10269 D PipelineWatcher: onInputBufferReleased: frameIndex not found (73489); ignored
02-13 01:18:49.044  1451 10291 W qdgralloc: getInterlacedFlag: getMetaData returned 3, defaulting to interlaced_flag = 0
02-13 01:18:49.045  1451 10291 W qdgralloc: getInterlacedFlag: getMetaData returned 3, defaulting to interlaced_flag = 0
02-13 01:18:49.050  1336  8837 I sensors-hal: handle_sns_client_event:49, ambient_light_event: ts=706689150444844, event=0.000000
02-13 01:18:49.078 10162 10269 D PipelineWatcher: onInputBufferReleased: frameIndex not found (73490); ignored
02-13 01:18:49.083  1451 10291 W qdgralloc: getInterlacedFlag: getMetaData returned 3, defaulting to interlaced_flag = 0
02-13 01:18:49.084  1451 10291 W qdgralloc: getInterlacedFlag: getMetaData returned 3, defaulting to interlaced_flag = 0
02-13 01:18:49.116 10162 10269 D PipelineWatcher: onInputBufferReleased: frameIndex not found (73491); ignored
02-13 01:18:49.120  1451 10291 W qdgralloc: getInterlacedFlag: getMetaData returned 3, defaulting to interlaced_flag = 0
02-13 01:18:49.121  1451 10291 W qdgralloc: getInterlacedFlag: getMetaData returned 3, defaulting to interlaced_flag = 0
02-13 01:18:49.135 10162 10269 D PipelineWatcher: onInputBufferReleased: frameIndex not found (73493); ignored
02-13 01:18:49.136  1451 10291 W qdgralloc: getInterlacedFlag: getMetaData returned 3, defaulting to interlaced_flag = 0
02-13 01:18:49.137  1451 10291 W qdgralloc: getInterlacedFlag: getMetaData returned 3, defaulting to interlaced_flag = 0
02-13 01:18:49.142  1323  3698 D vendor.qti.bluetooth@1.0-wake_lock: Release wakelock is released 
02-13 01:18:49.150  1336  8837 I sensors-hal: handle_sns_client_event:49, ambient_light_event: ts=706689250431615, event=0.000000
02-13 01:18:49.156  1451 10291 W qdgralloc: getInterlacedFlag: getMetaData returned 3, defaulting to interlaced_flag = 0
02-13 01:18:49.157  1451 10291 W qdgralloc: getInterlacedFlag: getMetaData returned 3, defaulting to interlaced_flag = 0
02-13 01:18:49.172 10162 10269 D PipelineWatcher: onInputBufferReleased: frameIndex not found (73494); ignored
02-13 01:18:49.177  1451 10291 W qdgralloc: getInterlacedFlag: getMetaData returned 3, defaulting to interlaced_flag = 0
02-13 01:18:49.178  1451 10291 W qdgralloc: getInterlacedFlag: getMetaData returned 3, defaulting to interlaced_flag = 0
02-13 01:18:49.214  1451 10291 W qdgralloc: getInterlacedFlag: getMetaData returned 3, defaulting to interlaced_flag = 0
02-13 01:18:49.215  1451 10291 W qdgralloc: getInterlacedFlag: getMetaData returned 3, defaulting to interlaced_flag = 0
02-13 01:18:49.245 10162 10269 D PipelineWatcher: onInputBufferReleased: frameIndex not found (73497); ignored
02-13 01:18:49.250  1336  8837 I sensors-hal: handle_sns_client_event:49, ambient_light_event: ts=706689350448386, event=0.000000
02-13 01:18:49.250  1451 10291 W qdgralloc: getInterlacedFlag: getMetaData returned 3, defaulting to interlaced_flag = 0
02-13 01:18:49.251  1451 10291 W qdgralloc: getInterlacedFlag: getMetaData returned 3, defaulting to interlaced_flag = 0
02-13 01:18:49.269  1451 10291 W qdgralloc: getInterlacedFlag: getMetaData returned 3, defaulting to interlaced_flag = 0
02-13 01:18:49.270  1451 10291 W qdgralloc: getInterlacedFlag: getMetaData returned 3, defaulting to interlaced_flag = 0
02-13 01:18:49.281  2407  3322 D SLocation: WifiBssidMonitor - requestRefresh
02-13 01:18:49.285  2407  3322 W SLocation: WifiBssidMonitor - connected wifi : (dc:eb:69:**:**:a7/966)
02-13 01:18:49.288 10162 10269 D PipelineWatcher: onInputBufferReleased: frameIndex not found (73498); ignored
02-13 01:18:49.292  1451 10291 W qdgralloc: getInterlacedFlag: getMetaData returned 3, defaulting to interlaced_flag = 0
02-13 01:18:49.293  1451 10291 W qdgralloc: getInterlacedFlag: getMetaData returned 3, defaulting to interlaced_flag = 0
02-13 01:18:49.299  3159 21719 W AlarmManager: Unrecognized alarm listener com.android.networkstack.android.net.ip.IpClientLinkObserver$Dhcp6PdPreferredPrefixAlarmListener@dcb4e71
02-13 01:18:49.300  3159 21719 D ApfFilter: (wlan0): Ignoring RA RA fe80::deeb:69ff:fe6d:f19e -> ff02::1 180s 2600:8800:2918:cb00::/64 300s/300s RIO 180s ::/0  which matches RA fe80::deeb:69ff:fe6d:f19e -> ff02::1 180s 2600:8800:2918:cb00::/64 300s/300s RIO 180s ::/0 
02-13 01:18:49.325 10162 10269 D PipelineWatcher: onInputBufferReleased: frameIndex not found (73499); ignored
02-13 01:18:49.329  1451 10291 W qdgralloc: getInterlacedFlag: getMetaData returned 3, defaulting to interlaced_flag = 0
02-13 01:18:49.330  1451 10291 W qdgralloc: getInterlacedFlag: getMetaData returned 3, defaulting to interlaced_flag = 0
02-13 01:18:49.350  1336  8837 I sensors-hal: handle_sns_client_event:49, ambient_light_event: ts=706689450433855, event=0.000000
02-13 01:18:49.364  1451 10291 W qdgralloc: getInterlacedFlag: getMetaData returned 3, defaulting to interlaced_flag = 0
02-13 01:18:49.365  1451 10291 W qdgralloc: getInterlacedFlag: getMetaData returned 3, defaulting to interlaced_flag = 0
02-13 01:18:49.380 10162 10269 D PipelineWatcher: onInputBufferReleased: frameIndex not found (73500); ignored
02-13 01:18:49.384  1451 10291 W qdgralloc: getInterlacedFlag: getMetaData returned 3, defaulting to interlaced_flag = 0
02-13 01:18:49.385  1451 10291 W qdgralloc: getInterlacedFlag: getMetaData returned 3, defaulting to interlaced_flag = 0
02-13 01:18:49.400 10162 10269 D PipelineWatcher: onInputBufferReleased: frameIndex not found (73502); ignored
02-13 01:18:49.404  1451 10291 W qdgralloc: getInterlacedFlag: getMetaData returned 3, defaulting to interlaced_flag = 0
02-13 01:18:49.405  1451 10291 W qdgralloc: getInterlacedFlag: getMetaData returned 3, defaulting to interlaced_flag = 0
02-13 01:18:49.425  1451 10291 W qdgralloc: getInterlacedFlag: getMetaData returned 3, defaulting to interlaced_flag = 0
02-13 01:18:49.427  1451 10291 W qdgralloc: getInterlacedFlag: getMetaData returned 3, defaulting to interlaced_flag = 0
02-13 01:18:49.450  1336  8837 I sensors-hal: handle_sns_client_event:49, ambient_light_event: ts=706689550450626, event=0.000000
02-13 01:18:49.458 10162 10269 D PipelineWatcher: onInputBufferReleased: frameIndex not found (73504); ignored
02-13 01:18:49.462  1451 10291 W qdgralloc: getInterlacedFlag: getMetaData returned 3, defaulting to interlaced_flag = 0
02-13 01:18:49.463  1451 10291 W qdgralloc: getInterlacedFlag: getMetaData returned 3, defaulting to interlaced_flag = 0
02-13 01:18:49.469  4980  5313 I SDHMS:CpLowMode: controlMode:: mode ? false (r:0)
02-13 01:18:49.494 10162 10269 D PipelineWatcher: onInputBufferReleased: frameIndex not found (73505); ignored
02-13 01:18:49.501  1451 10291 W qdgralloc: getInterlacedFlag: getMetaData returned 3, defaulting to interlaced_flag = 0
02-13 01:18:49.502  1451 10291 W qdgralloc: getInterlacedFlag: getMetaData returned 3, defaulting to interlaced_flag = 0
02-13 01:18:49.529 10162 10269 D PipelineWatcher: onInputBufferReleased: frameIndex not found (73506); ignored
02-13 01:18:49.533  1451 10291 W qdgralloc: getInterlacedFlag: getMetaData returned 3, defaulting to interlaced_flag = 0
02-13 01:18:49.534  1451 10291 W qdgralloc: getInterlacedFlag: getMetaData returned 3, defaulting to interlaced_flag = 0
02-13 01:18:49.551  1336  8837 I sensors-hal: handle_sns_client_event:49, ambient_light_event: ts=706689650437136, event=0.000000
02-13 01:18:49.561  1451 10291 W qdgralloc: getInterlacedFlag: getMetaData returned 3, defaulting to interlaced_flag = 0
02-13 01:18:49.562  1451 10291 W qdgralloc: getInterlacedFlag: getMetaData returned 3, defaulting to interlaced_flag = 0
02-13 01:18:49.577 10162 10269 D PipelineWatcher: onInputBufferReleased: frameIndex not found (73509); ignored
02-13 01:18:49.581  1451 10291 W qdgralloc: getInterlacedFlag: getMetaData returned 3, defaulting to interlaced_flag = 0
02-13 01:18:49.582  1451 10291 W qdgralloc: getInterlacedFlag: getMetaData returned 3, defaulting to interlaced_flag = 0
02-13 01:18:49.609  1451 10291 W qdgralloc: getInterlacedFlag: getMetaData returned 3, defaulting to interlaced_flag = 0
02-13 01:18:49.610  1451 10291 W qdgralloc: getInterlacedFlag: getMetaData returned 3, defaulting to interlaced_flag = 0
02-13 01:18:49.640 10162 10269 D PipelineWatcher: onInputBufferReleased: frameIndex not found (73510); ignored
02-13 01:18:49.643  1451 10291 W qdgralloc: getInterlacedFlag: getMetaData returned 3, defaulting to interlaced_flag = 0
02-13 01:18:49.644  1451 10291 W qdgralloc: getInterlacedFlag: getMetaData returned 3, defaulting to interlaced_flag = 0
02-13 01:18:49.650  1336  8837 I sensors-hal: handle_sns_client_event:49, ambient_light_event: ts=706689750453647, event=0.000000
02-13 01:18:49.675 10162 10269 D PipelineWatcher: onInputBufferReleased: frameIndex not found (73511); ignored
02-13 01:18:49.682  1451 10291 W qdgralloc: getInterlacedFlag: getMetaData returned 3, defaulting to interlaced_flag = 0
02-13 01:18:49.683  1451 10291 W qdgralloc: getInterlacedFlag: getMetaData returned 3, defaulting to interlaced_flag = 0
02-13 01:18:49.712 10162 10269 D PipelineWatcher: onInputBufferReleased: frameIndex not found (73513); ignored
02-13 01:18:49.716  1451 10291 W qdgralloc: getInterlacedFlag: getMetaData returned 3, defaulting to interlaced_flag = 0
02-13 01:18:49.716  1451 10291 W qdgralloc: getInterlacedFlag: getMetaData returned 3, defaulting to interlaced_flag = 0
02-13 01:18:49.734  1451 10291 W qdgralloc: getInterlacedFlag: getMetaData returned 3, defaulting to interlaced_flag = 0
02-13 01:18:49.735  1451 10291 W qdgralloc: getInterlacedFlag: getMetaData returned 3, defaulting to interlaced_flag = 0
02-13 01:18:49.750  1336  8837 I sensors-hal: handle_sns_client_event:49, ambient_light_event: ts=706689850440157, event=0.000000
02-13 01:18:49.752 10162 10269 D PipelineWatcher: onInputBufferReleased: frameIndex not found (73514); ignored
02-13 01:18:49.756  1451 10291 W qdgralloc: getInterlacedFlag: getMetaData returned 3, defaulting to interlaced_flag = 0
02-13 01:18:49.757  1451 10291 W qdgralloc: getInterlacedFlag: getMetaData returned 3, defaulting to interlaced_flag = 0
02-13 01:18:49.786  1868 10272 D BufferPoolAccessor2.0: bufferpool2 0xb400006f62c01e28 : 5(13500 size) total buffers - 1(3000 size) used buffers - 967326/967331 (recycle/alloc) - 14/967329 (fetch/transfer)
02-13 01:18:49.792  1451 10291 W qdgralloc: getInterlacedFlag: getMetaData returned 3, defaulting to interlaced_flag = 0
02-13 01:18:49.794  1451 10291 W qdgralloc: getInterlacedFlag: getMetaData returned 3, defaulting to interlaced_flag = 0
02-13 01:18:49.814  1451 10291 W qdgralloc: getInterlacedFlag: getMetaData returned 3, defaulting to interlaced_flag = 0
02-13 01:18:49.815  1451 10291 W qdgralloc: getInterlacedFlag: getMetaData returned 3, defaulting to interlaced_flag = 0
02-13 01:18:49.826 10162 10269 D PipelineWatcher: onInputBufferReleased: frameIndex not found (73517); ignored
02-13 01:18:49.830  1451 10291 W qdgralloc: getInterlacedFlag: getMetaData returned 3, defaulting to interlaced_flag = 0
02-13 01:18:49.831  1451 10291 W qdgralloc: getInterlacedFlag: getMetaData returned 3, defaulting to interlaced_flag = 0
02-13 01:18:49.843 10162 10269 D PipelineWatcher: onInputBufferReleased: frameIndex not found (73518); ignored
02-13 01:18:49.847  1451 10291 W qdgralloc: getInterlacedFlag: getMetaData returned 3, defaulting to interlaced_flag = 0
02-13 01:18:49.848  1451 10291 W qdgralloc: getInterlacedFlag: getMetaData returned 3, defaulting to interlaced_flag = 0
02-13 01:18:49.850  1336  8837 I sensors-hal: handle_sns_client_event:49, ambient_light_event: ts=706689950456928, event=0.000000
02-13 01:18:49.864 10162 10269 D PipelineWatcher: onInputBufferReleased: frameIndex not found (73519); ignored
02-13 01:18:49.865  2407 21843 D SemWifiUsabilityStatsMonitor: onWifiUsabilityStats - seqNum 182381, isSameBssidAndFreq true
02-13 01:18:49.869  1451 10291 W qdgralloc: getInterlacedFlag: getMetaData returned 3, defaulting to interlaced_flag = 0
02-13 01:18:49.870  1451 10291 W qdgralloc: getInterlacedFlag: getMetaData returned 3, defaulting to interlaced_flag = 0
02-13 01:18:49.885 10162 10269 D PipelineWatcher: onInputBufferReleased: frameIndex not found (73520); ignored
02-13 01:18:49.891  1451 10291 W qdgralloc: getInterlacedFlag: getMetaData returned 3, defaulting to interlaced_flag = 0
02-13 01:18:49.892  1451 10291 W qdgralloc: getInterlacedFlag: getMetaData returned 3, defaulting to interlaced_flag = 0
02-13 01:18:49.902 10162 10269 D PipelineWatcher: onInputBufferReleased: frameIndex not found (73521); ignored
02-13 01:18:49.907  1451 10291 W qdgralloc: getInterlacedFlag: getMetaData returned 3, defaulting to interlaced_flag = 0
02-13 01:18:49.907  1451 10291 W qdgralloc: getInterlacedFlag: getMetaData returned 3, defaulting to interlaced_flag = 0
02-13 01:18:49.923 10162 10269 D PipelineWatcher: onInputBufferReleased: frameIndex not found (73522); ignored
02-13 01:18:49.927  1451 10291 W qdgralloc: getInterlacedFlag: getMetaData returned 3, defaulting to interlaced_flag = 0
02-13 01:18:49.928  1451 10291 W qdgralloc: getInterlacedFlag: getMetaData returned 3, defaulting to interlaced_flag = 0
02-13 01:18:49.950  1336  8837 I sensors-hal: handle_sns_client_event:49, ambient_light_event: ts=706690050443178, event=0.000000
02-13 01:18:49.961 10162 10269 D PipelineWatcher: onInputBufferReleased: frameIndex not found (73524); ignored
02-13 01:18:49.966  1451 10291 W qdgralloc: getInterlacedFlag: getMetaData returned 3, defaulting to interlaced_flag = 0
02-13 01:18:49.967  1451 10291 W qdgralloc: getInterlacedFlag: getMetaData returned 3, defaulting to interlaced_flag = 0
02-13 01:18:49.997 10162 10269 D PipelineWatcher: onInputBufferReleased: frameIndex not found (73525); ignored
02-13 01:18:50.000  1451 10291 W qdgralloc: getInterlacedFlag: getMetaData returned 3, defaulting to interlaced_flag = 0
02-13 01:18:50.001  1451 10291 W qdgralloc: getInterlacedFlag: getMetaData returned 3, defaulting to interlaced_flag = 0
02-13 01:18:50.030  1451 10291 W qdgralloc: getInterlacedFlag: getMetaData returned 3, defaulting to interlaced_flag = 0
02-13 01:18:50.031  1451 10291 W qdgralloc: getInterlacedFlag: getMetaData returned 3, defaulting to interlaced_flag = 0
02-13 01:18:50.050  1336  8837 I sensors-hal: handle_sns_client_event:49, ambient_light_event: ts=706690150430469, event=0.000000
02-13 01:18:50.060 10162 10269 D PipelineWatcher: onInputBufferReleased: frameIndex not found (73527); ignored
02-13 01:18:50.066  1451 10291 W qdgralloc: getInterlacedFlag: getMetaData returned 3, defaulting to interlaced_flag = 0
02-13 01:18:50.067  1451 10291 W qdgralloc: getInterlacedFlag: getMetaData returned 3, defaulting to interlaced_flag = 0
02-13 01:18:50.095 10162 10269 D PipelineWatcher: onInputBufferReleased: frameIndex not found (73528); ignored
02-13 01:18:50.100  1451 10291 W qdgralloc: getInterlacedFlag: getMetaData returned 3, defaulting to interlaced_flag = 0
02-13 01:18:50.100  1451 10291 W qdgralloc: getInterlacedFlag: getMetaData returned 3, defaulting to interlaced_flag = 0
02-13 01:18:50.116 10162 10269 D PipelineWatcher: onInputBufferReleased: frameIndex not found (73529); ignored
02-13 01:18:50.119  1451 10291 W qdgralloc: getInterlacedFlag: getMetaData returned 3, defaulting to interlaced_flag = 0
02-13 01:18:50.119  1451 10291 W qdgralloc: getInterlacedFlag: getMetaData returned 3, defaulting to interlaced_flag = 0
02-13 01:18:50.150  1336  8837 I sensors-hal: handle_sns_client_event:49, ambient_light_event: ts=706690250446459, event=0.000000
02-13 01:18:50.153 10162 10269 D PipelineWatcher: onInputBufferReleased: frameIndex not found (73530); ignored
02-13 01:18:50.158  1451 10291 W qdgralloc: getInterlacedFlag: getMetaData returned 3, defaulting to interlaced_flag = 0
02-13 01:18:50.159  1451 10291 W qdgralloc: getInterlacedFlag: getMetaData returned 3, defaulting to interlaced_flag = 0
02-13 01:18:50.190  1451 10291 I QC2Comp : [avcE_270] Stats: Pending(8) i/p-done(0) Works: Q: 73539/Done 73531|Work-Rate: Q(37.2/s Avg=3.8/s) Done(37.181/s Avg=3.801/s)| Stream: 70.28fps 10.6Mbps
02-13 01:18:50.191  1451 10291 I QC2Comp : [avcE_270] Mem-usage:  [In-2D: 18 bufs 140.625 MB] [2D-Conv-436: 65 bufs 152.344 MB] [1D-435: 65 bufs 152.344 MB] [1D-437: 12 bufs 0.188 MB] | Total: 445.500 MB
02-13 01:18:50.191 10162 10269 D PipelineWatcher: onInputBufferReleased: frameIndex not found (73531); ignored
02-13 01:18:50.196  1451 10291 W qdgralloc: getInterlacedFlag: getMetaData returned 3, defaulting to interlaced_flag = 0
02-13 01:18:50.197  1451 10291 W qdgralloc: getInterlacedFlag: getMetaData returned 3, defaulting to interlaced_flag = 0
02-13 01:18:50.226 10162 10269 D PipelineWatcher: onInputBufferReleased: frameIndex not found (73532); ignored
02-13 01:18:50.230  1451 10291 W qdgralloc: getInterlacedFlag: getMetaData returned 3, defaulting to interlaced_flag = 0
02-13 01:18:50.232  1451 10291 W qdgralloc: getInterlacedFlag: getMetaData returned 3, defaulting to interlaced_flag = 0
02-13 01:18:50.249  1451 10291 W qdgralloc: getInterlacedFlag: getMetaData returned 3, defaulting to interlaced_flag = 0
02-13 01:18:50.250  1451 10291 W qdgralloc: getInterlacedFlag: getMetaData returned 3, defaulting to interlaced_flag = 0
02-13 01:18:50.250  1336  8837 I sensors-hal: handle_sns_client_event:49, ambient_light_event: ts=706690350432188, event=0.000000
02-13 01:18:50.265 10162 10269 D PipelineWatcher: onInputBufferReleased: frameIndex not found (73533); ignored
02-13 01:18:50.271  1451 10291 W qdgralloc: getInterlacedFlag: getMetaData returned 3, defaulting to interlaced_flag = 0
02-13 01:18:50.271  1451 10291 W qdgralloc: getInterlacedFlag: getMetaData returned 3, defaulting to interlaced_flag = 0
02-13 01:18:50.284 10162 10269 D PipelineWatcher: onInputBufferReleased: frameIndex not found (73534); ignored
02-13 01:18:50.287  1451 10291 W qdgralloc: getInterlacedFlag: getMetaData returned 3, defaulting to interlaced_flag = 0
02-13 01:18:50.288  1451 10291 W qdgralloc: getInterlacedFlag: getMetaData returned 3, defaulting to interlaced_flag = 0
02-13 01:18:50.304 10162 10269 D PipelineWatcher: onInputBufferReleased: frameIndex not found (73535); ignored
02-13 01:18:50.306  1451 10291 W qdgralloc: getInterlacedFlag: getMetaData returned 3, defaulting to interlaced_flag = 0
02-13 01:18:50.307  1451 10291 W qdgralloc: getInterlacedFlag: getMetaData returned 3, defaulting to interlaced_flag = 0
02-13 01:18:50.326  1451 10291 W qdgralloc: getInterlacedFlag: getMetaData returned 3, defaulting to interlaced_flag = 0
02-13 01:18:50.327  1451 10291 W qdgralloc: getInterlacedFlag: getMetaData returned 3, defaulting to interlaced_flag = 0
02-13 01:18:50.350  1336  8837 I sensors-hal: handle_sns_client_event:49, ambient_light_event: ts=706690450448699, event=0.000000
02-13 01:18:50.359 10162 10269 D PipelineWatcher: onInputBufferReleased: frameIndex not found (73536); ignored
02-13 01:18:50.362  1451 10291 W qdgralloc: getInterlacedFlag: getMetaData returned 3, defaulting to interlaced_flag = 0
02-13 01:18:50.362  1451 10291 W qdgralloc: getInterlacedFlag: getMetaData returned 3, defaulting to interlaced_flag = 0
02-13 01:18:50.379 10162 10269 D PipelineWatcher: onInputBufferReleased: frameIndex not found (73537); ignored
02-13 01:18:50.381 10162 10263 D BufferPoolAccessor2.0: bufferpool2 0xb400007780129428 : 5(19200 size) total buffers - 4(15360 size) used buffers - 967358/967363 (recycle/alloc) - 2099/1934717 (fetch/transfer)
02-13 01:18:50.381  1451 10291 W qdgralloc: getInterlacedFlag: getMetaData returned 3, defaulting to interlaced_flag = 0
02-13 01:18:50.382  1451 10291 W qdgralloc: getInterlacedFlag: getMetaData returned 3, defaulting to interlaced_flag = 0
02-13 01:18:50.389   984   984 D io_stats: !@   8,0 r 148599474 2440851220 w 8338248 308248396 d 1228116 393908564 f 587213 1843571 iot 29055460 0 th 0 0 0 pt 0 inp 0 0 691924.876
02-13 01:18:50.389   984   984 D io_stats: !@ Read_top(KB): tororide.driver(27610) 504 .sec.imsservice(3052) 40 kworker/3:2H(27274) 8
02-13 01:18:50.397 10162 10269 D PipelineWatcher: onInputBufferReleased: frameIndex not found (73538); ignored
02-13 01:18:50.399 10162 10269 D PipelineWatcher: onInputBufferReleased: frameIndex not found (73539); ignored
02-13 01:18:50.400  1451 10291 W qdgralloc: getInterlacedFlag: getMetaData returned 3, defaulting to interlaced_flag = 0
02-13 01:18:50.401  1451 10291 W qdgralloc: getInterlacedFlag: getMetaData returned 3, defaulting to interlaced_flag = 0
02-13 01:18:50.420 10162 10269 D PipelineWatcher: onInputBufferReleased: frameIndex not found (73540); ignored
02-13 01:18:50.423  1451 10291 W qdgralloc: getInterlacedFlag: getMetaData returned 3, defaulting to interlaced_flag = 0
02-13 01:18:50.423  1451 10291 W qdgralloc: getInterlacedFlag: getMetaData returned 3, defaulting to interlaced_flag = 0
02-13 01:18:50.440 10162 10269 D PipelineWatcher: onInputBufferReleased: frameIndex not found (73541); ignored
02-13 01:18:50.442  1451 10291 W qdgralloc: getInterlacedFlag: getMetaData returned 3, defaulting to interlaced_flag = 0
02-13 01:18:50.443  1451 10291 W qdgralloc: getInterlacedFlag: getMetaData returned 3, defaulting to interlaced_flag = 0
02-13 01:18:50.450  1336  8837 I sensors-hal: handle_sns_client_event:49, ambient_light_event: ts=706690550435730, event=0.000000
02-13 01:18:50.458 10162 10269 D PipelineWatcher: onInputBufferReleased: frameIndex not found (73543); ignored
02-13 01:18:50.462  1451 10291 W qdgralloc: getInterlacedFlag: getMetaData returned 3, defaulting to interlaced_flag = 0
02-13 01:18:50.463  1451 10291 W qdgralloc: getInterlacedFlag: getMetaData returned 3, defaulting to interlaced_flag = 0
02-13 01:18:50.478 10162 10269 D PipelineWatcher: onInputBufferReleased: frameIndex not found (73544); ignored
02-13 01:18:50.481  1451 10291 W qdgralloc: getInterlacedFlag: getMetaData returned 3, defaulting to interlaced_flag = 0
02-13 01:18:50.481  1451 10291 W qdgralloc: getInterlacedFlag: getMetaData returned 3, defaulting to interlaced_flag = 0
02-13 01:18:50.499 10162 10269 D PipelineWatcher: onInputBufferReleased: frameIndex not found (73545); ignored
02-13 01:18:50.502  1451 10291 W qdgralloc: getInterlacedFlag: getMetaData returned 3, defaulting to interlaced_flag = 0
02-13 01:18:50.503  1451 10291 W qdgralloc: getInterlacedFlag: getMetaData returned 3, defaulting to interlaced_flag = 0
02-13 01:18:50.518 10162 10269 D PipelineWatcher: onInputBufferReleased: frameIndex not found (73546); ignored
02-13 01:18:50.520  1451 10291 W qdgralloc: getInterlacedFlag: getMetaData returned 3, defaulting to interlaced_flag = 0
02-13 01:18:50.521  1451 10291 W qdgralloc: getInterlacedFlag: getMetaData returned 3, defaulting to interlaced_flag = 0
02-13 01:18:50.536 10162 10269 D PipelineWatcher: onInputBufferReleased: frameIndex not found (73547); ignored
02-13 01:18:50.538  1451 10291 W qdgralloc: getInterlacedFlag: getMetaData returned 3, defaulting to interlaced_flag = 0
02-13 01:18:50.538  1451 10291 W qdgralloc: getInterlacedFlag: getMetaData returned 3, defaulting to interlaced_flag = 0
02-13 01:18:50.550  1336  8837 I sensors-hal: handle_sns_client_event:49, ambient_light_event: ts=706690650453022, event=0.000000
02-13 01:18:50.555 10162 10269 D PipelineWatcher: onInputBufferReleased: frameIndex not found (73548); ignored
02-13 01:18:50.558  1451 10291 W qdgralloc: getInterlacedFlag: getMetaData returned 3, defaulting to interlaced_flag = 0
02-13 01:18:50.559  1451 10291 W qdgralloc: getInterlacedFlag: getMetaData returned 3, defaulting to interlaced_flag = 0
02-13 01:18:50.592 10162 10269 D PipelineWatcher: onInputBufferReleased: frameIndex not found (73549); ignored
02-13 01:18:50.595  1451 10291 W qdgralloc: getInterlacedFlag: getMetaData returned 3, defaulting to interlaced_flag = 0
02-13 01:18:50.595  1451 10291 W qdgralloc: getInterlacedFlag: getMetaData returned 3, defaulting to interlaced_flag = 0
02-13 01:18:50.611 10162 10269 D PipelineWatcher: onInputBufferReleased: frameIndex not found (73550); ignored
02-13 01:18:50.613  1451 10291 W qdgralloc: getInterlacedFlag: getMetaData returned 3, defaulting to interlaced_flag = 0
02-13 01:18:50.614  1451 10291 W qdgralloc: getInterlacedFlag: getMetaData returned 3, defaulting to interlaced_flag = 0
02-13 01:18:50.637  1451 10291 W qdgralloc: getInterlacedFlag: getMetaData returned 3, defaulting to interlaced_flag = 0
02-13 01:18:50.638  1451 10291 W qdgralloc: getInterlacedFlag: getMetaData returned 3, defaulting to interlaced_flag = 0
02-13 01:18:50.650  1336  8837 I sensors-hal: handle_sns_client_event:49, ambient_light_event: ts=706690750439324, event=0.000000
02-13 01:18:50.652 10162 10269 D PipelineWatcher: onInputBufferReleased: frameIndex not found (73551); ignored
02-13 01:18:50.655  1451 10291 W qdgralloc: getInterlacedFlag: getMetaData returned 3, defaulting to interlaced_flag = 0
02-13 01:18:50.656  1451 10291 W qdgralloc: getInterlacedFlag: getMetaData returned 3, defaulting to interlaced_flag = 0
02-13 01:18:50.671 10162 10269 D PipelineWatcher: onInputBufferReleased: frameIndex not found (73552); ignored
02-13 01:18:50.674  1451 10291 W qdgralloc: getInterlacedFlag: getMetaData returned 3, defaulting to interlaced_flag = 0
02-13 01:18:50.674  1451 10291 W qdgralloc: getInterlacedFlag: getMetaData returned 3, defaulting to interlaced_flag = 0
02-13 01:18:50.689 10162 10269 D PipelineWatcher: onInputBufferReleased: frameIndex not found (73554); ignored
02-13 01:18:50.692  1451 10291 W qdgralloc: getInterlacedFlag: getMetaData returned 3, defaulting to interlaced_flag = 0
02-13 01:18:50.693  1451 10291 W qdgralloc: getInterlacedFlag: getMetaData returned 3, defaulting to interlaced_flag = 0
02-13 01:18:50.709 10162 10269 D PipelineWatcher: onInputBufferReleased: frameIndex not found (73555); ignored
02-13 01:18:50.712  1451 10291 W qdgralloc: getInterlacedFlag: getMetaData returned 3, defaulting to interlaced_flag = 0
02-13 01:18:50.712  1451 10291 W qdgralloc: getInterlacedFlag: getMetaData returned 3, defaulting to interlaced_flag = 0
02-13 01:18:50.728 10162 10269 D PipelineWatcher: onInputBufferReleased: frameIndex not found (73556); ignored
02-13 01:18:50.730  1451 10291 W qdgralloc: getInterlacedFlag: getMetaData returned 3, defaulting to interlaced_flag = 0
02-13 01:18:50.731  1451 10291 W qdgralloc: getInterlacedFlag: getMetaData returned 3, defaulting to interlaced_flag = 0
02-13 01:18:50.750  1336  8837 I sensors-hal: handle_sns_client_event:49, ambient_light_event: ts=706690850455001, event=0.000000
02-13 01:18:50.751  1451 10291 W qdgralloc: getInterlacedFlag: getMetaData returned 3, defaulting to interlaced_flag = 0
02-13 01:18:50.752  1451 10291 W qdgralloc: getInterlacedFlag: getMetaData returned 3, defaulting to interlaced_flag = 0
02-13 01:18:50.768 10162 10269 D PipelineWatcher: onInputBufferReleased: frameIndex not found (73557); ignored
02-13 01:18:50.770  1451 10291 W qdgralloc: getInterlacedFlag: getMetaData returned 3, defaulting to interlaced_flag = 0
02-13 01:18:50.771  1451 10291 W qdgralloc: getInterlacedFlag: getMetaData returned 3, defaulting to interlaced_flag = 0
02-13 01:18:50.789  1451 10291 W qdgralloc: getInterlacedFlag: getMetaData returned 3, defaulting to interlaced_flag = 0
02-13 01:18:50.789  1451 10291 W qdgralloc: getInterlacedFlag: getMetaData returned 3, defaulting to interlaced_flag = 0
02-13 01:18:50.805 10162 10269 D PipelineWatcher: onInputBufferReleased: frameIndex not found (73559); ignored
02-13 01:18:50.807  1451 10291 W qdgralloc: getInterlacedFlag: getMetaData returned 3, defaulting to interlaced_flag = 0
02-13 01:18:50.808  1451 10291 W qdgralloc: getInterlacedFlag: getMetaData returned 3, defaulting to interlaced_flag = 0
02-13 01:18:50.841 10162 10269 D PipelineWatcher: onInputBufferReleased: frameIndex not found (73561); ignored
02-13 01:18:50.842 10162 10269 D PipelineWatcher: onInputBufferReleased: frameIndex not found (73562); ignored
02-13 01:18:50.846  1451 10291 W qdgralloc: getInterlacedFlag: getMetaData returned 3, defaulting to interlaced_flag = 0
02-13 01:18:50.848  1451 10291 W qdgralloc: getInterlacedFlag: getMetaData returned 3, defaulting to interlaced_flag = 0
02-13 01:18:50.851  1336  8837 I sensors-hal: handle_sns_client_event:49, ambient_light_event: ts=706690950442344, event=0.000000
02-13 01:18:50.882  1451 10291 W qdgralloc: getInterlacedFlag: getMetaData returned 3, defaulting to interlaced_flag = 0
02-13 01:18:50.883  1451 10291 W qdgralloc: getInterlacedFlag: getMetaData returned 3, defaulting to interlaced_flag = 0
02-13 01:18:50.912 10162 10269 D PipelineWatcher: onInputBufferReleased: frameIndex not found (73563); ignored
02-13 01:18:50.916  1451 10291 W qdgralloc: getInterlacedFlag: getMetaData returned 3, defaulting to interlaced_flag = 0
02-13 01:18:50.917  1451 10291 W qdgralloc: getInterlacedFlag: getMetaData returned 3, defaulting to interlaced_flag = 0
02-13 01:18:50.931 10162 10269 D PipelineWatcher: onInputBufferReleased: frameIndex not found (73564); ignored
02-13 01:18:50.935  1451 10291 W qdgralloc: getInterlacedFlag: getMetaData returned 3, defaulting to interlaced_flag = 0
02-13 01:18:50.936  1451 10291 W qdgralloc: getInterlacedFlag: getMetaData returned 3, defaulting to interlaced_flag = 0
02-13 01:18:50.944  1323  3855 I vendor.qti.bluetooth@1.0-ibs_handler: ProcessIbsCmd: Received IBS_WAKE_IND: 0xFD
02-13 01:18:50.944  1323  3855 D vendor.qti.bluetooth@1.0-ibs_handler: SerialClockVote: vote for UART CLK ON
02-13 01:18:50.944  1323  3855 D vendor.qti.bluetooth@1.0-wake_lock: Acquire wakelock is acquired 
02-13 01:18:50.944  1323  3855 I vendor.qti.bluetooth@1.0-ibs_handler: ProcessIbsCmd: Writing IBS_WAKE_ACK
02-13 01:18:50.951  1336  8837 I sensors-hal: handle_sns_client_event:49, ambient_light_event: ts=706691050428022, event=0.000000
02-13 01:18:50.951 10162 10269 D PipelineWatcher: onInputBufferReleased: frameIndex not found (73565); ignored
02-13 01:18:50.954  1451 10291 W qdgralloc: getInterlacedFlag: getMetaData returned 3, defaulting to interlaced_flag = 0
02-13 01:18:50.955  1451 10291 W qdgralloc: getInterlacedFlag: getMetaData returned 3, defaulting to interlaced_flag = 0
02-13 01:18:50.970 10162 10269 D PipelineWatcher: onInputBufferReleased: frameIndex not found (73567); ignored
02-13 01:18:50.974  1451 10291 W qdgralloc: getInterlacedFlag: getMetaData returned 3, defaulting to interlaced_flag = 0
02-13 01:18:50.974  1451 10291 W qdgralloc: getInterlacedFlag: getMetaData returned 3, defaulting to interlaced_flag = 0
02-13 01:18:51.007  1451 10291 D BufferPoolAccessor2.0: bufferpool2 0xb4000075f03dca28 : 14(34406400 size) total buffers - 10(24576000 size) used buffers - 72708/73578 (recycle/alloc) - 3406/73569 (fetch/transfer)
02-13 01:18:51.008 10162 10269 D PipelineWatcher: onInputBufferReleased: frameIndex not found (73568); ignored
02-13 01:18:51.013  1451 10291 W qdgralloc: getInterlacedFlag: getMetaData returned 3, defaulting to interlaced_flag = 0
02-13 01:18:51.014  1451 10291 W qdgralloc: getInterlacedFlag: getMetaData returned 3, defaulting to interlaced_flag = 0
02-13 01:18:51.015  3350  3876 I ScanController: onScanResult to scannerId: 6- eventType=0x1b, addressType=1, address=XX:XX:XX:XX:7A:55, primaryPhy=1, secondaryPhy=0, advertisingSid=0xff, txPower=127, rssi=-88, periodicAdvInt=0x0
02-13 01:18:51.042 10162 10269 D PipelineWatcher: onInputBufferReleased: frameIndex not found (73569); ignored
02-13 01:18:51.045  1451 10291 W qdgralloc: getInterlacedFlag: getMetaData returned 3, defaulting to interlaced_flag = 0
02-13 01:18:51.046  1451 10291 W qdgralloc: getInterlacedFlag: getMetaData returned 3, defaulting to interlaced_flag = 0
02-13 01:18:51.050  1336  8837 I sensors-hal: handle_sns_client_event:49, ambient_light_event: ts=706691150445053, event=0.000000
02-13 01:18:51.060 10162 10269 D PipelineWatcher: onInputBufferReleased: frameIndex not found (73570); ignored
02-13 01:18:51.065  1451 10291 W qdgralloc: getInterlacedFlag: getMetaData returned 3, defaulting to interlaced_flag = 0
02-13 01:18:51.066  1451 10291 W qdgralloc: getInterlacedFlag: getMetaData returned 3, defaulting to interlaced_flag = 0
02-13 01:18:51.084  3350  3876 I ScanController: onScanResult to scannerId: 5- eventType=0x10, addressType=1, address=XX:XX:XX:XX:F5:AC, primaryPhy=1, secondaryPhy=0, advertisingSid=0xff, txPower=127, rssi=-94, periodicAdvInt=0x0
02-13 01:18:51.095  4713 28083 I NearbyConnections: Found BleAdvertisement [ 0x23 0x33 0x4c 0x54 0x56 0x11 0x32 0x18 0x9d 0x99 0x16 0x5f 0xf8 0x78 0x9c 0x3a 0x89 0x60 0x46 0xc4 0x85 0xc0 0x3a ] (with EndpointId 3LTV and EndpointInfo [ 0x32 0x18 0x9d 0x99 0x16 0x5f 0xf8 0x78 0x9c 0x3a 0x89 0x60 0x46 0xc4 0x85 0xc0 0x3a ])
02-13 01:18:51.100  1451 10291 W qdgralloc: getInterlacedFlag: getMetaData returned 3, defaulting to interlaced_flag = 0
02-13 01:18:51.101  1451 10291 W qdgralloc: getInterlacedFlag: getMetaData returned 3, defaulting to interlaced_flag = 0
